2026-07-12 23:15:19,925 INFO protliggnn - Experiment directory: experiments\ablation_no_residual_seed_777
2026-07-12 23:15:19,926 INFO protliggnn - CLI arguments: {'data_dir': 'data/pdbbind2020', 'device': 'cuda', 'epochs': 20, 'batch_size': 8, 'lr': 0.00019, 'weight_decay': 0.000117, 'patience': 5, 'seed': 777, 'max_samples': 1000, 'run_name': 'protliggnn_run', 'no_crossgraph': False, 'save_path': 'experiments\\ablation_no_residual_seed_777\\best_model.pt', 'split_strategy': 'random', 'split_dir': 'splits', 'fixed_split_dir': None, 'val_fraction': 0.1, 'test_fraction': 0.1, 'dataset_version': 'pdbbind2020_local', 'experiments_root': 'experiments', 'experiment_dir': None, 'experiment_id': 'ablation_no_residual_seed_777', 'num_workers': 0, 'pin_memory': False, 'disable_experiment_tracking': False, 'resume': None, 'allow_duplicate': True, 'hidden_dim': 128, 'dropout': 0.3181, 'optimizer': 'adamw', 'scheduler': 'cosine', 'grad_clip': 1.0, 'no_residual': True, 'no_layernorm': False, 'no_attention': False, 'pooling': 'mean', 'log_level': 'INFO', 'experiment_purpose': 'benchmark', 'research_question': 'Can ProtLigGNN reproducibly predict protein-ligand affinity under this benchmark configuration?', 'author': 'unknown', 'description': '', 'notes': '', 'tags': '', 'expected_outcome': '', 'current_milestone': 'research-infrastructure', 'architecture_version': 'protliggnn-v1', 'research_version': 'benchmark-v2'}
2026-07-12 23:15:19,929 INFO protliggnn - Loading dataset from D:\ProtLigGnn\data\pdbbind2020
2026-07-12 23:15:19,930 WARNING protliggnn.train - Censored or approximate affinity label detected: 'Kd<10uM' (relation: '<'). Treating as exact value.
2026-07-12 23:15:19,931 WARNING protliggnn.train - Censored or approximate affinity label detected: 'Ki<=17nM' (relation: '<='). Treating as exact value.
2026-07-12 23:15:19,931 WARNING protliggnn.train - Censored or approximate affinity label detected: 'IC50<=3.5nM' (relation: '<='). Treating as exact value.
2026-07-12 23:15:19,932 WARNING protliggnn.train - Censored or approximate affinity label detected: 'Ki<1.0nM' (relation: '<'). Treating as exact value.
2026-07-12 23:15:19,932 WARNING protliggnn.train - Censored or approximate affinity label detected: 'Ki<10uM' (relation: '<'). Treating as exact value.
2026-07-12 23:15:19,932 WARNING protliggnn.train - Censored or approximate affinity label detected: 'Ki<1nM' (relation: '<'). Treating as exact value.
2026-07-12 23:15:19,933 WARNING protliggnn.train - Censored or approximate affinity label detected: 'IC50<=2.0nM' (relation: '<='). Treating as exact value.
2026-07-12 23:15:19,933 WARNING protliggnn.train - Censored or approximate affinity label detected: 'IC50~10uM' (relation: '~'). Treating as exact value.
2026-07-12 23:15:19,934 WARNING protliggnn.train - Censored or approximate affinity label detected: 'Ki<0.01nM' (relation: '<'). Treating as exact value.
2026-07-12 23:15:19,934 WARNING protliggnn.train - Censored or approximate affinity label detected: 'Ki<=100nM' (relation: '<='). Treating as exact value.
2026-07-12 23:15:19,935 WARNING protliggnn.train - Censored or approximate affinity label detected: 'Ki<21nM' (relation: '<'). Treating as exact value.
2026-07-12 23:15:19,938 WARNING protliggnn.train - Censored or approximate affinity label detected: 'Ki~0.1pM' (relation: '~'). Treating as exact value.
2026-07-12 23:15:19,938 WARNING protliggnn.train - Censored or approximate affinity label detected: 'Kd<=100uM' (relation: '<='). Treating as exact value.
2026-07-12 23:15:19,939 WARNING protliggnn.train - Censored or approximate affinity label detected: 'Kd~10pM' (relation: '~'). Treating as exact value.
2026-07-12 23:15:19,939 WARNING protliggnn.train - Censored or approximate affinity label detected: 'Kd~1pM' (relation: '~'). Treating as exact value.
2026-07-12 23:15:19,940 WARNING protliggnn.train - Censored or approximate affinity label detected: 'Kd~1pM' (relation: '~'). Treating as exact value.
2026-07-12 23:15:19,943 WARNING protliggnn.train - Censored or approximate affinity label detected: 'Kd<0.010uM' (relation: '<'). Treating as exact value.
2026-07-12 23:15:19,945 WARNING protliggnn.train - Censored or approximate affinity label detected: 'Kd~0.1uM' (relation: '~'). Treating as exact value.
2026-07-12 23:15:19,946 WARNING protliggnn.train - Censored or approximate affinity label detected: 'Ki<0.3uM' (relation: '<'). Treating as exact value.
2026-07-12 23:15:19,947 WARNING protliggnn.train - Censored or approximate affinity label detected: 'IC50<0.003uM' (relation: '<'). Treating as exact value.
2026-07-12 23:15:19,947 WARNING protliggnn.train - Censored or approximate affinity label detected: 'IC50<0.05uM' (relation: '<'). Treating as exact value.
2026-07-12 23:15:19,947 WARNING protliggnn.train - Censored or approximate affinity label detected: 'IC50<0.05uM' (relation: '<'). Treating as exact value.
2026-07-12 23:15:19,948 WARNING protliggnn.train - Censored or approximate affinity label detected: 'IC50~5mM' (relation: '~'). Treating as exact value.
2026-07-12 23:15:19,948 WARNING protliggnn.train - Censored or approximate affinity label detected: 'Kd<0.12nM' (relation: '<'). Treating as exact value.
2026-07-12 23:15:19,950 WARNING protliggnn.train - Censored or approximate affinity label detected: 'Kd~0.69pM' (relation: '~'). Treating as exact value.
2026-07-12 23:15:19,950 WARNING protliggnn.train - Censored or approximate affinity label detected: 'Kd~11pM' (relation: '~'). Treating as exact value.
2026-07-12 23:15:19,950 WARNING protliggnn.train - Censored or approximate affinity label detected: 'Kd~28pM' (relation: '~'). Treating as exact value.
2026-07-12 23:15:19,952 WARNING protliggnn.train - Censored or approximate affinity label detected: 'IC50<0.003uM' (relation: '<'). Treating as exact value.
2026-07-12 23:15:19,952 WARNING protliggnn.train - Censored or approximate affinity label detected: 'IC50<20nM' (relation: '<'). Treating as exact value.
2026-07-12 23:15:19,952 WARNING protliggnn.train - Censored or approximate affinity label detected: 'IC50<5nM' (relation: '<'). Treating as exact value.
2026-07-12 23:15:19,955 WARNING protliggnn.train - Censored or approximate affinity label detected: 'Kd~1nM' (relation: '~'). Treating as exact value.
2026-07-12 23:15:19,955 WARNING protliggnn.train - Censored or approximate affinity label detected: 'Kd~1nM' (relation: '~'). Treating as exact value.
2026-07-12 23:15:19,955 WARNING protliggnn.train - Censored or approximate affinity label detected: 'Ki<10nM' (relation: '<'). Treating as exact value.
2026-07-12 23:15:19,958 WARNING protliggnn.train - Censored or approximate affinity label detected: 'Kd<10uM' (relation: '<'). Treating as exact value.
2026-07-12 23:15:19,961 WARNING protliggnn.train - Censored or approximate affinity label detected: 'IC50<100nM' (relation: '<'). Treating as exact value.
2026-07-12 23:15:19,962 WARNING protliggnn.train - Censored or approximate affinity label detected: 'Kd<2pM' (relation: '<'). Treating as exact value.
2026-07-12 23:15:19,964 WARNING protliggnn.train - Censored or approximate affinity label detected: 'Kd~50uM' (relation: '~'). Treating as exact value.
2026-07-12 23:15:19,964 WARNING protliggnn.train - Censored or approximate affinity label detected: 'Ki<=0.6nM' (relation: '<='). Treating as exact value.
2026-07-12 23:15:19,969 WARNING protliggnn.train - Censored or approximate affinity label detected: 'Kd~100uM' (relation: '~'). Treating as exact value.
2026-07-12 23:15:19,969 WARNING protliggnn.train - Censored or approximate affinity label detected: 'Kd~100uM' (relation: '~'). Treating as exact value.
2026-07-12 23:15:19,972 WARNING protliggnn.train - Censored or approximate affinity label detected: 'IC50<0.04nM' (relation: '<'). Treating as exact value.
2026-07-12 23:15:19,977 WARNING protliggnn.train - Censored or approximate affinity label detected: 'Kd~10nM' (relation: '~'). Treating as exact value.
2026-07-12 23:15:19,980 WARNING protliggnn.train - Censored or approximate affinity label detected: 'IC50<0.5nM' (relation: '<'). Treating as exact value.
2026-07-12 23:15:19,986 WARNING protliggnn.train - Censored or approximate affinity label detected: 'Kd~40mM' (relation: '~'). Treating as exact value.
2026-07-12 23:15:19,986 WARNING protliggnn.train - Censored or approximate affinity label detected: 'Ki<10uM' (relation: '<'). Treating as exact value.
2026-07-12 23:15:19,989 WARNING protliggnn.train - Censored or approximate affinity label detected: 'IC50<1.0nM' (relation: '<'). Treating as exact value.
2026-07-12 23:15:19,989 WARNING protliggnn.train - Censored or approximate affinity label detected: 'IC50<2nM' (relation: '<'). Treating as exact value.
2026-07-12 23:15:19,990 WARNING protliggnn.train - Censored or approximate affinity label detected: 'IC50<3nM' (relation: '<'). Treating as exact value.
2026-07-12 23:15:19,990 WARNING protliggnn.train - Censored or approximate affinity label detected: 'IC50<=1nM' (relation: '<='). Treating as exact value.
2026-07-12 23:15:19,993 WARNING protliggnn.train - Censored or approximate affinity label detected: 'Kd<1nM' (relation: '<'). Treating as exact value.
2026-07-12 23:15:19,997 WARNING protliggnn.train - Censored or approximate affinity label detected: 'Kd~1nM' (relation: '~'). Treating as exact value.
2026-07-12 23:15:19,997 WARNING protliggnn.train - Censored or approximate affinity label detected: 'Kd~1nM' (relation: '~'). Treating as exact value.
2026-07-12 23:15:20,000 WARNING protliggnn.train - Censored or approximate affinity label detected: 'IC50<2nM' (relation: '<'). Treating as exact value.
2026-07-12 23:15:20,004 WARNING protliggnn.train - Censored or approximate affinity label detected: 'IC50~1mM' (relation: '~'). Treating as exact value.
2026-07-12 23:15:20,004 WARNING protliggnn.train - Censored or approximate affinity label detected: 'IC50~20mM' (relation: '~'). Treating as exact value.
2026-07-12 23:15:20,004 WARNING protliggnn.train - Censored or approximate affinity label detected: 'Kd<0.1nM' (relation: '<'). Treating as exact value.
2026-07-12 23:15:20,004 WARNING protliggnn.train - Censored or approximate affinity label detected: 'Kd<1mM' (relation: '<'). Treating as exact value.
2026-07-12 23:15:20,004 WARNING protliggnn.train - Censored or approximate affinity label detected: 'Kd<60uM' (relation: '<'). Treating as exact value.
2026-07-12 23:15:20,008 WARNING protliggnn.train - Censored or approximate affinity label detected: 'Kd~300uM' (relation: '~'). Treating as exact value.
2026-07-12 23:15:20,008 WARNING protliggnn.train - Censored or approximate affinity label detected: 'Ki<50.0nM' (relation: '<'). Treating as exact value.
2026-07-12 23:15:20,010 WARNING protliggnn.train - Censored or approximate affinity label detected: 'Ki~5mM' (relation: '~'). Treating as exact value.
2026-07-12 23:15:20,011 WARNING protliggnn.train - Censored or approximate affinity label detected: 'Ki~5uM' (relation: '~'). Treating as exact value.
2026-07-12 23:15:20,011 WARNING protliggnn.train - Censored or approximate affinity label detected: 'IC50<0.001uM' (relation: '<'). Treating as exact value.
2026-07-12 23:15:20,011 WARNING protliggnn.train - Censored or approximate affinity label detected: 'IC50<0.003uM' (relation: '<'). Treating as exact value.
2026-07-12 23:15:20,011 WARNING protliggnn.train - Censored or approximate affinity label detected: 'IC50<0.004uM' (relation: '<'). Treating as exact value.
2026-07-12 23:15:20,011 WARNING protliggnn.train - Censored or approximate affinity label detected: 'IC50<10nM' (relation: '<'). Treating as exact value.
2026-07-12 23:15:20,011 WARNING protliggnn.train - Censored or approximate affinity label detected: 'IC50<2.13nM' (relation: '<'). Treating as exact value.
2026-07-12 23:15:20,011 WARNING protliggnn.train - Censored or approximate affinity label detected: 'IC50<3nM' (relation: '<'). Treating as exact value.
2026-07-12 23:15:20,012 WARNING protliggnn.train - Censored or approximate affinity label detected: 'IC50<3nM' (relation: '<'). Treating as exact value.
2026-07-12 23:15:20,012 WARNING protliggnn.train - Censored or approximate affinity label detected: 'IC50<4nM' (relation: '<'). Treating as exact value.
2026-07-12 23:15:20,012 WARNING protliggnn.train - Censored or approximate affinity label detected: 'IC50<5nM' (relation: '<'). Treating as exact value.
2026-07-12 23:15:20,012 WARNING protliggnn.train - Censored or approximate affinity label detected: 'IC50<5nM' (relation: '<'). Treating as exact value.
2026-07-12 23:15:20,017 WARNING protliggnn.train - Censored or approximate affinity label detected: 'Kd<0.1mM' (relation: '<'). Treating as exact value.
2026-07-12 23:15:20,017 WARNING protliggnn.train - Censored or approximate affinity label detected: 'Kd<0.1nM' (relation: '<'). Treating as exact value.
2026-07-12 23:15:20,017 WARNING protliggnn.train - Censored or approximate affinity label detected: 'Kd<100nM' (relation: '<'). Treating as exact value.
2026-07-12 23:15:20,017 WARNING protliggnn.train - Censored or approximate affinity label detected: 'Kd<10nM' (relation: '<'). Treating as exact value.
2026-07-12 23:15:20,021 WARNING protliggnn.train - Censored or approximate affinity label detected: 'Kd~102uM' (relation: '~'). Treating as exact value.
2026-07-12 23:15:20,021 WARNING protliggnn.train - Censored or approximate affinity label detected: 'Kd~125nM' (relation: '~'). Treating as exact value.
2026-07-12 23:15:20,021 WARNING protliggnn.train - Censored or approximate affinity label detected: 'Kd~1uM' (relation: '~'). Treating as exact value.
2026-07-12 23:15:20,021 WARNING protliggnn.train - Censored or approximate affinity label detected: 'Kd~1uM' (relation: '~'). Treating as exact value.
2026-07-12 23:15:20,021 WARNING protliggnn.train - Censored or approximate affinity label detected: 'Kd~5uM' (relation: '~'). Treating as exact value.
2026-07-12 23:15:20,021 WARNING protliggnn.train - Censored or approximate affinity label detected: 'Kd~74.3uM' (relation: '~'). Treating as exact value.
2026-07-12 23:15:20,022 WARNING protliggnn.train - Censored or approximate affinity label detected: 'Kd~85nM' (relation: '~'). Treating as exact value.
2026-07-12 23:15:20,022 WARNING protliggnn.train - Censored or approximate affinity label detected: 'Ki<0.10nM' (relation: '<'). Treating as exact value.
2026-07-12 23:15:20,025 WARNING protliggnn.train - Censored or approximate affinity label detected: 'Ki~2uM' (relation: '~'). Treating as exact value.
2026-07-12 23:15:20,025 WARNING protliggnn.train - Censored or approximate affinity label detected: 'Ki~55mM' (relation: '~'). Treating as exact value.
2026-07-12 23:15:20,025 WARNING protliggnn.train - Censored or approximate affinity label detected: 'Ki~55mM' (relation: '~'). Treating as exact value.
2026-07-12 23:15:20,025 WARNING protliggnn.train - Censored or approximate affinity label detected: 'IC50<0.01uM' (relation: '<'). Treating as exact value.
2026-07-12 23:15:20,025 WARNING protliggnn.train - Censored or approximate affinity label detected: 'IC50<0.01uM' (relation: '<'). Treating as exact value.
2026-07-12 23:15:20,026 WARNING protliggnn.train - Censored or approximate affinity label detected: 'IC50<2.5nM' (relation: '<'). Treating as exact value.
2026-07-12 23:15:20,031 WARNING protliggnn.train - Censored or approximate affinity label detected: 'IC50~0.5uM' (relation: '~'). Treating as exact value.
2026-07-12 23:15:20,031 WARNING protliggnn.train - Censored or approximate affinity label detected: 'IC50~30nM' (relation: '~'). Treating as exact value.
2026-07-12 23:15:20,031 WARNING protliggnn.train - Censored or approximate affinity label detected: 'Kd<10nM' (relation: '<'). Treating as exact value.
2026-07-12 23:15:20,031 WARNING protliggnn.train - Censored or approximate affinity label detected: 'Kd<10uM' (relation: '<'). Treating as exact value.
2026-07-12 23:15:20,031 WARNING protliggnn.train - Censored or approximate affinity label detected: 'Kd<6nM' (relation: '<'). Treating as exact value.
2026-07-12 23:15:20,035 WARNING protliggnn.train - Censored or approximate affinity label detected: 'Kd~10nM' (relation: '~'). Treating as exact value.
2026-07-12 23:15:20,035 WARNING protliggnn.train - Censored or approximate affinity label detected: 'Kd~160nM' (relation: '~'). Treating as exact value.
2026-07-12 23:15:20,036 WARNING protliggnn.train - Censored or approximate affinity label detected: 'Kd~1mM' (relation: '~'). Treating as exact value.
2026-07-12 23:15:20,036 WARNING protliggnn.train - Censored or approximate affinity label detected: 'Kd~1uM' (relation: '~'). Treating as exact value.
2026-07-12 23:15:20,036 WARNING protliggnn.train - Censored or approximate affinity label detected: 'Kd~2uM' (relation: '~'). Treating as exact value.
2026-07-12 23:15:20,036 WARNING protliggnn.train - Censored or approximate affinity label detected: 'Kd~5uM' (relation: '~'). Treating as exact value.
2026-07-12 23:15:20,036 WARNING protliggnn.train - Censored or approximate affinity label detected: 'Ki<0.05uM' (relation: '<'). Treating as exact value.
2026-07-12 23:15:20,036 WARNING protliggnn.train - Censored or approximate affinity label detected: 'Ki<1nM' (relation: '<'). Treating as exact value.
2026-07-12 23:15:20,036 WARNING protliggnn.train - Censored or approximate affinity label detected: 'Ki<1nM' (relation: '<'). Treating as exact value.
2026-07-12 23:15:20,036 WARNING protliggnn.train - Censored or approximate affinity label detected: 'Ki<1nM' (relation: '<'). Treating as exact value.
2026-07-12 23:15:20,037 WARNING protliggnn.train - Censored or approximate affinity label detected: 'Ki<1nM' (relation: '<'). Treating as exact value.
2026-07-12 23:15:20,037 WARNING protliggnn.train - Censored or approximate affinity label detected: 'Ki<2nM' (relation: '<'). Treating as exact value.
2026-07-12 23:15:20,039 WARNING protliggnn.train - Censored or approximate affinity label detected: 'Ki~10uM' (relation: '~'). Treating as exact value.
2026-07-12 23:15:20,039 WARNING protliggnn.train - Censored or approximate affinity label detected: 'Ki~14uM' (relation: '~'). Treating as exact value.
2026-07-12 23:15:20,039 WARNING protliggnn.train - Censored or approximate affinity label detected: 'Ki~50uM' (relation: '~'). Treating as exact value.
2026-07-12 23:15:20,040 WARNING protliggnn.train - Censored or approximate affinity label detected: 'IC50<1nM' (relation: '<'). Treating as exact value.
2026-07-12 23:15:20,040 WARNING protliggnn.train - Censored or approximate affinity label detected: 'IC50<4nM' (relation: '<'). Treating as exact value.
2026-07-12 23:15:20,045 WARNING protliggnn.train - Censored or approximate affinity label detected: 'IC50~10uM' (relation: '~'). Treating as exact value.
2026-07-12 23:15:20,045 WARNING protliggnn.train - Censored or approximate affinity label detected: 'IC50~10uM' (relation: '~'). Treating as exact value.
2026-07-12 23:15:20,045 WARNING protliggnn.train - Censored or approximate affinity label detected: 'IC50~1mM' (relation: '~'). Treating as exact value.
2026-07-12 23:15:20,045 WARNING protliggnn.train - Censored or approximate affinity label detected: 'IC50~30uM' (relation: '~'). Treating as exact value.
2026-07-12 23:15:20,045 WARNING protliggnn.train - Censored or approximate affinity label detected: 'IC50~30uM' (relation: '~'). Treating as exact value.
2026-07-12 23:15:20,046 WARNING protliggnn.train - Censored or approximate affinity label detected: 'IC50~38nM' (relation: '~'). Treating as exact value.
2026-07-12 23:15:20,046 WARNING protliggnn.train - Censored or approximate affinity label detected: 'Kd<0.003uM' (relation: '<'). Treating as exact value.
2026-07-12 23:15:20,046 WARNING protliggnn.train - Censored or approximate affinity label detected: 'Kd<1nM' (relation: '<'). Treating as exact value.
2026-07-12 23:15:20,050 WARNING protliggnn.train - Censored or approximate affinity label detected: 'Kd~1.7uM' (relation: '~'). Treating as exact value.
2026-07-12 23:15:20,051 WARNING protliggnn.train - Censored or approximate affinity label detected: 'Kd~200nM' (relation: '~'). Treating as exact value.
2026-07-12 23:15:20,051 WARNING protliggnn.train - Censored or approximate affinity label detected: 'Kd~200nM' (relation: '~'). Treating as exact value.
2026-07-12 23:15:20,051 WARNING protliggnn.train - Censored or approximate affinity label detected: 'Kd~3.6pM' (relation: '~'). Treating as exact value.
2026-07-12 23:15:20,051 WARNING protliggnn.train - Censored or approximate affinity label detected: 'Kd~400nM' (relation: '~'). Treating as exact value.
2026-07-12 23:15:20,051 WARNING protliggnn.train - Censored or approximate affinity label detected: 'Kd~51nM' (relation: '~'). Treating as exact value.
2026-07-12 23:15:20,051 WARNING protliggnn.train - Censored or approximate affinity label detected: 'Kd~9.6uM' (relation: '~'). Treating as exact value.
2026-07-12 23:15:20,051 WARNING protliggnn.train - Censored or approximate affinity label detected: 'Ki<0.01nM' (relation: '<'). Treating as exact value.
2026-07-12 23:15:20,052 WARNING protliggnn.train - Censored or approximate affinity label detected: 'Ki<0.0845uM' (relation: '<'). Treating as exact value.
2026-07-12 23:15:20,052 WARNING protliggnn.train - Censored or approximate affinity label detected: 'Ki<0.2nM' (relation: '<'). Treating as exact value.
2026-07-12 23:15:20,052 WARNING protliggnn.train - Censored or approximate affinity label detected: 'Ki<0.2nM' (relation: '<'). Treating as exact value.
2026-07-12 23:15:20,052 WARNING protliggnn.train - Censored or approximate affinity label detected: 'Ki<10mM' (relation: '<'). Treating as exact value.
2026-07-12 23:15:20,052 WARNING protliggnn.train - Censored or approximate affinity label detected: 'Ki<2mM' (relation: '<'). Treating as exact value.
2026-07-12 23:15:20,055 WARNING protliggnn.train - Censored or approximate affinity label detected: 'Ki~1.3uM' (relation: '~'). Treating as exact value.
2026-07-12 23:15:20,055 WARNING protliggnn.train - Censored or approximate affinity label detected: 'Ki~1.3uM' (relation: '~'). Treating as exact value.
2026-07-12 23:15:20,055 WARNING protliggnn.train - Censored or approximate affinity label detected: 'Ki~67uM' (relation: '~'). Treating as exact value.
2026-07-12 23:15:20,055 WARNING protliggnn.train - Censored or approximate affinity label detected: 'IC50<0.001uM' (relation: '<'). Treating as exact value.
2026-07-12 23:15:20,055 WARNING protliggnn.train - Censored or approximate affinity label detected: 'IC50<0.086uM' (relation: '<'). Treating as exact value.
2026-07-12 23:15:20,056 WARNING protliggnn.train - Censored or approximate affinity label detected: 'IC50<0.086uM' (relation: '<'). Treating as exact value.
2026-07-12 23:15:20,056 WARNING protliggnn.train - Censored or approximate affinity label detected: 'IC50<0.086uM' (relation: '<'). Treating as exact value.
2026-07-12 23:15:20,056 WARNING protliggnn.train - Censored or approximate affinity label detected: 'IC50<0.086uM' (relation: '<'). Treating as exact value.
2026-07-12 23:15:20,056 WARNING protliggnn.train - Censored or approximate affinity label detected: 'IC50<0.086uM' (relation: '<'). Treating as exact value.
2026-07-12 23:15:20,056 WARNING protliggnn.train - Censored or approximate affinity label detected: 'IC50<1.37uM' (relation: '<'). Treating as exact value.
2026-07-12 23:15:20,056 WARNING protliggnn.train - Censored or approximate affinity label detected: 'IC50<10nM' (relation: '<'). Treating as exact value.
2026-07-12 23:15:20,057 WARNING protliggnn.train - Censored or approximate affinity label detected: 'IC50<10uM' (relation: '<'). Treating as exact value.
2026-07-12 23:15:20,057 WARNING protliggnn.train - Censored or approximate affinity label detected: 'IC50<15nM' (relation: '<'). Treating as exact value.
2026-07-12 23:15:20,057 WARNING protliggnn.train - Censored or approximate affinity label detected: 'IC50<1nM' (relation: '<'). Treating as exact value.
2026-07-12 23:15:20,062 WARNING protliggnn.train - Censored or approximate affinity label detected: 'IC50~1.3mM' (relation: '~'). Treating as exact value.
2026-07-12 23:15:20,062 WARNING protliggnn.train - Censored or approximate affinity label detected: 'IC50~10000nM' (relation: '~'). Treating as exact value.
2026-07-12 23:15:20,062 WARNING protliggnn.train - Censored or approximate affinity label detected: 'IC50~33uM' (relation: '~'). Treating as exact value.
2026-07-12 23:15:20,062 WARNING protliggnn.train - Censored or approximate affinity label detected: 'IC50~4mM' (relation: '~'). Treating as exact value.
2026-07-12 23:15:20,063 WARNING protliggnn.train - Censored or approximate affinity label detected: 'Kd<0.03uM' (relation: '<'). Treating as exact value.
2026-07-12 23:15:20,063 WARNING protliggnn.train - Censored or approximate affinity label detected: 'Kd<0.05nM' (relation: '<'). Treating as exact value.
2026-07-12 23:15:20,063 WARNING protliggnn.train - Censored or approximate affinity label detected: 'Kd<10nM' (relation: '<'). Treating as exact value.
2026-07-12 23:15:20,063 WARNING protliggnn.train - Censored or approximate affinity label detected: 'Kd<1nM' (relation: '<'). Treating as exact value.
2026-07-12 23:15:20,063 WARNING protliggnn.train - Censored or approximate affinity label detected: 'Kd<1nM' (relation: '<'). Treating as exact value.
2026-07-12 23:15:20,067 WARNING protliggnn.train - Censored or approximate affinity label detected: 'Kd~185uM' (relation: '~'). Treating as exact value.
2026-07-12 23:15:20,067 WARNING protliggnn.train - Censored or approximate affinity label detected: 'Kd~23mM' (relation: '~'). Treating as exact value.
2026-07-12 23:15:20,067 WARNING protliggnn.train - Censored or approximate affinity label detected: 'Kd~2uM' (relation: '~'). Treating as exact value.
2026-07-12 23:15:20,068 WARNING protliggnn.train - Censored or approximate affinity label detected: 'Kd~300nM' (relation: '~'). Treating as exact value.
2026-07-12 23:15:20,068 WARNING protliggnn.train - Censored or approximate affinity label detected: 'Kd~364nM' (relation: '~'). Treating as exact value.
2026-07-12 23:15:20,068 WARNING protliggnn.train - Censored or approximate affinity label detected: 'Kd~8.11uM' (relation: '~'). Treating as exact value.
2026-07-12 23:15:20,068 WARNING protliggnn.train - Censored or approximate affinity label detected: 'Ki<0.0005uM' (relation: '<'). Treating as exact value.
2026-07-12 23:15:20,068 WARNING protliggnn.train - Censored or approximate affinity label detected: 'Ki<0.01nM' (relation: '<'). Treating as exact value.
2026-07-12 23:15:20,068 WARNING protliggnn.train - Censored or approximate affinity label detected: 'Ki<0.025nM' (relation: '<'). Treating as exact value.
2026-07-12 23:15:20,071 WARNING protliggnn.train - Censored or approximate affinity label detected: 'Ki~5uM' (relation: '~'). Treating as exact value.
2026-07-12 23:15:20,071 WARNING protliggnn.train - Censored or approximate affinity label detected: 'IC50<0.004uM' (relation: '<'). Treating as exact value.
2026-07-12 23:15:20,071 WARNING protliggnn.train - Censored or approximate affinity label detected: 'IC50<10nM' (relation: '<'). Treating as exact value.
2026-07-12 23:15:20,071 WARNING protliggnn.train - Censored or approximate affinity label detected: 'IC50<10nM' (relation: '<'). Treating as exact value.
2026-07-12 23:15:20,071 WARNING protliggnn.train - Censored or approximate affinity label detected: 'IC50<10nM' (relation: '<'). Treating as exact value.
2026-07-12 23:15:20,072 WARNING protliggnn.train - Censored or approximate affinity label detected: 'IC50<10nM' (relation: '<'). Treating as exact value.
2026-07-12 23:15:20,072 WARNING protliggnn.train - Censored or approximate affinity label detected: 'IC50<10nM' (relation: '<'). Treating as exact value.
2026-07-12 23:15:20,072 WARNING protliggnn.train - Censored or approximate affinity label detected: 'IC50<10nM' (relation: '<'). Treating as exact value.
2026-07-12 23:15:20,072 WARNING protliggnn.train - Censored or approximate affinity label detected: 'IC50<25nM' (relation: '<'). Treating as exact value.
2026-07-12 23:15:20,072 WARNING protliggnn.train - Censored or approximate affinity label detected: 'IC50<3nM' (relation: '<'). Treating as exact value.
2026-07-12 23:15:20,077 WARNING protliggnn.train - Censored or approximate affinity label detected: 'IC50~100uM' (relation: '~'). Treating as exact value.
2026-07-12 23:15:20,077 WARNING protliggnn.train - Censored or approximate affinity label detected: 'IC50~1mM' (relation: '~'). Treating as exact value.
2026-07-12 23:15:20,077 WARNING protliggnn.train - Censored or approximate affinity label detected: 'Kd<10nM' (relation: '<'). Treating as exact value.
2026-07-12 23:15:20,083 WARNING protliggnn.train - Censored or approximate affinity label detected: 'Kd~0.13uM' (relation: '~'). Treating as exact value.
2026-07-12 23:15:20,083 WARNING protliggnn.train - Censored or approximate affinity label detected: 'Kd~1.5uM' (relation: '~'). Treating as exact value.
2026-07-12 23:15:20,083 WARNING protliggnn.train - Censored or approximate affinity label detected: 'Kd~200uM' (relation: '~'). Treating as exact value.
2026-07-12 23:15:20,084 WARNING protliggnn.train - Censored or approximate affinity label detected: 'Kd~50uM' (relation: '~'). Treating as exact value.
2026-07-12 23:15:20,084 WARNING protliggnn.train - Censored or approximate affinity label detected: 'Ki<0.001uM' (relation: '<'). Treating as exact value.
2026-07-12 23:15:20,084 WARNING protliggnn.train - Censored or approximate affinity label detected: 'Ki<0.01nM' (relation: '<'). Treating as exact value.
2026-07-12 23:15:20,086 WARNING protliggnn.train - Censored or approximate affinity label detected: 'IC50<0.001uM' (relation: '<'). Treating as exact value.
2026-07-12 23:15:20,086 WARNING protliggnn.train - Censored or approximate affinity label detected: 'IC50<0.005uM' (relation: '<'). Treating as exact value.
2026-07-12 23:15:20,086 WARNING protliggnn.train - Censored or approximate affinity label detected: 'IC50<0.2uM' (relation: '<'). Treating as exact value.
2026-07-12 23:15:20,086 WARNING protliggnn.train - Censored or approximate affinity label detected: 'IC50<0.32nM' (relation: '<'). Treating as exact value.
2026-07-12 23:15:20,086 WARNING protliggnn.train - Censored or approximate affinity label detected: 'IC50<0.3nM' (relation: '<'). Treating as exact value.
2026-07-12 23:15:20,086 WARNING protliggnn.train - Censored or approximate affinity label detected: 'IC50<0.3nM' (relation: '<'). Treating as exact value.
2026-07-12 23:15:20,086 WARNING protliggnn.train - Censored or approximate affinity label detected: 'IC50<1.13nM' (relation: '<'). Treating as exact value.
2026-07-12 23:15:20,086 WARNING protliggnn.train - Censored or approximate affinity label detected: 'IC50<25nM' (relation: '<'). Treating as exact value.
2026-07-12 23:15:20,086 WARNING protliggnn.train - Censored or approximate affinity label detected: 'IC50<3nM' (relation: '<'). Treating as exact value.
2026-07-12 23:15:20,086 WARNING protliggnn.train - Censored or approximate affinity label detected: 'IC50<50nM' (relation: '<'). Treating as exact value.
2026-07-12 23:15:20,087 WARNING protliggnn.train - Censored or approximate affinity label detected: 'IC50<50nM' (relation: '<'). Treating as exact value.
2026-07-12 23:15:20,087 WARNING protliggnn.train - Censored or approximate affinity label detected: 'IC50<50nM' (relation: '<'). Treating as exact value.
2026-07-12 23:15:20,090 WARNING protliggnn.train - Censored or approximate affinity label detected: 'IC50~0.8mM' (relation: '~'). Treating as exact value.
2026-07-12 23:15:20,090 WARNING protliggnn.train - Censored or approximate affinity label detected: 'IC50~0.8mM' (relation: '~'). Treating as exact value.
2026-07-12 23:15:20,090 WARNING protliggnn.train - Censored or approximate affinity label detected: 'IC50~100uM' (relation: '~'). Treating as exact value.
2026-07-12 23:15:20,090 WARNING protliggnn.train - Censored or approximate affinity label detected: 'IC50~6nM' (relation: '~'). Treating as exact value.
2026-07-12 23:15:20,090 WARNING protliggnn.train - Censored or approximate affinity label detected: 'Kd<2nM' (relation: '<'). Treating as exact value.
2026-07-12 23:15:20,097 WARNING protliggnn.train - Censored or approximate affinity label detected: 'Kd~1.8uM' (relation: '~'). Treating as exact value.
2026-07-12 23:15:20,097 WARNING protliggnn.train - Censored or approximate affinity label detected: 'Kd~100nM' (relation: '~'). Treating as exact value.
2026-07-12 23:15:20,097 WARNING protliggnn.train - Censored or approximate affinity label detected: 'Kd~100nM' (relation: '~'). Treating as exact value.
2026-07-12 23:15:20,097 WARNING protliggnn.train - Censored or approximate affinity label detected: 'Kd~12uM' (relation: '~'). Treating as exact value.
2026-07-12 23:15:20,097 WARNING protliggnn.train - Censored or approximate affinity label detected: 'Kd~12uM' (relation: '~'). Treating as exact value.
2026-07-12 23:15:20,098 WARNING protliggnn.train - Censored or approximate affinity label detected: 'Kd~13uM' (relation: '~'). Treating as exact value.
2026-07-12 23:15:20,098 WARNING protliggnn.train - Censored or approximate affinity label detected: 'Kd~300nM' (relation: '~'). Treating as exact value.
2026-07-12 23:15:20,098 WARNING protliggnn.train - Censored or approximate affinity label detected: 'Kd~500uM' (relation: '~'). Treating as exact value.
2026-07-12 23:15:20,098 WARNING protliggnn.train - Censored or approximate affinity label detected: 'Kd~500uM' (relation: '~'). Treating as exact value.
2026-07-12 23:15:20,098 WARNING protliggnn.train - Censored or approximate affinity label detected: 'Kd~600uM' (relation: '~'). Treating as exact value.
2026-07-12 23:15:20,098 WARNING protliggnn.train - Censored or approximate affinity label detected: 'Kd~9uM' (relation: '~'). Treating as exact value.
2026-07-12 23:15:20,098 WARNING protliggnn.train - Censored or approximate affinity label detected: 'Ki<0.01uM' (relation: '<'). Treating as exact value.
2026-07-12 23:15:20,098 WARNING protliggnn.train - Censored or approximate affinity label detected: 'Ki<0.05nM' (relation: '<'). Treating as exact value.
2026-07-12 23:15:20,099 WARNING protliggnn.train - Censored or approximate affinity label detected: 'Ki<1nM' (relation: '<'). Treating as exact value.
2026-07-12 23:15:20,099 WARNING protliggnn.train - Censored or approximate affinity label detected: 'Ki<1nM' (relation: '<'). Treating as exact value.
2026-07-12 23:15:20,099 WARNING protliggnn.train - Censored or approximate affinity label detected: 'Ki<5nM' (relation: '<'). Treating as exact value.
2026-07-12 23:15:20,102 WARNING protliggnn.train - Censored or approximate affinity label detected: 'IC50<0.030uM' (relation: '<'). Treating as exact value.
2026-07-12 23:15:20,102 WARNING protliggnn.train - Censored or approximate affinity label detected: 'IC50<1nM' (relation: '<'). Treating as exact value.
2026-07-12 23:15:20,102 WARNING protliggnn.train - Censored or approximate affinity label detected: 'IC50<40nM' (relation: '<'). Treating as exact value.
2026-07-12 23:15:20,102 WARNING protliggnn.train - Censored or approximate affinity label detected: 'IC50<5nM' (relation: '<'). Treating as exact value.
2026-07-12 23:15:20,106 WARNING protliggnn.train - Censored or approximate affinity label detected: 'IC50~0.5uM' (relation: '~'). Treating as exact value.
2026-07-12 23:15:20,106 WARNING protliggnn.train - Censored or approximate affinity label detected: 'IC50~1.8uM' (relation: '~'). Treating as exact value.
2026-07-12 23:15:20,106 WARNING protliggnn.train - Censored or approximate affinity label detected: 'IC50~1mM' (relation: '~'). Treating as exact value.
2026-07-12 23:15:20,106 WARNING protliggnn.train - Censored or approximate affinity label detected: 'IC50~700nM' (relation: '~'). Treating as exact value.
2026-07-12 23:15:20,106 WARNING protliggnn.train - Censored or approximate affinity label detected: 'Kd<0.001nM' (relation: '<'). Treating as exact value.
2026-07-12 23:15:20,107 WARNING protliggnn.train - Censored or approximate affinity label detected: 'Kd<0.10uM' (relation: '<'). Treating as exact value.
2026-07-12 23:15:20,107 WARNING protliggnn.train - Censored or approximate affinity label detected: 'Kd<0.4uM' (relation: '<'). Treating as exact value.
2026-07-12 23:15:20,107 WARNING protliggnn.train - Censored or approximate affinity label detected: 'Kd<1nM' (relation: '<'). Treating as exact value.
2026-07-12 23:15:20,113 WARNING protliggnn.train - Censored or approximate affinity label detected: 'Kd~0.2uM' (relation: '~'). Treating as exact value.
2026-07-12 23:15:20,114 WARNING protliggnn.train - Censored or approximate affinity label detected: 'Kd~120nM' (relation: '~'). Treating as exact value.
2026-07-12 23:15:20,114 WARNING protliggnn.train - Censored or approximate affinity label detected: 'Kd~23uM' (relation: '~'). Treating as exact value.
2026-07-12 23:15:20,114 WARNING protliggnn.train - Censored or approximate affinity label detected: 'Kd~23uM' (relation: '~'). Treating as exact value.
2026-07-12 23:15:20,114 WARNING protliggnn.train - Censored or approximate affinity label detected: 'Kd~23uM' (relation: '~'). Treating as exact value.
2026-07-12 23:15:20,114 WARNING protliggnn.train - Censored or approximate affinity label detected: 'Kd~24uM' (relation: '~'). Treating as exact value.
2026-07-12 23:15:20,114 WARNING protliggnn.train - Censored or approximate affinity label detected: 'Kd~25uM' (relation: '~'). Treating as exact value.
2026-07-12 23:15:20,114 WARNING protliggnn.train - Censored or approximate affinity label detected: 'Kd~3nM' (relation: '~'). Treating as exact value.
2026-07-12 23:15:20,115 WARNING protliggnn.train - Censored or approximate affinity label detected: 'Kd~5uM' (relation: '~'). Treating as exact value.
2026-07-12 23:15:20,115 WARNING protliggnn.train - Censored or approximate affinity label detected: 'Kd~7nM' (relation: '~'). Treating as exact value.
2026-07-12 23:15:20,115 WARNING protliggnn.train - Censored or approximate affinity label detected: 'Kd~80uM' (relation: '~'). Treating as exact value.
2026-07-12 23:15:20,115 WARNING protliggnn.train - Censored or approximate affinity label detected: 'Ki<1.0nM' (relation: '<'). Treating as exact value.
2026-07-12 23:15:20,115 WARNING protliggnn.train - Censored or approximate affinity label detected: 'Ki<1.3nM' (relation: '<'). Treating as exact value.
2026-07-12 23:15:20,115 WARNING protliggnn.train - Censored or approximate affinity label detected: 'Ki<1nM' (relation: '<'). Treating as exact value.
2026-07-12 23:15:20,115 WARNING protliggnn.train - Censored or approximate affinity label detected: 'Ki<5pM' (relation: '<'). Treating as exact value.
2026-07-12 23:15:20,115 WARNING protliggnn.train - Censored or approximate affinity label detected: 'Ki<5pM' (relation: '<'). Treating as exact value.
2026-07-12 23:15:20,116 WARNING protliggnn.train - Censored or approximate affinity label detected: 'Ki<5pM' (relation: '<'). Treating as exact value.
2026-07-12 23:15:20,116 WARNING protliggnn.train - Censored or approximate affinity label detected: 'Ki<5pM' (relation: '<'). Treating as exact value.
2026-07-12 23:15:20,116 WARNING protliggnn.train - Censored or approximate affinity label detected: 'Ki<5pM' (relation: '<'). Treating as exact value.
2026-07-12 23:15:20,116 WARNING protliggnn.train - Censored or approximate affinity label detected: 'Ki<5pM' (relation: '<'). Treating as exact value.
2026-07-12 23:15:20,119 WARNING protliggnn.train - Censored or approximate affinity label detected: 'IC50<15nM' (relation: '<'). Treating as exact value.
2026-07-12 23:15:20,119 WARNING protliggnn.train - Censored or approximate affinity label detected: 'IC50<1nM' (relation: '<'). Treating as exact value.
2026-07-12 23:15:20,119 WARNING protliggnn.train - Censored or approximate affinity label detected: 'IC50<1nM' (relation: '<'). Treating as exact value.
2026-07-12 23:15:20,119 WARNING protliggnn.train - Censored or approximate affinity label detected: 'IC50<2nM' (relation: '<'). Treating as exact value.
2026-07-12 23:15:20,120 WARNING protliggnn.train - Censored or approximate affinity label detected: 'IC50<2nM' (relation: '<'). Treating as exact value.
2026-07-12 23:15:20,120 WARNING protliggnn.train - Censored or approximate affinity label detected: 'IC50<2nM' (relation: '<'). Treating as exact value.
2026-07-12 23:15:20,125 WARNING protliggnn.train - Censored or approximate affinity label detected: 'IC50~330uM' (relation: '~'). Treating as exact value.
2026-07-12 23:15:20,125 WARNING protliggnn.train - Censored or approximate affinity label detected: 'IC50~450uM' (relation: '~'). Treating as exact value.
2026-07-12 23:15:20,125 WARNING protliggnn.train - Censored or approximate affinity label detected: 'Kd<0.8nM' (relation: '<'). Treating as exact value.
2026-07-12 23:15:20,125 WARNING protliggnn.train - Censored or approximate affinity label detected: 'Kd<1.26nM' (relation: '<'). Treating as exact value.
2026-07-12 23:15:20,125 WARNING protliggnn.train - Censored or approximate affinity label detected: 'Kd<2.3nM' (relation: '<'). Treating as exact value.
2026-07-12 23:15:20,125 WARNING protliggnn.train - Censored or approximate affinity label detected: 'Kd<55uM' (relation: '<'). Treating as exact value.
2026-07-12 23:15:20,126 WARNING protliggnn.train - Censored or approximate affinity label detected: 'Kd<55uM' (relation: '<'). Treating as exact value.
2026-07-12 23:15:20,132 WARNING protliggnn.train - Censored or approximate affinity label detected: 'Kd~11uM' (relation: '~'). Treating as exact value.
2026-07-12 23:15:20,132 WARNING protliggnn.train - Censored or approximate affinity label detected: 'Kd~200nM' (relation: '~'). Treating as exact value.
2026-07-12 23:15:20,132 WARNING protliggnn.train - Censored or approximate affinity label detected: 'Kd~25uM' (relation: '~'). Treating as exact value.
2026-07-12 23:15:20,132 WARNING protliggnn.train - Censored or approximate affinity label detected: 'Kd~2nM' (relation: '~'). Treating as exact value.
2026-07-12 23:15:20,132 WARNING protliggnn.train - Censored or approximate affinity label detected: 'Ki<0.005nM' (relation: '<'). Treating as exact value.
2026-07-12 23:15:20,132 WARNING protliggnn.train - Censored or approximate affinity label detected: 'Ki<0.005nM' (relation: '<'). Treating as exact value.
2026-07-12 23:15:20,133 WARNING protliggnn.train - Censored or approximate affinity label detected: 'Ki<0.005nM' (relation: '<'). Treating as exact value.
2026-07-12 23:15:20,133 WARNING protliggnn.train - Censored or approximate affinity label detected: 'Ki<0.9nM' (relation: '<'). Treating as exact value.
2026-07-12 23:15:23,440 INFO protliggnn - Found 1000 candidate complexes with labels and matching files before validation.
2026-07-12 23:15:23,447 INFO protliggnn - Found graph cache at data\pdbbind2020\processed_dataset.pt. Validating...
2026-07-12 23:15:23,494 INFO protliggnn - Loading graphs from cache file...
2026-07-12 23:15:24,340 INFO protliggnn - Cache successfully validated. Loaded 1000 pre-built graphs.
2026-07-12 23:15:24,349 INFO protliggnn - Dataset split sizes: train=800 val=100 test=100 (random)
2026-07-12 23:15:46,949 INFO protliggnn - Epoch 001 train loss=7.9686 PCC=0.0247 Spearman=0.0487 RMSE=2.8229 MAE=2.1508 R2=-1.5739
2026-07-12 23:15:46,949 INFO protliggnn - Epoch 001 val loss=3.7315 PCC=0.3700 Spearman=0.4000 RMSE=1.9317 MAE=1.5134 R2=-0.0976
2026-07-12 23:15:47,065 INFO protliggnn - Saved checkpoint for epoch 1 with validation RMSE 1.9316976645055106.
2026-07-12 23:16:10,016 INFO protliggnn - Epoch 002 train loss=3.5413 PCC=0.1826 Spearman=0.1818 RMSE=1.8818 MAE=1.4896 R2=-0.1438
2026-07-12 23:16:10,016 INFO protliggnn - Epoch 002 val loss=2.9052 PCC=0.3866 Spearman=0.4323 RMSE=1.7045 MAE=1.2684 R2=0.1454
2026-07-12 23:16:10,116 INFO protliggnn - Saved checkpoint for epoch 2 with validation RMSE 1.7044782650480177.
2026-07-12 23:16:30,624 INFO protliggnn - Epoch 003 train loss=3.4654 PCC=0.1873 Spearman=0.1733 RMSE=1.8615 MAE=1.5089 R2=-0.1193
2026-07-12 23:16:30,624 INFO protliggnn - Epoch 003 val loss=2.8950 PCC=0.3879 Spearman=0.4208 RMSE=1.7015 MAE=1.2635 R2=0.1484
2026-07-12 23:16:30,712 INFO protliggnn - Saved checkpoint for epoch 3 with validation RMSE 1.7014669017145867.
2026-07-12 23:16:50,890 INFO protliggnn - Epoch 004 train loss=3.3369 PCC=0.2548 Spearman=0.2416 RMSE=1.8267 MAE=1.4718 R2=-0.0778
2026-07-12 23:16:50,890 INFO protliggnn - Epoch 004 val loss=2.8639 PCC=0.4006 Spearman=0.4256 RMSE=1.6923 MAE=1.2454 R2=0.1576
2026-07-12 23:16:50,985 INFO protliggnn - Saved checkpoint for epoch 4 with validation RMSE 1.6923193160354932.
2026-07-12 23:17:11,164 INFO protliggnn - Epoch 005 train loss=3.2478 PCC=0.3121 Spearman=0.3292 RMSE=1.8022 MAE=1.4243 R2=-0.0491
2026-07-12 23:17:11,164 INFO protliggnn - Epoch 005 val loss=2.8022 PCC=0.4256 Spearman=0.4599 RMSE=1.6740 MAE=1.2316 R2=0.1757
2026-07-12 23:17:11,252 INFO protliggnn - Saved checkpoint for epoch 5 with validation RMSE 1.6739904738660627.
2026-07-12 23:17:31,714 INFO protliggnn - Epoch 006 train loss=2.9126 PCC=0.3927 Spearman=0.3843 RMSE=1.7066 MAE=1.3579 R2=0.0592
2026-07-12 23:17:31,714 INFO protliggnn - Epoch 006 val loss=2.7491 PCC=0.4449 Spearman=0.4663 RMSE=1.6581 MAE=1.2255 R2=0.1913
2026-07-12 23:17:31,804 INFO protliggnn - Saved checkpoint for epoch 6 with validation RMSE 1.6580511926352086.
2026-07-12 23:17:52,225 INFO protliggnn - Epoch 007 train loss=2.8211 PCC=0.4013 Spearman=0.3827 RMSE=1.6796 MAE=1.3696 R2=0.0888
2026-07-12 23:17:52,225 INFO protliggnn - Epoch 007 val loss=2.6761 PCC=0.4696 Spearman=0.4771 RMSE=1.6359 MAE=1.2340 R2=0.2128
2026-07-12 23:17:52,314 INFO protliggnn - Saved checkpoint for epoch 7 with validation RMSE 1.6358852596954958.
2026-07-12 23:18:14,701 INFO protliggnn - Epoch 008 train loss=2.9100 PCC=0.4002 Spearman=0.3916 RMSE=1.7059 MAE=1.3457 R2=0.0601
2026-07-12 23:18:14,702 INFO protliggnn - Epoch 008 val loss=2.6497 PCC=0.5126 Spearman=0.5354 RMSE=1.6278 MAE=1.2286 R2=0.2206
2026-07-12 23:18:14,813 INFO protliggnn - Saved checkpoint for epoch 8 with validation RMSE 1.627792737436567.
2026-07-12 23:18:35,590 INFO protliggnn - Epoch 009 train loss=2.5943 PCC=0.4785 Spearman=0.4587 RMSE=1.6107 MAE=1.2907 R2=0.1620
2026-07-12 23:18:35,590 INFO protliggnn - Epoch 009 val loss=2.5867 PCC=0.5117 Spearman=0.5237 RMSE=1.6083 MAE=1.2355 R2=0.2391
2026-07-12 23:18:35,679 INFO protliggnn - Saved checkpoint for epoch 9 with validation RMSE 1.6083375842503682.
2026-07-12 23:18:55,927 INFO protliggnn - Epoch 010 train loss=2.3902 PCC=0.5257 Spearman=0.5003 RMSE=1.5460 MAE=1.2505 R2=0.2279
2026-07-12 23:18:55,927 INFO protliggnn - Epoch 010 val loss=2.4891 PCC=0.5297 Spearman=0.5347 RMSE=1.5777 MAE=1.2119 R2=0.2678
2026-07-12 23:18:56,023 INFO protliggnn - Saved checkpoint for epoch 10 with validation RMSE 1.5776772908793135.
2026-07-12 23:19:16,929 INFO protliggnn - Epoch 011 train loss=2.5857 PCC=0.4899 Spearman=0.4866 RMSE=1.6080 MAE=1.2752 R2=0.1648
2026-07-12 23:19:16,929 INFO protliggnn - Epoch 011 val loss=2.4229 PCC=0.5614 Spearman=0.5690 RMSE=1.5566 MAE=1.2133 R2=0.2873
2026-07-12 23:19:17,021 INFO protliggnn - Saved checkpoint for epoch 11 with validation RMSE 1.556565617596934.
2026-07-12 23:19:36,076 INFO protliggnn - Epoch 012 train loss=2.3742 PCC=0.5333 Spearman=0.5183 RMSE=1.5409 MAE=1.2247 R2=0.2331
2026-07-12 23:19:36,076 INFO protliggnn - Epoch 012 val loss=2.3637 PCC=0.5597 Spearman=0.5722 RMSE=1.5374 MAE=1.1939 R2=0.3047
2026-07-12 23:19:36,154 INFO protliggnn - Saved checkpoint for epoch 12 with validation RMSE 1.5374463354059098.
2026-07-12 23:19:55,097 INFO protliggnn - Epoch 013 train loss=2.2154 PCC=0.5716 Spearman=0.5366 RMSE=1.4884 MAE=1.1975 R2=0.2844
2026-07-12 23:19:55,097 INFO protliggnn - Epoch 013 val loss=2.4533 PCC=0.5696 Spearman=0.5709 RMSE=1.5663 MAE=1.1953 R2=0.2784
2026-07-12 23:20:15,578 INFO protliggnn - Epoch 014 train loss=2.3283 PCC=0.5469 Spearman=0.5347 RMSE=1.5259 MAE=1.2180 R2=0.2480
2026-07-12 23:20:15,579 INFO protliggnn - Epoch 014 val loss=2.4362 PCC=0.5599 Spearman=0.5638 RMSE=1.5608 MAE=1.2162 R2=0.2834
2026-07-12 23:20:37,931 INFO protliggnn - Epoch 015 train loss=2.1127 PCC=0.5972 Spearman=0.5938 RMSE=1.4535 MAE=1.1453 R2=0.3176
2026-07-12 23:20:37,931 INFO protliggnn - Epoch 015 val loss=2.2905 PCC=0.5811 Spearman=0.5855 RMSE=1.5134 MAE=1.1845 R2=0.3262
2026-07-12 23:20:38,019 INFO protliggnn - Saved checkpoint for epoch 15 with validation RMSE 1.5134425365584958.
2026-07-12 23:20:58,305 INFO protliggnn - Epoch 016 train loss=2.0164 PCC=0.6185 Spearman=0.6008 RMSE=1.4200 MAE=1.1264 R2=0.3487
2026-07-12 23:20:58,306 INFO protliggnn - Epoch 016 val loss=2.3442 PCC=0.5705 Spearman=0.5729 RMSE=1.5311 MAE=1.1844 R2=0.3104
2026-07-12 23:21:18,449 INFO protliggnn - Epoch 017 train loss=1.9719 PCC=0.6248 Spearman=0.6170 RMSE=1.4042 MAE=1.1009 R2=0.3631
2026-07-12 23:21:18,449 INFO protliggnn - Epoch 017 val loss=2.3251 PCC=0.5826 Spearman=0.5854 RMSE=1.5248 MAE=1.1821 R2=0.3161
2026-07-12 23:21:38,652 INFO protliggnn - Epoch 018 train loss=1.9998 PCC=0.6281 Spearman=0.6179 RMSE=1.4142 MAE=1.1137 R2=0.3540
2026-07-12 23:21:38,653 INFO protliggnn - Epoch 018 val loss=2.3008 PCC=0.5791 Spearman=0.5808 RMSE=1.5168 MAE=1.1829 R2=0.3232
2026-07-12 23:21:58,772 INFO protliggnn - Epoch 019 train loss=1.8892 PCC=0.6421 Spearman=0.6328 RMSE=1.3745 MAE=1.0979 R2=0.3898
2026-07-12 23:21:58,773 INFO protliggnn - Epoch 019 val loss=2.3189 PCC=0.5765 Spearman=0.5779 RMSE=1.5228 MAE=1.1890 R2=0.3179
2026-07-12 23:22:19,059 INFO protliggnn - Epoch 020 train loss=1.8881 PCC=0.6471 Spearman=0.6254 RMSE=1.3741 MAE=1.0925 R2=0.3901
2026-07-12 23:22:19,059 INFO protliggnn - Epoch 020 val loss=2.3205 PCC=0.5770 Spearman=0.5791 RMSE=1.5233 MAE=1.1905 R2=0.3174
2026-07-12 23:22:19,059 INFO protliggnn - Early stopping triggered at epoch 20. Best epoch was 15.
2026-07-12 23:22:19,219 INFO protliggnn - Loaded best model from epoch 15 at D:\ProtLigGnn\experiments\ablation_no_residual_seed_777\best_model.pt
2026-07-12 23:22:20,559 INFO protliggnn - Test loss=2.4490 PCC=0.4908 Spearman=0.5150 RMSE=1.5649 MAE=1.2452 R2=0.2110
2026-07-12 23:22:26,017 INFO protliggnn - Wrote metrics, predictions, plots, and error analysis.
2026-07-12 23:22:26,062 INFO protliggnn - Experiment artifacts saved to D:\ProtLigGnn\experiments\ablation_no_residual_seed_777
