Command: D:\ProtLigGnn\venv\Scripts\python.exe protliggnn_train.py --data_dir data/pdbbind2020 --device cpu --epochs 2 --batch_size 8 --lr 0.001 --weight_decay 1e-05 --patience 10 --seed 42 --run_name protliggnn_benchmark_seed_42 --save_path experiments\run_022\checkpoint.pt --split_strategy random --split_dir splits --val_fraction 0.1 --test_fraction 0.1 --dataset_version pdbbind2020_local --experiments_root experiments --experiment_dir experiments\run_022 --log_level INFO --num_workers 0 --research_version Validated Baseline v0.95 --max_samples 10 --allow_duplicate --hidden_dim 256 --dropout 0.2 --optimizer adam --scheduler none --pooling mean --model_type foundation_protein --rbf_basis 32 --rbf_start 0.0 --rbf_stop 12.0 --rbf_proj_dim 32 --interaction_dim 32 --latent_dim 32 --chemistry_dim 32 --representation_dim 32 --attention_bias_type rbf --attention_learnable_scale true --attention_initial_alpha 0.1 --attention_normalize_bias true --contact_threshold 4.0 --loss_weight 0.1 --loss_weight_strategy fixed --contact_hidden_dim 128 --router_type gated --routing_level embedding --gate_regularization 0.0 --entropy_regularization 0.01 --sparsity_regularization 0.0 --diversity_regularization 0.0 --router_capacity base --protein_model esm2 --layer_selection last --pooling_strategy pocket_only --train_fraction 1.0

2026-07-17 10:04:47,855 INFO protliggnn - Experiment directory: experiments\run_022
2026-07-17 10:04:47,855 INFO protliggnn - CLI arguments: {'data_dir': 'data/pdbbind2020', 'device': 'cpu', 'epochs': 2, 'batch_size': 8, 'lr': 0.001, 'weight_decay': 1e-05, 'patience': 10, 'seed': 42, 'max_samples': 10, 'run_name': 'protliggnn_benchmark_seed_42', 'no_crossgraph': False, 'save_path': 'experiments\\run_022\\checkpoint.pt', 'split_strategy': 'random', 'split_dir': 'splits', 'fixed_split_dir': None, 'val_fraction': 0.1, 'test_fraction': 0.1, 'dataset_version': 'pdbbind2020_local', 'experiments_root': 'experiments', 'experiment_dir': 'experiments\\run_022', 'experiment_id': None, 'num_workers': 0, 'pin_memory': False, 'disable_experiment_tracking': False, 'resume': None, 'allow_duplicate': True, 'hidden_dim': 256, 'dropout': 0.2, 'optimizer': 'adam', 'scheduler': 'none', 'grad_clip': None, 'no_residual': False, 'no_layernorm': False, 'no_attention': False, 'pooling': 'mean', 'log_level': 'INFO', 'model_type': 'foundation_protein', 'protein_model': 'esm2', 'layer_selection': 'last', 'pooling_strategy': 'pocket_only', 'train_fraction': 1.0, 'router_type': 'gated', 'routing_level': 'embedding', 'gate_regularization': 0.0, 'entropy_regularization': 0.01, 'sparsity_regularization': 0.0, 'diversity_regularization': 0.0, 'router_capacity': 'base', 'contact_threshold': 4.0, 'loss_weight': 0.1, 'loss_weight_strategy': 'fixed', 'contact_hidden_dim': 128, 'rbf_basis': 32, 'rbf_start': 0.0, 'rbf_stop': 12.0, 'rbf_proj_dim': 32, 'interaction_dim': 32, 'latent_dim': 32, 'chemistry_dim': 32, 'representation_dim': 32, 'attention_bias_type': 'rbf', 'attention_learnable_scale': 'true', 'attention_initial_alpha': 0.1, 'attention_normalize_bias': 'true', 'experiment_purpose': 'benchmark', 'research_question': 'Can ProtLigGNN reproducibly predict protein-ligand affinity under this benchmark configuration?', 'author': 'unknown', 'description': '', 'notes': '', 'tags': '', 'expected_outcome': '', 'current_milestone': 'research-infrastructure', 'architecture_version': 'protliggnn-v1', 'research_version': 'Validated Baseline v0.95'}
2026-07-17 10:04:47,858 INFO protliggnn - Loading dataset from D:\ProtLigGnn\data\pdbbind2020
2026-07-17 10:04:47,859 WARNING protliggnn.train - Censored or approximate affinity label detected: 'Kd<10uM' (relation: '<'). Treating as exact value.
2026-07-17 10:04:47,859 WARNING protliggnn.train - Censored or approximate affinity label detected: 'Ki<=17nM' (relation: '<='). Treating as exact value.
2026-07-17 10:04:47,859 WARNING protliggnn.train - Censored or approximate affinity label detected: 'IC50<=3.5nM' (relation: '<='). Treating as exact value.
2026-07-17 10:04:47,859 WARNING protliggnn.train - Censored or approximate affinity label detected: 'Ki<1.0nM' (relation: '<'). Treating as exact value.
2026-07-17 10:04:47,859 WARNING protliggnn.train - Censored or approximate affinity label detected: 'Ki<10uM' (relation: '<'). Treating as exact value.
2026-07-17 10:04:47,859 WARNING protliggnn.train - Censored or approximate affinity label detected: 'Ki<1nM' (relation: '<'). Treating as exact value.
2026-07-17 10:04:47,860 WARNING protliggnn.train - Censored or approximate affinity label detected: 'IC50<=2.0nM' (relation: '<='). Treating as exact value.
2026-07-17 10:04:47,860 WARNING protliggnn.train - Censored or approximate affinity label detected: 'IC50~10uM' (relation: '~'). Treating as exact value.
2026-07-17 10:04:47,860 WARNING protliggnn.train - Censored or approximate affinity label detected: 'Ki<0.01nM' (relation: '<'). Treating as exact value.
2026-07-17 10:04:47,861 WARNING protliggnn.train - Censored or approximate affinity label detected: 'Ki<=100nM' (relation: '<='). Treating as exact value.
2026-07-17 10:04:47,861 WARNING protliggnn.train - Censored or approximate affinity label detected: 'Ki<21nM' (relation: '<'). Treating as exact value.
2026-07-17 10:04:47,864 WARNING protliggnn.train - Censored or approximate affinity label detected: 'Ki~0.1pM' (relation: '~'). Treating as exact value.
2026-07-17 10:04:47,864 WARNING protliggnn.train - Censored or approximate affinity label detected: 'Kd<=100uM' (relation: '<='). Treating as exact value.
2026-07-17 10:04:47,927 WARNING protliggnn.train - Censored or approximate affinity label detected: 'Kd~10pM' (relation: '~'). Treating as exact value.
2026-07-17 10:04:47,927 WARNING protliggnn.train - Censored or approximate affinity label detected: 'Kd~1pM' (relation: '~'). Treating as exact value.
2026-07-17 10:04:47,928 WARNING protliggnn.train - Censored or approximate affinity label detected: 'Kd~1pM' (relation: '~'). Treating as exact value.
2026-07-17 10:04:47,930 WARNING protliggnn.train - Censored or approximate affinity label detected: 'Kd<0.010uM' (relation: '<'). Treating as exact value.
2026-07-17 10:04:47,930 WARNING protliggnn.train - Censored or approximate affinity label detected: 'Kd~0.1uM' (relation: '~'). Treating as exact value.
2026-07-17 10:04:47,930 WARNING protliggnn.train - Censored or approximate affinity label detected: 'Ki<0.3uM' (relation: '<'). Treating as exact value.
2026-07-17 10:04:47,931 WARNING protliggnn.train - Censored or approximate affinity label detected: 'IC50<0.003uM' (relation: '<'). Treating as exact value.
2026-07-17 10:04:47,931 WARNING protliggnn.train - Censored or approximate affinity label detected: 'IC50<0.05uM' (relation: '<'). Treating as exact value.
2026-07-17 10:04:47,931 WARNING protliggnn.train - Censored or approximate affinity label detected: 'IC50<0.05uM' (relation: '<'). Treating as exact value.
2026-07-17 10:04:47,931 WARNING protliggnn.train - Censored or approximate affinity label detected: 'IC50~5mM' (relation: '~'). Treating as exact value.
2026-07-17 10:04:47,932 WARNING protliggnn.train - Censored or approximate affinity label detected: 'Kd<0.12nM' (relation: '<'). Treating as exact value.
2026-07-17 10:04:47,932 WARNING protliggnn.train - Censored or approximate affinity label detected: 'Kd~0.69pM' (relation: '~'). Treating as exact value.
2026-07-17 10:04:47,933 WARNING protliggnn.train - Censored or approximate affinity label detected: 'Kd~11pM' (relation: '~'). Treating as exact value.
2026-07-17 10:04:47,933 WARNING protliggnn.train - Censored or approximate affinity label detected: 'Kd~28pM' (relation: '~'). Treating as exact value.
2026-07-17 10:04:47,935 WARNING protliggnn.train - Censored or approximate affinity label detected: 'IC50<0.003uM' (relation: '<'). Treating as exact value.
2026-07-17 10:04:47,935 WARNING protliggnn.train - Censored or approximate affinity label detected: 'IC50<20nM' (relation: '<'). Treating as exact value.
2026-07-17 10:04:47,936 WARNING protliggnn.train - Censored or approximate affinity label detected: 'IC50<5nM' (relation: '<'). Treating as exact value.
2026-07-17 10:04:47,939 WARNING protliggnn.train - Censored or approximate affinity label detected: 'Kd~1nM' (relation: '~'). Treating as exact value.
2026-07-17 10:04:47,939 WARNING protliggnn.train - Censored or approximate affinity label detected: 'Kd~1nM' (relation: '~'). Treating as exact value.
2026-07-17 10:04:47,939 WARNING protliggnn.train - Censored or approximate affinity label detected: 'Ki<10nM' (relation: '<'). Treating as exact value.
2026-07-17 10:04:47,942 WARNING protliggnn.train - Censored or approximate affinity label detected: 'Kd<10uM' (relation: '<'). Treating as exact value.
2026-07-17 10:04:47,944 WARNING protliggnn.train - Censored or approximate affinity label detected: 'IC50<100nM' (relation: '<'). Treating as exact value.
2026-07-17 10:04:47,946 WARNING protliggnn.train - Censored or approximate affinity label detected: 'Kd<2pM' (relation: '<'). Treating as exact value.
2026-07-17 10:04:47,947 WARNING protliggnn.train - Censored or approximate affinity label detected: 'Kd~50uM' (relation: '~'). Treating as exact value.
2026-07-17 10:04:47,947 WARNING protliggnn.train - Censored or approximate affinity label detected: 'Ki<=0.6nM' (relation: '<='). Treating as exact value.
2026-07-17 10:04:47,950 WARNING protliggnn.train - Censored or approximate affinity label detected: 'Kd~100uM' (relation: '~'). Treating as exact value.
2026-07-17 10:04:47,950 WARNING protliggnn.train - Censored or approximate affinity label detected: 'Kd~100uM' (relation: '~'). Treating as exact value.
2026-07-17 10:04:48,866 WARNING protliggnn.train - Censored or approximate affinity label detected: 'IC50<0.04nM' (relation: '<'). Treating as exact value.
2026-07-17 10:04:48,868 WARNING protliggnn.train - Censored or approximate affinity label detected: 'Kd~10nM' (relation: '~'). Treating as exact value.
2026-07-17 10:04:48,868 WARNING protliggnn.train - Censored or approximate affinity label detected: 'IC50<0.5nM' (relation: '<'). Treating as exact value.
2026-07-17 10:04:48,871 WARNING protliggnn.train - Censored or approximate affinity label detected: 'Kd~40mM' (relation: '~'). Treating as exact value.
2026-07-17 10:04:48,872 WARNING protliggnn.train - Censored or approximate affinity label detected: 'Ki<10uM' (relation: '<'). Treating as exact value.
2026-07-17 10:04:48,872 WARNING protliggnn.train - Censored or approximate affinity label detected: 'IC50<1.0nM' (relation: '<'). Treating as exact value.
2026-07-17 10:04:48,872 WARNING protliggnn.train - Censored or approximate affinity label detected: 'IC50<2nM' (relation: '<'). Treating as exact value.
2026-07-17 10:04:48,872 WARNING protliggnn.train - Censored or approximate affinity label detected: 'IC50<3nM' (relation: '<'). Treating as exact value.
2026-07-17 10:04:48,872 WARNING protliggnn.train - Censored or approximate affinity label detected: 'IC50<=1nM' (relation: '<='). Treating as exact value.
2026-07-17 10:04:48,873 WARNING protliggnn.train - Censored or approximate affinity label detected: 'Kd<1nM' (relation: '<'). Treating as exact value.
2026-07-17 10:04:48,874 WARNING protliggnn.train - Censored or approximate affinity label detected: 'Kd~1nM' (relation: '~'). Treating as exact value.
2026-07-17 10:04:48,874 WARNING protliggnn.train - Censored or approximate affinity label detected: 'Kd~1nM' (relation: '~'). Treating as exact value.
2026-07-17 10:04:48,875 WARNING protliggnn.train - Censored or approximate affinity label detected: 'IC50<2nM' (relation: '<'). Treating as exact value.
2026-07-17 10:04:48,876 WARNING protliggnn.train - Censored or approximate affinity label detected: 'IC50~1mM' (relation: '~'). Treating as exact value.
2026-07-17 10:04:48,876 WARNING protliggnn.train - Censored or approximate affinity label detected: 'IC50~20mM' (relation: '~'). Treating as exact value.
2026-07-17 10:04:48,876 WARNING protliggnn.train - Censored or approximate affinity label detected: 'Kd<0.1nM' (relation: '<'). Treating as exact value.
2026-07-17 10:04:48,876 WARNING protliggnn.train - Censored or approximate affinity label detected: 'Kd<1mM' (relation: '<'). Treating as exact value.
2026-07-17 10:04:48,876 WARNING protliggnn.train - Censored or approximate affinity label detected: 'Kd<60uM' (relation: '<'). Treating as exact value.
2026-07-17 10:04:48,878 WARNING protliggnn.train - Censored or approximate affinity label detected: 'Kd~300uM' (relation: '~'). Treating as exact value.
2026-07-17 10:04:48,878 WARNING protliggnn.train - Censored or approximate affinity label detected: 'Ki<50.0nM' (relation: '<'). Treating as exact value.
2026-07-17 10:04:48,879 WARNING protliggnn.train - Censored or approximate affinity label detected: 'Ki~5mM' (relation: '~'). Treating as exact value.
2026-07-17 10:04:48,879 WARNING protliggnn.train - Censored or approximate affinity label detected: 'Ki~5uM' (relation: '~'). Treating as exact value.
2026-07-17 10:04:48,879 WARNING protliggnn.train - Censored or approximate affinity label detected: 'IC50<0.001uM' (relation: '<'). Treating as exact value.
2026-07-17 10:04:48,879 WARNING protliggnn.train - Censored or approximate affinity label detected: 'IC50<0.003uM' (relation: '<'). Treating as exact value.
2026-07-17 10:04:48,879 WARNING protliggnn.train - Censored or approximate affinity label detected: 'IC50<0.004uM' (relation: '<'). Treating as exact value.
2026-07-17 10:04:48,879 WARNING protliggnn.train - Censored or approximate affinity label detected: 'IC50<10nM' (relation: '<'). Treating as exact value.
2026-07-17 10:04:48,879 WARNING protliggnn.train - Censored or approximate affinity label detected: 'IC50<2.13nM' (relation: '<'). Treating as exact value.
2026-07-17 10:04:50,538 WARNING protliggnn.train - Censored or approximate affinity label detected: 'IC50<3nM' (relation: '<'). Treating as exact value.
2026-07-17 10:04:50,538 WARNING protliggnn.train - Censored or approximate affinity label detected: 'IC50<3nM' (relation: '<'). Treating as exact value.
2026-07-17 10:04:50,538 WARNING protliggnn.train - Censored or approximate affinity label detected: 'IC50<4nM' (relation: '<'). Treating as exact value.
2026-07-17 10:04:50,538 WARNING protliggnn.train - Censored or approximate affinity label detected: 'IC50<5nM' (relation: '<'). Treating as exact value.
2026-07-17 10:04:50,539 WARNING protliggnn.train - Censored or approximate affinity label detected: 'IC50<5nM' (relation: '<'). Treating as exact value.
2026-07-17 10:04:50,540 WARNING protliggnn.train - Censored or approximate affinity label detected: 'Kd<0.1mM' (relation: '<'). Treating as exact value.
2026-07-17 10:04:50,540 WARNING protliggnn.train - Censored or approximate affinity label detected: 'Kd<0.1nM' (relation: '<'). Treating as exact value.
2026-07-17 10:04:50,540 WARNING protliggnn.train - Censored or approximate affinity label detected: 'Kd<100nM' (relation: '<'). Treating as exact value.
2026-07-17 10:04:50,540 WARNING protliggnn.train - Censored or approximate affinity label detected: 'Kd<10nM' (relation: '<'). Treating as exact value.
2026-07-17 10:04:50,541 WARNING protliggnn.train - Censored or approximate affinity label detected: 'Kd~102uM' (relation: '~'). Treating as exact value.
2026-07-17 10:04:50,541 WARNING protliggnn.train - Censored or approximate affinity label detected: 'Kd~125nM' (relation: '~'). Treating as exact value.
2026-07-17 10:04:50,541 WARNING protliggnn.train - Censored or approximate affinity label detected: 'Kd~1uM' (relation: '~'). Treating as exact value.
2026-07-17 10:04:50,541 WARNING protliggnn.train - Censored or approximate affinity label detected: 'Kd~1uM' (relation: '~'). Treating as exact value.
2026-07-17 10:04:50,541 WARNING protliggnn.train - Censored or approximate affinity label detected: 'Kd~5uM' (relation: '~'). Treating as exact value.
2026-07-17 10:04:50,541 WARNING protliggnn.train - Censored or approximate affinity label detected: 'Kd~74.3uM' (relation: '~'). Treating as exact value.
2026-07-17 10:04:50,541 WARNING protliggnn.train - Censored or approximate affinity label detected: 'Kd~85nM' (relation: '~'). Treating as exact value.
2026-07-17 10:04:50,541 WARNING protliggnn.train - Censored or approximate affinity label detected: 'Ki<0.10nM' (relation: '<'). Treating as exact value.
2026-07-17 10:04:50,542 WARNING protliggnn.train - Censored or approximate affinity label detected: 'Ki~2uM' (relation: '~'). Treating as exact value.
2026-07-17 10:04:50,543 WARNING protliggnn.train - Censored or approximate affinity label detected: 'Ki~55mM' (relation: '~'). Treating as exact value.
2026-07-17 10:04:50,543 WARNING protliggnn.train - Censored or approximate affinity label detected: 'Ki~55mM' (relation: '~'). Treating as exact value.
2026-07-17 10:04:50,543 WARNING protliggnn.train - Censored or approximate affinity label detected: 'IC50<0.01uM' (relation: '<'). Treating as exact value.
2026-07-17 10:04:50,543 WARNING protliggnn.train - Censored or approximate affinity label detected: 'IC50<0.01uM' (relation: '<'). Treating as exact value.
2026-07-17 10:04:50,543 WARNING protliggnn.train - Censored or approximate affinity label detected: 'IC50<2.5nM' (relation: '<'). Treating as exact value.
2026-07-17 10:04:50,545 WARNING protliggnn.train - Censored or approximate affinity label detected: 'IC50~0.5uM' (relation: '~'). Treating as exact value.
2026-07-17 10:04:50,545 WARNING protliggnn.train - Censored or approximate affinity label detected: 'IC50~30nM' (relation: '~'). Treating as exact value.
2026-07-17 10:04:50,545 WARNING protliggnn.train - Censored or approximate affinity label detected: 'Kd<10nM' (relation: '<'). Treating as exact value.
2026-07-17 10:04:50,545 WARNING protliggnn.train - Censored or approximate affinity label detected: 'Kd<10uM' (relation: '<'). Treating as exact value.
2026-07-17 10:04:52,186 WARNING protliggnn.train - Censored or approximate affinity label detected: 'Kd<6nM' (relation: '<'). Treating as exact value.
2026-07-17 10:04:52,187 WARNING protliggnn.train - Censored or approximate affinity label detected: 'Kd~10nM' (relation: '~'). Treating as exact value.
2026-07-17 10:04:52,187 WARNING protliggnn.train - Censored or approximate affinity label detected: 'Kd~160nM' (relation: '~'). Treating as exact value.
2026-07-17 10:04:52,187 WARNING protliggnn.train - Censored or approximate affinity label detected: 'Kd~1mM' (relation: '~'). Treating as exact value.
2026-07-17 10:04:52,187 WARNING protliggnn.train - Censored or approximate affinity label detected: 'Kd~1uM' (relation: '~'). Treating as exact value.
2026-07-17 10:04:52,187 WARNING protliggnn.train - Censored or approximate affinity label detected: 'Kd~2uM' (relation: '~'). Treating as exact value.
2026-07-17 10:04:52,187 WARNING protliggnn.train - Censored or approximate affinity label detected: 'Kd~5uM' (relation: '~'). Treating as exact value.
2026-07-17 10:04:52,187 WARNING protliggnn.train - Censored or approximate affinity label detected: 'Ki<0.05uM' (relation: '<'). Treating as exact value.
2026-07-17 10:04:52,187 WARNING protliggnn.train - Censored or approximate affinity label detected: 'Ki<1nM' (relation: '<'). Treating as exact value.
2026-07-17 10:04:52,187 WARNING protliggnn.train - Censored or approximate affinity label detected: 'Ki<1nM' (relation: '<'). Treating as exact value.
2026-07-17 10:04:52,187 WARNING protliggnn.train - Censored or approximate affinity label detected: 'Ki<1nM' (relation: '<'). Treating as exact value.
2026-07-17 10:04:52,187 WARNING protliggnn.train - Censored or approximate affinity label detected: 'Ki<1nM' (relation: '<'). Treating as exact value.
2026-07-17 10:04:52,187 WARNING protliggnn.train - Censored or approximate affinity label detected: 'Ki<2nM' (relation: '<'). Treating as exact value.
2026-07-17 10:04:52,188 WARNING protliggnn.train - Censored or approximate affinity label detected: 'Ki~10uM' (relation: '~'). Treating as exact value.
2026-07-17 10:04:52,188 WARNING protliggnn.train - Censored or approximate affinity label detected: 'Ki~14uM' (relation: '~'). Treating as exact value.
2026-07-17 10:04:52,188 WARNING protliggnn.train - Censored or approximate affinity label detected: 'Ki~50uM' (relation: '~'). Treating as exact value.
2026-07-17 10:04:52,188 WARNING protliggnn.train - Censored or approximate affinity label detected: 'IC50<1nM' (relation: '<'). Treating as exact value.
2026-07-17 10:04:52,188 WARNING protliggnn.train - Censored or approximate affinity label detected: 'IC50<4nM' (relation: '<'). Treating as exact value.
2026-07-17 10:04:52,191 WARNING protliggnn.train - Censored or approximate affinity label detected: 'IC50~10uM' (relation: '~'). Treating as exact value.
2026-07-17 10:04:52,191 WARNING protliggnn.train - Censored or approximate affinity label detected: 'IC50~10uM' (relation: '~'). Treating as exact value.
2026-07-17 10:04:52,191 WARNING protliggnn.train - Censored or approximate affinity label detected: 'IC50~1mM' (relation: '~'). Treating as exact value.
2026-07-17 10:04:52,191 WARNING protliggnn.train - Censored or approximate affinity label detected: 'IC50~30uM' (relation: '~'). Treating as exact value.
2026-07-17 10:04:52,191 WARNING protliggnn.train - Censored or approximate affinity label detected: 'IC50~30uM' (relation: '~'). Treating as exact value.
2026-07-17 10:04:52,191 WARNING protliggnn.train - Censored or approximate affinity label detected: 'IC50~38nM' (relation: '~'). Treating as exact value.
2026-07-17 10:04:52,191 WARNING protliggnn.train - Censored or approximate affinity label detected: 'Kd<0.003uM' (relation: '<'). Treating as exact value.
2026-07-17 10:04:52,191 WARNING protliggnn.train - Censored or approximate affinity label detected: 'Kd<1nM' (relation: '<'). Treating as exact value.
2026-07-17 10:04:52,193 WARNING protliggnn.train - Censored or approximate affinity label detected: 'Kd~1.7uM' (relation: '~'). Treating as exact value.
2026-07-17 10:04:53,896 WARNING protliggnn.train - Censored or approximate affinity label detected: 'Kd~200nM' (relation: '~'). Treating as exact value.
2026-07-17 10:04:53,896 WARNING protliggnn.train - Censored or approximate affinity label detected: 'Kd~200nM' (relation: '~'). Treating as exact value.
2026-07-17 10:04:53,896 WARNING protliggnn.train - Censored or approximate affinity label detected: 'Kd~3.6pM' (relation: '~'). Treating as exact value.
2026-07-17 10:04:53,896 WARNING protliggnn.train - Censored or approximate affinity label detected: 'Kd~400nM' (relation: '~'). Treating as exact value.
2026-07-17 10:04:53,896 WARNING protliggnn.train - Censored or approximate affinity label detected: 'Kd~51nM' (relation: '~'). Treating as exact value.
2026-07-17 10:04:53,896 WARNING protliggnn.train - Censored or approximate affinity label detected: 'Kd~9.6uM' (relation: '~'). Treating as exact value.
2026-07-17 10:04:53,896 WARNING protliggnn.train - Censored or approximate affinity label detected: 'Ki<0.01nM' (relation: '<'). Treating as exact value.
2026-07-17 10:04:53,896 WARNING protliggnn.train - Censored or approximate affinity label detected: 'Ki<0.0845uM' (relation: '<'). Treating as exact value.
2026-07-17 10:04:53,896 WARNING protliggnn.train - Censored or approximate affinity label detected: 'Ki<0.2nM' (relation: '<'). Treating as exact value.
2026-07-17 10:04:53,896 WARNING protliggnn.train - Censored or approximate affinity label detected: 'Ki<0.2nM' (relation: '<'). Treating as exact value.
2026-07-17 10:04:53,896 WARNING protliggnn.train - Censored or approximate affinity label detected: 'Ki<10mM' (relation: '<'). Treating as exact value.
2026-07-17 10:04:53,896 WARNING protliggnn.train - Censored or approximate affinity label detected: 'Ki<2mM' (relation: '<'). Treating as exact value.
2026-07-17 10:04:53,898 WARNING protliggnn.train - Censored or approximate affinity label detected: 'Ki~1.3uM' (relation: '~'). Treating as exact value.
2026-07-17 10:04:53,898 WARNING protliggnn.train - Censored or approximate affinity label detected: 'Ki~1.3uM' (relation: '~'). Treating as exact value.
2026-07-17 10:04:53,898 WARNING protliggnn.train - Censored or approximate affinity label detected: 'Ki~67uM' (relation: '~'). Treating as exact value.
2026-07-17 10:04:53,898 WARNING protliggnn.train - Censored or approximate affinity label detected: 'IC50<0.001uM' (relation: '<'). Treating as exact value.
2026-07-17 10:04:53,898 WARNING protliggnn.train - Censored or approximate affinity label detected: 'IC50<0.086uM' (relation: '<'). Treating as exact value.
2026-07-17 10:04:53,898 WARNING protliggnn.train - Censored or approximate affinity label detected: 'IC50<0.086uM' (relation: '<'). Treating as exact value.
2026-07-17 10:04:53,898 WARNING protliggnn.train - Censored or approximate affinity label detected: 'IC50<0.086uM' (relation: '<'). Treating as exact value.
2026-07-17 10:04:53,898 WARNING protliggnn.train - Censored or approximate affinity label detected: 'IC50<0.086uM' (relation: '<'). Treating as exact value.
2026-07-17 10:04:53,898 WARNING protliggnn.train - Censored or approximate affinity label detected: 'IC50<0.086uM' (relation: '<'). Treating as exact value.
2026-07-17 10:04:53,898 WARNING protliggnn.train - Censored or approximate affinity label detected: 'IC50<1.37uM' (relation: '<'). Treating as exact value.
2026-07-17 10:04:53,898 WARNING protliggnn.train - Censored or approximate affinity label detected: 'IC50<10nM' (relation: '<'). Treating as exact value.
2026-07-17 10:04:53,898 WARNING protliggnn.train - Censored or approximate affinity label detected: 'IC50<10uM' (relation: '<'). Treating as exact value.
2026-07-17 10:04:53,898 WARNING protliggnn.train - Censored or approximate affinity label detected: 'IC50<15nM' (relation: '<'). Treating as exact value.
2026-07-17 10:04:53,898 WARNING protliggnn.train - Censored or approximate affinity label detected: 'IC50<1nM' (relation: '<'). Treating as exact value.
2026-07-17 10:04:53,900 WARNING protliggnn.train - Censored or approximate affinity label detected: 'IC50~1.3mM' (relation: '~'). Treating as exact value.
2026-07-17 10:04:55,599 WARNING protliggnn.train - Censored or approximate affinity label detected: 'IC50~10000nM' (relation: '~'). Treating as exact value.
2026-07-17 10:04:55,599 WARNING protliggnn.train - Censored or approximate affinity label detected: 'IC50~33uM' (relation: '~'). Treating as exact value.
2026-07-17 10:04:55,599 WARNING protliggnn.train - Censored or approximate affinity label detected: 'IC50~4mM' (relation: '~'). Treating as exact value.
2026-07-17 10:04:55,599 WARNING protliggnn.train - Censored or approximate affinity label detected: 'Kd<0.03uM' (relation: '<'). Treating as exact value.
2026-07-17 10:04:55,599 WARNING protliggnn.train - Censored or approximate affinity label detected: 'Kd<0.05nM' (relation: '<'). Treating as exact value.
2026-07-17 10:04:55,599 WARNING protliggnn.train - Censored or approximate affinity label detected: 'Kd<10nM' (relation: '<'). Treating as exact value.
2026-07-17 10:04:55,599 WARNING protliggnn.train - Censored or approximate affinity label detected: 'Kd<1nM' (relation: '<'). Treating as exact value.
2026-07-17 10:04:55,599 WARNING protliggnn.train - Censored or approximate affinity label detected: 'Kd<1nM' (relation: '<'). Treating as exact value.
2026-07-17 10:04:55,601 WARNING protliggnn.train - Censored or approximate affinity label detected: 'Kd~185uM' (relation: '~'). Treating as exact value.
2026-07-17 10:04:55,601 WARNING protliggnn.train - Censored or approximate affinity label detected: 'Kd~23mM' (relation: '~'). Treating as exact value.
2026-07-17 10:04:55,601 WARNING protliggnn.train - Censored or approximate affinity label detected: 'Kd~2uM' (relation: '~'). Treating as exact value.
2026-07-17 10:04:55,601 WARNING protliggnn.train - Censored or approximate affinity label detected: 'Kd~300nM' (relation: '~'). Treating as exact value.
2026-07-17 10:04:55,601 WARNING protliggnn.train - Censored or approximate affinity label detected: 'Kd~364nM' (relation: '~'). Treating as exact value.
2026-07-17 10:04:55,601 WARNING protliggnn.train - Censored or approximate affinity label detected: 'Kd~8.11uM' (relation: '~'). Treating as exact value.
2026-07-17 10:04:55,601 WARNING protliggnn.train - Censored or approximate affinity label detected: 'Ki<0.0005uM' (relation: '<'). Treating as exact value.
2026-07-17 10:04:55,601 WARNING protliggnn.train - Censored or approximate affinity label detected: 'Ki<0.01nM' (relation: '<'). Treating as exact value.
2026-07-17 10:04:55,601 WARNING protliggnn.train - Censored or approximate affinity label detected: 'Ki<0.025nM' (relation: '<'). Treating as exact value.
2026-07-17 10:04:55,602 WARNING protliggnn.train - Censored or approximate affinity label detected: 'Ki~5uM' (relation: '~'). Treating as exact value.
2026-07-17 10:04:55,602 WARNING protliggnn.train - Censored or approximate affinity label detected: 'IC50<0.004uM' (relation: '<'). Treating as exact value.
2026-07-17 10:04:55,602 WARNING protliggnn.train - Censored or approximate affinity label detected: 'IC50<10nM' (relation: '<'). Treating as exact value.
2026-07-17 10:04:55,602 WARNING protliggnn.train - Censored or approximate affinity label detected: 'IC50<10nM' (relation: '<'). Treating as exact value.
2026-07-17 10:04:55,602 WARNING protliggnn.train - Censored or approximate affinity label detected: 'IC50<10nM' (relation: '<'). Treating as exact value.
2026-07-17 10:04:55,603 WARNING protliggnn.train - Censored or approximate affinity label detected: 'IC50<10nM' (relation: '<'). Treating as exact value.
2026-07-17 10:04:55,603 WARNING protliggnn.train - Censored or approximate affinity label detected: 'IC50<10nM' (relation: '<'). Treating as exact value.
2026-07-17 10:04:55,603 WARNING protliggnn.train - Censored or approximate affinity label detected: 'IC50<10nM' (relation: '<'). Treating as exact value.
2026-07-17 10:04:55,603 WARNING protliggnn.train - Censored or approximate affinity label detected: 'IC50<25nM' (relation: '<'). Treating as exact value.
2026-07-17 10:04:55,603 WARNING protliggnn.train - Censored or approximate affinity label detected: 'IC50<3nM' (relation: '<'). Treating as exact value.
2026-07-17 10:04:57,294 WARNING protliggnn.train - Censored or approximate affinity label detected: 'IC50~100uM' (relation: '~'). Treating as exact value.
2026-07-17 10:04:57,294 WARNING protliggnn.train - Censored or approximate affinity label detected: 'IC50~1mM' (relation: '~'). Treating as exact value.
2026-07-17 10:04:57,294 WARNING protliggnn.train - Censored or approximate affinity label detected: 'Kd<10nM' (relation: '<'). Treating as exact value.
2026-07-17 10:04:57,297 WARNING protliggnn.train - Censored or approximate affinity label detected: 'Kd~0.13uM' (relation: '~'). Treating as exact value.
2026-07-17 10:04:57,297 WARNING protliggnn.train - Censored or approximate affinity label detected: 'Kd~1.5uM' (relation: '~'). Treating as exact value.
2026-07-17 10:04:57,297 WARNING protliggnn.train - Censored or approximate affinity label detected: 'Kd~200uM' (relation: '~'). Treating as exact value.
2026-07-17 10:04:57,297 WARNING protliggnn.train - Censored or approximate affinity label detected: 'Kd~50uM' (relation: '~'). Treating as exact value.
2026-07-17 10:04:57,297 WARNING protliggnn.train - Censored or approximate affinity label detected: 'Ki<0.001uM' (relation: '<'). Treating as exact value.
2026-07-17 10:04:57,297 WARNING protliggnn.train - Censored or approximate affinity label detected: 'Ki<0.01nM' (relation: '<'). Treating as exact value.
2026-07-17 10:04:57,299 WARNING protliggnn.train - Censored or approximate affinity label detected: 'IC50<0.001uM' (relation: '<'). Treating as exact value.
2026-07-17 10:04:57,299 WARNING protliggnn.train - Censored or approximate affinity label detected: 'IC50<0.005uM' (relation: '<'). Treating as exact value.
2026-07-17 10:04:57,299 WARNING protliggnn.train - Censored or approximate affinity label detected: 'IC50<0.2uM' (relation: '<'). Treating as exact value.
2026-07-17 10:04:57,299 WARNING protliggnn.train - Censored or approximate affinity label detected: 'IC50<0.32nM' (relation: '<'). Treating as exact value.
2026-07-17 10:04:57,299 WARNING protliggnn.train - Censored or approximate affinity label detected: 'IC50<0.3nM' (relation: '<'). Treating as exact value.
2026-07-17 10:04:57,299 WARNING protliggnn.train - Censored or approximate affinity label detected: 'IC50<0.3nM' (relation: '<'). Treating as exact value.
2026-07-17 10:04:57,299 WARNING protliggnn.train - Censored or approximate affinity label detected: 'IC50<1.13nM' (relation: '<'). Treating as exact value.
2026-07-17 10:04:57,299 WARNING protliggnn.train - Censored or approximate affinity label detected: 'IC50<25nM' (relation: '<'). Treating as exact value.
2026-07-17 10:04:57,299 WARNING protliggnn.train - Censored or approximate affinity label detected: 'IC50<3nM' (relation: '<'). Treating as exact value.
2026-07-17 10:04:57,299 WARNING protliggnn.train - Censored or approximate affinity label detected: 'IC50<50nM' (relation: '<'). Treating as exact value.
2026-07-17 10:04:57,300 WARNING protliggnn.train - Censored or approximate affinity label detected: 'IC50<50nM' (relation: '<'). Treating as exact value.
2026-07-17 10:04:57,300 WARNING protliggnn.train - Censored or approximate affinity label detected: 'IC50<50nM' (relation: '<'). Treating as exact value.
2026-07-17 10:04:57,302 WARNING protliggnn.train - Censored or approximate affinity label detected: 'IC50~0.8mM' (relation: '~'). Treating as exact value.
2026-07-17 10:04:57,302 WARNING protliggnn.train - Censored or approximate affinity label detected: 'IC50~0.8mM' (relation: '~'). Treating as exact value.
2026-07-17 10:04:57,302 WARNING protliggnn.train - Censored or approximate affinity label detected: 'IC50~100uM' (relation: '~'). Treating as exact value.
2026-07-17 10:04:57,302 WARNING protliggnn.train - Censored or approximate affinity label detected: 'IC50~6nM' (relation: '~'). Treating as exact value.
2026-07-17 10:04:57,302 WARNING protliggnn.train - Censored or approximate affinity label detected: 'Kd<2nM' (relation: '<'). Treating as exact value.
2026-07-17 10:04:57,305 WARNING protliggnn.train - Censored or approximate affinity label detected: 'Kd~1.8uM' (relation: '~'). Treating as exact value.
2026-07-17 10:04:59,012 WARNING protliggnn.train - Censored or approximate affinity label detected: 'Kd~100nM' (relation: '~'). Treating as exact value.
2026-07-17 10:04:59,012 WARNING protliggnn.train - Censored or approximate affinity label detected: 'Kd~100nM' (relation: '~'). Treating as exact value.
2026-07-17 10:04:59,012 WARNING protliggnn.train - Censored or approximate affinity label detected: 'Kd~12uM' (relation: '~'). Treating as exact value.
2026-07-17 10:04:59,012 WARNING protliggnn.train - Censored or approximate affinity label detected: 'Kd~12uM' (relation: '~'). Treating as exact value.
2026-07-17 10:04:59,012 WARNING protliggnn.train - Censored or approximate affinity label detected: 'Kd~13uM' (relation: '~'). Treating as exact value.
2026-07-17 10:04:59,012 WARNING protliggnn.train - Censored or approximate affinity label detected: 'Kd~300nM' (relation: '~'). Treating as exact value.
2026-07-17 10:04:59,012 WARNING protliggnn.train - Censored or approximate affinity label detected: 'Kd~500uM' (relation: '~'). Treating as exact value.
2026-07-17 10:04:59,012 WARNING protliggnn.train - Censored or approximate affinity label detected: 'Kd~500uM' (relation: '~'). Treating as exact value.
2026-07-17 10:04:59,012 WARNING protliggnn.train - Censored or approximate affinity label detected: 'Kd~600uM' (relation: '~'). Treating as exact value.
2026-07-17 10:04:59,013 WARNING protliggnn.train - Censored or approximate affinity label detected: 'Kd~9uM' (relation: '~'). Treating as exact value.
2026-07-17 10:04:59,013 WARNING protliggnn.train - Censored or approximate affinity label detected: 'Ki<0.01uM' (relation: '<'). Treating as exact value.
2026-07-17 10:04:59,013 WARNING protliggnn.train - Censored or approximate affinity label detected: 'Ki<0.05nM' (relation: '<'). Treating as exact value.
2026-07-17 10:04:59,013 WARNING protliggnn.train - Censored or approximate affinity label detected: 'Ki<1nM' (relation: '<'). Treating as exact value.
2026-07-17 10:04:59,013 WARNING protliggnn.train - Censored or approximate affinity label detected: 'Ki<1nM' (relation: '<'). Treating as exact value.
2026-07-17 10:04:59,013 WARNING protliggnn.train - Censored or approximate affinity label detected: 'Ki<5nM' (relation: '<'). Treating as exact value.
2026-07-17 10:04:59,014 WARNING protliggnn.train - Censored or approximate affinity label detected: 'IC50<0.030uM' (relation: '<'). Treating as exact value.
2026-07-17 10:04:59,014 WARNING protliggnn.train - Censored or approximate affinity label detected: 'IC50<1nM' (relation: '<'). Treating as exact value.
2026-07-17 10:04:59,014 WARNING protliggnn.train - Censored or approximate affinity label detected: 'IC50<40nM' (relation: '<'). Treating as exact value.
2026-07-17 10:04:59,014 WARNING protliggnn.train - Censored or approximate affinity label detected: 'IC50<5nM' (relation: '<'). Treating as exact value.
2026-07-17 10:04:59,015 WARNING protliggnn.train - Censored or approximate affinity label detected: 'IC50~0.5uM' (relation: '~'). Treating as exact value.
2026-07-17 10:04:59,015 WARNING protliggnn.train - Censored or approximate affinity label detected: 'IC50~1.8uM' (relation: '~'). Treating as exact value.
2026-07-17 10:04:59,015 WARNING protliggnn.train - Censored or approximate affinity label detected: 'IC50~1mM' (relation: '~'). Treating as exact value.
2026-07-17 10:04:59,015 WARNING protliggnn.train - Censored or approximate affinity label detected: 'IC50~700nM' (relation: '~'). Treating as exact value.
2026-07-17 10:04:59,015 WARNING protliggnn.train - Censored or approximate affinity label detected: 'Kd<0.001nM' (relation: '<'). Treating as exact value.
2026-07-17 10:04:59,015 WARNING protliggnn.train - Censored or approximate affinity label detected: 'Kd<0.10uM' (relation: '<'). Treating as exact value.
2026-07-17 10:04:59,015 WARNING protliggnn.train - Censored or approximate affinity label detected: 'Kd<0.4uM' (relation: '<'). Treating as exact value.
2026-07-17 10:04:59,015 WARNING protliggnn.train - Censored or approximate affinity label detected: 'Kd<1nM' (relation: '<'). Treating as exact value.
2026-07-17 10:05:00,730 WARNING protliggnn.train - Censored or approximate affinity label detected: 'Kd~0.2uM' (relation: '~'). Treating as exact value.
2026-07-17 10:05:00,730 WARNING protliggnn.train - Censored or approximate affinity label detected: 'Kd~120nM' (relation: '~'). Treating as exact value.
2026-07-17 10:05:00,730 WARNING protliggnn.train - Censored or approximate affinity label detected: 'Kd~23uM' (relation: '~'). Treating as exact value.
2026-07-17 10:05:00,730 WARNING protliggnn.train - Censored or approximate affinity label detected: 'Kd~23uM' (relation: '~'). Treating as exact value.
2026-07-17 10:05:00,730 WARNING protliggnn.train - Censored or approximate affinity label detected: 'Kd~23uM' (relation: '~'). Treating as exact value.
2026-07-17 10:05:00,730 WARNING protliggnn.train - Censored or approximate affinity label detected: 'Kd~24uM' (relation: '~'). Treating as exact value.
2026-07-17 10:05:00,730 WARNING protliggnn.train - Censored or approximate affinity label detected: 'Kd~25uM' (relation: '~'). Treating as exact value.
2026-07-17 10:05:00,730 WARNING protliggnn.train - Censored or approximate affinity label detected: 'Kd~3nM' (relation: '~'). Treating as exact value.
2026-07-17 10:05:00,730 WARNING protliggnn.train - Censored or approximate affinity label detected: 'Kd~5uM' (relation: '~'). Treating as exact value.
2026-07-17 10:05:00,730 WARNING protliggnn.train - Censored or approximate affinity label detected: 'Kd~7nM' (relation: '~'). Treating as exact value.
2026-07-17 10:05:00,730 WARNING protliggnn.train - Censored or approximate affinity label detected: 'Kd~80uM' (relation: '~'). Treating as exact value.
2026-07-17 10:05:00,730 WARNING protliggnn.train - Censored or approximate affinity label detected: 'Ki<1.0nM' (relation: '<'). Treating as exact value.
2026-07-17 10:05:00,730 WARNING protliggnn.train - Censored or approximate affinity label detected: 'Ki<1.3nM' (relation: '<'). Treating as exact value.
2026-07-17 10:05:00,730 WARNING protliggnn.train - Censored or approximate affinity label detected: 'Ki<1nM' (relation: '<'). Treating as exact value.
2026-07-17 10:05:00,730 WARNING protliggnn.train - Censored or approximate affinity label detected: 'Ki<5pM' (relation: '<'). Treating as exact value.
2026-07-17 10:05:00,730 WARNING protliggnn.train - Censored or approximate affinity label detected: 'Ki<5pM' (relation: '<'). Treating as exact value.
2026-07-17 10:05:00,730 WARNING protliggnn.train - Censored or approximate affinity label detected: 'Ki<5pM' (relation: '<'). Treating as exact value.
2026-07-17 10:05:00,730 WARNING protliggnn.train - Censored or approximate affinity label detected: 'Ki<5pM' (relation: '<'). Treating as exact value.
2026-07-17 10:05:00,730 WARNING protliggnn.train - Censored or approximate affinity label detected: 'Ki<5pM' (relation: '<'). Treating as exact value.
2026-07-17 10:05:00,730 WARNING protliggnn.train - Censored or approximate affinity label detected: 'Ki<5pM' (relation: '<'). Treating as exact value.
2026-07-17 10:05:00,731 WARNING protliggnn.train - Censored or approximate affinity label detected: 'IC50<15nM' (relation: '<'). Treating as exact value.
2026-07-17 10:05:00,732 WARNING protliggnn.train - Censored or approximate affinity label detected: 'IC50<1nM' (relation: '<'). Treating as exact value.
2026-07-17 10:05:00,732 WARNING protliggnn.train - Censored or approximate affinity label detected: 'IC50<1nM' (relation: '<'). Treating as exact value.
2026-07-17 10:05:00,732 WARNING protliggnn.train - Censored or approximate affinity label detected: 'IC50<2nM' (relation: '<'). Treating as exact value.
2026-07-17 10:05:00,732 WARNING protliggnn.train - Censored or approximate affinity label detected: 'IC50<2nM' (relation: '<'). Treating as exact value.
2026-07-17 10:05:00,732 WARNING protliggnn.train - Censored or approximate affinity label detected: 'IC50<2nM' (relation: '<'). Treating as exact value.
2026-07-17 10:05:00,733 WARNING protliggnn.train - Censored or approximate affinity label detected: 'IC50~330uM' (relation: '~'). Treating as exact value.
2026-07-17 10:05:02,407 WARNING protliggnn.train - Censored or approximate affinity label detected: 'IC50~450uM' (relation: '~'). Treating as exact value.
2026-07-17 10:05:02,407 WARNING protliggnn.train - Censored or approximate affinity label detected: 'Kd<0.8nM' (relation: '<'). Treating as exact value.
2026-07-17 10:05:02,407 WARNING protliggnn.train - Censored or approximate affinity label detected: 'Kd<1.26nM' (relation: '<'). Treating as exact value.
2026-07-17 10:05:02,407 WARNING protliggnn.train - Censored or approximate affinity label detected: 'Kd<2.3nM' (relation: '<'). Treating as exact value.
2026-07-17 10:05:02,408 WARNING protliggnn.train - Censored or approximate affinity label detected: 'Kd<55uM' (relation: '<'). Treating as exact value.
2026-07-17 10:05:02,408 WARNING protliggnn.train - Censored or approximate affinity label detected: 'Kd<55uM' (relation: '<'). Treating as exact value.
2026-07-17 10:05:02,411 WARNING protliggnn.train - Censored or approximate affinity label detected: 'Kd~11uM' (relation: '~'). Treating as exact value.
2026-07-17 10:05:02,411 WARNING protliggnn.train - Censored or approximate affinity label detected: 'Kd~200nM' (relation: '~'). Treating as exact value.
2026-07-17 10:05:02,411 WARNING protliggnn.train - Censored or approximate affinity label detected: 'Kd~25uM' (relation: '~'). Treating as exact value.
2026-07-17 10:05:02,412 WARNING protliggnn.train - Censored or approximate affinity label detected: 'Kd~2nM' (relation: '~'). Treating as exact value.
2026-07-17 10:05:02,412 WARNING protliggnn.train - Censored or approximate affinity label detected: 'Ki<0.005nM' (relation: '<'). Treating as exact value.
2026-07-17 10:05:02,412 WARNING protliggnn.train - Censored or approximate affinity label detected: 'Ki<0.005nM' (relation: '<'). Treating as exact value.
2026-07-17 10:05:02,412 WARNING protliggnn.train - Censored or approximate affinity label detected: 'Ki<0.005nM' (relation: '<'). Treating as exact value.
2026-07-17 10:05:02,412 WARNING protliggnn.train - Censored or approximate affinity label detected: 'Ki<0.9nM' (relation: '<'). Treating as exact value.
2026-07-17 10:05:03,748 INFO protliggnn - Found 10 candidate complexes with labels and matching files before validation.
2026-07-17 10:05:03,752 INFO protliggnn - Found graph cache at data\pdbbind2020\processed_dataset.pt. Validating...
2026-07-17 10:05:03,754 INFO protliggnn - Loading graphs from cache file...
2026-07-17 10:05:03,759 INFO protliggnn - Cache successfully validated. Loaded 10 pre-built graphs.
2026-07-17 10:05:03,760 INFO protliggnn - Initializing protein foundation embeddings extraction framework...

Extracting foundation representations:   0%|          | 0/10 [00:00<?, ?it/s]
Extracting foundation representations:  60%|######    | 6/10 [00:00<00:00, 51.50it/s]
Extracting foundation representations: 100%|##########| 10/10 [00:00<00:00, 52.49it/s]
2026-07-17 10:05:03,962 INFO protliggnn - Protein foundation embeddings successfully integrated into PyG dataset graphs.
2026-07-17 10:05:03,966 INFO protliggnn - Dataset split sizes: train=8 val=1 test=1 (random)
2026-07-17 10:05:04,091 WARNING protliggnn - Duplicate experiment hash detected but run is allowed: [{'Run ID': 'run_017', 'Timestamp': '2026-07-17T04:32:02+00:00', 'Git Commit': '8a90ecaca59d5859191d24badc304efd778eb1f4', 'Dataset Version': 'pdbbind2020_local', 'Dataset Hash': '3f3d1c733db6ddb3255d9c83b15c4174dfd87cfa66e5f24fe984c40851b25948', 'Config Hash': '3022e19e57a95bdf8ee44127784364fa0ff06ecfb425b8edb5ccdcc4beb97296', 'Split Strategy': 'random', 'Seed': '42', 'Best Validation RMSE': '0.18194055557250977', 'Test Metrics': '{"best_epoch": 2, "bias": 0.5165815353393555, "config_hash": "3022e19e57a95bdf8ee44127784364fa0ff06ecfb425b8edb5ccdcc4beb97296", "dataset_hash": "3f3d1c733db6ddb3255d9c83b15c4174dfd87cfa66e5f24fe984c40851b25948", "dataset_version": "pdbbind2020_local", "effective_split_strategy": "random", "loss": 0.26685649156570435, "mae": 0.5165815353393555, "mean_prediction": 4.738430500030518, "median_absolute_error": 0.5165815353393555, "mse": 0.26685648265356576, "pcc": NaN, "r2": NaN, "rmse": 0.5165815353393555, "seed": 42, "spearman": NaN, "split_strategy": "random", "test_count": 1}', 'Experiment Status': 'SUCCESS', 'Duration': '21.687', 'Checkpoint Path': 'experiments\\run_017\\checkpoint.pt', 'model_type': '', 'bias_type': '', 'num_rbf': '', 'alpha_init': '', 'alpha_final': '', 'localization_score': '', 'attention_entropy': '', 'runtime_overhead': '', 'memory_overhead': ''}]
2026-07-17 10:05:04,791 INFO protliggnn - Epoch 001 train loss=29.3528 PCC=-0.1248 Spearman=0.0476 RMSE=5.4178 MAE=5.2488 R2=-15.7295
2026-07-17 10:05:04,791 INFO protliggnn - Epoch 001 val loss=6.5068 PCC=nan Spearman=nan RMSE=2.5509 MAE=2.5509 R2=nan
2026-07-17 10:05:04,826 INFO protliggnn - Saved checkpoint for epoch 1 with validation RMSE 2.5508501529693604.
2026-07-17 10:05:05,210 INFO protliggnn - Epoch 002 train loss=12.4709 PCC=0.4154 Spearman=0.4524 RMSE=3.5314 MAE=3.2927 R2=-6.1077
2026-07-17 10:05:05,210 INFO protliggnn - Epoch 002 val loss=0.0331 PCC=nan Spearman=nan RMSE=0.1819 MAE=0.1819 R2=nan
2026-07-17 10:05:05,252 INFO protliggnn - Saved checkpoint for epoch 2 with validation RMSE 0.18194055557250977.
2026-07-17 10:05:05,300 INFO protliggnn - Loaded best model from epoch 2 at D:\ProtLigGnn\experiments\run_022\checkpoint.pt
2026-07-17 10:05:05,349 INFO protliggnn - Test loss=0.2669 PCC=nan Spearman=nan RMSE=0.5166 MAE=0.5166 R2=nan
2026-07-17 10:05:07,753 INFO protliggnn - Wrote metrics, predictions, plots, and error analysis.
2026-07-17 10:05:07,783 INFO protliggnn - Experiment artifacts saved to D:\ProtLigGnn\experiments\run_022
