Command: D:\ProtLigGnn\venv\Scripts\python.exe protliggnn_train.py --data_dir data/pdbbind2020 --device cuda --epochs 40 --batch_size 8 --lr 0.001 --weight_decay 1e-05 --patience 10 --seed 2024 --run_name protliggnn_benchmark_seed_2024 --save_path experiments\run_074\checkpoint.pt --split_strategy random --split_dir splits --val_fraction 0.1 --test_fraction 0.1 --dataset_version pdbbind2020_local --experiments_root experiments --experiment_dir experiments\run_074 --log_level INFO --num_workers 0 --research_version Validated Baseline v0.95 --max_samples 1000 --allow_duplicate --hidden_dim 256 --dropout 0.2 --optimizer adam --scheduler none --pooling mean --model_type physics_guided --rbf_basis 32 --rbf_start 0.0 --rbf_stop 12.0 --rbf_proj_dim 32 --interaction_dim 32 --latent_dim 32 --chemistry_dim 32 --representation_dim 32 --attention_bias_type rbf --attention_learnable_scale true --attention_initial_alpha 0.1 --attention_normalize_bias true --contact_threshold 4.0 --loss_weight 0.1 --loss_weight_strategy fixed --contact_hidden_dim 128

2026-07-16 22:07:17,275 INFO protliggnn - Experiment directory: experiments\run_074
2026-07-16 22:07:17,276 INFO protliggnn - CLI arguments: {'data_dir': 'data/pdbbind2020', 'device': 'cuda', 'epochs': 40, 'batch_size': 8, 'lr': 0.001, 'weight_decay': 1e-05, 'patience': 10, 'seed': 2024, 'max_samples': 1000, 'run_name': 'protliggnn_benchmark_seed_2024', 'no_crossgraph': False, 'save_path': 'experiments\\run_074\\checkpoint.pt', 'split_strategy': 'random', 'split_dir': 'splits', 'fixed_split_dir': None, 'val_fraction': 0.1, 'test_fraction': 0.1, 'dataset_version': 'pdbbind2020_local', 'experiments_root': 'experiments', 'experiment_dir': 'experiments\\run_074', 'experiment_id': None, 'num_workers': 0, 'pin_memory': False, 'disable_experiment_tracking': False, 'resume': None, 'allow_duplicate': True, 'hidden_dim': 256, 'dropout': 0.2, 'optimizer': 'adam', 'scheduler': 'none', 'grad_clip': None, 'no_residual': False, 'no_layernorm': False, 'no_attention': False, 'pooling': 'mean', 'log_level': 'INFO', 'model_type': 'physics_guided', 'contact_threshold': 4.0, 'loss_weight': 0.1, 'loss_weight_strategy': 'fixed', 'contact_hidden_dim': 128, 'rbf_basis': 32, 'rbf_start': 0.0, 'rbf_stop': 12.0, 'rbf_proj_dim': 32, 'interaction_dim': 32, 'latent_dim': 32, 'chemistry_dim': 32, 'representation_dim': 32, 'attention_bias_type': 'rbf', 'attention_learnable_scale': 'true', 'attention_initial_alpha': 0.1, 'attention_normalize_bias': 'true', 'experiment_purpose': 'benchmark', 'research_question': 'Can ProtLigGNN reproducibly predict protein-ligand affinity under this benchmark configuration?', 'author': 'unknown', 'description': '', 'notes': '', 'tags': '', 'expected_outcome': '', 'current_milestone': 'research-infrastructure', 'architecture_version': 'protliggnn-v1', 'research_version': 'Validated Baseline v0.95'}
2026-07-16 22:07:17,276 INFO protliggnn - Loading dataset from D:\ProtLigGnn\data\pdbbind2020
2026-07-16 22:07:17,278 WARNING protliggnn.train - Censored or approximate affinity label detected: 'Kd<10uM' (relation: '<'). Treating as exact value.
2026-07-16 22:07:17,278 WARNING protliggnn.train - Censored or approximate affinity label detected: 'Ki<=17nM' (relation: '<='). Treating as exact value.
2026-07-16 22:07:17,278 WARNING protliggnn.train - Censored or approximate affinity label detected: 'IC50<=3.5nM' (relation: '<='). Treating as exact value.
2026-07-16 22:07:17,278 WARNING protliggnn.train - Censored or approximate affinity label detected: 'Ki<1.0nM' (relation: '<'). Treating as exact value.
2026-07-16 22:07:17,278 WARNING protliggnn.train - Censored or approximate affinity label detected: 'Ki<10uM' (relation: '<'). Treating as exact value.
2026-07-16 22:07:17,278 WARNING protliggnn.train - Censored or approximate affinity label detected: 'Ki<1nM' (relation: '<'). Treating as exact value.
2026-07-16 22:07:17,279 WARNING protliggnn.train - Censored or approximate affinity label detected: 'IC50<=2.0nM' (relation: '<='). Treating as exact value.
2026-07-16 22:07:17,279 WARNING protliggnn.train - Censored or approximate affinity label detected: 'IC50~10uM' (relation: '~'). Treating as exact value.
2026-07-16 22:07:17,279 WARNING protliggnn.train - Censored or approximate affinity label detected: 'Ki<0.01nM' (relation: '<'). Treating as exact value.
2026-07-16 22:07:17,279 WARNING protliggnn.train - Censored or approximate affinity label detected: 'Ki<=100nM' (relation: '<='). Treating as exact value.
2026-07-16 22:07:17,280 WARNING protliggnn.train - Censored or approximate affinity label detected: 'Ki<21nM' (relation: '<'). Treating as exact value.
2026-07-16 22:07:17,281 WARNING protliggnn.train - Censored or approximate affinity label detected: 'Ki~0.1pM' (relation: '~'). Treating as exact value.
2026-07-16 22:07:17,281 WARNING protliggnn.train - Censored or approximate affinity label detected: 'Kd<=100uM' (relation: '<='). Treating as exact value.
2026-07-16 22:07:17,281 WARNING protliggnn.train - Censored or approximate affinity label detected: 'Kd~10pM' (relation: '~'). Treating as exact value.
2026-07-16 22:07:17,282 WARNING protliggnn.train - Censored or approximate affinity label detected: 'Kd~1pM' (relation: '~'). Treating as exact value.
2026-07-16 22:07:17,348 WARNING protliggnn.train - Censored or approximate affinity label detected: 'Kd~1pM' (relation: '~'). Treating as exact value.
2026-07-16 22:07:17,349 WARNING protliggnn.train - Censored or approximate affinity label detected: 'Kd<0.010uM' (relation: '<'). Treating as exact value.
2026-07-16 22:07:17,351 WARNING protliggnn.train - Censored or approximate affinity label detected: 'Kd~0.1uM' (relation: '~'). Treating as exact value.
2026-07-16 22:07:17,351 WARNING protliggnn.train - Censored or approximate affinity label detected: 'Ki<0.3uM' (relation: '<'). Treating as exact value.
2026-07-16 22:07:17,352 WARNING protliggnn.train - Censored or approximate affinity label detected: 'IC50<0.003uM' (relation: '<'). Treating as exact value.
2026-07-16 22:07:17,352 WARNING protliggnn.train - Censored or approximate affinity label detected: 'IC50<0.05uM' (relation: '<'). Treating as exact value.
2026-07-16 22:07:17,352 WARNING protliggnn.train - Censored or approximate affinity label detected: 'IC50<0.05uM' (relation: '<'). Treating as exact value.
2026-07-16 22:07:17,352 WARNING protliggnn.train - Censored or approximate affinity label detected: 'IC50~5mM' (relation: '~'). Treating as exact value.
2026-07-16 22:07:17,352 WARNING protliggnn.train - Censored or approximate affinity label detected: 'Kd<0.12nM' (relation: '<'). Treating as exact value.
2026-07-16 22:07:17,353 WARNING protliggnn.train - Censored or approximate affinity label detected: 'Kd~0.69pM' (relation: '~'). Treating as exact value.
2026-07-16 22:07:17,353 WARNING protliggnn.train - Censored or approximate affinity label detected: 'Kd~11pM' (relation: '~'). Treating as exact value.
2026-07-16 22:07:17,353 WARNING protliggnn.train - Censored or approximate affinity label detected: 'Kd~28pM' (relation: '~'). Treating as exact value.
2026-07-16 22:07:17,354 WARNING protliggnn.train - Censored or approximate affinity label detected: 'IC50<0.003uM' (relation: '<'). Treating as exact value.
2026-07-16 22:07:17,354 WARNING protliggnn.train - Censored or approximate affinity label detected: 'IC50<20nM' (relation: '<'). Treating as exact value.
2026-07-16 22:07:17,354 WARNING protliggnn.train - Censored or approximate affinity label detected: 'IC50<5nM' (relation: '<'). Treating as exact value.
2026-07-16 22:07:17,355 WARNING protliggnn.train - Censored or approximate affinity label detected: 'Kd~1nM' (relation: '~'). Treating as exact value.
2026-07-16 22:07:17,356 WARNING protliggnn.train - Censored or approximate affinity label detected: 'Kd~1nM' (relation: '~'). Treating as exact value.
2026-07-16 22:07:17,356 WARNING protliggnn.train - Censored or approximate affinity label detected: 'Ki<10nM' (relation: '<'). Treating as exact value.
2026-07-16 22:07:17,357 WARNING protliggnn.train - Censored or approximate affinity label detected: 'Kd<10uM' (relation: '<'). Treating as exact value.
2026-07-16 22:07:17,358 WARNING protliggnn.train - Censored or approximate affinity label detected: 'IC50<100nM' (relation: '<'). Treating as exact value.
2026-07-16 22:07:17,359 WARNING protliggnn.train - Censored or approximate affinity label detected: 'Kd<2pM' (relation: '<'). Treating as exact value.
2026-07-16 22:07:17,360 WARNING protliggnn.train - Censored or approximate affinity label detected: 'Kd~50uM' (relation: '~'). Treating as exact value.
2026-07-16 22:07:17,360 WARNING protliggnn.train - Censored or approximate affinity label detected: 'Ki<=0.6nM' (relation: '<='). Treating as exact value.
2026-07-16 22:07:17,362 WARNING protliggnn.train - Censored or approximate affinity label detected: 'Kd~100uM' (relation: '~'). Treating as exact value.
2026-07-16 22:07:17,362 WARNING protliggnn.train - Censored or approximate affinity label detected: 'Kd~100uM' (relation: '~'). Treating as exact value.
2026-07-16 22:07:17,362 WARNING protliggnn.train - Censored or approximate affinity label detected: 'IC50<0.04nM' (relation: '<'). Treating as exact value.
2026-07-16 22:07:17,365 WARNING protliggnn.train - Censored or approximate affinity label detected: 'Kd~10nM' (relation: '~'). Treating as exact value.
2026-07-16 22:07:18,602 WARNING protliggnn.train - Censored or approximate affinity label detected: 'IC50<0.5nM' (relation: '<'). Treating as exact value.
2026-07-16 22:07:18,605 WARNING protliggnn.train - Censored or approximate affinity label detected: 'Kd~40mM' (relation: '~'). Treating as exact value.
2026-07-16 22:07:18,605 WARNING protliggnn.train - Censored or approximate affinity label detected: 'Ki<10uM' (relation: '<'). Treating as exact value.
2026-07-16 22:07:18,606 WARNING protliggnn.train - Censored or approximate affinity label detected: 'IC50<1.0nM' (relation: '<'). Treating as exact value.
2026-07-16 22:07:18,606 WARNING protliggnn.train - Censored or approximate affinity label detected: 'IC50<2nM' (relation: '<'). Treating as exact value.
2026-07-16 22:07:18,606 WARNING protliggnn.train - Censored or approximate affinity label detected: 'IC50<3nM' (relation: '<'). Treating as exact value.
2026-07-16 22:07:18,607 WARNING protliggnn.train - Censored or approximate affinity label detected: 'IC50<=1nM' (relation: '<='). Treating as exact value.
2026-07-16 22:07:18,608 WARNING protliggnn.train - Censored or approximate affinity label detected: 'Kd<1nM' (relation: '<'). Treating as exact value.
2026-07-16 22:07:18,609 WARNING protliggnn.train - Censored or approximate affinity label detected: 'Kd~1nM' (relation: '~'). Treating as exact value.
2026-07-16 22:07:18,609 WARNING protliggnn.train - Censored or approximate affinity label detected: 'Kd~1nM' (relation: '~'). Treating as exact value.
2026-07-16 22:07:18,611 WARNING protliggnn.train - Censored or approximate affinity label detected: 'IC50<2nM' (relation: '<'). Treating as exact value.
2026-07-16 22:07:18,612 WARNING protliggnn.train - Censored or approximate affinity label detected: 'IC50~1mM' (relation: '~'). Treating as exact value.
2026-07-16 22:07:18,613 WARNING protliggnn.train - Censored or approximate affinity label detected: 'IC50~20mM' (relation: '~'). Treating as exact value.
2026-07-16 22:07:18,613 WARNING protliggnn.train - Censored or approximate affinity label detected: 'Kd<0.1nM' (relation: '<'). Treating as exact value.
2026-07-16 22:07:18,613 WARNING protliggnn.train - Censored or approximate affinity label detected: 'Kd<1mM' (relation: '<'). Treating as exact value.
2026-07-16 22:07:18,613 WARNING protliggnn.train - Censored or approximate affinity label detected: 'Kd<60uM' (relation: '<'). Treating as exact value.
2026-07-16 22:07:18,614 WARNING protliggnn.train - Censored or approximate affinity label detected: 'Kd~300uM' (relation: '~'). Treating as exact value.
2026-07-16 22:07:18,614 WARNING protliggnn.train - Censored or approximate affinity label detected: 'Ki<50.0nM' (relation: '<'). Treating as exact value.
2026-07-16 22:07:18,614 WARNING protliggnn.train - Censored or approximate affinity label detected: 'Ki~5mM' (relation: '~'). Treating as exact value.
2026-07-16 22:07:18,614 WARNING protliggnn.train - Censored or approximate affinity label detected: 'Ki~5uM' (relation: '~'). Treating as exact value.
2026-07-16 22:07:18,614 WARNING protliggnn.train - Censored or approximate affinity label detected: 'IC50<0.001uM' (relation: '<'). Treating as exact value.
2026-07-16 22:07:18,614 WARNING protliggnn.train - Censored or approximate affinity label detected: 'IC50<0.003uM' (relation: '<'). Treating as exact value.
2026-07-16 22:07:18,614 WARNING protliggnn.train - Censored or approximate affinity label detected: 'IC50<0.004uM' (relation: '<'). Treating as exact value.
2026-07-16 22:07:18,614 WARNING protliggnn.train - Censored or approximate affinity label detected: 'IC50<10nM' (relation: '<'). Treating as exact value.
2026-07-16 22:07:18,614 WARNING protliggnn.train - Censored or approximate affinity label detected: 'IC50<2.13nM' (relation: '<'). Treating as exact value.
2026-07-16 22:07:18,615 WARNING protliggnn.train - Censored or approximate affinity label detected: 'IC50<3nM' (relation: '<'). Treating as exact value.
2026-07-16 22:07:18,615 WARNING protliggnn.train - Censored or approximate affinity label detected: 'IC50<3nM' (relation: '<'). Treating as exact value.
2026-07-16 22:07:20,324 WARNING protliggnn.train - Censored or approximate affinity label detected: 'IC50<4nM' (relation: '<'). Treating as exact value.
2026-07-16 22:07:20,324 WARNING protliggnn.train - Censored or approximate affinity label detected: 'IC50<5nM' (relation: '<'). Treating as exact value.
2026-07-16 22:07:20,324 WARNING protliggnn.train - Censored or approximate affinity label detected: 'IC50<5nM' (relation: '<'). Treating as exact value.
2026-07-16 22:07:20,327 WARNING protliggnn.train - Censored or approximate affinity label detected: 'Kd<0.1mM' (relation: '<'). Treating as exact value.
2026-07-16 22:07:20,327 WARNING protliggnn.train - Censored or approximate affinity label detected: 'Kd<0.1nM' (relation: '<'). Treating as exact value.
2026-07-16 22:07:20,327 WARNING protliggnn.train - Censored or approximate affinity label detected: 'Kd<100nM' (relation: '<'). Treating as exact value.
2026-07-16 22:07:20,327 WARNING protliggnn.train - Censored or approximate affinity label detected: 'Kd<10nM' (relation: '<'). Treating as exact value.
2026-07-16 22:07:20,330 WARNING protliggnn.train - Censored or approximate affinity label detected: 'Kd~102uM' (relation: '~'). Treating as exact value.
2026-07-16 22:07:20,330 WARNING protliggnn.train - Censored or approximate affinity label detected: 'Kd~125nM' (relation: '~'). Treating as exact value.
2026-07-16 22:07:20,330 WARNING protliggnn.train - Censored or approximate affinity label detected: 'Kd~1uM' (relation: '~'). Treating as exact value.
2026-07-16 22:07:20,330 WARNING protliggnn.train - Censored or approximate affinity label detected: 'Kd~1uM' (relation: '~'). Treating as exact value.
2026-07-16 22:07:20,330 WARNING protliggnn.train - Censored or approximate affinity label detected: 'Kd~5uM' (relation: '~'). Treating as exact value.
2026-07-16 22:07:20,330 WARNING protliggnn.train - Censored or approximate affinity label detected: 'Kd~74.3uM' (relation: '~'). Treating as exact value.
2026-07-16 22:07:20,330 WARNING protliggnn.train - Censored or approximate affinity label detected: 'Kd~85nM' (relation: '~'). Treating as exact value.
2026-07-16 22:07:20,330 WARNING protliggnn.train - Censored or approximate affinity label detected: 'Ki<0.10nM' (relation: '<'). Treating as exact value.
2026-07-16 22:07:20,332 WARNING protliggnn.train - Censored or approximate affinity label detected: 'Ki~2uM' (relation: '~'). Treating as exact value.
2026-07-16 22:07:20,332 WARNING protliggnn.train - Censored or approximate affinity label detected: 'Ki~55mM' (relation: '~'). Treating as exact value.
2026-07-16 22:07:20,332 WARNING protliggnn.train - Censored or approximate affinity label detected: 'Ki~55mM' (relation: '~'). Treating as exact value.
2026-07-16 22:07:20,332 WARNING protliggnn.train - Censored or approximate affinity label detected: 'IC50<0.01uM' (relation: '<'). Treating as exact value.
2026-07-16 22:07:20,332 WARNING protliggnn.train - Censored or approximate affinity label detected: 'IC50<0.01uM' (relation: '<'). Treating as exact value.
2026-07-16 22:07:20,332 WARNING protliggnn.train - Censored or approximate affinity label detected: 'IC50<2.5nM' (relation: '<'). Treating as exact value.
2026-07-16 22:07:20,334 WARNING protliggnn.train - Censored or approximate affinity label detected: 'IC50~0.5uM' (relation: '~'). Treating as exact value.
2026-07-16 22:07:20,335 WARNING protliggnn.train - Censored or approximate affinity label detected: 'IC50~30nM' (relation: '~'). Treating as exact value.
2026-07-16 22:07:20,335 WARNING protliggnn.train - Censored or approximate affinity label detected: 'Kd<10nM' (relation: '<'). Treating as exact value.
2026-07-16 22:07:20,335 WARNING protliggnn.train - Censored or approximate affinity label detected: 'Kd<10uM' (relation: '<'). Treating as exact value.
2026-07-16 22:07:20,335 WARNING protliggnn.train - Censored or approximate affinity label detected: 'Kd<6nM' (relation: '<'). Treating as exact value.
2026-07-16 22:07:20,336 WARNING protliggnn.train - Censored or approximate affinity label detected: 'Kd~10nM' (relation: '~'). Treating as exact value.
2026-07-16 22:07:22,095 WARNING protliggnn.train - Censored or approximate affinity label detected: 'Kd~160nM' (relation: '~'). Treating as exact value.
2026-07-16 22:07:22,095 WARNING protliggnn.train - Censored or approximate affinity label detected: 'Kd~1mM' (relation: '~'). Treating as exact value.
2026-07-16 22:07:22,095 WARNING protliggnn.train - Censored or approximate affinity label detected: 'Kd~1uM' (relation: '~'). Treating as exact value.
2026-07-16 22:07:22,095 WARNING protliggnn.train - Censored or approximate affinity label detected: 'Kd~2uM' (relation: '~'). Treating as exact value.
2026-07-16 22:07:22,095 WARNING protliggnn.train - Censored or approximate affinity label detected: 'Kd~5uM' (relation: '~'). Treating as exact value.
2026-07-16 22:07:22,095 WARNING protliggnn.train - Censored or approximate affinity label detected: 'Ki<0.05uM' (relation: '<'). Treating as exact value.
2026-07-16 22:07:22,095 WARNING protliggnn.train - Censored or approximate affinity label detected: 'Ki<1nM' (relation: '<'). Treating as exact value.
2026-07-16 22:07:22,095 WARNING protliggnn.train - Censored or approximate affinity label detected: 'Ki<1nM' (relation: '<'). Treating as exact value.
2026-07-16 22:07:22,095 WARNING protliggnn.train - Censored or approximate affinity label detected: 'Ki<1nM' (relation: '<'). Treating as exact value.
2026-07-16 22:07:22,095 WARNING protliggnn.train - Censored or approximate affinity label detected: 'Ki<1nM' (relation: '<'). Treating as exact value.
2026-07-16 22:07:22,095 WARNING protliggnn.train - Censored or approximate affinity label detected: 'Ki<2nM' (relation: '<'). Treating as exact value.
2026-07-16 22:07:22,096 WARNING protliggnn.train - Censored or approximate affinity label detected: 'Ki~10uM' (relation: '~'). Treating as exact value.
2026-07-16 22:07:22,096 WARNING protliggnn.train - Censored or approximate affinity label detected: 'Ki~14uM' (relation: '~'). Treating as exact value.
2026-07-16 22:07:22,096 WARNING protliggnn.train - Censored or approximate affinity label detected: 'Ki~50uM' (relation: '~'). Treating as exact value.
2026-07-16 22:07:22,096 WARNING protliggnn.train - Censored or approximate affinity label detected: 'IC50<1nM' (relation: '<'). Treating as exact value.
2026-07-16 22:07:22,096 WARNING protliggnn.train - Censored or approximate affinity label detected: 'IC50<4nM' (relation: '<'). Treating as exact value.
2026-07-16 22:07:22,099 WARNING protliggnn.train - Censored or approximate affinity label detected: 'IC50~10uM' (relation: '~'). Treating as exact value.
2026-07-16 22:07:22,099 WARNING protliggnn.train - Censored or approximate affinity label detected: 'IC50~10uM' (relation: '~'). Treating as exact value.
2026-07-16 22:07:22,099 WARNING protliggnn.train - Censored or approximate affinity label detected: 'IC50~1mM' (relation: '~'). Treating as exact value.
2026-07-16 22:07:22,099 WARNING protliggnn.train - Censored or approximate affinity label detected: 'IC50~30uM' (relation: '~'). Treating as exact value.
2026-07-16 22:07:22,099 WARNING protliggnn.train - Censored or approximate affinity label detected: 'IC50~30uM' (relation: '~'). Treating as exact value.
2026-07-16 22:07:22,099 WARNING protliggnn.train - Censored or approximate affinity label detected: 'IC50~38nM' (relation: '~'). Treating as exact value.
2026-07-16 22:07:22,100 WARNING protliggnn.train - Censored or approximate affinity label detected: 'Kd<0.003uM' (relation: '<'). Treating as exact value.
2026-07-16 22:07:22,100 WARNING protliggnn.train - Censored or approximate affinity label detected: 'Kd<1nM' (relation: '<'). Treating as exact value.
2026-07-16 22:07:22,102 WARNING protliggnn.train - Censored or approximate affinity label detected: 'Kd~1.7uM' (relation: '~'). Treating as exact value.
2026-07-16 22:07:22,103 WARNING protliggnn.train - Censored or approximate affinity label detected: 'Kd~200nM' (relation: '~'). Treating as exact value.
2026-07-16 22:07:22,103 WARNING protliggnn.train - Censored or approximate affinity label detected: 'Kd~200nM' (relation: '~'). Treating as exact value.
2026-07-16 22:07:23,852 WARNING protliggnn.train - Censored or approximate affinity label detected: 'Kd~3.6pM' (relation: '~'). Treating as exact value.
2026-07-16 22:07:23,852 WARNING protliggnn.train - Censored or approximate affinity label detected: 'Kd~400nM' (relation: '~'). Treating as exact value.
2026-07-16 22:07:23,852 WARNING protliggnn.train - Censored or approximate affinity label detected: 'Kd~51nM' (relation: '~'). Treating as exact value.
2026-07-16 22:07:23,852 WARNING protliggnn.train - Censored or approximate affinity label detected: 'Kd~9.6uM' (relation: '~'). Treating as exact value.
2026-07-16 22:07:23,853 WARNING protliggnn.train - Censored or approximate affinity label detected: 'Ki<0.01nM' (relation: '<'). Treating as exact value.
2026-07-16 22:07:23,853 WARNING protliggnn.train - Censored or approximate affinity label detected: 'Ki<0.0845uM' (relation: '<'). Treating as exact value.
2026-07-16 22:07:23,853 WARNING protliggnn.train - Censored or approximate affinity label detected: 'Ki<0.2nM' (relation: '<'). Treating as exact value.
2026-07-16 22:07:23,853 WARNING protliggnn.train - Censored or approximate affinity label detected: 'Ki<0.2nM' (relation: '<'). Treating as exact value.
2026-07-16 22:07:23,853 WARNING protliggnn.train - Censored or approximate affinity label detected: 'Ki<10mM' (relation: '<'). Treating as exact value.
2026-07-16 22:07:23,853 WARNING protliggnn.train - Censored or approximate affinity label detected: 'Ki<2mM' (relation: '<'). Treating as exact value.
2026-07-16 22:07:23,854 WARNING protliggnn.train - Censored or approximate affinity label detected: 'Ki~1.3uM' (relation: '~'). Treating as exact value.
2026-07-16 22:07:23,854 WARNING protliggnn.train - Censored or approximate affinity label detected: 'Ki~1.3uM' (relation: '~'). Treating as exact value.
2026-07-16 22:07:23,854 WARNING protliggnn.train - Censored or approximate affinity label detected: 'Ki~67uM' (relation: '~'). Treating as exact value.
2026-07-16 22:07:23,855 WARNING protliggnn.train - Censored or approximate affinity label detected: 'IC50<0.001uM' (relation: '<'). Treating as exact value.
2026-07-16 22:07:23,855 WARNING protliggnn.train - Censored or approximate affinity label detected: 'IC50<0.086uM' (relation: '<'). Treating as exact value.
2026-07-16 22:07:23,855 WARNING protliggnn.train - Censored or approximate affinity label detected: 'IC50<0.086uM' (relation: '<'). Treating as exact value.
2026-07-16 22:07:23,855 WARNING protliggnn.train - Censored or approximate affinity label detected: 'IC50<0.086uM' (relation: '<'). Treating as exact value.
2026-07-16 22:07:23,855 WARNING protliggnn.train - Censored or approximate affinity label detected: 'IC50<0.086uM' (relation: '<'). Treating as exact value.
2026-07-16 22:07:23,855 WARNING protliggnn.train - Censored or approximate affinity label detected: 'IC50<0.086uM' (relation: '<'). Treating as exact value.
2026-07-16 22:07:23,855 WARNING protliggnn.train - Censored or approximate affinity label detected: 'IC50<1.37uM' (relation: '<'). Treating as exact value.
2026-07-16 22:07:23,855 WARNING protliggnn.train - Censored or approximate affinity label detected: 'IC50<10nM' (relation: '<'). Treating as exact value.
2026-07-16 22:07:23,855 WARNING protliggnn.train - Censored or approximate affinity label detected: 'IC50<10uM' (relation: '<'). Treating as exact value.
2026-07-16 22:07:23,855 WARNING protliggnn.train - Censored or approximate affinity label detected: 'IC50<15nM' (relation: '<'). Treating as exact value.
2026-07-16 22:07:23,855 WARNING protliggnn.train - Censored or approximate affinity label detected: 'IC50<1nM' (relation: '<'). Treating as exact value.
2026-07-16 22:07:23,858 WARNING protliggnn.train - Censored or approximate affinity label detected: 'IC50~1.3mM' (relation: '~'). Treating as exact value.
2026-07-16 22:07:23,859 WARNING protliggnn.train - Censored or approximate affinity label detected: 'IC50~10000nM' (relation: '~'). Treating as exact value.
2026-07-16 22:07:23,859 WARNING protliggnn.train - Censored or approximate affinity label detected: 'IC50~33uM' (relation: '~'). Treating as exact value.
2026-07-16 22:07:25,890 WARNING protliggnn.train - Censored or approximate affinity label detected: 'IC50~4mM' (relation: '~'). Treating as exact value.
2026-07-16 22:07:25,890 WARNING protliggnn.train - Censored or approximate affinity label detected: 'Kd<0.03uM' (relation: '<'). Treating as exact value.
2026-07-16 22:07:25,890 WARNING protliggnn.train - Censored or approximate affinity label detected: 'Kd<0.05nM' (relation: '<'). Treating as exact value.
2026-07-16 22:07:25,890 WARNING protliggnn.train - Censored or approximate affinity label detected: 'Kd<10nM' (relation: '<'). Treating as exact value.
2026-07-16 22:07:25,890 WARNING protliggnn.train - Censored or approximate affinity label detected: 'Kd<1nM' (relation: '<'). Treating as exact value.
2026-07-16 22:07:25,890 WARNING protliggnn.train - Censored or approximate affinity label detected: 'Kd<1nM' (relation: '<'). Treating as exact value.
2026-07-16 22:07:25,892 WARNING protliggnn.train - Censored or approximate affinity label detected: 'Kd~185uM' (relation: '~'). Treating as exact value.
2026-07-16 22:07:25,892 WARNING protliggnn.train - Censored or approximate affinity label detected: 'Kd~23mM' (relation: '~'). Treating as exact value.
2026-07-16 22:07:25,892 WARNING protliggnn.train - Censored or approximate affinity label detected: 'Kd~2uM' (relation: '~'). Treating as exact value.
2026-07-16 22:07:25,892 WARNING protliggnn.train - Censored or approximate affinity label detected: 'Kd~300nM' (relation: '~'). Treating as exact value.
2026-07-16 22:07:25,892 WARNING protliggnn.train - Censored or approximate affinity label detected: 'Kd~364nM' (relation: '~'). Treating as exact value.
2026-07-16 22:07:25,892 WARNING protliggnn.train - Censored or approximate affinity label detected: 'Kd~8.11uM' (relation: '~'). Treating as exact value.
2026-07-16 22:07:25,892 WARNING protliggnn.train - Censored or approximate affinity label detected: 'Ki<0.0005uM' (relation: '<'). Treating as exact value.
2026-07-16 22:07:25,892 WARNING protliggnn.train - Censored or approximate affinity label detected: 'Ki<0.01nM' (relation: '<'). Treating as exact value.
2026-07-16 22:07:25,892 WARNING protliggnn.train - Censored or approximate affinity label detected: 'Ki<0.025nM' (relation: '<'). Treating as exact value.
2026-07-16 22:07:25,893 WARNING protliggnn.train - Censored or approximate affinity label detected: 'Ki~5uM' (relation: '~'). Treating as exact value.
2026-07-16 22:07:25,894 WARNING protliggnn.train - Censored or approximate affinity label detected: 'IC50<0.004uM' (relation: '<'). Treating as exact value.
2026-07-16 22:07:25,894 WARNING protliggnn.train - Censored or approximate affinity label detected: 'IC50<10nM' (relation: '<'). Treating as exact value.
2026-07-16 22:07:25,894 WARNING protliggnn.train - Censored or approximate affinity label detected: 'IC50<10nM' (relation: '<'). Treating as exact value.
2026-07-16 22:07:25,894 WARNING protliggnn.train - Censored or approximate affinity label detected: 'IC50<10nM' (relation: '<'). Treating as exact value.
2026-07-16 22:07:25,894 WARNING protliggnn.train - Censored or approximate affinity label detected: 'IC50<10nM' (relation: '<'). Treating as exact value.
2026-07-16 22:07:25,894 WARNING protliggnn.train - Censored or approximate affinity label detected: 'IC50<10nM' (relation: '<'). Treating as exact value.
2026-07-16 22:07:25,894 WARNING protliggnn.train - Censored or approximate affinity label detected: 'IC50<10nM' (relation: '<'). Treating as exact value.
2026-07-16 22:07:25,894 WARNING protliggnn.train - Censored or approximate affinity label detected: 'IC50<25nM' (relation: '<'). Treating as exact value.
2026-07-16 22:07:25,894 WARNING protliggnn.train - Censored or approximate affinity label detected: 'IC50<3nM' (relation: '<'). Treating as exact value.
2026-07-16 22:07:25,896 WARNING protliggnn.train - Censored or approximate affinity label detected: 'IC50~100uM' (relation: '~'). Treating as exact value.
2026-07-16 22:07:25,896 WARNING protliggnn.train - Censored or approximate affinity label detected: 'IC50~1mM' (relation: '~'). Treating as exact value.
2026-07-16 22:07:27,583 WARNING protliggnn.train - Censored or approximate affinity label detected: 'Kd<10nM' (relation: '<'). Treating as exact value.
2026-07-16 22:07:27,584 WARNING protliggnn.train - Censored or approximate affinity label detected: 'Kd~0.13uM' (relation: '~'). Treating as exact value.
2026-07-16 22:07:27,584 WARNING protliggnn.train - Censored or approximate affinity label detected: 'Kd~1.5uM' (relation: '~'). Treating as exact value.
2026-07-16 22:07:27,584 WARNING protliggnn.train - Censored or approximate affinity label detected: 'Kd~200uM' (relation: '~'). Treating as exact value.
2026-07-16 22:07:27,584 WARNING protliggnn.train - Censored or approximate affinity label detected: 'Kd~50uM' (relation: '~'). Treating as exact value.
2026-07-16 22:07:27,584 WARNING protliggnn.train - Censored or approximate affinity label detected: 'Ki<0.001uM' (relation: '<'). Treating as exact value.
2026-07-16 22:07:27,585 WARNING protliggnn.train - Censored or approximate affinity label detected: 'Ki<0.01nM' (relation: '<'). Treating as exact value.
2026-07-16 22:07:27,585 WARNING protliggnn.train - Censored or approximate affinity label detected: 'IC50<0.001uM' (relation: '<'). Treating as exact value.
2026-07-16 22:07:27,585 WARNING protliggnn.train - Censored or approximate affinity label detected: 'IC50<0.005uM' (relation: '<'). Treating as exact value.
2026-07-16 22:07:27,585 WARNING protliggnn.train - Censored or approximate affinity label detected: 'IC50<0.2uM' (relation: '<'). Treating as exact value.
2026-07-16 22:07:27,585 WARNING protliggnn.train - Censored or approximate affinity label detected: 'IC50<0.32nM' (relation: '<'). Treating as exact value.
2026-07-16 22:07:27,585 WARNING protliggnn.train - Censored or approximate affinity label detected: 'IC50<0.3nM' (relation: '<'). Treating as exact value.
2026-07-16 22:07:27,585 WARNING protliggnn.train - Censored or approximate affinity label detected: 'IC50<0.3nM' (relation: '<'). Treating as exact value.
2026-07-16 22:07:27,585 WARNING protliggnn.train - Censored or approximate affinity label detected: 'IC50<1.13nM' (relation: '<'). Treating as exact value.
2026-07-16 22:07:27,585 WARNING protliggnn.train - Censored or approximate affinity label detected: 'IC50<25nM' (relation: '<'). Treating as exact value.
2026-07-16 22:07:27,585 WARNING protliggnn.train - Censored or approximate affinity label detected: 'IC50<3nM' (relation: '<'). Treating as exact value.
2026-07-16 22:07:27,585 WARNING protliggnn.train - Censored or approximate affinity label detected: 'IC50<50nM' (relation: '<'). Treating as exact value.
2026-07-16 22:07:27,585 WARNING protliggnn.train - Censored or approximate affinity label detected: 'IC50<50nM' (relation: '<'). Treating as exact value.
2026-07-16 22:07:27,585 WARNING protliggnn.train - Censored or approximate affinity label detected: 'IC50<50nM' (relation: '<'). Treating as exact value.
2026-07-16 22:07:27,587 WARNING protliggnn.train - Censored or approximate affinity label detected: 'IC50~0.8mM' (relation: '~'). Treating as exact value.
2026-07-16 22:07:27,587 WARNING protliggnn.train - Censored or approximate affinity label detected: 'IC50~0.8mM' (relation: '~'). Treating as exact value.
2026-07-16 22:07:27,587 WARNING protliggnn.train - Censored or approximate affinity label detected: 'IC50~100uM' (relation: '~'). Treating as exact value.
2026-07-16 22:07:27,587 WARNING protliggnn.train - Censored or approximate affinity label detected: 'IC50~6nM' (relation: '~'). Treating as exact value.
2026-07-16 22:07:27,587 WARNING protliggnn.train - Censored or approximate affinity label detected: 'Kd<2nM' (relation: '<'). Treating as exact value.
2026-07-16 22:07:27,589 WARNING protliggnn.train - Censored or approximate affinity label detected: 'Kd~1.8uM' (relation: '~'). Treating as exact value.
2026-07-16 22:07:27,589 WARNING protliggnn.train - Censored or approximate affinity label detected: 'Kd~100nM' (relation: '~'). Treating as exact value.
2026-07-16 22:07:27,589 WARNING protliggnn.train - Censored or approximate affinity label detected: 'Kd~100nM' (relation: '~'). Treating as exact value.
2026-07-16 22:07:29,354 WARNING protliggnn.train - Censored or approximate affinity label detected: 'Kd~12uM' (relation: '~'). Treating as exact value.
2026-07-16 22:07:29,354 WARNING protliggnn.train - Censored or approximate affinity label detected: 'Kd~12uM' (relation: '~'). Treating as exact value.
2026-07-16 22:07:29,354 WARNING protliggnn.train - Censored or approximate affinity label detected: 'Kd~13uM' (relation: '~'). Treating as exact value.
2026-07-16 22:07:29,354 WARNING protliggnn.train - Censored or approximate affinity label detected: 'Kd~300nM' (relation: '~'). Treating as exact value.
2026-07-16 22:07:29,354 WARNING protliggnn.train - Censored or approximate affinity label detected: 'Kd~500uM' (relation: '~'). Treating as exact value.
2026-07-16 22:07:29,354 WARNING protliggnn.train - Censored or approximate affinity label detected: 'Kd~500uM' (relation: '~'). Treating as exact value.
2026-07-16 22:07:29,355 WARNING protliggnn.train - Censored or approximate affinity label detected: 'Kd~600uM' (relation: '~'). Treating as exact value.
2026-07-16 22:07:29,355 WARNING protliggnn.train - Censored or approximate affinity label detected: 'Kd~9uM' (relation: '~'). Treating as exact value.
2026-07-16 22:07:29,355 WARNING protliggnn.train - Censored or approximate affinity label detected: 'Ki<0.01uM' (relation: '<'). Treating as exact value.
2026-07-16 22:07:29,355 WARNING protliggnn.train - Censored or approximate affinity label detected: 'Ki<0.05nM' (relation: '<'). Treating as exact value.
2026-07-16 22:07:29,355 WARNING protliggnn.train - Censored or approximate affinity label detected: 'Ki<1nM' (relation: '<'). Treating as exact value.
2026-07-16 22:07:29,355 WARNING protliggnn.train - Censored or approximate affinity label detected: 'Ki<1nM' (relation: '<'). Treating as exact value.
2026-07-16 22:07:29,355 WARNING protliggnn.train - Censored or approximate affinity label detected: 'Ki<5nM' (relation: '<'). Treating as exact value.
2026-07-16 22:07:29,356 WARNING protliggnn.train - Censored or approximate affinity label detected: 'IC50<0.030uM' (relation: '<'). Treating as exact value.
2026-07-16 22:07:29,356 WARNING protliggnn.train - Censored or approximate affinity label detected: 'IC50<1nM' (relation: '<'). Treating as exact value.
2026-07-16 22:07:29,356 WARNING protliggnn.train - Censored or approximate affinity label detected: 'IC50<40nM' (relation: '<'). Treating as exact value.
2026-07-16 22:07:29,356 WARNING protliggnn.train - Censored or approximate affinity label detected: 'IC50<5nM' (relation: '<'). Treating as exact value.
2026-07-16 22:07:29,358 WARNING protliggnn.train - Censored or approximate affinity label detected: 'IC50~0.5uM' (relation: '~'). Treating as exact value.
2026-07-16 22:07:29,358 WARNING protliggnn.train - Censored or approximate affinity label detected: 'IC50~1.8uM' (relation: '~'). Treating as exact value.
2026-07-16 22:07:29,358 WARNING protliggnn.train - Censored or approximate affinity label detected: 'IC50~1mM' (relation: '~'). Treating as exact value.
2026-07-16 22:07:29,358 WARNING protliggnn.train - Censored or approximate affinity label detected: 'IC50~700nM' (relation: '~'). Treating as exact value.
2026-07-16 22:07:29,358 WARNING protliggnn.train - Censored or approximate affinity label detected: 'Kd<0.001nM' (relation: '<'). Treating as exact value.
2026-07-16 22:07:29,358 WARNING protliggnn.train - Censored or approximate affinity label detected: 'Kd<0.10uM' (relation: '<'). Treating as exact value.
2026-07-16 22:07:29,358 WARNING protliggnn.train - Censored or approximate affinity label detected: 'Kd<0.4uM' (relation: '<'). Treating as exact value.
2026-07-16 22:07:29,358 WARNING protliggnn.train - Censored or approximate affinity label detected: 'Kd<1nM' (relation: '<'). Treating as exact value.
2026-07-16 22:07:29,361 WARNING protliggnn.train - Censored or approximate affinity label detected: 'Kd~0.2uM' (relation: '~'). Treating as exact value.
2026-07-16 22:07:29,361 WARNING protliggnn.train - Censored or approximate affinity label detected: 'Kd~120nM' (relation: '~'). Treating as exact value.
2026-07-16 22:07:31,117 WARNING protliggnn.train - Censored or approximate affinity label detected: 'Kd~23uM' (relation: '~'). Treating as exact value.
2026-07-16 22:07:31,118 WARNING protliggnn.train - Censored or approximate affinity label detected: 'Kd~23uM' (relation: '~'). Treating as exact value.
2026-07-16 22:07:31,118 WARNING protliggnn.train - Censored or approximate affinity label detected: 'Kd~23uM' (relation: '~'). Treating as exact value.
2026-07-16 22:07:31,118 WARNING protliggnn.train - Censored or approximate affinity label detected: 'Kd~24uM' (relation: '~'). Treating as exact value.
2026-07-16 22:07:31,118 WARNING protliggnn.train - Censored or approximate affinity label detected: 'Kd~25uM' (relation: '~'). Treating as exact value.
2026-07-16 22:07:31,118 WARNING protliggnn.train - Censored or approximate affinity label detected: 'Kd~3nM' (relation: '~'). Treating as exact value.
2026-07-16 22:07:31,118 WARNING protliggnn.train - Censored or approximate affinity label detected: 'Kd~5uM' (relation: '~'). Treating as exact value.
2026-07-16 22:07:31,118 WARNING protliggnn.train - Censored or approximate affinity label detected: 'Kd~7nM' (relation: '~'). Treating as exact value.
2026-07-16 22:07:31,118 WARNING protliggnn.train - Censored or approximate affinity label detected: 'Kd~80uM' (relation: '~'). Treating as exact value.
2026-07-16 22:07:31,118 WARNING protliggnn.train - Censored or approximate affinity label detected: 'Ki<1.0nM' (relation: '<'). Treating as exact value.
2026-07-16 22:07:31,118 WARNING protliggnn.train - Censored or approximate affinity label detected: 'Ki<1.3nM' (relation: '<'). Treating as exact value.
2026-07-16 22:07:31,118 WARNING protliggnn.train - Censored or approximate affinity label detected: 'Ki<1nM' (relation: '<'). Treating as exact value.
2026-07-16 22:07:31,118 WARNING protliggnn.train - Censored or approximate affinity label detected: 'Ki<5pM' (relation: '<'). Treating as exact value.
2026-07-16 22:07:31,118 WARNING protliggnn.train - Censored or approximate affinity label detected: 'Ki<5pM' (relation: '<'). Treating as exact value.
2026-07-16 22:07:31,118 WARNING protliggnn.train - Censored or approximate affinity label detected: 'Ki<5pM' (relation: '<'). Treating as exact value.
2026-07-16 22:07:31,118 WARNING protliggnn.train - Censored or approximate affinity label detected: 'Ki<5pM' (relation: '<'). Treating as exact value.
2026-07-16 22:07:31,118 WARNING protliggnn.train - Censored or approximate affinity label detected: 'Ki<5pM' (relation: '<'). Treating as exact value.
2026-07-16 22:07:31,118 WARNING protliggnn.train - Censored or approximate affinity label detected: 'Ki<5pM' (relation: '<'). Treating as exact value.
2026-07-16 22:07:31,119 WARNING protliggnn.train - Censored or approximate affinity label detected: 'IC50<15nM' (relation: '<'). Treating as exact value.
2026-07-16 22:07:31,119 WARNING protliggnn.train - Censored or approximate affinity label detected: 'IC50<1nM' (relation: '<'). Treating as exact value.
2026-07-16 22:07:31,120 WARNING protliggnn.train - Censored or approximate affinity label detected: 'IC50<1nM' (relation: '<'). Treating as exact value.
2026-07-16 22:07:31,120 WARNING protliggnn.train - Censored or approximate affinity label detected: 'IC50<2nM' (relation: '<'). Treating as exact value.
2026-07-16 22:07:31,120 WARNING protliggnn.train - Censored or approximate affinity label detected: 'IC50<2nM' (relation: '<'). Treating as exact value.
2026-07-16 22:07:31,120 WARNING protliggnn.train - Censored or approximate affinity label detected: 'IC50<2nM' (relation: '<'). Treating as exact value.
2026-07-16 22:07:31,122 WARNING protliggnn.train - Censored or approximate affinity label detected: 'IC50~330uM' (relation: '~'). Treating as exact value.
2026-07-16 22:07:31,122 WARNING protliggnn.train - Censored or approximate affinity label detected: 'IC50~450uM' (relation: '~'). Treating as exact value.
2026-07-16 22:07:31,122 WARNING protliggnn.train - Censored or approximate affinity label detected: 'Kd<0.8nM' (relation: '<'). Treating as exact value.
2026-07-16 22:07:33,136 WARNING protliggnn.train - Censored or approximate affinity label detected: 'Kd<1.26nM' (relation: '<'). Treating as exact value.
2026-07-16 22:07:33,136 WARNING protliggnn.train - Censored or approximate affinity label detected: 'Kd<2.3nM' (relation: '<'). Treating as exact value.
2026-07-16 22:07:33,136 WARNING protliggnn.train - Censored or approximate affinity label detected: 'Kd<55uM' (relation: '<'). Treating as exact value.
2026-07-16 22:07:33,136 WARNING protliggnn.train - Censored or approximate affinity label detected: 'Kd<55uM' (relation: '<'). Treating as exact value.
2026-07-16 22:07:33,138 WARNING protliggnn.train - Censored or approximate affinity label detected: 'Kd~11uM' (relation: '~'). Treating as exact value.
2026-07-16 22:07:33,138 WARNING protliggnn.train - Censored or approximate affinity label detected: 'Kd~200nM' (relation: '~'). Treating as exact value.
2026-07-16 22:07:33,138 WARNING protliggnn.train - Censored or approximate affinity label detected: 'Kd~25uM' (relation: '~'). Treating as exact value.
2026-07-16 22:07:33,138 WARNING protliggnn.train - Censored or approximate affinity label detected: 'Kd~2nM' (relation: '~'). Treating as exact value.
2026-07-16 22:07:33,138 WARNING protliggnn.train - Censored or approximate affinity label detected: 'Ki<0.005nM' (relation: '<'). Treating as exact value.
2026-07-16 22:07:33,138 WARNING protliggnn.train - Censored or approximate affinity label detected: 'Ki<0.005nM' (relation: '<'). Treating as exact value.
2026-07-16 22:07:33,138 WARNING protliggnn.train - Censored or approximate affinity label detected: 'Ki<0.005nM' (relation: '<'). Treating as exact value.
2026-07-16 22:07:33,138 WARNING protliggnn.train - Censored or approximate affinity label detected: 'Ki<0.9nM' (relation: '<'). Treating as exact value.
2026-07-16 22:07:35,777 INFO protliggnn - Found 1000 candidate complexes with labels and matching files before validation.
2026-07-16 22:07:35,785 INFO protliggnn - Found graph cache at data\pdbbind2020\processed_dataset.pt. Validating...
2026-07-16 22:07:35,886 INFO protliggnn - Loading graphs from cache file...
2026-07-16 22:07:36,376 INFO protliggnn - Cache successfully validated. Loaded 1000 pre-built graphs.
2026-07-16 22:07:36,385 INFO protliggnn - Dataset split sizes: train=800 val=100 test=100 (random)
2026-07-16 22:08:03,265 INFO protliggnn - Epoch 001 train loss=5.2548 PCC=-0.0021 Spearman=0.0025 RMSE=2.2910 MAE=1.7810 R2=-0.7432
2026-07-16 22:08:03,266 INFO protliggnn - Epoch 001 val loss=3.3631 PCC=0.3753 Spearman=0.4073 RMSE=1.8325 MAE=1.4887 R2=-0.0029
2026-07-16 22:08:03,266 INFO protliggnn - Epoch 001 train diagnostics: Affinity Loss=5.2488 | Contact Loss=0.0597 | Total Loss=5.2548 | Pos Acc=0.0056 | Neg Acc=0.9857 | Precision=0.0022 | Recall=0.0056 | F1=0.0032 | Avg Prob=0.0272
2026-07-16 22:08:03,266 INFO protliggnn - Epoch 001 val diagnostics: Affinity Loss=3.3579 | Contact Loss=0.0517 | Total Loss=3.3631 | Pos Acc=0.0000 | Neg Acc=1.0000 | Precision=0.0000 | Recall=0.0000 | F1=0.0000 | Avg Prob=0.0077
2026-07-16 22:08:03,304 INFO protliggnn - Saved checkpoint for epoch 1 with validation RMSE 1.8324517041600497.
2026-07-16 22:08:29,876 INFO protliggnn - Epoch 002 train loss=3.6737 PCC=0.0622 Spearman=0.0463 RMSE=1.9155 MAE=1.5411 R2=-0.2185
2026-07-16 22:08:29,876 INFO protliggnn - Epoch 002 val loss=3.2218 PCC=0.3486 Spearman=0.3910 RMSE=1.7935 MAE=1.4648 R2=0.0393
2026-07-16 22:08:29,876 INFO protliggnn - Epoch 002 train diagnostics: Affinity Loss=3.6690 | Contact Loss=0.0463 | Total Loss=3.6737 | Pos Acc=0.0000 | Neg Acc=1.0000 | Precision=0.0000 | Recall=0.0000 | F1=0.0000 | Avg Prob=0.0083
2026-07-16 22:08:29,876 INFO protliggnn - Epoch 002 val diagnostics: Affinity Loss=3.2167 | Contact Loss=0.0517 | Total Loss=3.2218 | Pos Acc=0.0000 | Neg Acc=1.0000 | Precision=0.0000 | Recall=0.0000 | F1=0.0000 | Avg Prob=0.0079
2026-07-16 22:08:29,912 INFO protliggnn - Saved checkpoint for epoch 2 with validation RMSE 1.793502354378382.
2026-07-16 22:08:55,688 INFO protliggnn - Epoch 003 train loss=3.2631 PCC=0.2004 Spearman=0.1834 RMSE=1.8051 MAE=1.4338 R2=-0.0822
2026-07-16 22:08:55,688 INFO protliggnn - Epoch 003 val loss=4.1053 PCC=0.4493 Spearman=0.4376 RMSE=2.0249 MAE=1.5686 R2=-0.2246
2026-07-16 22:08:55,688 INFO protliggnn - Epoch 003 train diagnostics: Affinity Loss=3.2585 | Contact Loss=0.0463 | Total Loss=3.2631 | Pos Acc=0.0000 | Neg Acc=1.0000 | Precision=0.0000 | Recall=0.0000 | F1=0.0000 | Avg Prob=0.0083
2026-07-16 22:08:55,688 INFO protliggnn - Epoch 003 val diagnostics: Affinity Loss=4.1001 | Contact Loss=0.0514 | Total Loss=4.1053 | Pos Acc=0.0000 | Neg Acc=1.0000 | Precision=0.0000 | Recall=0.0000 | F1=0.0000 | Avg Prob=0.0084
2026-07-16 22:09:21,716 INFO protliggnn - Epoch 004 train loss=3.1451 PCC=0.2414 Spearman=0.2382 RMSE=1.7722 MAE=1.4003 R2=-0.0430
2026-07-16 22:09:21,716 INFO protliggnn - Epoch 004 val loss=3.6954 PCC=0.4585 Spearman=0.4252 RMSE=1.9210 MAE=1.5003 R2=-0.1022
2026-07-16 22:09:21,716 INFO protliggnn - Epoch 004 train diagnostics: Affinity Loss=3.1405 | Contact Loss=0.0462 | Total Loss=3.1451 | Pos Acc=0.0000 | Neg Acc=1.0000 | Precision=0.0000 | Recall=0.0000 | F1=0.0000 | Avg Prob=0.0085
2026-07-16 22:09:21,716 INFO protliggnn - Epoch 004 val diagnostics: Affinity Loss=3.6903 | Contact Loss=0.0515 | Total Loss=3.6954 | Pos Acc=0.0000 | Neg Acc=1.0000 | Precision=0.0000 | Recall=0.0000 | F1=0.0000 | Avg Prob=0.0078
2026-07-16 22:09:47,240 INFO protliggnn - Epoch 005 train loss=3.0654 PCC=0.2643 Spearman=0.2685 RMSE=1.7495 MAE=1.4124 R2=-0.0165
2026-07-16 22:09:47,241 INFO protliggnn - Epoch 005 val loss=2.6636 PCC=0.4854 Spearman=0.4383 RMSE=1.6305 MAE=1.2954 R2=0.2060
2026-07-16 22:09:47,241 INFO protliggnn - Epoch 005 train diagnostics: Affinity Loss=3.0608 | Contact Loss=0.0459 | Total Loss=3.0654 | Pos Acc=0.0000 | Neg Acc=1.0000 | Precision=0.0000 | Recall=0.0000 | F1=0.0000 | Avg Prob=0.0083
2026-07-16 22:09:47,241 INFO protliggnn - Epoch 005 val diagnostics: Affinity Loss=2.6585 | Contact Loss=0.0513 | Total Loss=2.6636 | Pos Acc=0.0000 | Neg Acc=1.0000 | Precision=0.0000 | Recall=0.0000 | F1=0.0000 | Avg Prob=0.0087
2026-07-16 22:09:47,277 INFO protliggnn - Saved checkpoint for epoch 5 with validation RMSE 1.6304885106716016.
2026-07-16 22:10:12,514 INFO protliggnn - Epoch 006 train loss=3.1235 PCC=0.2986 Spearman=0.2877 RMSE=1.7660 MAE=1.4256 R2=-0.0358
2026-07-16 22:10:12,514 INFO protliggnn - Epoch 006 val loss=2.4971 PCC=0.5118 Spearman=0.4840 RMSE=1.5786 MAE=1.2779 R2=0.2557
2026-07-16 22:10:12,515 INFO protliggnn - Epoch 006 train diagnostics: Affinity Loss=3.1189 | Contact Loss=0.0459 | Total Loss=3.1235 | Pos Acc=0.0000 | Neg Acc=1.0000 | Precision=0.0000 | Recall=0.0000 | F1=0.0000 | Avg Prob=0.0083
2026-07-16 22:10:12,515 INFO protliggnn - Epoch 006 val diagnostics: Affinity Loss=2.4920 | Contact Loss=0.0514 | Total Loss=2.4971 | Pos Acc=0.0000 | Neg Acc=1.0000 | Precision=0.0000 | Recall=0.0000 | F1=0.0000 | Avg Prob=0.0075
2026-07-16 22:10:12,552 INFO protliggnn - Saved checkpoint for epoch 6 with validation RMSE 1.5785973330523417.
2026-07-16 22:10:38,057 INFO protliggnn - Epoch 007 train loss=3.0058 PCC=0.3202 Spearman=0.3159 RMSE=1.7324 MAE=1.3781 R2=0.0033
2026-07-16 22:10:38,057 INFO protliggnn - Epoch 007 val loss=2.9545 PCC=0.5094 Spearman=0.4815 RMSE=1.7174 MAE=1.3252 R2=0.1191
2026-07-16 22:10:38,057 INFO protliggnn - Epoch 007 train diagnostics: Affinity Loss=3.0013 | Contact Loss=0.0458 | Total Loss=3.0058 | Pos Acc=0.0000 | Neg Acc=1.0000 | Precision=0.0000 | Recall=0.0000 | F1=0.0000 | Avg Prob=0.0080
2026-07-16 22:10:38,057 INFO protliggnn - Epoch 007 val diagnostics: Affinity Loss=2.9494 | Contact Loss=0.0513 | Total Loss=2.9545 | Pos Acc=0.0000 | Neg Acc=1.0000 | Precision=0.0000 | Recall=0.0000 | F1=0.0000 | Avg Prob=0.0077
2026-07-16 22:11:02,790 INFO protliggnn - Epoch 008 train loss=2.9850 PCC=0.3212 Spearman=0.3046 RMSE=1.7264 MAE=1.3839 R2=0.0102
2026-07-16 22:11:02,790 INFO protliggnn - Epoch 008 val loss=2.7820 PCC=0.4920 Spearman=0.4523 RMSE=1.6664 MAE=1.2779 R2=0.1706
2026-07-16 22:11:02,790 INFO protliggnn - Epoch 008 train diagnostics: Affinity Loss=2.9804 | Contact Loss=0.0458 | Total Loss=2.9850 | Pos Acc=0.0000 | Neg Acc=1.0000 | Precision=0.0000 | Recall=0.0000 | F1=0.0000 | Avg Prob=0.0080
2026-07-16 22:11:02,791 INFO protliggnn - Epoch 008 val diagnostics: Affinity Loss=2.7769 | Contact Loss=0.0510 | Total Loss=2.7820 | Pos Acc=0.0000 | Neg Acc=1.0000 | Precision=0.0000 | Recall=0.0000 | F1=0.0000 | Avg Prob=0.0071
2026-07-16 22:11:28,149 INFO protliggnn - Epoch 009 train loss=3.0574 PCC=0.3216 Spearman=0.3039 RMSE=1.7473 MAE=1.3944 R2=-0.0139
2026-07-16 22:11:28,149 INFO protliggnn - Epoch 009 val loss=2.7519 PCC=0.5264 Spearman=0.4924 RMSE=1.6574 MAE=1.3769 R2=0.1796
2026-07-16 22:11:28,149 INFO protliggnn - Epoch 009 train diagnostics: Affinity Loss=3.0529 | Contact Loss=0.0455 | Total Loss=3.0574 | Pos Acc=0.0000 | Neg Acc=1.0000 | Precision=0.0000 | Recall=0.0000 | F1=0.0000 | Avg Prob=0.0081
2026-07-16 22:11:28,149 INFO protliggnn - Epoch 009 val diagnostics: Affinity Loss=2.7468 | Contact Loss=0.0508 | Total Loss=2.7519 | Pos Acc=0.0000 | Neg Acc=1.0000 | Precision=0.0000 | Recall=0.0000 | F1=0.0000 | Avg Prob=0.0078
2026-07-16 22:11:50,325 INFO protliggnn - Epoch 010 train loss=2.7931 PCC=0.3873 Spearman=0.3708 RMSE=1.6699 MAE=1.3460 R2=0.0739
2026-07-16 22:11:50,325 INFO protliggnn - Epoch 010 val loss=2.5494 PCC=0.5360 Spearman=0.5102 RMSE=1.5951 MAE=1.2491 R2=0.2401
2026-07-16 22:11:50,325 INFO protliggnn - Epoch 010 train diagnostics: Affinity Loss=2.7886 | Contact Loss=0.0454 | Total Loss=2.7931 | Pos Acc=0.0000 | Neg Acc=1.0000 | Precision=0.0000 | Recall=0.0000 | F1=0.0000 | Avg Prob=0.0078
2026-07-16 22:11:50,325 INFO protliggnn - Epoch 010 val diagnostics: Affinity Loss=2.5443 | Contact Loss=0.0511 | Total Loss=2.5494 | Pos Acc=0.0000 | Neg Acc=1.0000 | Precision=0.0000 | Recall=0.0000 | F1=0.0000 | Avg Prob=0.0070
2026-07-16 22:12:12,034 INFO protliggnn - Epoch 011 train loss=2.6748 PCC=0.4199 Spearman=0.4089 RMSE=1.6341 MAE=1.3075 R2=0.1132
2026-07-16 22:12:12,034 INFO protliggnn - Epoch 011 val loss=2.3522 PCC=0.5584 Spearman=0.5035 RMSE=1.5320 MAE=1.2604 R2=0.2990
2026-07-16 22:12:12,034 INFO protliggnn - Epoch 011 train diagnostics: Affinity Loss=2.6702 | Contact Loss=0.0455 | Total Loss=2.6748 | Pos Acc=0.0000 | Neg Acc=1.0000 | Precision=0.0000 | Recall=0.0000 | F1=0.0000 | Avg Prob=0.0079
2026-07-16 22:12:12,034 INFO protliggnn - Epoch 011 val diagnostics: Affinity Loss=2.3471 | Contact Loss=0.0514 | Total Loss=2.3522 | Pos Acc=0.0000 | Neg Acc=1.0000 | Precision=0.0000 | Recall=0.0000 | F1=0.0000 | Avg Prob=0.0063
2026-07-16 22:12:12,065 INFO protliggnn - Saved checkpoint for epoch 11 with validation RMSE 1.5320170361537662.
2026-07-16 22:12:33,410 INFO protliggnn - Epoch 012 train loss=2.6931 PCC=0.4349 Spearman=0.4158 RMSE=1.6397 MAE=1.3263 R2=0.1071
2026-07-16 22:12:33,410 INFO protliggnn - Epoch 012 val loss=2.9989 PCC=0.4835 Spearman=0.4591 RMSE=1.7303 MAE=1.3353 R2=0.1058
2026-07-16 22:12:33,410 INFO protliggnn - Epoch 012 train diagnostics: Affinity Loss=2.6886 | Contact Loss=0.0454 | Total Loss=2.6931 | Pos Acc=0.0000 | Neg Acc=1.0000 | Precision=0.0000 | Recall=0.0000 | F1=0.0000 | Avg Prob=0.0076
2026-07-16 22:12:33,410 INFO protliggnn - Epoch 012 val diagnostics: Affinity Loss=2.9938 | Contact Loss=0.0508 | Total Loss=2.9989 | Pos Acc=0.0000 | Neg Acc=1.0000 | Precision=0.0000 | Recall=0.0000 | F1=0.0000 | Avg Prob=0.0078
2026-07-16 22:12:55,028 INFO protliggnn - Epoch 013 train loss=2.7523 PCC=0.4256 Spearman=0.4156 RMSE=1.6576 MAE=1.3100 R2=0.0875
2026-07-16 22:12:55,028 INFO protliggnn - Epoch 013 val loss=2.3179 PCC=0.5627 Spearman=0.5073 RMSE=1.5208 MAE=1.2100 R2=0.3092
2026-07-16 22:12:55,028 INFO protliggnn - Epoch 013 train diagnostics: Affinity Loss=2.7477 | Contact Loss=0.0454 | Total Loss=2.7523 | Pos Acc=0.0000 | Neg Acc=1.0000 | Precision=0.0000 | Recall=0.0000 | F1=0.0000 | Avg Prob=0.0075
2026-07-16 22:12:55,028 INFO protliggnn - Epoch 013 val diagnostics: Affinity Loss=2.3128 | Contact Loss=0.0514 | Total Loss=2.3179 | Pos Acc=0.0000 | Neg Acc=1.0000 | Precision=0.0000 | Recall=0.0000 | F1=0.0000 | Avg Prob=0.0054
2026-07-16 22:12:55,064 INFO protliggnn - Saved checkpoint for epoch 13 with validation RMSE 1.520777900091321.
2026-07-16 22:13:16,535 INFO protliggnn - Epoch 014 train loss=2.6359 PCC=0.4546 Spearman=0.4338 RMSE=1.6222 MAE=1.2966 R2=0.1261
2026-07-16 22:13:16,535 INFO protliggnn - Epoch 014 val loss=2.7617 PCC=0.5484 Spearman=0.4962 RMSE=1.6603 MAE=1.2830 R2=0.1767
2026-07-16 22:13:16,535 INFO protliggnn - Epoch 014 train diagnostics: Affinity Loss=2.6314 | Contact Loss=0.0455 | Total Loss=2.6359 | Pos Acc=0.0000 | Neg Acc=1.0000 | Precision=0.0000 | Recall=0.0000 | F1=0.0000 | Avg Prob=0.0075
2026-07-16 22:13:16,535 INFO protliggnn - Epoch 014 val diagnostics: Affinity Loss=2.7566 | Contact Loss=0.0507 | Total Loss=2.7617 | Pos Acc=0.0000 | Neg Acc=1.0000 | Precision=0.0000 | Recall=0.0000 | F1=0.0000 | Avg Prob=0.0068
2026-07-16 22:13:37,605 INFO protliggnn - Epoch 015 train loss=2.4586 PCC=0.4846 Spearman=0.4775 RMSE=1.5666 MAE=1.2455 R2=0.1850
2026-07-16 22:13:37,605 INFO protliggnn - Epoch 015 val loss=2.4887 PCC=0.5432 Spearman=0.4668 RMSE=1.5760 MAE=1.2337 R2=0.2582
2026-07-16 22:13:37,605 INFO protliggnn - Epoch 015 train diagnostics: Affinity Loss=2.4541 | Contact Loss=0.0452 | Total Loss=2.4586 | Pos Acc=0.0000 | Neg Acc=1.0000 | Precision=0.0000 | Recall=0.0000 | F1=0.0000 | Avg Prob=0.0074
2026-07-16 22:13:37,605 INFO protliggnn - Epoch 015 val diagnostics: Affinity Loss=2.4837 | Contact Loss=0.0504 | Total Loss=2.4887 | Pos Acc=0.0000 | Neg Acc=1.0000 | Precision=0.0000 | Recall=0.0000 | F1=0.0000 | Avg Prob=0.0071
2026-07-16 22:13:59,441 INFO protliggnn - Epoch 016 train loss=2.4762 PCC=0.4955 Spearman=0.4710 RMSE=1.5722 MAE=1.2663 R2=0.1791
2026-07-16 22:13:59,441 INFO protliggnn - Epoch 016 val loss=2.5468 PCC=0.5499 Spearman=0.5022 RMSE=1.5943 MAE=1.2634 R2=0.2409
2026-07-16 22:13:59,441 INFO protliggnn - Epoch 016 train diagnostics: Affinity Loss=2.4717 | Contact Loss=0.0452 | Total Loss=2.4762 | Pos Acc=0.0000 | Neg Acc=1.0000 | Precision=0.0000 | Recall=0.0000 | F1=0.0000 | Avg Prob=0.0076
2026-07-16 22:13:59,441 INFO protliggnn - Epoch 016 val diagnostics: Affinity Loss=2.5417 | Contact Loss=0.0508 | Total Loss=2.5468 | Pos Acc=0.0000 | Neg Acc=1.0000 | Precision=0.0000 | Recall=0.0000 | F1=0.0000 | Avg Prob=0.0080
2026-07-16 22:14:20,299 INFO protliggnn - Epoch 017 train loss=2.5414 PCC=0.4854 Spearman=0.4593 RMSE=1.5927 MAE=1.2768 R2=0.1575
2026-07-16 22:14:20,299 INFO protliggnn - Epoch 017 val loss=3.3181 PCC=0.6004 Spearman=0.5342 RMSE=1.8201 MAE=1.3894 R2=0.0105
2026-07-16 22:14:20,299 INFO protliggnn - Epoch 017 train diagnostics: Affinity Loss=2.5368 | Contact Loss=0.0454 | Total Loss=2.5414 | Pos Acc=0.0000 | Neg Acc=1.0000 | Precision=0.0000 | Recall=0.0000 | F1=0.0000 | Avg Prob=0.0075
2026-07-16 22:14:20,299 INFO protliggnn - Epoch 017 val diagnostics: Affinity Loss=3.3129 | Contact Loss=0.0519 | Total Loss=3.3181 | Pos Acc=0.0000 | Neg Acc=1.0000 | Precision=0.0000 | Recall=0.0000 | F1=0.0000 | Avg Prob=0.0049
2026-07-16 22:14:41,940 INFO protliggnn - Epoch 018 train loss=2.5275 PCC=0.4765 Spearman=0.4476 RMSE=1.5884 MAE=1.2854 R2=0.1621
2026-07-16 22:14:41,940 INFO protliggnn - Epoch 018 val loss=2.5558 PCC=0.5056 Spearman=0.4410 RMSE=1.5971 MAE=1.3223 R2=0.2382
2026-07-16 22:14:41,940 INFO protliggnn - Epoch 018 train diagnostics: Affinity Loss=2.5229 | Contact Loss=0.0454 | Total Loss=2.5275 | Pos Acc=0.0000 | Neg Acc=1.0000 | Precision=0.0000 | Recall=0.0000 | F1=0.0000 | Avg Prob=0.0077
2026-07-16 22:14:41,940 INFO protliggnn - Epoch 018 val diagnostics: Affinity Loss=2.5507 | Contact Loss=0.0507 | Total Loss=2.5558 | Pos Acc=0.0000 | Neg Acc=1.0000 | Precision=0.0000 | Recall=0.0000 | F1=0.0000 | Avg Prob=0.0074
2026-07-16 22:15:03,848 INFO protliggnn - Epoch 019 train loss=2.4456 PCC=0.4947 Spearman=0.4861 RMSE=1.5624 MAE=1.2429 R2=0.1893
2026-07-16 22:15:03,848 INFO protliggnn - Epoch 019 val loss=2.2041 PCC=0.5919 Spearman=0.5061 RMSE=1.4829 MAE=1.1978 R2=0.3432
2026-07-16 22:15:03,848 INFO protliggnn - Epoch 019 train diagnostics: Affinity Loss=2.4410 | Contact Loss=0.0454 | Total Loss=2.4456 | Pos Acc=0.0000 | Neg Acc=1.0000 | Precision=0.0000 | Recall=0.0000 | F1=0.0000 | Avg Prob=0.0078
2026-07-16 22:15:03,848 INFO protliggnn - Epoch 019 val diagnostics: Affinity Loss=2.1990 | Contact Loss=0.0509 | Total Loss=2.2041 | Pos Acc=0.0000 | Neg Acc=1.0000 | Precision=0.0000 | Recall=0.0000 | F1=0.0000 | Avg Prob=0.0070
2026-07-16 22:15:03,890 INFO protliggnn - Saved checkpoint for epoch 19 with validation RMSE 1.4829010525968693.
2026-07-16 22:15:26,269 INFO protliggnn - Epoch 020 train loss=2.4641 PCC=0.4948 Spearman=0.4838 RMSE=1.5683 MAE=1.2516 R2=0.1832
2026-07-16 22:15:26,269 INFO protliggnn - Epoch 020 val loss=2.1504 PCC=0.6075 Spearman=0.5629 RMSE=1.4647 MAE=1.1695 R2=0.3593
2026-07-16 22:15:26,269 INFO protliggnn - Epoch 020 train diagnostics: Affinity Loss=2.4596 | Contact Loss=0.0453 | Total Loss=2.4641 | Pos Acc=0.0000 | Neg Acc=1.0000 | Precision=0.0000 | Recall=0.0000 | F1=0.0000 | Avg Prob=0.0077
2026-07-16 22:15:26,269 INFO protliggnn - Epoch 020 val diagnostics: Affinity Loss=2.1453 | Contact Loss=0.0509 | Total Loss=2.1504 | Pos Acc=0.0000 | Neg Acc=1.0000 | Precision=0.0000 | Recall=0.0000 | F1=0.0000 | Avg Prob=0.0083
2026-07-16 22:15:26,320 INFO protliggnn - Saved checkpoint for epoch 20 with validation RMSE 1.4646799324455624.
2026-07-16 22:15:47,874 INFO protliggnn - Epoch 021 train loss=2.5775 PCC=0.4778 Spearman=0.4643 RMSE=1.6041 MAE=1.2709 R2=0.1455
2026-07-16 22:15:47,874 INFO protliggnn - Epoch 021 val loss=3.3278 PCC=0.5139 Spearman=0.4868 RMSE=1.8228 MAE=1.4098 R2=0.0076
2026-07-16 22:15:47,874 INFO protliggnn - Epoch 021 train diagnostics: Affinity Loss=2.5730 | Contact Loss=0.0453 | Total Loss=2.5775 | Pos Acc=0.0000 | Neg Acc=1.0000 | Precision=0.0000 | Recall=0.0000 | F1=0.0000 | Avg Prob=0.0076
2026-07-16 22:15:47,874 INFO protliggnn - Epoch 021 val diagnostics: Affinity Loss=3.3227 | Contact Loss=0.0505 | Total Loss=3.3278 | Pos Acc=0.0000 | Neg Acc=1.0000 | Precision=0.0000 | Recall=0.0000 | F1=0.0000 | Avg Prob=0.0078
2026-07-16 22:16:09,347 INFO protliggnn - Epoch 022 train loss=2.4552 PCC=0.4946 Spearman=0.4850 RMSE=1.5655 MAE=1.2645 R2=0.1861
2026-07-16 22:16:09,347 INFO protliggnn - Epoch 022 val loss=3.0976 PCC=0.5046 Spearman=0.5174 RMSE=1.7586 MAE=1.3476 R2=0.0764
2026-07-16 22:16:09,347 INFO protliggnn - Epoch 022 train diagnostics: Affinity Loss=2.4507 | Contact Loss=0.0453 | Total Loss=2.4552 | Pos Acc=0.0000 | Neg Acc=1.0000 | Precision=0.0000 | Recall=0.0000 | F1=0.0000 | Avg Prob=0.0075
2026-07-16 22:16:09,348 INFO protliggnn - Epoch 022 val diagnostics: Affinity Loss=3.0925 | Contact Loss=0.0508 | Total Loss=3.0976 | Pos Acc=0.0000 | Neg Acc=1.0000 | Precision=0.0000 | Recall=0.0000 | F1=0.0000 | Avg Prob=0.0073
2026-07-16 22:16:31,388 INFO protliggnn - Epoch 023 train loss=2.2571 PCC=0.5454 Spearman=0.5259 RMSE=1.5009 MAE=1.1970 R2=0.2519
2026-07-16 22:16:31,388 INFO protliggnn - Epoch 023 val loss=3.2973 PCC=0.5684 Spearman=0.5185 RMSE=1.8145 MAE=1.4917 R2=0.0167
2026-07-16 22:16:31,388 INFO protliggnn - Epoch 023 train diagnostics: Affinity Loss=2.2526 | Contact Loss=0.0453 | Total Loss=2.2571 | Pos Acc=0.0000 | Neg Acc=1.0000 | Precision=0.0000 | Recall=0.0000 | F1=0.0000 | Avg Prob=0.0074
2026-07-16 22:16:31,388 INFO protliggnn - Epoch 023 val diagnostics: Affinity Loss=3.2922 | Contact Loss=0.0511 | Total Loss=3.2973 | Pos Acc=0.0000 | Neg Acc=1.0000 | Precision=0.0000 | Recall=0.0000 | F1=0.0000 | Avg Prob=0.0059
2026-07-16 22:16:53,391 INFO protliggnn - Epoch 024 train loss=2.0170 PCC=0.6010 Spearman=0.5896 RMSE=1.4186 MAE=1.1366 R2=0.3316
2026-07-16 22:16:53,391 INFO protliggnn - Epoch 024 val loss=2.5934 PCC=0.5700 Spearman=0.5159 RMSE=1.6088 MAE=1.2614 R2=0.2269
2026-07-16 22:16:53,391 INFO protliggnn - Epoch 024 train diagnostics: Affinity Loss=2.0125 | Contact Loss=0.0452 | Total Loss=2.0170 | Pos Acc=0.0000 | Neg Acc=1.0000 | Precision=0.0000 | Recall=0.0000 | F1=0.0000 | Avg Prob=0.0074
2026-07-16 22:16:53,391 INFO protliggnn - Epoch 024 val diagnostics: Affinity Loss=2.5883 | Contact Loss=0.0506 | Total Loss=2.5934 | Pos Acc=0.0000 | Neg Acc=1.0000 | Precision=0.0000 | Recall=0.0000 | F1=0.0000 | Avg Prob=0.0081
2026-07-16 22:17:15,199 INFO protliggnn - Epoch 025 train loss=2.2140 PCC=0.5608 Spearman=0.5472 RMSE=1.4864 MAE=1.2002 R2=0.2662
2026-07-16 22:17:15,200 INFO protliggnn - Epoch 025 val loss=2.2013 PCC=0.5960 Spearman=0.5536 RMSE=1.4820 MAE=1.1955 R2=0.3440
2026-07-16 22:17:15,200 INFO protliggnn - Epoch 025 train diagnostics: Affinity Loss=2.2095 | Contact Loss=0.0453 | Total Loss=2.2140 | Pos Acc=0.0000 | Neg Acc=1.0000 | Precision=0.0000 | Recall=0.0000 | F1=0.0000 | Avg Prob=0.0073
2026-07-16 22:17:15,200 INFO protliggnn - Epoch 025 val diagnostics: Affinity Loss=2.1963 | Contact Loss=0.0506 | Total Loss=2.2013 | Pos Acc=0.0000 | Neg Acc=1.0000 | Precision=0.0000 | Recall=0.0000 | F1=0.0000 | Avg Prob=0.0068
2026-07-16 22:17:36,655 INFO protliggnn - Epoch 026 train loss=2.3962 PCC=0.5088 Spearman=0.4976 RMSE=1.5465 MAE=1.2386 R2=0.2057
2026-07-16 22:17:36,655 INFO protliggnn - Epoch 026 val loss=2.3417 PCC=0.5591 Spearman=0.5087 RMSE=1.5286 MAE=1.2441 R2=0.3021
2026-07-16 22:17:36,655 INFO protliggnn - Epoch 026 train diagnostics: Affinity Loss=2.3917 | Contact Loss=0.0453 | Total Loss=2.3962 | Pos Acc=0.0000 | Neg Acc=1.0000 | Precision=0.0000 | Recall=0.0000 | F1=0.0000 | Avg Prob=0.0071
2026-07-16 22:17:36,655 INFO protliggnn - Epoch 026 val diagnostics: Affinity Loss=2.3366 | Contact Loss=0.0507 | Total Loss=2.3417 | Pos Acc=0.0000 | Neg Acc=1.0000 | Precision=0.0000 | Recall=0.0000 | F1=0.0000 | Avg Prob=0.0087
2026-07-16 22:17:58,599 INFO protliggnn - Epoch 027 train loss=2.1310 PCC=0.5749 Spearman=0.5444 RMSE=1.4583 MAE=1.1694 R2=0.2938
2026-07-16 22:17:58,600 INFO protliggnn - Epoch 027 val loss=2.4817 PCC=0.5391 Spearman=0.4775 RMSE=1.5737 MAE=1.2382 R2=0.2603
2026-07-16 22:17:58,600 INFO protliggnn - Epoch 027 train diagnostics: Affinity Loss=2.1265 | Contact Loss=0.0451 | Total Loss=2.1310 | Pos Acc=0.0000 | Neg Acc=1.0000 | Precision=0.0000 | Recall=0.0000 | F1=0.0000 | Avg Prob=0.0074
2026-07-16 22:17:58,600 INFO protliggnn - Epoch 027 val diagnostics: Affinity Loss=2.4766 | Contact Loss=0.0507 | Total Loss=2.4817 | Pos Acc=0.0000 | Neg Acc=1.0000 | Precision=0.0000 | Recall=0.0000 | F1=0.0000 | Avg Prob=0.0061
2026-07-16 22:18:20,263 INFO protliggnn - Epoch 028 train loss=2.0808 PCC=0.5879 Spearman=0.5650 RMSE=1.4409 MAE=1.1578 R2=0.3104
2026-07-16 22:18:20,263 INFO protliggnn - Epoch 028 val loss=2.1414 PCC=0.6056 Spearman=0.5634 RMSE=1.4616 MAE=1.1716 R2=0.3619
2026-07-16 22:18:20,264 INFO protliggnn - Epoch 028 train diagnostics: Affinity Loss=2.0763 | Contact Loss=0.0452 | Total Loss=2.0808 | Pos Acc=0.0000 | Neg Acc=1.0000 | Precision=0.0000 | Recall=0.0000 | F1=0.0000 | Avg Prob=0.0073
2026-07-16 22:18:20,264 INFO protliggnn - Epoch 028 val diagnostics: Affinity Loss=2.1364 | Contact Loss=0.0508 | Total Loss=2.1414 | Pos Acc=0.0000 | Neg Acc=1.0000 | Precision=0.0000 | Recall=0.0000 | F1=0.0000 | Avg Prob=0.0068
2026-07-16 22:18:20,301 INFO protliggnn - Saved checkpoint for epoch 28 with validation RMSE 1.4616283964087284.
2026-07-16 22:18:42,807 INFO protliggnn - Epoch 029 train loss=2.3354 PCC=0.5578 Spearman=0.5416 RMSE=1.5267 MAE=1.2412 R2=0.2259
2026-07-16 22:18:42,807 INFO protliggnn - Epoch 029 val loss=3.1485 PCC=0.5658 Spearman=0.5211 RMSE=1.7730 MAE=1.4360 R2=0.0612
2026-07-16 22:18:42,807 INFO protliggnn - Epoch 029 train diagnostics: Affinity Loss=2.3309 | Contact Loss=0.0451 | Total Loss=2.3354 | Pos Acc=0.0000 | Neg Acc=1.0000 | Precision=0.0000 | Recall=0.0000 | F1=0.0000 | Avg Prob=0.0074
2026-07-16 22:18:42,807 INFO protliggnn - Epoch 029 val diagnostics: Affinity Loss=3.1434 | Contact Loss=0.0512 | Total Loss=3.1485 | Pos Acc=0.0000 | Neg Acc=1.0000 | Precision=0.0000 | Recall=0.0000 | F1=0.0000 | Avg Prob=0.0080
2026-07-16 22:19:04,546 INFO protliggnn - Epoch 030 train loss=2.1102 PCC=0.5895 Spearman=0.5721 RMSE=1.4511 MAE=1.1596 R2=0.3007
2026-07-16 22:19:04,546 INFO protliggnn - Epoch 030 val loss=2.6648 PCC=0.4752 Spearman=0.4163 RMSE=1.6309 MAE=1.3586 R2=0.2056
2026-07-16 22:19:04,546 INFO protliggnn - Epoch 030 train diagnostics: Affinity Loss=2.1057 | Contact Loss=0.0452 | Total Loss=2.1102 | Pos Acc=0.0000 | Neg Acc=1.0000 | Precision=0.0000 | Recall=0.0000 | F1=0.0000 | Avg Prob=0.0075
2026-07-16 22:19:04,546 INFO protliggnn - Epoch 030 val diagnostics: Affinity Loss=2.6597 | Contact Loss=0.0508 | Total Loss=2.6648 | Pos Acc=0.0000 | Neg Acc=1.0000 | Precision=0.0000 | Recall=0.0000 | F1=0.0000 | Avg Prob=0.0085
2026-07-16 22:19:27,883 INFO protliggnn - Epoch 031 train loss=2.0298 PCC=0.6088 Spearman=0.5911 RMSE=1.4231 MAE=1.1308 R2=0.3274
2026-07-16 22:19:27,883 INFO protliggnn - Epoch 031 val loss=2.4111 PCC=0.5619 Spearman=0.4968 RMSE=1.5511 MAE=1.2740 R2=0.2814
2026-07-16 22:19:27,883 INFO protliggnn - Epoch 031 train diagnostics: Affinity Loss=2.0253 | Contact Loss=0.0452 | Total Loss=2.0298 | Pos Acc=0.0000 | Neg Acc=1.0000 | Precision=0.0000 | Recall=0.0000 | F1=0.0000 | Avg Prob=0.0075
2026-07-16 22:19:27,883 INFO protliggnn - Epoch 031 val diagnostics: Affinity Loss=2.4060 | Contact Loss=0.0510 | Total Loss=2.4111 | Pos Acc=0.0000 | Neg Acc=1.0000 | Precision=0.0000 | Recall=0.0000 | F1=0.0000 | Avg Prob=0.0062
2026-07-16 22:19:49,254 INFO protliggnn - Epoch 032 train loss=1.9497 PCC=0.6147 Spearman=0.5943 RMSE=1.3947 MAE=1.1210 R2=0.3540
2026-07-16 22:19:49,254 INFO protliggnn - Epoch 032 val loss=2.3505 PCC=0.5827 Spearman=0.5493 RMSE=1.5315 MAE=1.2437 R2=0.2995
2026-07-16 22:19:49,254 INFO protliggnn - Epoch 032 train diagnostics: Affinity Loss=1.9452 | Contact Loss=0.0450 | Total Loss=1.9497 | Pos Acc=0.0000 | Neg Acc=1.0000 | Precision=0.0000 | Recall=0.0000 | F1=0.0000 | Avg Prob=0.0075
2026-07-16 22:19:49,254 INFO protliggnn - Epoch 032 val diagnostics: Affinity Loss=2.3454 | Contact Loss=0.0506 | Total Loss=2.3505 | Pos Acc=0.0000 | Neg Acc=1.0000 | Precision=0.0000 | Recall=0.0000 | F1=0.0000 | Avg Prob=0.0069
2026-07-16 22:20:11,465 INFO protliggnn - Epoch 033 train loss=1.8785 PCC=0.6485 Spearman=0.6356 RMSE=1.3690 MAE=1.0867 R2=0.3776
2026-07-16 22:20:11,466 INFO protliggnn - Epoch 033 val loss=2.7187 PCC=0.5370 Spearman=0.4515 RMSE=1.6473 MAE=1.3094 R2=0.1895
2026-07-16 22:20:11,466 INFO protliggnn - Epoch 033 train diagnostics: Affinity Loss=1.8740 | Contact Loss=0.0449 | Total Loss=1.8785 | Pos Acc=0.0000 | Neg Acc=1.0000 | Precision=0.0000 | Recall=0.0000 | F1=0.0000 | Avg Prob=0.0075
2026-07-16 22:20:11,466 INFO protliggnn - Epoch 033 val diagnostics: Affinity Loss=2.7136 | Contact Loss=0.0510 | Total Loss=2.7187 | Pos Acc=0.0000 | Neg Acc=1.0000 | Precision=0.0000 | Recall=0.0000 | F1=0.0000 | Avg Prob=0.0058
2026-07-16 22:20:32,970 INFO protliggnn - Epoch 034 train loss=1.8400 PCC=0.6508 Spearman=0.6303 RMSE=1.3548 MAE=1.0811 R2=0.3904
2026-07-16 22:20:32,970 INFO protliggnn - Epoch 034 val loss=2.8684 PCC=0.5806 Spearman=0.4990 RMSE=1.6922 MAE=1.3366 R2=0.1448
2026-07-16 22:20:32,971 INFO protliggnn - Epoch 034 train diagnostics: Affinity Loss=1.8355 | Contact Loss=0.0450 | Total Loss=1.8400 | Pos Acc=0.0000 | Neg Acc=1.0000 | Precision=0.0000 | Recall=0.0000 | F1=0.0000 | Avg Prob=0.0073
2026-07-16 22:20:32,971 INFO protliggnn - Epoch 034 val diagnostics: Affinity Loss=2.8634 | Contact Loss=0.0504 | Total Loss=2.8684 | Pos Acc=0.0000 | Neg Acc=1.0000 | Precision=0.0000 | Recall=0.0000 | F1=0.0000 | Avg Prob=0.0079
2026-07-16 22:20:53,981 INFO protliggnn - Epoch 035 train loss=1.8300 PCC=0.6612 Spearman=0.6380 RMSE=1.3511 MAE=1.0683 R2=0.3937
2026-07-16 22:20:53,982 INFO protliggnn - Epoch 035 val loss=2.4485 PCC=0.5437 Spearman=0.4469 RMSE=1.5631 MAE=1.3175 R2=0.2702
2026-07-16 22:20:53,982 INFO protliggnn - Epoch 035 train diagnostics: Affinity Loss=1.8255 | Contact Loss=0.0449 | Total Loss=1.8300 | Pos Acc=0.0000 | Neg Acc=1.0000 | Precision=0.0000 | Recall=0.0000 | F1=0.0000 | Avg Prob=0.0073
2026-07-16 22:20:53,982 INFO protliggnn - Epoch 035 val diagnostics: Affinity Loss=2.4434 | Contact Loss=0.0509 | Total Loss=2.4485 | Pos Acc=0.0000 | Neg Acc=1.0000 | Precision=0.0000 | Recall=0.0000 | F1=0.0000 | Avg Prob=0.0058
2026-07-16 22:21:16,086 INFO protliggnn - Epoch 036 train loss=1.7308 PCC=0.6746 Spearman=0.6622 RMSE=1.3139 MAE=1.0491 R2=0.4267
2026-07-16 22:21:16,086 INFO protliggnn - Epoch 036 val loss=2.6941 PCC=0.5421 Spearman=0.4688 RMSE=1.6398 MAE=1.3174 R2=0.1969
2026-07-16 22:21:16,086 INFO protliggnn - Epoch 036 train diagnostics: Affinity Loss=1.7263 | Contact Loss=0.0450 | Total Loss=1.7308 | Pos Acc=0.0000 | Neg Acc=1.0000 | Precision=0.0000 | Recall=0.0000 | F1=0.0000 | Avg Prob=0.0074
2026-07-16 22:21:16,086 INFO protliggnn - Epoch 036 val diagnostics: Affinity Loss=2.6890 | Contact Loss=0.0508 | Total Loss=2.6941 | Pos Acc=0.0000 | Neg Acc=1.0000 | Precision=0.0000 | Recall=0.0000 | F1=0.0000 | Avg Prob=0.0064
2026-07-16 22:21:37,455 INFO protliggnn - Epoch 037 train loss=1.6310 PCC=0.6980 Spearman=0.6802 RMSE=1.2754 MAE=1.0176 R2=0.4598
2026-07-16 22:21:37,455 INFO protliggnn - Epoch 037 val loss=2.3025 PCC=0.5717 Spearman=0.4683 RMSE=1.5157 MAE=1.2634 R2=0.3138
2026-07-16 22:21:37,455 INFO protliggnn - Epoch 037 train diagnostics: Affinity Loss=1.6265 | Contact Loss=0.0448 | Total Loss=1.6310 | Pos Acc=0.0000 | Neg Acc=1.0000 | Precision=0.0000 | Recall=0.0000 | F1=0.0000 | Avg Prob=0.0072
2026-07-16 22:21:37,455 INFO protliggnn - Epoch 037 val diagnostics: Affinity Loss=2.2974 | Contact Loss=0.0508 | Total Loss=2.3025 | Pos Acc=0.0000 | Neg Acc=1.0000 | Precision=0.0000 | Recall=0.0000 | F1=0.0000 | Avg Prob=0.0065
2026-07-16 22:21:59,117 INFO protliggnn - Epoch 038 train loss=1.6904 PCC=0.6860 Spearman=0.6760 RMSE=1.2984 MAE=1.0094 R2=0.4401
2026-07-16 22:21:59,118 INFO protliggnn - Epoch 038 val loss=2.5516 PCC=0.5536 Spearman=0.4473 RMSE=1.5958 MAE=1.2874 R2=0.2394
2026-07-16 22:21:59,118 INFO protliggnn - Epoch 038 train diagnostics: Affinity Loss=1.6859 | Contact Loss=0.0447 | Total Loss=1.6904 | Pos Acc=0.0000 | Neg Acc=1.0000 | Precision=0.0000 | Recall=0.0000 | F1=0.0000 | Avg Prob=0.0072
2026-07-16 22:21:59,118 INFO protliggnn - Epoch 038 val diagnostics: Affinity Loss=2.5465 | Contact Loss=0.0506 | Total Loss=2.5516 | Pos Acc=0.0000 | Neg Acc=1.0000 | Precision=0.0000 | Recall=0.0000 | F1=0.0000 | Avg Prob=0.0071
2026-07-16 22:21:59,118 INFO protliggnn - Early stopping triggered at epoch 38. Best epoch was 28.
2026-07-16 22:21:59,190 INFO protliggnn - Loaded best model from epoch 28 at D:\ProtLigGnn\experiments\run_074\checkpoint.pt
2026-07-16 22:22:00,737 INFO protliggnn - Test loss=2.8987 PCC=0.5024 Spearman=0.4838 RMSE=1.7012 MAE=1.2900 R2=0.2440
2026-07-16 22:22:03,264 INFO protliggnn - Wrote metrics, predictions, plots, and error analysis.
2026-07-16 22:22:03,284 INFO protliggnn - Experiment artifacts saved to D:\ProtLigGnn\experiments\run_074
