Command: D:\ProtLigGnn\venv\Scripts\python.exe protliggnn_train.py --data_dir data/pdbbind2020 --device cuda --epochs 40 --batch_size 8 --lr 0.001 --weight_decay 1e-05 --patience 10 --seed 42 --run_name protliggnn_benchmark_seed_42 --save_path experiments\run_071\checkpoint.pt --split_strategy random --split_dir splits --val_fraction 0.1 --test_fraction 0.1 --dataset_version pdbbind2020_local --experiments_root experiments --experiment_dir experiments\run_071 --log_level INFO --num_workers 0 --research_version Validated Baseline v0.95 --max_samples 1000 --allow_duplicate --hidden_dim 256 --dropout 0.2 --optimizer adam --scheduler none --pooling mean --model_type physics_guided --rbf_basis 32 --rbf_start 0.0 --rbf_stop 12.0 --rbf_proj_dim 32 --interaction_dim 32 --latent_dim 32 --chemistry_dim 32 --representation_dim 32 --attention_bias_type rbf --attention_learnable_scale true --attention_initial_alpha 0.1 --attention_normalize_bias true --contact_threshold 4.0 --loss_weight 0.1 --loss_weight_strategy fixed --contact_hidden_dim 128

2026-07-16 21:35:40,070 INFO protliggnn - Experiment directory: experiments\run_071
2026-07-16 21:35:40,070 INFO protliggnn - CLI arguments: {'data_dir': 'data/pdbbind2020', 'device': 'cuda', 'epochs': 40, 'batch_size': 8, 'lr': 0.001, 'weight_decay': 1e-05, 'patience': 10, 'seed': 42, 'max_samples': 1000, 'run_name': 'protliggnn_benchmark_seed_42', 'no_crossgraph': False, 'save_path': 'experiments\\run_071\\checkpoint.pt', 'split_strategy': 'random', 'split_dir': 'splits', 'fixed_split_dir': None, 'val_fraction': 0.1, 'test_fraction': 0.1, 'dataset_version': 'pdbbind2020_local', 'experiments_root': 'experiments', 'experiment_dir': 'experiments\\run_071', 'experiment_id': None, 'num_workers': 0, 'pin_memory': False, 'disable_experiment_tracking': False, 'resume': None, 'allow_duplicate': True, 'hidden_dim': 256, 'dropout': 0.2, 'optimizer': 'adam', 'scheduler': 'none', 'grad_clip': None, 'no_residual': False, 'no_layernorm': False, 'no_attention': False, 'pooling': 'mean', 'log_level': 'INFO', 'model_type': 'physics_guided', 'contact_threshold': 4.0, 'loss_weight': 0.1, 'loss_weight_strategy': 'fixed', 'contact_hidden_dim': 128, 'rbf_basis': 32, 'rbf_start': 0.0, 'rbf_stop': 12.0, 'rbf_proj_dim': 32, 'interaction_dim': 32, 'latent_dim': 32, 'chemistry_dim': 32, 'representation_dim': 32, 'attention_bias_type': 'rbf', 'attention_learnable_scale': 'true', 'attention_initial_alpha': 0.1, 'attention_normalize_bias': 'true', 'experiment_purpose': 'benchmark', 'research_question': 'Can ProtLigGNN reproducibly predict protein-ligand affinity under this benchmark configuration?', 'author': 'unknown', 'description': '', 'notes': '', 'tags': '', 'expected_outcome': '', 'current_milestone': 'research-infrastructure', 'architecture_version': 'protliggnn-v1', 'research_version': 'Validated Baseline v0.95'}
2026-07-16 21:35:40,071 INFO protliggnn - Loading dataset from D:\ProtLigGnn\data\pdbbind2020
2026-07-16 21:35:40,072 WARNING protliggnn.train - Censored or approximate affinity label detected: 'Kd<10uM' (relation: '<'). Treating as exact value.
2026-07-16 21:35:40,072 WARNING protliggnn.train - Censored or approximate affinity label detected: 'Ki<=17nM' (relation: '<='). Treating as exact value.
2026-07-16 21:35:40,072 WARNING protliggnn.train - Censored or approximate affinity label detected: 'IC50<=3.5nM' (relation: '<='). Treating as exact value.
2026-07-16 21:35:40,072 WARNING protliggnn.train - Censored or approximate affinity label detected: 'Ki<1.0nM' (relation: '<'). Treating as exact value.
2026-07-16 21:35:40,072 WARNING protliggnn.train - Censored or approximate affinity label detected: 'Ki<10uM' (relation: '<'). Treating as exact value.
2026-07-16 21:35:40,072 WARNING protliggnn.train - Censored or approximate affinity label detected: 'Ki<1nM' (relation: '<'). Treating as exact value.
2026-07-16 21:35:40,074 WARNING protliggnn.train - Censored or approximate affinity label detected: 'IC50<=2.0nM' (relation: '<='). Treating as exact value.
2026-07-16 21:35:40,074 WARNING protliggnn.train - Censored or approximate affinity label detected: 'IC50~10uM' (relation: '~'). Treating as exact value.
2026-07-16 21:35:40,074 WARNING protliggnn.train - Censored or approximate affinity label detected: 'Ki<0.01nM' (relation: '<'). Treating as exact value.
2026-07-16 21:35:40,074 WARNING protliggnn.train - Censored or approximate affinity label detected: 'Ki<=100nM' (relation: '<='). Treating as exact value.
2026-07-16 21:35:40,075 WARNING protliggnn.train - Censored or approximate affinity label detected: 'Ki<21nM' (relation: '<'). Treating as exact value.
2026-07-16 21:35:40,075 WARNING protliggnn.train - Censored or approximate affinity label detected: 'Ki~0.1pM' (relation: '~'). Treating as exact value.
2026-07-16 21:35:40,076 WARNING protliggnn.train - Censored or approximate affinity label detected: 'Kd<=100uM' (relation: '<='). Treating as exact value.
2026-07-16 21:35:40,076 WARNING protliggnn.train - Censored or approximate affinity label detected: 'Kd~10pM' (relation: '~'). Treating as exact value.
2026-07-16 21:35:40,076 WARNING protliggnn.train - Censored or approximate affinity label detected: 'Kd~1pM' (relation: '~'). Treating as exact value.
2026-07-16 21:35:40,150 WARNING protliggnn.train - Censored or approximate affinity label detected: 'Kd~1pM' (relation: '~'). Treating as exact value.
2026-07-16 21:35:40,151 WARNING protliggnn.train - Censored or approximate affinity label detected: 'Kd<0.010uM' (relation: '<'). Treating as exact value.
2026-07-16 21:35:40,152 WARNING protliggnn.train - Censored or approximate affinity label detected: 'Kd~0.1uM' (relation: '~'). Treating as exact value.
2026-07-16 21:35:40,152 WARNING protliggnn.train - Censored or approximate affinity label detected: 'Ki<0.3uM' (relation: '<'). Treating as exact value.
2026-07-16 21:35:40,152 WARNING protliggnn.train - Censored or approximate affinity label detected: 'IC50<0.003uM' (relation: '<'). Treating as exact value.
2026-07-16 21:35:40,152 WARNING protliggnn.train - Censored or approximate affinity label detected: 'IC50<0.05uM' (relation: '<'). Treating as exact value.
2026-07-16 21:35:40,153 WARNING protliggnn.train - Censored or approximate affinity label detected: 'IC50<0.05uM' (relation: '<'). Treating as exact value.
2026-07-16 21:35:40,154 WARNING protliggnn.train - Censored or approximate affinity label detected: 'IC50~5mM' (relation: '~'). Treating as exact value.
2026-07-16 21:35:40,154 WARNING protliggnn.train - Censored or approximate affinity label detected: 'Kd<0.12nM' (relation: '<'). Treating as exact value.
2026-07-16 21:35:40,154 WARNING protliggnn.train - Censored or approximate affinity label detected: 'Kd~0.69pM' (relation: '~'). Treating as exact value.
2026-07-16 21:35:40,155 WARNING protliggnn.train - Censored or approximate affinity label detected: 'Kd~11pM' (relation: '~'). Treating as exact value.
2026-07-16 21:35:40,155 WARNING protliggnn.train - Censored or approximate affinity label detected: 'Kd~28pM' (relation: '~'). Treating as exact value.
2026-07-16 21:35:40,155 WARNING protliggnn.train - Censored or approximate affinity label detected: 'IC50<0.003uM' (relation: '<'). Treating as exact value.
2026-07-16 21:35:40,155 WARNING protliggnn.train - Censored or approximate affinity label detected: 'IC50<20nM' (relation: '<'). Treating as exact value.
2026-07-16 21:35:40,155 WARNING protliggnn.train - Censored or approximate affinity label detected: 'IC50<5nM' (relation: '<'). Treating as exact value.
2026-07-16 21:35:40,156 WARNING protliggnn.train - Censored or approximate affinity label detected: 'Kd~1nM' (relation: '~'). Treating as exact value.
2026-07-16 21:35:40,157 WARNING protliggnn.train - Censored or approximate affinity label detected: 'Kd~1nM' (relation: '~'). Treating as exact value.
2026-07-16 21:35:40,157 WARNING protliggnn.train - Censored or approximate affinity label detected: 'Ki<10nM' (relation: '<'). Treating as exact value.
2026-07-16 21:35:40,158 WARNING protliggnn.train - Censored or approximate affinity label detected: 'Kd<10uM' (relation: '<'). Treating as exact value.
2026-07-16 21:35:40,159 WARNING protliggnn.train - Censored or approximate affinity label detected: 'IC50<100nM' (relation: '<'). Treating as exact value.
2026-07-16 21:35:40,159 WARNING protliggnn.train - Censored or approximate affinity label detected: 'Kd<2pM' (relation: '<'). Treating as exact value.
2026-07-16 21:35:40,160 WARNING protliggnn.train - Censored or approximate affinity label detected: 'Kd~50uM' (relation: '~'). Treating as exact value.
2026-07-16 21:35:40,160 WARNING protliggnn.train - Censored or approximate affinity label detected: 'Ki<=0.6nM' (relation: '<='). Treating as exact value.
2026-07-16 21:35:40,162 WARNING protliggnn.train - Censored or approximate affinity label detected: 'Kd~100uM' (relation: '~'). Treating as exact value.
2026-07-16 21:35:40,162 WARNING protliggnn.train - Censored or approximate affinity label detected: 'Kd~100uM' (relation: '~'). Treating as exact value.
2026-07-16 21:35:40,162 WARNING protliggnn.train - Censored or approximate affinity label detected: 'IC50<0.04nM' (relation: '<'). Treating as exact value.
2026-07-16 21:35:40,166 WARNING protliggnn.train - Censored or approximate affinity label detected: 'Kd~10nM' (relation: '~'). Treating as exact value.
2026-07-16 21:35:41,223 WARNING protliggnn.train - Censored or approximate affinity label detected: 'IC50<0.5nM' (relation: '<'). Treating as exact value.
2026-07-16 21:35:41,225 WARNING protliggnn.train - Censored or approximate affinity label detected: 'Kd~40mM' (relation: '~'). Treating as exact value.
2026-07-16 21:35:41,226 WARNING protliggnn.train - Censored or approximate affinity label detected: 'Ki<10uM' (relation: '<'). Treating as exact value.
2026-07-16 21:35:41,226 WARNING protliggnn.train - Censored or approximate affinity label detected: 'IC50<1.0nM' (relation: '<'). Treating as exact value.
2026-07-16 21:35:41,227 WARNING protliggnn.train - Censored or approximate affinity label detected: 'IC50<2nM' (relation: '<'). Treating as exact value.
2026-07-16 21:35:41,227 WARNING protliggnn.train - Censored or approximate affinity label detected: 'IC50<3nM' (relation: '<'). Treating as exact value.
2026-07-16 21:35:41,227 WARNING protliggnn.train - Censored or approximate affinity label detected: 'IC50<=1nM' (relation: '<='). Treating as exact value.
2026-07-16 21:35:41,228 WARNING protliggnn.train - Censored or approximate affinity label detected: 'Kd<1nM' (relation: '<'). Treating as exact value.
2026-07-16 21:35:41,230 WARNING protliggnn.train - Censored or approximate affinity label detected: 'Kd~1nM' (relation: '~'). Treating as exact value.
2026-07-16 21:35:41,230 WARNING protliggnn.train - Censored or approximate affinity label detected: 'Kd~1nM' (relation: '~'). Treating as exact value.
2026-07-16 21:35:41,231 WARNING protliggnn.train - Censored or approximate affinity label detected: 'IC50<2nM' (relation: '<'). Treating as exact value.
2026-07-16 21:35:41,232 WARNING protliggnn.train - Censored or approximate affinity label detected: 'IC50~1mM' (relation: '~'). Treating as exact value.
2026-07-16 21:35:41,232 WARNING protliggnn.train - Censored or approximate affinity label detected: 'IC50~20mM' (relation: '~'). Treating as exact value.
2026-07-16 21:35:41,232 WARNING protliggnn.train - Censored or approximate affinity label detected: 'Kd<0.1nM' (relation: '<'). Treating as exact value.
2026-07-16 21:35:41,232 WARNING protliggnn.train - Censored or approximate affinity label detected: 'Kd<1mM' (relation: '<'). Treating as exact value.
2026-07-16 21:35:41,233 WARNING protliggnn.train - Censored or approximate affinity label detected: 'Kd<60uM' (relation: '<'). Treating as exact value.
2026-07-16 21:35:41,234 WARNING protliggnn.train - Censored or approximate affinity label detected: 'Kd~300uM' (relation: '~'). Treating as exact value.
2026-07-16 21:35:41,234 WARNING protliggnn.train - Censored or approximate affinity label detected: 'Ki<50.0nM' (relation: '<'). Treating as exact value.
2026-07-16 21:35:41,234 WARNING protliggnn.train - Censored or approximate affinity label detected: 'Ki~5mM' (relation: '~'). Treating as exact value.
2026-07-16 21:35:41,234 WARNING protliggnn.train - Censored or approximate affinity label detected: 'Ki~5uM' (relation: '~'). Treating as exact value.
2026-07-16 21:35:41,234 WARNING protliggnn.train - Censored or approximate affinity label detected: 'IC50<0.001uM' (relation: '<'). Treating as exact value.
2026-07-16 21:35:41,234 WARNING protliggnn.train - Censored or approximate affinity label detected: 'IC50<0.003uM' (relation: '<'). Treating as exact value.
2026-07-16 21:35:41,234 WARNING protliggnn.train - Censored or approximate affinity label detected: 'IC50<0.004uM' (relation: '<'). Treating as exact value.
2026-07-16 21:35:41,234 WARNING protliggnn.train - Censored or approximate affinity label detected: 'IC50<10nM' (relation: '<'). Treating as exact value.
2026-07-16 21:35:41,234 WARNING protliggnn.train - Censored or approximate affinity label detected: 'IC50<2.13nM' (relation: '<'). Treating as exact value.
2026-07-16 21:35:41,236 WARNING protliggnn.train - Censored or approximate affinity label detected: 'IC50<3nM' (relation: '<'). Treating as exact value.
2026-07-16 21:35:41,236 WARNING protliggnn.train - Censored or approximate affinity label detected: 'IC50<3nM' (relation: '<'). Treating as exact value.
2026-07-16 21:35:42,809 WARNING protliggnn.train - Censored or approximate affinity label detected: 'IC50<4nM' (relation: '<'). Treating as exact value.
2026-07-16 21:35:42,809 WARNING protliggnn.train - Censored or approximate affinity label detected: 'IC50<5nM' (relation: '<'). Treating as exact value.
2026-07-16 21:35:42,809 WARNING protliggnn.train - Censored or approximate affinity label detected: 'IC50<5nM' (relation: '<'). Treating as exact value.
2026-07-16 21:35:42,810 WARNING protliggnn.train - Censored or approximate affinity label detected: 'Kd<0.1mM' (relation: '<'). Treating as exact value.
2026-07-16 21:35:42,810 WARNING protliggnn.train - Censored or approximate affinity label detected: 'Kd<0.1nM' (relation: '<'). Treating as exact value.
2026-07-16 21:35:42,810 WARNING protliggnn.train - Censored or approximate affinity label detected: 'Kd<100nM' (relation: '<'). Treating as exact value.
2026-07-16 21:35:42,810 WARNING protliggnn.train - Censored or approximate affinity label detected: 'Kd<10nM' (relation: '<'). Treating as exact value.
2026-07-16 21:35:42,811 WARNING protliggnn.train - Censored or approximate affinity label detected: 'Kd~102uM' (relation: '~'). Treating as exact value.
2026-07-16 21:35:42,811 WARNING protliggnn.train - Censored or approximate affinity label detected: 'Kd~125nM' (relation: '~'). Treating as exact value.
2026-07-16 21:35:42,811 WARNING protliggnn.train - Censored or approximate affinity label detected: 'Kd~1uM' (relation: '~'). Treating as exact value.
2026-07-16 21:35:42,811 WARNING protliggnn.train - Censored or approximate affinity label detected: 'Kd~1uM' (relation: '~'). Treating as exact value.
2026-07-16 21:35:42,811 WARNING protliggnn.train - Censored or approximate affinity label detected: 'Kd~5uM' (relation: '~'). Treating as exact value.
2026-07-16 21:35:42,811 WARNING protliggnn.train - Censored or approximate affinity label detected: 'Kd~74.3uM' (relation: '~'). Treating as exact value.
2026-07-16 21:35:42,811 WARNING protliggnn.train - Censored or approximate affinity label detected: 'Kd~85nM' (relation: '~'). Treating as exact value.
2026-07-16 21:35:42,811 WARNING protliggnn.train - Censored or approximate affinity label detected: 'Ki<0.10nM' (relation: '<'). Treating as exact value.
2026-07-16 21:35:42,812 WARNING protliggnn.train - Censored or approximate affinity label detected: 'Ki~2uM' (relation: '~'). Treating as exact value.
2026-07-16 21:35:42,812 WARNING protliggnn.train - Censored or approximate affinity label detected: 'Ki~55mM' (relation: '~'). Treating as exact value.
2026-07-16 21:35:42,812 WARNING protliggnn.train - Censored or approximate affinity label detected: 'Ki~55mM' (relation: '~'). Treating as exact value.
2026-07-16 21:35:42,812 WARNING protliggnn.train - Censored or approximate affinity label detected: 'IC50<0.01uM' (relation: '<'). Treating as exact value.
2026-07-16 21:35:42,812 WARNING protliggnn.train - Censored or approximate affinity label detected: 'IC50<0.01uM' (relation: '<'). Treating as exact value.
2026-07-16 21:35:42,812 WARNING protliggnn.train - Censored or approximate affinity label detected: 'IC50<2.5nM' (relation: '<'). Treating as exact value.
2026-07-16 21:35:42,814 WARNING protliggnn.train - Censored or approximate affinity label detected: 'IC50~0.5uM' (relation: '~'). Treating as exact value.
2026-07-16 21:35:42,814 WARNING protliggnn.train - Censored or approximate affinity label detected: 'IC50~30nM' (relation: '~'). Treating as exact value.
2026-07-16 21:35:42,814 WARNING protliggnn.train - Censored or approximate affinity label detected: 'Kd<10nM' (relation: '<'). Treating as exact value.
2026-07-16 21:35:42,814 WARNING protliggnn.train - Censored or approximate affinity label detected: 'Kd<10uM' (relation: '<'). Treating as exact value.
2026-07-16 21:35:42,814 WARNING protliggnn.train - Censored or approximate affinity label detected: 'Kd<6nM' (relation: '<'). Treating as exact value.
2026-07-16 21:35:42,816 WARNING protliggnn.train - Censored or approximate affinity label detected: 'Kd~10nM' (relation: '~'). Treating as exact value.
2026-07-16 21:35:44,463 WARNING protliggnn.train - Censored or approximate affinity label detected: 'Kd~160nM' (relation: '~'). Treating as exact value.
2026-07-16 21:35:44,463 WARNING protliggnn.train - Censored or approximate affinity label detected: 'Kd~1mM' (relation: '~'). Treating as exact value.
2026-07-16 21:35:44,463 WARNING protliggnn.train - Censored or approximate affinity label detected: 'Kd~1uM' (relation: '~'). Treating as exact value.
2026-07-16 21:35:44,463 WARNING protliggnn.train - Censored or approximate affinity label detected: 'Kd~2uM' (relation: '~'). Treating as exact value.
2026-07-16 21:35:44,463 WARNING protliggnn.train - Censored or approximate affinity label detected: 'Kd~5uM' (relation: '~'). Treating as exact value.
2026-07-16 21:35:44,463 WARNING protliggnn.train - Censored or approximate affinity label detected: 'Ki<0.05uM' (relation: '<'). Treating as exact value.
2026-07-16 21:35:44,463 WARNING protliggnn.train - Censored or approximate affinity label detected: 'Ki<1nM' (relation: '<'). Treating as exact value.
2026-07-16 21:35:44,463 WARNING protliggnn.train - Censored or approximate affinity label detected: 'Ki<1nM' (relation: '<'). Treating as exact value.
2026-07-16 21:35:44,463 WARNING protliggnn.train - Censored or approximate affinity label detected: 'Ki<1nM' (relation: '<'). Treating as exact value.
2026-07-16 21:35:44,463 WARNING protliggnn.train - Censored or approximate affinity label detected: 'Ki<1nM' (relation: '<'). Treating as exact value.
2026-07-16 21:35:44,463 WARNING protliggnn.train - Censored or approximate affinity label detected: 'Ki<2nM' (relation: '<'). Treating as exact value.
2026-07-16 21:35:44,464 WARNING protliggnn.train - Censored or approximate affinity label detected: 'Ki~10uM' (relation: '~'). Treating as exact value.
2026-07-16 21:35:44,464 WARNING protliggnn.train - Censored or approximate affinity label detected: 'Ki~14uM' (relation: '~'). Treating as exact value.
2026-07-16 21:35:44,464 WARNING protliggnn.train - Censored or approximate affinity label detected: 'Ki~50uM' (relation: '~'). Treating as exact value.
2026-07-16 21:35:44,464 WARNING protliggnn.train - Censored or approximate affinity label detected: 'IC50<1nM' (relation: '<'). Treating as exact value.
2026-07-16 21:35:44,464 WARNING protliggnn.train - Censored or approximate affinity label detected: 'IC50<4nM' (relation: '<'). Treating as exact value.
2026-07-16 21:35:44,467 WARNING protliggnn.train - Censored or approximate affinity label detected: 'IC50~10uM' (relation: '~'). Treating as exact value.
2026-07-16 21:35:44,467 WARNING protliggnn.train - Censored or approximate affinity label detected: 'IC50~10uM' (relation: '~'). Treating as exact value.
2026-07-16 21:35:44,467 WARNING protliggnn.train - Censored or approximate affinity label detected: 'IC50~1mM' (relation: '~'). Treating as exact value.
2026-07-16 21:35:44,467 WARNING protliggnn.train - Censored or approximate affinity label detected: 'IC50~30uM' (relation: '~'). Treating as exact value.
2026-07-16 21:35:44,467 WARNING protliggnn.train - Censored or approximate affinity label detected: 'IC50~30uM' (relation: '~'). Treating as exact value.
2026-07-16 21:35:44,467 WARNING protliggnn.train - Censored or approximate affinity label detected: 'IC50~38nM' (relation: '~'). Treating as exact value.
2026-07-16 21:35:44,467 WARNING protliggnn.train - Censored or approximate affinity label detected: 'Kd<0.003uM' (relation: '<'). Treating as exact value.
2026-07-16 21:35:44,467 WARNING protliggnn.train - Censored or approximate affinity label detected: 'Kd<1nM' (relation: '<'). Treating as exact value.
2026-07-16 21:35:44,469 WARNING protliggnn.train - Censored or approximate affinity label detected: 'Kd~1.7uM' (relation: '~'). Treating as exact value.
2026-07-16 21:35:44,469 WARNING protliggnn.train - Censored or approximate affinity label detected: 'Kd~200nM' (relation: '~'). Treating as exact value.
2026-07-16 21:35:44,469 WARNING protliggnn.train - Censored or approximate affinity label detected: 'Kd~200nM' (relation: '~'). Treating as exact value.
2026-07-16 21:35:46,113 WARNING protliggnn.train - Censored or approximate affinity label detected: 'Kd~3.6pM' (relation: '~'). Treating as exact value.
2026-07-16 21:35:46,113 WARNING protliggnn.train - Censored or approximate affinity label detected: 'Kd~400nM' (relation: '~'). Treating as exact value.
2026-07-16 21:35:46,113 WARNING protliggnn.train - Censored or approximate affinity label detected: 'Kd~51nM' (relation: '~'). Treating as exact value.
2026-07-16 21:35:46,113 WARNING protliggnn.train - Censored or approximate affinity label detected: 'Kd~9.6uM' (relation: '~'). Treating as exact value.
2026-07-16 21:35:46,113 WARNING protliggnn.train - Censored or approximate affinity label detected: 'Ki<0.01nM' (relation: '<'). Treating as exact value.
2026-07-16 21:35:46,113 WARNING protliggnn.train - Censored or approximate affinity label detected: 'Ki<0.0845uM' (relation: '<'). Treating as exact value.
2026-07-16 21:35:46,113 WARNING protliggnn.train - Censored or approximate affinity label detected: 'Ki<0.2nM' (relation: '<'). Treating as exact value.
2026-07-16 21:35:46,113 WARNING protliggnn.train - Censored or approximate affinity label detected: 'Ki<0.2nM' (relation: '<'). Treating as exact value.
2026-07-16 21:35:46,113 WARNING protliggnn.train - Censored or approximate affinity label detected: 'Ki<10mM' (relation: '<'). Treating as exact value.
2026-07-16 21:35:46,113 WARNING protliggnn.train - Censored or approximate affinity label detected: 'Ki<2mM' (relation: '<'). Treating as exact value.
2026-07-16 21:35:46,114 WARNING protliggnn.train - Censored or approximate affinity label detected: 'Ki~1.3uM' (relation: '~'). Treating as exact value.
2026-07-16 21:35:46,114 WARNING protliggnn.train - Censored or approximate affinity label detected: 'Ki~1.3uM' (relation: '~'). Treating as exact value.
2026-07-16 21:35:46,114 WARNING protliggnn.train - Censored or approximate affinity label detected: 'Ki~67uM' (relation: '~'). Treating as exact value.
2026-07-16 21:35:46,114 WARNING protliggnn.train - Censored or approximate affinity label detected: 'IC50<0.001uM' (relation: '<'). Treating as exact value.
2026-07-16 21:35:46,114 WARNING protliggnn.train - Censored or approximate affinity label detected: 'IC50<0.086uM' (relation: '<'). Treating as exact value.
2026-07-16 21:35:46,114 WARNING protliggnn.train - Censored or approximate affinity label detected: 'IC50<0.086uM' (relation: '<'). Treating as exact value.
2026-07-16 21:35:46,114 WARNING protliggnn.train - Censored or approximate affinity label detected: 'IC50<0.086uM' (relation: '<'). Treating as exact value.
2026-07-16 21:35:46,114 WARNING protliggnn.train - Censored or approximate affinity label detected: 'IC50<0.086uM' (relation: '<'). Treating as exact value.
2026-07-16 21:35:46,114 WARNING protliggnn.train - Censored or approximate affinity label detected: 'IC50<0.086uM' (relation: '<'). Treating as exact value.
2026-07-16 21:35:46,114 WARNING protliggnn.train - Censored or approximate affinity label detected: 'IC50<1.37uM' (relation: '<'). Treating as exact value.
2026-07-16 21:35:46,114 WARNING protliggnn.train - Censored or approximate affinity label detected: 'IC50<10nM' (relation: '<'). Treating as exact value.
2026-07-16 21:35:46,114 WARNING protliggnn.train - Censored or approximate affinity label detected: 'IC50<10uM' (relation: '<'). Treating as exact value.
2026-07-16 21:35:46,114 WARNING protliggnn.train - Censored or approximate affinity label detected: 'IC50<15nM' (relation: '<'). Treating as exact value.
2026-07-16 21:35:46,114 WARNING protliggnn.train - Censored or approximate affinity label detected: 'IC50<1nM' (relation: '<'). Treating as exact value.
2026-07-16 21:35:46,116 WARNING protliggnn.train - Censored or approximate affinity label detected: 'IC50~1.3mM' (relation: '~'). Treating as exact value.
2026-07-16 21:35:46,116 WARNING protliggnn.train - Censored or approximate affinity label detected: 'IC50~10000nM' (relation: '~'). Treating as exact value.
2026-07-16 21:35:46,116 WARNING protliggnn.train - Censored or approximate affinity label detected: 'IC50~33uM' (relation: '~'). Treating as exact value.
2026-07-16 21:35:47,751 WARNING protliggnn.train - Censored or approximate affinity label detected: 'IC50~4mM' (relation: '~'). Treating as exact value.
2026-07-16 21:35:47,751 WARNING protliggnn.train - Censored or approximate affinity label detected: 'Kd<0.03uM' (relation: '<'). Treating as exact value.
2026-07-16 21:35:47,751 WARNING protliggnn.train - Censored or approximate affinity label detected: 'Kd<0.05nM' (relation: '<'). Treating as exact value.
2026-07-16 21:35:47,751 WARNING protliggnn.train - Censored or approximate affinity label detected: 'Kd<10nM' (relation: '<'). Treating as exact value.
2026-07-16 21:35:47,751 WARNING protliggnn.train - Censored or approximate affinity label detected: 'Kd<1nM' (relation: '<'). Treating as exact value.
2026-07-16 21:35:47,751 WARNING protliggnn.train - Censored or approximate affinity label detected: 'Kd<1nM' (relation: '<'). Treating as exact value.
2026-07-16 21:35:47,753 WARNING protliggnn.train - Censored or approximate affinity label detected: 'Kd~185uM' (relation: '~'). Treating as exact value.
2026-07-16 21:35:47,753 WARNING protliggnn.train - Censored or approximate affinity label detected: 'Kd~23mM' (relation: '~'). Treating as exact value.
2026-07-16 21:35:47,753 WARNING protliggnn.train - Censored or approximate affinity label detected: 'Kd~2uM' (relation: '~'). Treating as exact value.
2026-07-16 21:35:47,753 WARNING protliggnn.train - Censored or approximate affinity label detected: 'Kd~300nM' (relation: '~'). Treating as exact value.
2026-07-16 21:35:47,753 WARNING protliggnn.train - Censored or approximate affinity label detected: 'Kd~364nM' (relation: '~'). Treating as exact value.
2026-07-16 21:35:47,753 WARNING protliggnn.train - Censored or approximate affinity label detected: 'Kd~8.11uM' (relation: '~'). Treating as exact value.
2026-07-16 21:35:47,753 WARNING protliggnn.train - Censored or approximate affinity label detected: 'Ki<0.0005uM' (relation: '<'). Treating as exact value.
2026-07-16 21:35:47,753 WARNING protliggnn.train - Censored or approximate affinity label detected: 'Ki<0.01nM' (relation: '<'). Treating as exact value.
2026-07-16 21:35:47,753 WARNING protliggnn.train - Censored or approximate affinity label detected: 'Ki<0.025nM' (relation: '<'). Treating as exact value.
2026-07-16 21:35:47,754 WARNING protliggnn.train - Censored or approximate affinity label detected: 'Ki~5uM' (relation: '~'). Treating as exact value.
2026-07-16 21:35:47,754 WARNING protliggnn.train - Censored or approximate affinity label detected: 'IC50<0.004uM' (relation: '<'). Treating as exact value.
2026-07-16 21:35:47,754 WARNING protliggnn.train - Censored or approximate affinity label detected: 'IC50<10nM' (relation: '<'). Treating as exact value.
2026-07-16 21:35:47,754 WARNING protliggnn.train - Censored or approximate affinity label detected: 'IC50<10nM' (relation: '<'). Treating as exact value.
2026-07-16 21:35:47,754 WARNING protliggnn.train - Censored or approximate affinity label detected: 'IC50<10nM' (relation: '<'). Treating as exact value.
2026-07-16 21:35:47,754 WARNING protliggnn.train - Censored or approximate affinity label detected: 'IC50<10nM' (relation: '<'). Treating as exact value.
2026-07-16 21:35:47,754 WARNING protliggnn.train - Censored or approximate affinity label detected: 'IC50<10nM' (relation: '<'). Treating as exact value.
2026-07-16 21:35:47,754 WARNING protliggnn.train - Censored or approximate affinity label detected: 'IC50<10nM' (relation: '<'). Treating as exact value.
2026-07-16 21:35:47,754 WARNING protliggnn.train - Censored or approximate affinity label detected: 'IC50<25nM' (relation: '<'). Treating as exact value.
2026-07-16 21:35:47,754 WARNING protliggnn.train - Censored or approximate affinity label detected: 'IC50<3nM' (relation: '<'). Treating as exact value.
2026-07-16 21:35:47,756 WARNING protliggnn.train - Censored or approximate affinity label detected: 'IC50~100uM' (relation: '~'). Treating as exact value.
2026-07-16 21:35:47,756 WARNING protliggnn.train - Censored or approximate affinity label detected: 'IC50~1mM' (relation: '~'). Treating as exact value.
2026-07-16 21:35:49,352 WARNING protliggnn.train - Censored or approximate affinity label detected: 'Kd<10nM' (relation: '<'). Treating as exact value.
2026-07-16 21:35:49,353 WARNING protliggnn.train - Censored or approximate affinity label detected: 'Kd~0.13uM' (relation: '~'). Treating as exact value.
2026-07-16 21:35:49,353 WARNING protliggnn.train - Censored or approximate affinity label detected: 'Kd~1.5uM' (relation: '~'). Treating as exact value.
2026-07-16 21:35:49,353 WARNING protliggnn.train - Censored or approximate affinity label detected: 'Kd~200uM' (relation: '~'). Treating as exact value.
2026-07-16 21:35:49,353 WARNING protliggnn.train - Censored or approximate affinity label detected: 'Kd~50uM' (relation: '~'). Treating as exact value.
2026-07-16 21:35:49,353 WARNING protliggnn.train - Censored or approximate affinity label detected: 'Ki<0.001uM' (relation: '<'). Treating as exact value.
2026-07-16 21:35:49,354 WARNING protliggnn.train - Censored or approximate affinity label detected: 'Ki<0.01nM' (relation: '<'). Treating as exact value.
2026-07-16 21:35:49,355 WARNING protliggnn.train - Censored or approximate affinity label detected: 'IC50<0.001uM' (relation: '<'). Treating as exact value.
2026-07-16 21:35:49,355 WARNING protliggnn.train - Censored or approximate affinity label detected: 'IC50<0.005uM' (relation: '<'). Treating as exact value.
2026-07-16 21:35:49,355 WARNING protliggnn.train - Censored or approximate affinity label detected: 'IC50<0.2uM' (relation: '<'). Treating as exact value.
2026-07-16 21:35:49,355 WARNING protliggnn.train - Censored or approximate affinity label detected: 'IC50<0.32nM' (relation: '<'). Treating as exact value.
2026-07-16 21:35:49,355 WARNING protliggnn.train - Censored or approximate affinity label detected: 'IC50<0.3nM' (relation: '<'). Treating as exact value.
2026-07-16 21:35:49,355 WARNING protliggnn.train - Censored or approximate affinity label detected: 'IC50<0.3nM' (relation: '<'). Treating as exact value.
2026-07-16 21:35:49,355 WARNING protliggnn.train - Censored or approximate affinity label detected: 'IC50<1.13nM' (relation: '<'). Treating as exact value.
2026-07-16 21:35:49,355 WARNING protliggnn.train - Censored or approximate affinity label detected: 'IC50<25nM' (relation: '<'). Treating as exact value.
2026-07-16 21:35:49,355 WARNING protliggnn.train - Censored or approximate affinity label detected: 'IC50<3nM' (relation: '<'). Treating as exact value.
2026-07-16 21:35:49,355 WARNING protliggnn.train - Censored or approximate affinity label detected: 'IC50<50nM' (relation: '<'). Treating as exact value.
2026-07-16 21:35:49,355 WARNING protliggnn.train - Censored or approximate affinity label detected: 'IC50<50nM' (relation: '<'). Treating as exact value.
2026-07-16 21:35:49,355 WARNING protliggnn.train - Censored or approximate affinity label detected: 'IC50<50nM' (relation: '<'). Treating as exact value.
2026-07-16 21:35:49,356 WARNING protliggnn.train - Censored or approximate affinity label detected: 'IC50~0.8mM' (relation: '~'). Treating as exact value.
2026-07-16 21:35:49,356 WARNING protliggnn.train - Censored or approximate affinity label detected: 'IC50~0.8mM' (relation: '~'). Treating as exact value.
2026-07-16 21:35:49,356 WARNING protliggnn.train - Censored or approximate affinity label detected: 'IC50~100uM' (relation: '~'). Treating as exact value.
2026-07-16 21:35:49,356 WARNING protliggnn.train - Censored or approximate affinity label detected: 'IC50~6nM' (relation: '~'). Treating as exact value.
2026-07-16 21:35:49,356 WARNING protliggnn.train - Censored or approximate affinity label detected: 'Kd<2nM' (relation: '<'). Treating as exact value.
2026-07-16 21:35:49,358 WARNING protliggnn.train - Censored or approximate affinity label detected: 'Kd~1.8uM' (relation: '~'). Treating as exact value.
2026-07-16 21:35:49,358 WARNING protliggnn.train - Censored or approximate affinity label detected: 'Kd~100nM' (relation: '~'). Treating as exact value.
2026-07-16 21:35:49,358 WARNING protliggnn.train - Censored or approximate affinity label detected: 'Kd~100nM' (relation: '~'). Treating as exact value.
2026-07-16 21:35:51,040 WARNING protliggnn.train - Censored or approximate affinity label detected: 'Kd~12uM' (relation: '~'). Treating as exact value.
2026-07-16 21:35:51,040 WARNING protliggnn.train - Censored or approximate affinity label detected: 'Kd~12uM' (relation: '~'). Treating as exact value.
2026-07-16 21:35:51,040 WARNING protliggnn.train - Censored or approximate affinity label detected: 'Kd~13uM' (relation: '~'). Treating as exact value.
2026-07-16 21:35:51,040 WARNING protliggnn.train - Censored or approximate affinity label detected: 'Kd~300nM' (relation: '~'). Treating as exact value.
2026-07-16 21:35:51,040 WARNING protliggnn.train - Censored or approximate affinity label detected: 'Kd~500uM' (relation: '~'). Treating as exact value.
2026-07-16 21:35:51,040 WARNING protliggnn.train - Censored or approximate affinity label detected: 'Kd~500uM' (relation: '~'). Treating as exact value.
2026-07-16 21:35:51,040 WARNING protliggnn.train - Censored or approximate affinity label detected: 'Kd~600uM' (relation: '~'). Treating as exact value.
2026-07-16 21:35:51,040 WARNING protliggnn.train - Censored or approximate affinity label detected: 'Kd~9uM' (relation: '~'). Treating as exact value.
2026-07-16 21:35:51,040 WARNING protliggnn.train - Censored or approximate affinity label detected: 'Ki<0.01uM' (relation: '<'). Treating as exact value.
2026-07-16 21:35:51,040 WARNING protliggnn.train - Censored or approximate affinity label detected: 'Ki<0.05nM' (relation: '<'). Treating as exact value.
2026-07-16 21:35:51,040 WARNING protliggnn.train - Censored or approximate affinity label detected: 'Ki<1nM' (relation: '<'). Treating as exact value.
2026-07-16 21:35:51,040 WARNING protliggnn.train - Censored or approximate affinity label detected: 'Ki<1nM' (relation: '<'). Treating as exact value.
2026-07-16 21:35:51,041 WARNING protliggnn.train - Censored or approximate affinity label detected: 'Ki<5nM' (relation: '<'). Treating as exact value.
2026-07-16 21:35:51,042 WARNING protliggnn.train - Censored or approximate affinity label detected: 'IC50<0.030uM' (relation: '<'). Treating as exact value.
2026-07-16 21:35:51,042 WARNING protliggnn.train - Censored or approximate affinity label detected: 'IC50<1nM' (relation: '<'). Treating as exact value.
2026-07-16 21:35:51,042 WARNING protliggnn.train - Censored or approximate affinity label detected: 'IC50<40nM' (relation: '<'). Treating as exact value.
2026-07-16 21:35:51,042 WARNING protliggnn.train - Censored or approximate affinity label detected: 'IC50<5nM' (relation: '<'). Treating as exact value.
2026-07-16 21:35:51,044 WARNING protliggnn.train - Censored or approximate affinity label detected: 'IC50~0.5uM' (relation: '~'). Treating as exact value.
2026-07-16 21:35:51,044 WARNING protliggnn.train - Censored or approximate affinity label detected: 'IC50~1.8uM' (relation: '~'). Treating as exact value.
2026-07-16 21:35:51,044 WARNING protliggnn.train - Censored or approximate affinity label detected: 'IC50~1mM' (relation: '~'). Treating as exact value.
2026-07-16 21:35:51,044 WARNING protliggnn.train - Censored or approximate affinity label detected: 'IC50~700nM' (relation: '~'). Treating as exact value.
2026-07-16 21:35:51,044 WARNING protliggnn.train - Censored or approximate affinity label detected: 'Kd<0.001nM' (relation: '<'). Treating as exact value.
2026-07-16 21:35:51,044 WARNING protliggnn.train - Censored or approximate affinity label detected: 'Kd<0.10uM' (relation: '<'). Treating as exact value.
2026-07-16 21:35:51,044 WARNING protliggnn.train - Censored or approximate affinity label detected: 'Kd<0.4uM' (relation: '<'). Treating as exact value.
2026-07-16 21:35:51,044 WARNING protliggnn.train - Censored or approximate affinity label detected: 'Kd<1nM' (relation: '<'). Treating as exact value.
2026-07-16 21:35:51,047 WARNING protliggnn.train - Censored or approximate affinity label detected: 'Kd~0.2uM' (relation: '~'). Treating as exact value.
2026-07-16 21:35:51,047 WARNING protliggnn.train - Censored or approximate affinity label detected: 'Kd~120nM' (relation: '~'). Treating as exact value.
2026-07-16 21:35:52,761 WARNING protliggnn.train - Censored or approximate affinity label detected: 'Kd~23uM' (relation: '~'). Treating as exact value.
2026-07-16 21:35:52,761 WARNING protliggnn.train - Censored or approximate affinity label detected: 'Kd~23uM' (relation: '~'). Treating as exact value.
2026-07-16 21:35:52,761 WARNING protliggnn.train - Censored or approximate affinity label detected: 'Kd~23uM' (relation: '~'). Treating as exact value.
2026-07-16 21:35:52,761 WARNING protliggnn.train - Censored or approximate affinity label detected: 'Kd~24uM' (relation: '~'). Treating as exact value.
2026-07-16 21:35:52,761 WARNING protliggnn.train - Censored or approximate affinity label detected: 'Kd~25uM' (relation: '~'). Treating as exact value.
2026-07-16 21:35:52,761 WARNING protliggnn.train - Censored or approximate affinity label detected: 'Kd~3nM' (relation: '~'). Treating as exact value.
2026-07-16 21:35:52,761 WARNING protliggnn.train - Censored or approximate affinity label detected: 'Kd~5uM' (relation: '~'). Treating as exact value.
2026-07-16 21:35:52,761 WARNING protliggnn.train - Censored or approximate affinity label detected: 'Kd~7nM' (relation: '~'). Treating as exact value.
2026-07-16 21:35:52,761 WARNING protliggnn.train - Censored or approximate affinity label detected: 'Kd~80uM' (relation: '~'). Treating as exact value.
2026-07-16 21:35:52,761 WARNING protliggnn.train - Censored or approximate affinity label detected: 'Ki<1.0nM' (relation: '<'). Treating as exact value.
2026-07-16 21:35:52,761 WARNING protliggnn.train - Censored or approximate affinity label detected: 'Ki<1.3nM' (relation: '<'). Treating as exact value.
2026-07-16 21:35:52,761 WARNING protliggnn.train - Censored or approximate affinity label detected: 'Ki<1nM' (relation: '<'). Treating as exact value.
2026-07-16 21:35:52,761 WARNING protliggnn.train - Censored or approximate affinity label detected: 'Ki<5pM' (relation: '<'). Treating as exact value.
2026-07-16 21:35:52,761 WARNING protliggnn.train - Censored or approximate affinity label detected: 'Ki<5pM' (relation: '<'). Treating as exact value.
2026-07-16 21:35:52,762 WARNING protliggnn.train - Censored or approximate affinity label detected: 'Ki<5pM' (relation: '<'). Treating as exact value.
2026-07-16 21:35:52,762 WARNING protliggnn.train - Censored or approximate affinity label detected: 'Ki<5pM' (relation: '<'). Treating as exact value.
2026-07-16 21:35:52,762 WARNING protliggnn.train - Censored or approximate affinity label detected: 'Ki<5pM' (relation: '<'). Treating as exact value.
2026-07-16 21:35:52,762 WARNING protliggnn.train - Censored or approximate affinity label detected: 'Ki<5pM' (relation: '<'). Treating as exact value.
2026-07-16 21:35:52,763 WARNING protliggnn.train - Censored or approximate affinity label detected: 'IC50<15nM' (relation: '<'). Treating as exact value.
2026-07-16 21:35:52,763 WARNING protliggnn.train - Censored or approximate affinity label detected: 'IC50<1nM' (relation: '<'). Treating as exact value.
2026-07-16 21:35:52,763 WARNING protliggnn.train - Censored or approximate affinity label detected: 'IC50<1nM' (relation: '<'). Treating as exact value.
2026-07-16 21:35:52,763 WARNING protliggnn.train - Censored or approximate affinity label detected: 'IC50<2nM' (relation: '<'). Treating as exact value.
2026-07-16 21:35:52,763 WARNING protliggnn.train - Censored or approximate affinity label detected: 'IC50<2nM' (relation: '<'). Treating as exact value.
2026-07-16 21:35:52,763 WARNING protliggnn.train - Censored or approximate affinity label detected: 'IC50<2nM' (relation: '<'). Treating as exact value.
2026-07-16 21:35:52,765 WARNING protliggnn.train - Censored or approximate affinity label detected: 'IC50~330uM' (relation: '~'). Treating as exact value.
2026-07-16 21:35:52,765 WARNING protliggnn.train - Censored or approximate affinity label detected: 'IC50~450uM' (relation: '~'). Treating as exact value.
2026-07-16 21:35:52,765 WARNING protliggnn.train - Censored or approximate affinity label detected: 'Kd<0.8nM' (relation: '<'). Treating as exact value.
2026-07-16 21:35:54,346 WARNING protliggnn.train - Censored or approximate affinity label detected: 'Kd<1.26nM' (relation: '<'). Treating as exact value.
2026-07-16 21:35:54,346 WARNING protliggnn.train - Censored or approximate affinity label detected: 'Kd<2.3nM' (relation: '<'). Treating as exact value.
2026-07-16 21:35:54,346 WARNING protliggnn.train - Censored or approximate affinity label detected: 'Kd<55uM' (relation: '<'). Treating as exact value.
2026-07-16 21:35:54,346 WARNING protliggnn.train - Censored or approximate affinity label detected: 'Kd<55uM' (relation: '<'). Treating as exact value.
2026-07-16 21:35:54,348 WARNING protliggnn.train - Censored or approximate affinity label detected: 'Kd~11uM' (relation: '~'). Treating as exact value.
2026-07-16 21:35:54,349 WARNING protliggnn.train - Censored or approximate affinity label detected: 'Kd~200nM' (relation: '~'). Treating as exact value.
2026-07-16 21:35:54,349 WARNING protliggnn.train - Censored or approximate affinity label detected: 'Kd~25uM' (relation: '~'). Treating as exact value.
2026-07-16 21:35:54,349 WARNING protliggnn.train - Censored or approximate affinity label detected: 'Kd~2nM' (relation: '~'). Treating as exact value.
2026-07-16 21:35:54,349 WARNING protliggnn.train - Censored or approximate affinity label detected: 'Ki<0.005nM' (relation: '<'). Treating as exact value.
2026-07-16 21:35:54,349 WARNING protliggnn.train - Censored or approximate affinity label detected: 'Ki<0.005nM' (relation: '<'). Treating as exact value.
2026-07-16 21:35:54,349 WARNING protliggnn.train - Censored or approximate affinity label detected: 'Ki<0.005nM' (relation: '<'). Treating as exact value.
2026-07-16 21:35:54,349 WARNING protliggnn.train - Censored or approximate affinity label detected: 'Ki<0.9nM' (relation: '<'). Treating as exact value.
2026-07-16 21:35:55,667 INFO protliggnn - Found 1000 candidate complexes with labels and matching files before validation.
2026-07-16 21:35:55,671 INFO protliggnn - Found graph cache at data\pdbbind2020\processed_dataset.pt. Validating...
2026-07-16 21:35:55,686 WARNING protliggnn - Cache manifest validation failed (mismatched hashes, checksums or versions).
2026-07-16 21:35:55,686 INFO protliggnn - Cache is missing or invalid. Building graphs from scratch...
2026-07-16 21:35:55,686 INFO protliggnn.train - Processing 1000 complexes sequentially...

Processing complexes:   0%|          | 0/1000 [00:00<?, ?it/s]
Processing complexes:   0%|          | 5/1000 [00:00<00:20, 48.13it/s]
Processing complexes:   1%|1         | 11/1000 [00:00<00:22, 44.16it/s]
Processing complexes:   2%|1         | 16/1000 [00:00<00:35, 27.61it/s]
Processing complexes:   2%|2         | 20/1000 [00:00<00:35, 27.41it/s]
Processing complexes:   2%|2         | 24/1000 [00:00<00:43, 22.37it/s]
Processing complexes:   3%|2         | 27/1000 [00:01<00:48, 20.10it/s]
Processing complexes:   3%|3         | 30/1000 [00:01<00:55, 17.42it/s]
Processing complexes:   3%|3         | 32/1000 [00:01<00:58, 16.57it/s]
Processing complexes:   3%|3         | 34/1000 [00:01<00:57, 16.74it/s]
Processing complexes:   4%|3         | 36/1000 [00:01<00:55, 17.33it/s]
Processing complexes:   4%|3         | 38/1000 [00:01<00:55, 17.37it/s]
Processing complexes:   4%|4         | 40/1000 [00:01<00:57, 16.61it/s]
Processing complexes:   4%|4         | 43/1000 [00:02<00:51, 18.42it/s]
Processing complexes:   5%|4         | 46/1000 [00:02<00:47, 19.93it/s]
Processing complexes:   5%|4         | 49/1000 [00:02<00:45, 20.92it/s]
Processing complexes:   5%|5         | 52/1000 [00:02<00:47, 20.08it/s]
Processing complexes:   6%|5         | 55/1000 [00:02<00:47, 19.92it/s]
Processing complexes:   6%|5         | 58/1000 [00:02<00:47, 19.83it/s]
Processing complexes:   6%|6         | 60/1000 [00:02<00:48, 19.34it/s]
Processing complexes:   6%|6         | 62/1000 [00:03<00:50, 18.72it/s]
Processing complexes:   6%|6         | 64/1000 [00:03<00:50, 18.49it/s]
Processing complexes:   7%|6         | 66/1000 [00:03<00:49, 18.76it/s]
Processing complexes:   7%|6         | 69/1000 [00:03<00:47, 19.48it/s]
Processing complexes:   7%|7         | 71/1000 [00:03<00:48, 19.09it/s]
Processing complexes:   7%|7         | 73/1000 [00:03<00:49, 18.80it/s]
Processing complexes:   8%|7         | 75/1000 [00:03<00:48, 19.10it/s]
Processing complexes:   8%|7         | 77/1000 [00:03<00:50, 18.34it/s]
Processing complexes:   8%|7         | 79/1000 [00:03<00:51, 17.82it/s]
Processing complexes:   8%|8         | 81/1000 [00:04<00:52, 17.45it/s]
Processing complexes:   8%|8         | 84/1000 [00:04<00:50, 18.16it/s]
Processing complexes:   9%|8         | 86/1000 [00:04<01:07, 13.58it/s]
Processing complexes:   9%|8         | 88/1000 [00:04<01:14, 12.19it/s]
Processing complexes:   9%|9         | 90/1000 [00:04<01:19, 11.39it/s]
Processing complexes:   9%|9         | 92/1000 [00:05<01:25, 10.62it/s]
Processing complexes:   9%|9         | 94/1000 [00:05<01:18, 11.50it/s]
Processing complexes:  10%|9         | 96/1000 [00:05<01:10, 12.87it/s]
Processing complexes:  10%|9         | 99/1000 [00:05<00:59, 15.25it/s]
Processing complexes:  10%|#         | 101/1000 [00:05<00:58, 15.50it/s]
Processing complexes:  10%|#         | 103/1000 [00:05<01:04, 13.92it/s]
Processing complexes:  10%|#         | 105/1000 [00:06<01:23, 10.66it/s]
Processing complexes:  11%|#         | 107/1000 [00:06<01:30,  9.91it/s]
Processing complexes:  11%|#         | 109/1000 [00:06<01:19, 11.20it/s]
Processing complexes:  11%|#1        | 111/1000 [00:06<01:16, 11.61it/s]
Processing complexes:  11%|#1        | 113/1000 [00:06<01:14, 11.95it/s]
Processing complexes:  12%|#1        | 115/1000 [00:06<01:09, 12.65it/s]
Processing complexes:  12%|#1        | 117/1000 [00:07<01:23, 10.63it/s]
Processing complexes:  12%|#1        | 119/1000 [00:07<01:16, 11.58it/s]
Processing complexes:  12%|#2        | 121/1000 [00:07<01:07, 12.95it/s]
Processing complexes:  12%|#2        | 124/1000 [00:07<00:56, 15.57it/s]
Processing complexes:  13%|#2        | 127/1000 [00:07<00:50, 17.39it/s]
Processing complexes:  13%|#2        | 129/1000 [00:07<00:56, 15.35it/s]
Processing complexes:  13%|#3        | 131/1000 [00:08<00:59, 14.50it/s]
Processing complexes:  13%|#3        | 133/1000 [00:08<00:56, 15.22it/s]
Processing complexes:  14%|#3        | 135/1000 [00:08<00:57, 15.11it/s]
Processing complexes:  14%|#3        | 137/1000 [00:08<00:55, 15.65it/s]
Processing complexes:  14%|#3        | 139/1000 [00:08<00:54, 15.69it/s]
Processing complexes:  14%|#4        | 141/1000 [00:08<00:52, 16.34it/s]
Processing complexes:  14%|#4        | 143/1000 [00:08<00:59, 14.34it/s]
Processing complexes:  14%|#4        | 145/1000 [00:08<00:58, 14.72it/s]
Processing complexes:  15%|#4        | 147/1000 [00:09<00:56, 15.08it/s]
Processing complexes:  15%|#4        | 149/1000 [00:09<00:57, 14.91it/s]
Processing complexes:  15%|#5        | 151/1000 [00:09<01:04, 13.15it/s]
Processing complexes:  15%|#5        | 153/1000 [00:09<01:15, 11.21it/s]
Processing complexes:  16%|#5        | 155/1000 [00:09<01:10, 11.96it/s]
Processing complexes:  16%|#5        | 157/1000 [00:09<01:11, 11.87it/s]
Processing complexes:  16%|#5        | 159/1000 [00:10<01:12, 11.57it/s]
Processing complexes:  16%|#6        | 161/1000 [00:10<01:06, 12.71it/s]
Processing complexes:  16%|#6        | 163/1000 [00:10<01:04, 12.98it/s]
Processing complexes:  16%|#6        | 165/1000 [00:10<01:01, 13.52it/s]
Processing complexes:  17%|#6        | 167/1000 [00:10<01:04, 12.92it/s]
Processing complexes:  17%|#6        | 169/1000 [00:10<01:06, 12.46it/s]
Processing complexes:  17%|#7        | 171/1000 [00:11<01:19, 10.40it/s]
Processing complexes:  17%|#7        | 173/1000 [00:11<01:16, 10.79it/s]
Processing complexes:  18%|#7        | 175/1000 [00:11<01:15, 10.89it/s]
Processing complexes:  18%|#7        | 177/1000 [00:11<01:10, 11.62it/s]
Processing complexes:  18%|#7        | 179/1000 [00:11<01:16, 10.74it/s]
Processing complexes:  18%|#8        | 181/1000 [00:11<01:11, 11.53it/s]
Processing complexes:  18%|#8        | 183/1000 [00:12<01:18, 10.45it/s]
Processing complexes:  18%|#8        | 185/1000 [00:12<01:23,  9.74it/s]
Processing complexes:  19%|#8        | 187/1000 [00:12<01:33,  8.74it/s]
Processing complexes:  19%|#8        | 188/1000 [00:12<01:34,  8.63it/s]
Processing complexes:  19%|#8        | 189/1000 [00:13<01:37,  8.35it/s]
Processing complexes:  19%|#9        | 191/1000 [00:13<01:21,  9.88it/s]
Processing complexes:  19%|#9        | 193/1000 [00:13<01:18, 10.32it/s]
Processing complexes:  20%|#9        | 195/1000 [00:13<01:22,  9.78it/s]
Processing complexes:  20%|#9        | 197/1000 [00:13<01:12, 11.01it/s]
Processing complexes:  20%|#9        | 199/1000 [00:13<01:06, 12.11it/s]
Processing complexes:  20%|##        | 201/1000 [00:14<01:09, 11.44it/s]
Processing complexes:  20%|##        | 203/1000 [00:14<01:06, 11.98it/s]
Processing complexes:  20%|##        | 205/1000 [00:14<01:03, 12.58it/s]
Processing complexes:  21%|##        | 207/1000 [00:14<01:00, 13.05it/s]
Processing complexes:  21%|##        | 209/1000 [00:14<00:57, 13.68it/s]
Processing complexes:  21%|##1       | 211/1000 [00:14<00:53, 14.79it/s]
Processing complexes:  21%|##1       | 213/1000 [00:14<00:52, 15.11it/s]
Processing complexes:  22%|##1       | 215/1000 [00:14<00:54, 14.28it/s]
Processing complexes:  22%|##1       | 217/1000 [00:15<00:56, 13.91it/s]
Processing complexes:  22%|##1       | 219/1000 [00:15<00:55, 14.07it/s]
Processing complexes:  22%|##2       | 221/1000 [00:15<01:08, 11.46it/s]
Processing complexes:  22%|##2       | 223/1000 [00:15<01:07, 11.52it/s]
Processing complexes:  22%|##2       | 225/1000 [00:15<01:03, 12.27it/s]
Processing complexes:  23%|##2       | 227/1000 [00:16<01:07, 11.48it/s]
Processing complexes:  23%|##2       | 229/1000 [00:16<01:07, 11.43it/s]
Processing complexes:  23%|##3       | 231/1000 [00:16<01:05, 11.80it/s]
Processing complexes:  23%|##3       | 233/1000 [00:16<01:01, 12.41it/s]
Processing complexes:  24%|##3       | 235/1000 [00:16<00:54, 13.91it/s]
Processing complexes:  24%|##3       | 237/1000 [00:16<00:51, 14.77it/s]
Processing complexes:  24%|##3       | 239/1000 [00:16<00:50, 15.13it/s]
Processing complexes:  24%|##4       | 241/1000 [00:16<00:49, 15.30it/s]
Processing complexes:  24%|##4       | 243/1000 [00:17<00:47, 16.02it/s]
Processing complexes:  24%|##4       | 245/1000 [00:17<00:52, 14.39it/s]
Processing complexes:  25%|##4       | 247/1000 [00:17<00:52, 14.36it/s]
Processing complexes:  25%|##4       | 249/1000 [00:17<00:52, 14.36it/s]
Processing complexes:  25%|##5       | 251/1000 [00:17<00:49, 15.12it/s]
Processing complexes:  25%|##5       | 253/1000 [00:17<00:49, 15.11it/s]
Processing complexes:  26%|##5       | 255/1000 [00:17<00:46, 16.13it/s]
Processing complexes:  26%|##5       | 257/1000 [00:17<00:44, 16.65it/s]
Processing complexes:  26%|##5       | 259/1000 [00:18<00:46, 16.04it/s]
Processing complexes:  26%|##6       | 261/1000 [00:18<00:45, 16.07it/s]
Processing complexes:  26%|##6       | 264/1000 [00:18<00:43, 17.10it/s]
Processing complexes:  27%|##6       | 266/1000 [00:18<00:45, 16.13it/s]
Processing complexes:  27%|##6       | 268/1000 [00:18<00:48, 15.22it/s]
Processing complexes:  27%|##7       | 270/1000 [00:18<00:48, 14.92it/s]
Processing complexes:  27%|##7       | 272/1000 [00:18<00:45, 15.88it/s]
Processing complexes:  27%|##7       | 274/1000 [00:19<01:03, 11.39it/s]
Processing complexes:  28%|##7       | 276/1000 [00:19<00:56, 12.72it/s]
Processing complexes:  28%|##7       | 278/1000 [00:19<00:53, 13.42it/s]
Processing complexes:  28%|##8       | 280/1000 [00:19<01:05, 11.05it/s]
Processing complexes:  28%|##8       | 282/1000 [00:19<01:00, 11.81it/s]
Processing complexes:  28%|##8       | 284/1000 [00:20<00:55, 12.82it/s]
Processing complexes:  29%|##8       | 286/1000 [00:20<00:53, 13.44it/s]
Processing complexes:  29%|##8       | 288/1000 [00:20<00:54, 13.07it/s]
Processing complexes:  29%|##9       | 290/1000 [00:20<00:50, 14.16it/s]
Processing complexes:  29%|##9       | 292/1000 [00:20<00:53, 13.20it/s]
Processing complexes:  29%|##9       | 294/1000 [00:20<00:50, 14.11it/s]
Processing complexes:  30%|##9       | 296/1000 [00:20<00:46, 15.09it/s]
Processing complexes:  30%|##9       | 298/1000 [00:20<00:43, 16.01it/s]
Processing complexes:  30%|###       | 300/1000 [00:21<00:41, 16.93it/s]
Processing complexes:  30%|###       | 303/1000 [00:21<00:38, 18.12it/s]
Processing complexes:  31%|###       | 306/1000 [00:21<00:36, 19.06it/s]
Processing complexes:  31%|###       | 308/1000 [00:21<00:36, 18.97it/s]
Processing complexes:  31%|###1      | 310/1000 [00:21<00:54, 12.63it/s]
Processing complexes:  31%|###1      | 312/1000 [00:21<00:55, 12.47it/s]
Processing complexes:  31%|###1      | 314/1000 [00:22<00:59, 11.52it/s]
Processing complexes:  32%|###1      | 316/1000 [00:22<01:03, 10.82it/s]
Processing complexes:  32%|###1      | 318/1000 [00:22<01:00, 11.20it/s]
Processing complexes:  32%|###2      | 320/1000 [00:22<01:03, 10.77it/s]
Processing complexes:  32%|###2      | 322/1000 [00:22<00:58, 11.53it/s]
Processing complexes:  32%|###2      | 324/1000 [00:23<00:59, 11.33it/s]
Processing complexes:  33%|###2      | 326/1000 [00:23<00:52, 12.83it/s]
Processing complexes:  33%|###2      | 328/1000 [00:23<00:51, 13.05it/s]
Processing complexes:  33%|###3      | 330/1000 [00:23<00:51, 13.09it/s]
Processing complexes:  33%|###3      | 332/1000 [00:23<00:49, 13.49it/s]
Processing complexes:  33%|###3      | 334/1000 [00:23<00:46, 14.40it/s]
Processing complexes:  34%|###3      | 337/1000 [00:23<00:42, 15.67it/s]
Processing complexes:  34%|###3      | 339/1000 [00:23<00:44, 14.82it/s]
Processing complexes:  34%|###4      | 341/1000 [00:24<00:43, 15.31it/s]
Processing complexes:  34%|###4      | 343/1000 [00:24<00:56, 11.59it/s]
Processing complexes:  34%|###4      | 345/1000 [00:24<01:03, 10.28it/s]
Processing complexes:  35%|###4      | 347/1000 [00:24<01:06,  9.87it/s]
Processing complexes:  35%|###4      | 349/1000 [00:25<01:01, 10.53it/s]
Processing complexes:  35%|###5      | 351/1000 [00:25<00:57, 11.36it/s]
Processing complexes:  35%|###5      | 353/1000 [00:25<00:54, 11.88it/s]
Processing complexes:  36%|###5      | 355/1000 [00:25<00:52, 12.38it/s]
Processing complexes:  36%|###5      | 357/1000 [00:25<00:50, 12.66it/s]
Processing complexes:  36%|###5      | 359/1000 [00:25<00:49, 13.05it/s]
Processing complexes:  36%|###6      | 361/1000 [00:26<01:01, 10.32it/s]
Processing complexes:  36%|###6      | 363/1000 [00:26<00:56, 11.18it/s]
Processing complexes:  36%|###6      | 365/1000 [00:26<00:50, 12.57it/s]
Processing complexes:  37%|###6      | 367/1000 [00:26<00:45, 13.99it/s]
Processing complexes:  37%|###7      | 370/1000 [00:26<00:39, 15.92it/s]
Processing complexes:  37%|###7      | 372/1000 [00:26<00:38, 16.14it/s]
Processing complexes:  37%|###7      | 374/1000 [00:26<00:41, 15.23it/s]
Processing complexes:  38%|###7      | 376/1000 [00:26<00:41, 15.19it/s]
Processing complexes:  38%|###7      | 378/1000 [00:27<00:41, 15.16it/s]
Processing complexes:  38%|###8      | 380/1000 [00:27<00:42, 14.49it/s]
Processing complexes:  38%|###8      | 382/1000 [00:27<00:43, 14.31it/s]
Processing complexes:  38%|###8      | 384/1000 [00:27<00:50, 12.29it/s]
Processing complexes:  39%|###8      | 386/1000 [00:27<00:48, 12.62it/s]
Processing complexes:  39%|###8      | 388/1000 [00:27<00:45, 13.43it/s]
Processing complexes:  39%|###9      | 390/1000 [00:28<00:44, 13.83it/s]
Processing complexes:  39%|###9      | 393/1000 [00:28<00:37, 16.28it/s]
Processing complexes:  40%|###9      | 395/1000 [00:28<00:37, 16.09it/s]
Processing complexes:  40%|###9      | 397/1000 [00:28<00:39, 15.24it/s]
Processing complexes:  40%|###9      | 399/1000 [00:28<00:41, 14.44it/s]
Processing complexes:  40%|####      | 401/1000 [00:28<00:40, 14.91it/s]
Processing complexes:  40%|####      | 403/1000 [00:28<00:37, 15.73it/s]
Processing complexes:  40%|####      | 405/1000 [00:28<00:37, 15.74it/s]
Processing complexes:  41%|####      | 407/1000 [00:29<00:38, 15.21it/s]
Processing complexes:  41%|####      | 409/1000 [00:29<00:38, 15.35it/s]
Processing complexes:  41%|####1     | 411/1000 [00:29<00:40, 14.49it/s]
Processing complexes:  41%|####1     | 413/1000 [00:29<00:42, 13.75it/s]
Processing complexes:  42%|####1     | 415/1000 [00:29<00:42, 13.66it/s]
Processing complexes:  42%|####1     | 417/1000 [00:29<00:43, 13.51it/s]
Processing complexes:  42%|####1     | 419/1000 [00:30<00:54, 10.70it/s]
Processing complexes:  42%|####2     | 421/1000 [00:30<00:50, 11.39it/s]
Processing complexes:  42%|####2     | 423/1000 [00:30<00:46, 12.46it/s]
Processing complexes:  42%|####2     | 425/1000 [00:30<00:45, 12.73it/s]
Processing complexes:  43%|####2     | 427/1000 [00:30<00:43, 13.05it/s]
Processing complexes:  43%|####2     | 429/1000 [00:30<00:45, 12.68it/s]
Processing complexes:  43%|####3     | 431/1000 [00:30<00:41, 13.79it/s]
Processing complexes:  43%|####3     | 433/1000 [00:31<00:39, 14.51it/s]
Processing complexes:  44%|####3     | 435/1000 [00:31<00:42, 13.29it/s]
Processing complexes:  44%|####3     | 437/1000 [00:31<00:47, 11.77it/s]
Processing complexes:  44%|####3     | 439/1000 [00:31<00:46, 12.04it/s]
Processing complexes:  44%|####4     | 441/1000 [00:31<00:41, 13.46it/s]
Processing complexes:  44%|####4     | 443/1000 [00:31<00:40, 13.86it/s]
Processing complexes:  44%|####4     | 445/1000 [00:32<00:45, 12.17it/s]
Processing complexes:  45%|####4     | 447/1000 [00:32<01:00,  9.17it/s]
Processing complexes:  45%|####4     | 449/1000 [00:32<01:11,  7.67it/s]
Processing complexes:  45%|####5     | 450/1000 [00:32<01:15,  7.30it/s]
Processing complexes:  45%|####5     | 451/1000 [00:33<01:16,  7.15it/s]
Processing complexes:  45%|####5     | 452/1000 [00:33<01:13,  7.47it/s]
Processing complexes:  45%|####5     | 453/1000 [00:33<01:24,  6.46it/s]
Processing complexes:  45%|####5     | 454/1000 [00:33<01:21,  6.73it/s]
Processing complexes:  46%|####5     | 455/1000 [00:33<01:18,  6.91it/s]
Processing complexes:  46%|####5     | 456/1000 [00:33<01:20,  6.77it/s]
Processing complexes:  46%|####5     | 457/1000 [00:33<01:17,  6.97it/s]
Processing complexes:  46%|####5     | 458/1000 [00:34<01:11,  7.56it/s]
Processing complexes:  46%|####6     | 460/1000 [00:34<01:02,  8.58it/s]
Processing complexes:  46%|####6     | 461/1000 [00:34<01:07,  7.97it/s]
Processing complexes:  46%|####6     | 463/1000 [00:34<00:53, 10.04it/s]
Processing complexes:  46%|####6     | 465/1000 [00:34<00:44, 12.08it/s]
Processing complexes:  47%|####6     | 467/1000 [00:34<00:38, 13.80it/s]
Processing complexes:  47%|####6     | 469/1000 [00:35<00:51, 10.23it/s]
Processing complexes:  47%|####7     | 471/1000 [00:35<00:46, 11.29it/s]
Processing complexes:  47%|####7     | 473/1000 [00:35<00:40, 12.95it/s]
Processing complexes:  48%|####7     | 475/1000 [00:35<00:39, 13.41it/s]
Processing complexes:  48%|####7     | 477/1000 [00:35<00:48, 10.70it/s]
Processing complexes:  48%|####7     | 479/1000 [00:36<00:57,  8.99it/s]
Processing complexes:  48%|####8     | 481/1000 [00:36<00:49, 10.46it/s]
Processing complexes:  48%|####8     | 483/1000 [00:36<00:44, 11.53it/s]
Processing complexes:  48%|####8     | 485/1000 [00:36<00:39, 12.89it/s]
Processing complexes:  49%|####8     | 487/1000 [00:36<00:41, 12.40it/s]
Processing complexes:  49%|####8     | 489/1000 [00:36<00:37, 13.45it/s]
Processing complexes:  49%|####9     | 491/1000 [00:36<00:36, 14.12it/s]
Processing complexes:  49%|####9     | 493/1000 [00:36<00:33, 14.98it/s]
Processing complexes:  50%|####9     | 495/1000 [00:37<00:37, 13.54it/s]
Processing complexes:  50%|####9     | 497/1000 [00:37<00:38, 13.02it/s]
Processing complexes:  50%|####9     | 499/1000 [00:37<00:35, 14.19it/s]
Processing complexes:  50%|#####     | 501/1000 [00:37<00:32, 15.38it/s]
Processing complexes:  50%|#####     | 504/1000 [00:37<00:29, 17.03it/s]
Processing complexes:  51%|#####     | 506/1000 [00:37<00:37, 13.04it/s]
Processing complexes:  51%|#####     | 508/1000 [00:38<00:41, 11.95it/s]
Processing complexes:  51%|#####1    | 510/1000 [00:38<00:43, 11.15it/s]
Processing complexes:  51%|#####1    | 512/1000 [00:38<00:39, 12.38it/s]
Processing complexes:  51%|#####1    | 514/1000 [00:38<00:41, 11.64it/s]
Processing complexes:  52%|#####1    | 516/1000 [00:38<00:39, 12.32it/s]
Processing complexes:  52%|#####1    | 518/1000 [00:38<00:40, 11.96it/s]
Processing complexes:  52%|#####2    | 520/1000 [00:39<00:37, 12.90it/s]
Processing complexes:  52%|#####2    | 522/1000 [00:39<00:34, 13.85it/s]
Processing complexes:  52%|#####2    | 524/1000 [00:39<00:33, 14.04it/s]
Processing complexes:  53%|#####2    | 526/1000 [00:39<00:44, 10.62it/s]
Processing complexes:  53%|#####2    | 528/1000 [00:39<00:40, 11.77it/s]
Processing complexes:  53%|#####3    | 530/1000 [00:39<00:36, 12.96it/s]
Processing complexes:  53%|#####3    | 532/1000 [00:39<00:33, 14.14it/s]
Processing complexes:  53%|#####3    | 534/1000 [00:40<00:32, 14.49it/s]
Processing complexes:  54%|#####3    | 536/1000 [00:40<00:32, 14.27it/s]
Processing complexes:  54%|#####3    | 538/1000 [00:40<00:42, 10.89it/s]
Processing complexes:  54%|#####4    | 540/1000 [00:40<00:37, 12.40it/s]
Processing complexes:  54%|#####4    | 542/1000 [00:40<00:36, 12.60it/s]
Processing complexes:  54%|#####4    | 544/1000 [00:40<00:32, 13.89it/s]
Processing complexes:  55%|#####4    | 546/1000 [00:41<00:32, 14.12it/s]
Processing complexes:  55%|#####4    | 548/1000 [00:41<00:31, 14.26it/s]
Processing complexes:  55%|#####5    | 550/1000 [00:41<00:35, 12.62it/s]
Processing complexes:  55%|#####5    | 552/1000 [00:41<00:33, 13.28it/s]
Processing complexes:  55%|#####5    | 554/1000 [00:41<00:39, 11.41it/s]
Processing complexes:  56%|#####5    | 556/1000 [00:41<00:36, 12.26it/s]
Processing complexes:  56%|#####5    | 558/1000 [00:41<00:32, 13.50it/s]
Processing complexes:  56%|#####6    | 560/1000 [00:42<00:34, 12.86it/s]
Processing complexes:  56%|#####6    | 562/1000 [00:42<00:33, 13.23it/s]
Processing complexes:  56%|#####6    | 564/1000 [00:42<00:36, 11.83it/s]
Processing complexes:  57%|#####6    | 566/1000 [00:42<00:40, 10.79it/s]
Processing complexes:  57%|#####6    | 568/1000 [00:42<00:39, 10.95it/s]
Processing complexes:  57%|#####6    | 570/1000 [00:43<00:37, 11.33it/s]
Processing complexes:  57%|#####7    | 572/1000 [00:43<00:49,  8.61it/s]
Processing complexes:  57%|#####7    | 574/1000 [00:43<00:41, 10.16it/s]
Processing complexes:  58%|#####7    | 576/1000 [00:43<00:37, 11.17it/s]
Processing complexes:  58%|#####7    | 578/1000 [00:43<00:36, 11.59it/s]
Processing complexes:  58%|#####8    | 580/1000 [00:43<00:32, 12.77it/s]
Processing complexes:  58%|#####8    | 583/1000 [00:44<00:27, 15.14it/s]
Processing complexes:  59%|#####8    | 586/1000 [00:44<00:23, 17.82it/s]
Processing complexes:  59%|#####8    | 588/1000 [00:44<00:22, 17.99it/s]
Processing complexes:  59%|#####9    | 591/1000 [00:44<00:23, 17.13it/s]
Processing complexes:  59%|#####9    | 593/1000 [00:44<00:24, 16.35it/s]
Processing complexes:  60%|#####9    | 595/1000 [00:44<00:24, 16.87it/s]
Processing complexes:  60%|#####9    | 597/1000 [00:44<00:24, 16.79it/s]
Processing complexes:  60%|#####9    | 599/1000 [00:45<00:26, 15.15it/s]
Processing complexes:  60%|######    | 602/1000 [00:45<00:23, 16.88it/s]
Processing complexes:  60%|######    | 604/1000 [00:45<00:22, 17.53it/s]
Processing complexes:  61%|######    | 606/1000 [00:45<00:26, 14.67it/s]
Processing complexes:  61%|######    | 608/1000 [00:45<00:25, 15.42it/s]
Processing complexes:  61%|######1   | 610/1000 [00:45<00:27, 14.34it/s]
Processing complexes:  61%|######1   | 612/1000 [00:45<00:28, 13.39it/s]
Processing complexes:  62%|######1   | 615/1000 [00:46<00:24, 15.50it/s]
Processing complexes:  62%|######1   | 617/1000 [00:46<00:24, 15.72it/s]
Processing complexes:  62%|######1   | 619/1000 [00:46<00:22, 16.69it/s]
Processing complexes:  62%|######2   | 621/1000 [00:46<00:21, 17.44it/s]
Processing complexes:  62%|######2   | 623/1000 [00:46<00:21, 17.38it/s]
Processing complexes:  62%|######2   | 625/1000 [00:46<00:21, 17.18it/s]
Processing complexes:  63%|######2   | 627/1000 [00:46<00:24, 15.04it/s]
Processing complexes:  63%|######2   | 629/1000 [00:46<00:26, 14.18it/s]
Processing complexes:  63%|######3   | 631/1000 [00:47<00:28, 13.12it/s]
Processing complexes:  63%|######3   | 634/1000 [00:47<00:24, 14.76it/s]
Processing complexes:  64%|######3   | 636/1000 [00:47<00:23, 15.43it/s]
Processing complexes:  64%|######3   | 638/1000 [00:47<00:24, 15.08it/s]
Processing complexes:  64%|######4   | 640/1000 [00:47<00:22, 15.68it/s]
Processing complexes:  64%|######4   | 642/1000 [00:47<00:24, 14.56it/s]
Processing complexes:  64%|######4   | 644/1000 [00:47<00:23, 14.88it/s]
Processing complexes:  65%|######4   | 646/1000 [00:48<00:23, 14.77it/s]
Processing complexes:  65%|######4   | 648/1000 [00:48<00:22, 15.96it/s]
Processing complexes:  65%|######5   | 650/1000 [00:48<00:20, 16.75it/s]
Processing complexes:  65%|######5   | 652/1000 [00:48<00:20, 17.20it/s]
Processing complexes:  65%|######5   | 654/1000 [00:48<00:22, 15.55it/s]
Processing complexes:  66%|######5   | 656/1000 [00:48<00:23, 14.88it/s]
Processing complexes:  66%|######5   | 658/1000 [00:48<00:21, 15.73it/s]
Processing complexes:  66%|######6   | 661/1000 [00:49<00:20, 16.67it/s]
Processing complexes:  66%|######6   | 663/1000 [00:49<00:20, 16.44it/s]
Processing complexes:  66%|######6   | 665/1000 [00:49<00:19, 16.81it/s]
Processing complexes:  67%|######6   | 668/1000 [00:49<00:18, 18.06it/s]
Processing complexes:  67%|######7   | 671/1000 [00:49<00:18, 17.84it/s]
Processing complexes:  67%|######7   | 673/1000 [00:49<00:18, 17.71it/s]
Processing complexes:  68%|######7   | 675/1000 [00:49<00:20, 15.64it/s]
Processing complexes:  68%|######7   | 677/1000 [00:50<00:21, 15.25it/s]
Processing complexes:  68%|######7   | 679/1000 [00:50<00:20, 15.53it/s]
Processing complexes:  68%|######8   | 681/1000 [00:50<00:22, 14.13it/s]
Processing complexes:  68%|######8   | 683/1000 [00:50<00:22, 13.94it/s]
Processing complexes:  68%|######8   | 685/1000 [00:50<00:25, 12.27it/s]
Processing complexes:  69%|######8   | 687/1000 [00:50<00:28, 10.88it/s]
Processing complexes:  69%|######8   | 689/1000 [00:51<00:26, 11.70it/s]
Processing complexes:  69%|######9   | 691/1000 [00:51<00:33,  9.17it/s]
Processing complexes:  69%|######9   | 693/1000 [00:51<00:33,  9.18it/s]
Processing complexes:  70%|######9   | 695/1000 [00:51<00:29, 10.33it/s]
Processing complexes:  70%|######9   | 697/1000 [00:51<00:27, 10.85it/s]
Processing complexes:  70%|######9   | 699/1000 [00:51<00:24, 12.23it/s]
Processing complexes:  70%|#######   | 701/1000 [00:52<00:23, 12.60it/s]
Processing complexes:  70%|#######   | 703/1000 [00:52<00:22, 13.25it/s]
Processing complexes:  70%|#######   | 705/1000 [00:52<00:20, 14.47it/s]
Processing complexes:  71%|#######   | 707/1000 [00:52<00:20, 14.55it/s]
Processing complexes:  71%|#######   | 709/1000 [00:52<00:20, 13.89it/s]
Processing complexes:  71%|#######1  | 711/1000 [00:52<00:23, 12.22it/s]
Processing complexes:  71%|#######1  | 713/1000 [00:53<00:26, 10.97it/s]
Processing complexes:  72%|#######1  | 715/1000 [00:53<00:28,  9.98it/s]
Processing complexes:  72%|#######1  | 717/1000 [00:53<00:26, 10.62it/s]
Processing complexes:  72%|#######1  | 719/1000 [00:53<00:23, 11.80it/s]
Processing complexes:  72%|#######2  | 721/1000 [00:53<00:22, 12.41it/s]
Processing complexes:  72%|#######2  | 723/1000 [00:53<00:20, 13.29it/s]
Processing complexes:  72%|#######2  | 725/1000 [00:54<00:23, 11.71it/s]
Processing complexes:  73%|#######2  | 727/1000 [00:54<00:22, 12.11it/s]
Processing complexes:  73%|#######2  | 729/1000 [00:54<00:28,  9.40it/s]
Processing complexes:  73%|#######3  | 731/1000 [00:54<00:26, 10.08it/s]
Processing complexes:  73%|#######3  | 733/1000 [00:54<00:26, 10.14it/s]
Processing complexes:  74%|#######3  | 735/1000 [00:55<00:24, 10.80it/s]
Processing complexes:  74%|#######3  | 737/1000 [00:55<00:21, 12.48it/s]
Processing complexes:  74%|#######3  | 739/1000 [00:55<00:18, 13.84it/s]
Processing complexes:  74%|#######4  | 741/1000 [00:55<00:21, 12.20it/s]
Processing complexes:  74%|#######4  | 743/1000 [00:55<00:19, 13.46it/s]
Processing complexes:  74%|#######4  | 745/1000 [00:55<00:19, 13.27it/s]
Processing complexes:  75%|#######4  | 747/1000 [00:55<00:18, 13.71it/s]
Processing complexes:  75%|#######4  | 749/1000 [00:56<00:18, 13.92it/s]
Processing complexes:  75%|#######5  | 751/1000 [00:56<00:20, 12.37it/s]
Processing complexes:  75%|#######5  | 753/1000 [00:56<00:20, 12.22it/s]
Processing complexes:  76%|#######5  | 755/1000 [00:56<00:19, 12.60it/s]
Processing complexes:  76%|#######5  | 757/1000 [00:56<00:22, 10.60it/s]
Processing complexes:  76%|#######5  | 759/1000 [00:56<00:21, 11.45it/s]
Processing complexes:  76%|#######6  | 761/1000 [00:57<00:19, 12.56it/s]
Processing complexes:  76%|#######6  | 763/1000 [00:57<00:17, 13.54it/s]
Processing complexes:  76%|#######6  | 765/1000 [00:57<00:16, 14.00it/s]
Processing complexes:  77%|#######6  | 767/1000 [00:57<00:16, 14.34it/s]
Processing complexes:  77%|#######6  | 769/1000 [00:57<00:15, 15.34it/s]
Processing complexes:  77%|#######7  | 771/1000 [00:57<00:14, 15.75it/s]
Processing complexes:  77%|#######7  | 773/1000 [00:57<00:18, 12.06it/s]
Processing complexes:  78%|#######7  | 775/1000 [00:58<00:20, 11.15it/s]
Processing complexes:  78%|#######7  | 777/1000 [00:58<00:23,  9.59it/s]
Processing complexes:  78%|#######7  | 779/1000 [00:58<00:23,  9.46it/s]
Processing complexes:  78%|#######8  | 781/1000 [00:58<00:23,  9.15it/s]
Processing complexes:  78%|#######8  | 783/1000 [00:59<00:21,  9.97it/s]
Processing complexes:  79%|#######8  | 786/1000 [00:59<00:20, 10.67it/s]
Processing complexes:  79%|#######8  | 788/1000 [00:59<00:19, 11.10it/s]
Processing complexes:  79%|#######9  | 790/1000 [00:59<00:20, 10.32it/s]
Processing complexes:  79%|#######9  | 792/1000 [00:59<00:21,  9.89it/s]
Processing complexes:  79%|#######9  | 794/1000 [01:00<00:19, 10.72it/s]
Processing complexes:  80%|#######9  | 796/1000 [01:00<00:17, 11.74it/s]
Processing complexes:  80%|#######9  | 798/1000 [01:00<00:16, 12.06it/s]
Processing complexes:  80%|########  | 800/1000 [01:00<00:17, 11.37it/s]
Processing complexes:  80%|########  | 802/1000 [01:00<00:18, 10.53it/s]
Processing complexes:  80%|########  | 804/1000 [01:00<00:18, 10.88it/s]
Processing complexes:  81%|########  | 806/1000 [01:01<00:17, 11.01it/s]
Processing complexes:  81%|########  | 808/1000 [01:01<00:15, 12.26it/s]
Processing complexes:  81%|########1 | 810/1000 [01:01<00:14, 13.20it/s]
Processing complexes:  81%|########1 | 812/1000 [01:01<00:14, 13.02it/s]
Processing complexes:  81%|########1 | 814/1000 [01:01<00:14, 13.00it/s]
Processing complexes:  82%|########1 | 816/1000 [01:01<00:16, 10.98it/s]
Processing complexes:  82%|########1 | 818/1000 [01:02<00:16, 11.30it/s]
Processing complexes:  82%|########2 | 820/1000 [01:02<00:17, 10.23it/s]
Processing complexes:  82%|########2 | 822/1000 [01:02<00:16, 10.67it/s]
Processing complexes:  82%|########2 | 824/1000 [01:02<00:17, 10.08it/s]
Processing complexes:  83%|########2 | 826/1000 [01:02<00:16, 10.46it/s]
Processing complexes:  83%|########2 | 828/1000 [01:03<00:14, 11.48it/s]
Processing complexes:  83%|########2 | 830/1000 [01:03<00:14, 11.80it/s]
Processing complexes:  83%|########3 | 832/1000 [01:03<00:13, 12.82it/s]
Processing complexes:  84%|########3 | 835/1000 [01:03<00:11, 14.53it/s]
Processing complexes:  84%|########3 | 837/1000 [01:03<00:10, 15.64it/s]
Processing complexes:  84%|########3 | 839/1000 [01:03<00:10, 16.06it/s]
Processing complexes:  84%|########4 | 841/1000 [01:03<00:09, 16.23it/s]
Processing complexes:  84%|########4 | 843/1000 [01:04<00:10, 14.77it/s]
Processing complexes:  84%|########4 | 845/1000 [01:04<00:10, 14.51it/s]
Processing complexes:  85%|########4 | 847/1000 [01:04<00:11, 13.76it/s]
Processing complexes:  85%|########4 | 849/1000 [01:04<00:10, 14.26it/s]
Processing complexes:  85%|########5 | 851/1000 [01:04<00:10, 14.79it/s]
Processing complexes:  85%|########5 | 853/1000 [01:04<00:11, 12.87it/s]
Processing complexes:  86%|########5 | 855/1000 [01:04<00:10, 13.61it/s]
Processing complexes:  86%|########5 | 857/1000 [01:05<00:09, 14.57it/s]
Processing complexes:  86%|########5 | 859/1000 [01:05<00:10, 13.99it/s]
Processing complexes:  86%|########6 | 861/1000 [01:05<00:09, 14.94it/s]
Processing complexes:  86%|########6 | 863/1000 [01:05<00:08, 15.73it/s]
Processing complexes:  86%|########6 | 865/1000 [01:05<00:08, 16.28it/s]
Processing complexes:  87%|########6 | 867/1000 [01:05<00:08, 16.53it/s]
Processing complexes:  87%|########6 | 869/1000 [01:05<00:09, 14.37it/s]
Processing complexes:  87%|########7 | 871/1000 [01:05<00:08, 14.89it/s]
Processing complexes:  87%|########7 | 873/1000 [01:06<00:08, 15.69it/s]
Processing complexes:  88%|########7 | 875/1000 [01:06<00:07, 16.39it/s]
Processing complexes:  88%|########7 | 877/1000 [01:06<00:07, 16.21it/s]
Processing complexes:  88%|########7 | 879/1000 [01:06<00:07, 15.54it/s]
Processing complexes:  88%|########8 | 881/1000 [01:06<00:09, 12.56it/s]
Processing complexes:  88%|########8 | 883/1000 [01:06<00:08, 13.41it/s]
Processing complexes:  88%|########8 | 885/1000 [01:06<00:08, 13.90it/s]
Processing complexes:  89%|########8 | 887/1000 [01:07<00:08, 13.42it/s]
Processing complexes:  89%|########8 | 889/1000 [01:07<00:08, 13.42it/s]
Processing complexes:  89%|########9 | 891/1000 [01:07<00:08, 13.20it/s]
Processing complexes:  89%|########9 | 893/1000 [01:07<00:07, 13.44it/s]
Processing complexes:  90%|########9 | 895/1000 [01:07<00:08, 12.10it/s]
Processing complexes:  90%|########9 | 897/1000 [01:07<00:08, 12.46it/s]
Processing complexes:  90%|########9 | 899/1000 [01:08<00:10,  9.53it/s]
Processing complexes:  90%|######### | 901/1000 [01:08<00:09,  9.92it/s]
Processing complexes:  90%|######### | 903/1000 [01:08<00:08, 11.26it/s]
Processing complexes:  90%|######### | 905/1000 [01:08<00:08, 10.96it/s]
Processing complexes:  91%|######### | 907/1000 [01:08<00:07, 12.46it/s]
Processing complexes:  91%|######### | 909/1000 [01:08<00:06, 13.53it/s]
Processing complexes:  91%|#########1| 911/1000 [01:09<00:06, 14.71it/s]
Processing complexes:  91%|#########1| 913/1000 [01:09<00:06, 12.45it/s]
Processing complexes:  92%|#########1| 915/1000 [01:09<00:07, 10.74it/s]
Processing complexes:  92%|#########1| 917/1000 [01:09<00:07, 10.82it/s]
Processing complexes:  92%|#########1| 919/1000 [01:10<00:09,  8.70it/s]
Processing complexes:  92%|#########2| 922/1000 [01:10<00:06, 11.40it/s]
Processing complexes:  92%|#########2| 924/1000 [01:10<00:06, 12.41it/s]
Processing complexes:  93%|#########2| 926/1000 [01:10<00:05, 13.05it/s]
Processing complexes:  93%|#########2| 928/1000 [01:10<00:06, 11.42it/s]
Processing complexes:  93%|#########3| 930/1000 [01:10<00:06, 11.64it/s]
Processing complexes:  93%|#########3| 932/1000 [01:11<00:07,  9.10it/s]
Processing complexes:  93%|#########3| 934/1000 [01:11<00:06, 10.48it/s]
Processing complexes:  94%|#########3| 936/1000 [01:11<00:05, 11.35it/s]
Processing complexes:  94%|#########3| 938/1000 [01:11<00:05, 11.59it/s]
Processing complexes:  94%|#########3| 940/1000 [01:11<00:04, 12.51it/s]
Processing complexes:  94%|#########4| 942/1000 [01:11<00:04, 13.59it/s]
Processing complexes:  94%|#########4| 944/1000 [01:11<00:03, 14.19it/s]
Processing complexes:  95%|#########4| 946/1000 [01:12<00:03, 14.40it/s]
Processing complexes:  95%|#########4| 948/1000 [01:12<00:03, 14.31it/s]
Processing complexes:  95%|#########5| 950/1000 [01:12<00:03, 14.30it/s]
Processing complexes:  95%|#########5| 952/1000 [01:12<00:03, 13.11it/s]
Processing complexes:  95%|#########5| 954/1000 [01:12<00:03, 12.32it/s]
Processing complexes:  96%|#########5| 956/1000 [01:12<00:03, 13.27it/s]
Processing complexes:  96%|#########5| 958/1000 [01:13<00:03, 11.76it/s]
Processing complexes:  96%|#########6| 960/1000 [01:13<00:03, 12.01it/s]
Processing complexes:  96%|#########6| 962/1000 [01:13<00:02, 13.56it/s]
Processing complexes:  96%|#########6| 964/1000 [01:13<00:03,  9.98it/s]
Processing complexes:  97%|#########6| 966/1000 [01:13<00:03,  9.09it/s]
Processing complexes:  97%|#########6| 968/1000 [01:14<00:03,  9.49it/s]
Processing complexes:  97%|#########7| 970/1000 [01:14<00:04,  6.96it/s]
Processing complexes:  97%|#########7| 972/1000 [01:14<00:03,  8.12it/s]
Processing complexes:  97%|#########7| 974/1000 [01:14<00:02,  8.96it/s]
Processing complexes:  98%|#########7| 976/1000 [01:15<00:02, 10.07it/s]
Processing complexes:  98%|#########7| 978/1000 [01:15<00:01, 11.42it/s]
Processing complexes:  98%|#########8| 980/1000 [01:15<00:01, 11.26it/s]
Processing complexes:  98%|#########8| 982/1000 [01:15<00:01, 11.17it/s]
Processing complexes:  98%|#########8| 984/1000 [01:15<00:01, 11.55it/s]
Processing complexes:  99%|#########8| 986/1000 [01:15<00:01, 11.86it/s]
Processing complexes:  99%|#########8| 988/1000 [01:16<00:01, 11.48it/s]
Processing complexes:  99%|#########9| 990/1000 [01:16<00:00, 11.67it/s]
Processing complexes:  99%|#########9| 992/1000 [01:16<00:00, 10.31it/s]
Processing complexes:  99%|#########9| 994/1000 [01:16<00:00,  8.68it/s]
Processing complexes: 100%|#########9| 996/1000 [01:16<00:00,  9.59it/s]
Processing complexes: 100%|#########9| 998/1000 [01:17<00:00,  9.43it/s]
Processing complexes: 100%|##########| 1000/1000 [01:17<00:00,  9.41it/s]
Processing complexes: 100%|##########| 1000/1000 [01:17<00:00, 12.93it/s]
2026-07-16 21:37:13,020 INFO protliggnn.train - Successfully processed 1000 complexes; skipped 0 complexes.
2026-07-16 21:37:13,020 INFO protliggnn - Saving graphs to cache at data\pdbbind2020\processed_dataset.pt...
2026-07-16 21:37:13,441 INFO protliggnn - Cache manifest saved to data\pdbbind2020\graph_cache_manifest.json
2026-07-16 21:37:13,447 INFO protliggnn - Dataset split sizes: train=800 val=100 test=100 (random)
2026-07-16 21:37:40,446 INFO protliggnn - Epoch 001 train loss=4.8962 PCC=0.0044 Spearman=-0.0075 RMSE=2.2115 MAE=1.7384 R2=-0.5653
2026-07-16 21:37:40,446 INFO protliggnn - Epoch 001 val loss=3.1265 PCC=0.4155 Spearman=0.3939 RMSE=1.7668 MAE=1.4845 R2=0.0032
2026-07-16 21:37:40,446 INFO protliggnn - Epoch 001 train diagnostics: Affinity Loss=4.8905 | Contact Loss=0.0573 | Total Loss=4.8962 | Pos Acc=0.0106 | Neg Acc=0.9923 | Precision=0.0079 | Recall=0.0106 | F1=0.0091 | Avg Prob=0.0163
2026-07-16 21:37:40,446 INFO protliggnn - Epoch 001 val diagnostics: Affinity Loss=3.1216 | Contact Loss=0.0488 | Total Loss=3.1265 | Pos Acc=0.0000 | Neg Acc=1.0000 | Precision=0.0000 | Recall=0.0000 | F1=0.0000 | Avg Prob=0.0073
2026-07-16 21:37:40,490 INFO protliggnn - Saved checkpoint for epoch 1 with validation RMSE 1.7667989583381092.
2026-07-16 21:38:05,617 INFO protliggnn - Epoch 002 train loss=4.1407 PCC=0.0853 Spearman=0.0895 RMSE=2.0337 MAE=1.6090 R2=-0.3238
2026-07-16 21:38:05,617 INFO protliggnn - Epoch 002 val loss=3.8904 PCC=0.3972 Spearman=0.3119 RMSE=1.9712 MAE=1.6456 R2=-0.2407
2026-07-16 21:38:05,618 INFO protliggnn - Epoch 002 train diagnostics: Affinity Loss=4.1360 | Contact Loss=0.0476 | Total Loss=4.1407 | Pos Acc=0.0000 | Neg Acc=1.0000 | Precision=0.0000 | Recall=0.0000 | F1=0.0000 | Avg Prob=0.0084
2026-07-16 21:38:05,618 INFO protliggnn - Epoch 002 val diagnostics: Affinity Loss=3.8855 | Contact Loss=0.0488 | Total Loss=3.8904 | Pos Acc=0.0000 | Neg Acc=1.0000 | Precision=0.0000 | Recall=0.0000 | F1=0.0000 | Avg Prob=0.0079
2026-07-16 21:38:35,989 INFO protliggnn - Epoch 003 train loss=3.7755 PCC=0.1019 Spearman=0.0994 RMSE=1.9419 MAE=1.5358 R2=-0.2069
2026-07-16 21:38:35,990 INFO protliggnn - Epoch 003 val loss=3.5356 PCC=0.5051 Spearman=0.4942 RMSE=1.8790 MAE=1.4834 R2=-0.1275
2026-07-16 21:38:35,990 INFO protliggnn - Epoch 003 train diagnostics: Affinity Loss=3.7708 | Contact Loss=0.0475 | Total Loss=3.7755 | Pos Acc=0.0000 | Neg Acc=1.0000 | Precision=0.0000 | Recall=0.0000 | F1=0.0000 | Avg Prob=0.0083
2026-07-16 21:38:35,990 INFO protliggnn - Epoch 003 val diagnostics: Affinity Loss=3.5308 | Contact Loss=0.0486 | Total Loss=3.5356 | Pos Acc=0.0000 | Neg Acc=1.0000 | Precision=0.0000 | Recall=0.0000 | F1=0.0000 | Avg Prob=0.0090
2026-07-16 21:39:08,304 INFO protliggnn - Epoch 004 train loss=3.4001 PCC=0.1875 Spearman=0.1755 RMSE=1.8426 MAE=1.4807 R2=-0.0868
2026-07-16 21:39:08,304 INFO protliggnn - Epoch 004 val loss=2.6968 PCC=0.5799 Spearman=0.5469 RMSE=1.6407 MAE=1.3426 R2=0.1404
2026-07-16 21:39:08,304 INFO protliggnn - Epoch 004 train diagnostics: Affinity Loss=3.3953 | Contact Loss=0.0473 | Total Loss=3.4001 | Pos Acc=0.0000 | Neg Acc=1.0000 | Precision=0.0000 | Recall=0.0000 | F1=0.0000 | Avg Prob=0.0087
2026-07-16 21:39:08,304 INFO protliggnn - Epoch 004 val diagnostics: Affinity Loss=2.6920 | Contact Loss=0.0482 | Total Loss=2.6968 | Pos Acc=0.0000 | Neg Acc=1.0000 | Precision=0.0000 | Recall=0.0000 | F1=0.0000 | Avg Prob=0.0084
2026-07-16 21:39:08,359 INFO protliggnn - Saved checkpoint for epoch 4 with validation RMSE 1.6407359094709733.
2026-07-16 21:39:36,617 INFO protliggnn - Epoch 005 train loss=3.1538 PCC=0.2883 Spearman=0.2628 RMSE=1.7746 MAE=1.4195 R2=-0.0080
2026-07-16 21:39:36,617 INFO protliggnn - Epoch 005 val loss=2.5362 PCC=0.4748 Spearman=0.4455 RMSE=1.5910 MAE=1.3439 R2=0.1916
2026-07-16 21:39:36,617 INFO protliggnn - Epoch 005 train diagnostics: Affinity Loss=3.1492 | Contact Loss=0.0469 | Total Loss=3.1538 | Pos Acc=0.0000 | Neg Acc=1.0000 | Precision=0.0000 | Recall=0.0000 | F1=0.0000 | Avg Prob=0.0084
2026-07-16 21:39:36,617 INFO protliggnn - Epoch 005 val diagnostics: Affinity Loss=2.5314 | Contact Loss=0.0480 | Total Loss=2.5362 | Pos Acc=0.0000 | Neg Acc=1.0000 | Precision=0.0000 | Recall=0.0000 | F1=0.0000 | Avg Prob=0.0062
2026-07-16 21:39:36,673 INFO protliggnn - Saved checkpoint for epoch 5 with validation RMSE 1.5910487096887171.
2026-07-16 21:40:00,948 INFO protliggnn - Epoch 006 train loss=3.4210 PCC=0.2465 Spearman=0.2313 RMSE=1.8483 MAE=1.4661 R2=-0.0935
2026-07-16 21:40:00,949 INFO protliggnn - Epoch 006 val loss=2.4183 PCC=0.5226 Spearman=0.4948 RMSE=1.5535 MAE=1.3064 R2=0.2293
2026-07-16 21:40:00,949 INFO protliggnn - Epoch 006 train diagnostics: Affinity Loss=3.4163 | Contact Loss=0.0470 | Total Loss=3.4210 | Pos Acc=0.0000 | Neg Acc=1.0000 | Precision=0.0000 | Recall=0.0000 | F1=0.0000 | Avg Prob=0.0083
2026-07-16 21:40:00,949 INFO protliggnn - Epoch 006 val diagnostics: Affinity Loss=2.4135 | Contact Loss=0.0477 | Total Loss=2.4183 | Pos Acc=0.0000 | Neg Acc=1.0000 | Precision=0.0000 | Recall=0.0000 | F1=0.0000 | Avg Prob=0.0071
2026-07-16 21:40:00,985 INFO protliggnn - Saved checkpoint for epoch 6 with validation RMSE 1.5535422281679807.
2026-07-16 21:40:22,554 INFO protliggnn - Epoch 007 train loss=2.8653 PCC=0.3835 Spearman=0.3794 RMSE=1.6913 MAE=1.3611 R2=0.0844
2026-07-16 21:40:22,555 INFO protliggnn - Epoch 007 val loss=3.1487 PCC=0.6408 Spearman=0.6456 RMSE=1.7731 MAE=1.4542 R2=-0.0039
2026-07-16 21:40:22,555 INFO protliggnn - Epoch 007 train diagnostics: Affinity Loss=2.8606 | Contact Loss=0.0468 | Total Loss=2.8653 | Pos Acc=0.0000 | Neg Acc=1.0000 | Precision=0.0000 | Recall=0.0000 | F1=0.0000 | Avg Prob=0.0083
2026-07-16 21:40:22,555 INFO protliggnn - Epoch 007 val diagnostics: Affinity Loss=3.1439 | Contact Loss=0.0484 | Total Loss=3.1487 | Pos Acc=0.0000 | Neg Acc=1.0000 | Precision=0.0000 | Recall=0.0000 | F1=0.0000 | Avg Prob=0.0057
2026-07-16 21:40:44,516 INFO protliggnn - Epoch 008 train loss=3.4285 PCC=0.2597 Spearman=0.2457 RMSE=1.8503 MAE=1.4929 R2=-0.0959
2026-07-16 21:40:44,516 INFO protliggnn - Epoch 008 val loss=2.1352 PCC=0.6447 Spearman=0.6330 RMSE=1.4596 MAE=1.2126 R2=0.3197
2026-07-16 21:40:44,516 INFO protliggnn - Epoch 008 train diagnostics: Affinity Loss=3.4238 | Contact Loss=0.0470 | Total Loss=3.4285 | Pos Acc=0.0000 | Neg Acc=1.0000 | Precision=0.0000 | Recall=0.0000 | F1=0.0000 | Avg Prob=0.0079
2026-07-16 21:40:44,516 INFO protliggnn - Epoch 008 val diagnostics: Affinity Loss=2.1304 | Contact Loss=0.0478 | Total Loss=2.1352 | Pos Acc=0.0000 | Neg Acc=1.0000 | Precision=0.0000 | Recall=0.0000 | F1=0.0000 | Avg Prob=0.0090
2026-07-16 21:40:44,564 INFO protliggnn - Saved checkpoint for epoch 8 with validation RMSE 1.4595834126658218.
2026-07-16 21:41:06,963 INFO protliggnn - Epoch 009 train loss=3.2149 PCC=0.3211 Spearman=0.2855 RMSE=1.7917 MAE=1.4098 R2=-0.0275
2026-07-16 21:41:06,963 INFO protliggnn - Epoch 009 val loss=1.9980 PCC=0.6300 Spearman=0.6234 RMSE=1.4118 MAE=1.1932 R2=0.3635
2026-07-16 21:41:06,963 INFO protliggnn - Epoch 009 train diagnostics: Affinity Loss=3.2102 | Contact Loss=0.0468 | Total Loss=3.2149 | Pos Acc=0.0000 | Neg Acc=1.0000 | Precision=0.0000 | Recall=0.0000 | F1=0.0000 | Avg Prob=0.0083
2026-07-16 21:41:06,963 INFO protliggnn - Epoch 009 val diagnostics: Affinity Loss=1.9932 | Contact Loss=0.0478 | Total Loss=1.9980 | Pos Acc=0.0000 | Neg Acc=1.0000 | Precision=0.0000 | Recall=0.0000 | F1=0.0000 | Avg Prob=0.0069
2026-07-16 21:41:07,002 INFO protliggnn - Saved checkpoint for epoch 9 with validation RMSE 1.4118225394181387.
2026-07-16 21:41:28,852 INFO protliggnn - Epoch 010 train loss=2.8681 PCC=0.3973 Spearman=0.3760 RMSE=1.6922 MAE=1.3734 R2=0.0835
2026-07-16 21:41:28,852 INFO protliggnn - Epoch 010 val loss=2.0345 PCC=0.6072 Spearman=0.5903 RMSE=1.4247 MAE=1.1841 R2=0.3518
2026-07-16 21:41:28,852 INFO protliggnn - Epoch 010 train diagnostics: Affinity Loss=2.8634 | Contact Loss=0.0468 | Total Loss=2.8681 | Pos Acc=0.0000 | Neg Acc=1.0000 | Precision=0.0000 | Recall=0.0000 | F1=0.0000 | Avg Prob=0.0080
2026-07-16 21:41:28,852 INFO protliggnn - Epoch 010 val diagnostics: Affinity Loss=2.0297 | Contact Loss=0.0476 | Total Loss=2.0345 | Pos Acc=0.0000 | Neg Acc=1.0000 | Precision=0.0000 | Recall=0.0000 | F1=0.0000 | Avg Prob=0.0076
2026-07-16 21:41:50,509 INFO protliggnn - Epoch 011 train loss=2.7594 PCC=0.4270 Spearman=0.4140 RMSE=1.6597 MAE=1.3301 R2=0.1183
2026-07-16 21:41:50,509 INFO protliggnn - Epoch 011 val loss=2.2941 PCC=0.5268 Spearman=0.5663 RMSE=1.5130 MAE=1.2592 R2=0.2690
2026-07-16 21:41:50,510 INFO protliggnn - Epoch 011 train diagnostics: Affinity Loss=2.7548 | Contact Loss=0.0468 | Total Loss=2.7594 | Pos Acc=0.0000 | Neg Acc=1.0000 | Precision=0.0000 | Recall=0.0000 | F1=0.0000 | Avg Prob=0.0080
2026-07-16 21:41:50,510 INFO protliggnn - Epoch 011 val diagnostics: Affinity Loss=2.2893 | Contact Loss=0.0479 | Total Loss=2.2941 | Pos Acc=0.0000 | Neg Acc=1.0000 | Precision=0.0000 | Recall=0.0000 | F1=0.0000 | Avg Prob=0.0083
2026-07-16 21:42:12,195 INFO protliggnn - Epoch 012 train loss=2.5488 PCC=0.4808 Spearman=0.4638 RMSE=1.5950 MAE=1.2797 R2=0.1857
2026-07-16 21:42:12,195 INFO protliggnn - Epoch 012 val loss=2.5375 PCC=0.5474 Spearman=0.5446 RMSE=1.5915 MAE=1.3093 R2=0.1912
2026-07-16 21:42:12,196 INFO protliggnn - Epoch 012 train diagnostics: Affinity Loss=2.5442 | Contact Loss=0.0468 | Total Loss=2.5488 | Pos Acc=0.0000 | Neg Acc=1.0000 | Precision=0.0000 | Recall=0.0000 | F1=0.0000 | Avg Prob=0.0081
2026-07-16 21:42:12,196 INFO protliggnn - Epoch 012 val diagnostics: Affinity Loss=2.5327 | Contact Loss=0.0477 | Total Loss=2.5375 | Pos Acc=0.0000 | Neg Acc=1.0000 | Precision=0.0000 | Recall=0.0000 | F1=0.0000 | Avg Prob=0.0075
2026-07-16 21:42:33,970 INFO protliggnn - Epoch 013 train loss=2.5042 PCC=0.5039 Spearman=0.4644 RMSE=1.5810 MAE=1.2629 R2=0.2000
2026-07-16 21:42:33,970 INFO protliggnn - Epoch 013 val loss=2.6818 PCC=0.5934 Spearman=0.6036 RMSE=1.6361 MAE=1.4023 R2=0.1452
2026-07-16 21:42:33,970 INFO protliggnn - Epoch 013 train diagnostics: Affinity Loss=2.4995 | Contact Loss=0.0467 | Total Loss=2.5042 | Pos Acc=0.0000 | Neg Acc=1.0000 | Precision=0.0000 | Recall=0.0000 | F1=0.0000 | Avg Prob=0.0080
2026-07-16 21:42:33,970 INFO protliggnn - Epoch 013 val diagnostics: Affinity Loss=2.6770 | Contact Loss=0.0478 | Total Loss=2.6818 | Pos Acc=0.0000 | Neg Acc=1.0000 | Precision=0.0000 | Recall=0.0000 | F1=0.0000 | Avg Prob=0.0065
2026-07-16 21:42:55,741 INFO protliggnn - Epoch 014 train loss=2.6146 PCC=0.4762 Spearman=0.4524 RMSE=1.6155 MAE=1.2922 R2=0.1646
2026-07-16 21:42:55,741 INFO protliggnn - Epoch 014 val loss=2.3298 PCC=0.5582 Spearman=0.5885 RMSE=1.5248 MAE=1.2546 R2=0.2576
2026-07-16 21:42:55,741 INFO protliggnn - Epoch 014 train diagnostics: Affinity Loss=2.6099 | Contact Loss=0.0466 | Total Loss=2.6146 | Pos Acc=0.0000 | Neg Acc=1.0000 | Precision=0.0000 | Recall=0.0000 | F1=0.0000 | Avg Prob=0.0081
2026-07-16 21:42:55,741 INFO protliggnn - Epoch 014 val diagnostics: Affinity Loss=2.3250 | Contact Loss=0.0478 | Total Loss=2.3298 | Pos Acc=0.0000 | Neg Acc=1.0000 | Precision=0.0000 | Recall=0.0000 | F1=0.0000 | Avg Prob=0.0076
2026-07-16 21:43:17,585 INFO protliggnn - Epoch 015 train loss=2.4225 PCC=0.5211 Spearman=0.4930 RMSE=1.5549 MAE=1.2521 R2=0.2261
2026-07-16 21:43:17,585 INFO protliggnn - Epoch 015 val loss=2.0853 PCC=0.5899 Spearman=0.5745 RMSE=1.4424 MAE=1.1765 R2=0.3356
2026-07-16 21:43:17,585 INFO protliggnn - Epoch 015 train diagnostics: Affinity Loss=2.4178 | Contact Loss=0.0466 | Total Loss=2.4225 | Pos Acc=0.0000 | Neg Acc=1.0000 | Precision=0.0000 | Recall=0.0000 | F1=0.0000 | Avg Prob=0.0080
2026-07-16 21:43:17,585 INFO protliggnn - Epoch 015 val diagnostics: Affinity Loss=2.0806 | Contact Loss=0.0477 | Total Loss=2.0853 | Pos Acc=0.0000 | Neg Acc=1.0000 | Precision=0.0000 | Recall=0.0000 | F1=0.0000 | Avg Prob=0.0067
2026-07-16 21:43:39,381 INFO protliggnn - Epoch 016 train loss=2.7584 PCC=0.4637 Spearman=0.4352 RMSE=1.6595 MAE=1.3103 R2=0.1186
2026-07-16 21:43:39,382 INFO protliggnn - Epoch 016 val loss=2.1272 PCC=0.6639 Spearman=0.6340 RMSE=1.4569 MAE=1.2309 R2=0.3222
2026-07-16 21:43:39,382 INFO protliggnn - Epoch 016 train diagnostics: Affinity Loss=2.7538 | Contact Loss=0.0465 | Total Loss=2.7584 | Pos Acc=0.0000 | Neg Acc=1.0000 | Precision=0.0000 | Recall=0.0000 | F1=0.0000 | Avg Prob=0.0078
2026-07-16 21:43:39,382 INFO protliggnn - Epoch 016 val diagnostics: Affinity Loss=2.1225 | Contact Loss=0.0477 | Total Loss=2.1272 | Pos Acc=0.0000 | Neg Acc=1.0000 | Precision=0.0000 | Recall=0.0000 | F1=0.0000 | Avg Prob=0.0062
2026-07-16 21:44:01,050 INFO protliggnn - Epoch 017 train loss=2.4820 PCC=0.5170 Spearman=0.5099 RMSE=1.5739 MAE=1.2583 R2=0.2071
2026-07-16 21:44:01,050 INFO protliggnn - Epoch 017 val loss=2.3155 PCC=0.5400 Spearman=0.5723 RMSE=1.5201 MAE=1.2698 R2=0.2621
2026-07-16 21:44:01,050 INFO protliggnn - Epoch 017 train diagnostics: Affinity Loss=2.4773 | Contact Loss=0.0466 | Total Loss=2.4820 | Pos Acc=0.0000 | Neg Acc=1.0000 | Precision=0.0000 | Recall=0.0000 | F1=0.0000 | Avg Prob=0.0080
2026-07-16 21:44:01,050 INFO protliggnn - Epoch 017 val diagnostics: Affinity Loss=2.3107 | Contact Loss=0.0482 | Total Loss=2.3155 | Pos Acc=0.0000 | Neg Acc=1.0000 | Precision=0.0000 | Recall=0.0000 | F1=0.0000 | Avg Prob=0.0071
2026-07-16 21:44:22,913 INFO protliggnn - Epoch 018 train loss=2.4234 PCC=0.5209 Spearman=0.4887 RMSE=1.5552 MAE=1.2419 R2=0.2258
2026-07-16 21:44:22,913 INFO protliggnn - Epoch 018 val loss=2.6811 PCC=0.6226 Spearman=0.6045 RMSE=1.6359 MAE=1.3654 R2=0.1454
2026-07-16 21:44:22,913 INFO protliggnn - Epoch 018 train diagnostics: Affinity Loss=2.4188 | Contact Loss=0.0466 | Total Loss=2.4234 | Pos Acc=0.0000 | Neg Acc=1.0000 | Precision=0.0000 | Recall=0.0000 | F1=0.0000 | Avg Prob=0.0081
2026-07-16 21:44:22,913 INFO protliggnn - Epoch 018 val diagnostics: Affinity Loss=2.6763 | Contact Loss=0.0482 | Total Loss=2.6811 | Pos Acc=0.0000 | Neg Acc=1.0000 | Precision=0.0000 | Recall=0.0000 | F1=0.0000 | Avg Prob=0.0103
2026-07-16 21:44:44,503 INFO protliggnn - Epoch 019 train loss=2.2678 PCC=0.5622 Spearman=0.5227 RMSE=1.5044 MAE=1.2239 R2=0.2756
2026-07-16 21:44:44,503 INFO protliggnn - Epoch 019 val loss=2.2988 PCC=0.5553 Spearman=0.5599 RMSE=1.5146 MAE=1.2663 R2=0.2675
2026-07-16 21:44:44,503 INFO protliggnn - Epoch 019 train diagnostics: Affinity Loss=2.2631 | Contact Loss=0.0467 | Total Loss=2.2678 | Pos Acc=0.0000 | Neg Acc=1.0000 | Precision=0.0000 | Recall=0.0000 | F1=0.0000 | Avg Prob=0.0080
2026-07-16 21:44:44,503 INFO protliggnn - Epoch 019 val diagnostics: Affinity Loss=2.2939 | Contact Loss=0.0483 | Total Loss=2.2988 | Pos Acc=0.0000 | Neg Acc=1.0000 | Precision=0.0000 | Recall=0.0000 | F1=0.0000 | Avg Prob=0.0061
2026-07-16 21:44:44,503 INFO protliggnn - Early stopping triggered at epoch 19. Best epoch was 9.
2026-07-16 21:44:44,573 INFO protliggnn - Loaded best model from epoch 9 at D:\ProtLigGnn\experiments\run_071\checkpoint.pt
2026-07-16 21:44:46,267 INFO protliggnn - Test loss=2.6413 PCC=0.3738 Spearman=0.3952 RMSE=1.6240 MAE=1.2886 R2=0.1330
2026-07-16 21:44:49,149 INFO protliggnn - Wrote metrics, predictions, plots, and error analysis.
2026-07-16 21:44:49,179 INFO protliggnn - Experiment artifacts saved to D:\ProtLigGnn\experiments\run_071
