Command: D:\ProtLigGnn\venv\Scripts\python.exe protliggnn_train.py --data_dir data/pdbbind2020 --device cuda --epochs 40 --batch_size 8 --lr 0.001 --weight_decay 1e-05 --patience 10 --seed 123 --run_name protliggnn_benchmark_seed_123 --save_path experiments\run_072\checkpoint.pt --split_strategy random --split_dir splits --val_fraction 0.1 --test_fraction 0.1 --dataset_version pdbbind2020_local --experiments_root experiments --experiment_dir experiments\run_072 --log_level INFO --num_workers 0 --research_version Validated Baseline v0.95 --max_samples 1000 --allow_duplicate --hidden_dim 256 --dropout 0.2 --optimizer adam --scheduler none --pooling mean --model_type physics_guided --rbf_basis 32 --rbf_start 0.0 --rbf_stop 12.0 --rbf_proj_dim 32 --interaction_dim 32 --latent_dim 32 --chemistry_dim 32 --representation_dim 32 --attention_bias_type rbf --attention_learnable_scale true --attention_initial_alpha 0.1 --attention_normalize_bias true --contact_threshold 4.0 --loss_weight 0.1 --loss_weight_strategy fixed --contact_hidden_dim 128

2026-07-16 21:44:58,366 INFO protliggnn - Experiment directory: experiments\run_072
2026-07-16 21:44:58,366 INFO protliggnn - CLI arguments: {'data_dir': 'data/pdbbind2020', 'device': 'cuda', 'epochs': 40, 'batch_size': 8, 'lr': 0.001, 'weight_decay': 1e-05, 'patience': 10, 'seed': 123, 'max_samples': 1000, 'run_name': 'protliggnn_benchmark_seed_123', 'no_crossgraph': False, 'save_path': 'experiments\\run_072\\checkpoint.pt', 'split_strategy': 'random', 'split_dir': 'splits', 'fixed_split_dir': None, 'val_fraction': 0.1, 'test_fraction': 0.1, 'dataset_version': 'pdbbind2020_local', 'experiments_root': 'experiments', 'experiment_dir': 'experiments\\run_072', 'experiment_id': None, 'num_workers': 0, 'pin_memory': False, 'disable_experiment_tracking': False, 'resume': None, 'allow_duplicate': True, 'hidden_dim': 256, 'dropout': 0.2, 'optimizer': 'adam', 'scheduler': 'none', 'grad_clip': None, 'no_residual': False, 'no_layernorm': False, 'no_attention': False, 'pooling': 'mean', 'log_level': 'INFO', 'model_type': 'physics_guided', 'contact_threshold': 4.0, 'loss_weight': 0.1, 'loss_weight_strategy': 'fixed', 'contact_hidden_dim': 128, 'rbf_basis': 32, 'rbf_start': 0.0, 'rbf_stop': 12.0, 'rbf_proj_dim': 32, 'interaction_dim': 32, 'latent_dim': 32, 'chemistry_dim': 32, 'representation_dim': 32, 'attention_bias_type': 'rbf', 'attention_learnable_scale': 'true', 'attention_initial_alpha': 0.1, 'attention_normalize_bias': 'true', 'experiment_purpose': 'benchmark', 'research_question': 'Can ProtLigGNN reproducibly predict protein-ligand affinity under this benchmark configuration?', 'author': 'unknown', 'description': '', 'notes': '', 'tags': '', 'expected_outcome': '', 'current_milestone': 'research-infrastructure', 'architecture_version': 'protliggnn-v1', 'research_version': 'Validated Baseline v0.95'}
2026-07-16 21:44:58,367 INFO protliggnn - Loading dataset from D:\ProtLigGnn\data\pdbbind2020
2026-07-16 21:44:58,368 WARNING protliggnn.train - Censored or approximate affinity label detected: 'Kd<10uM' (relation: '<'). Treating as exact value.
2026-07-16 21:44:58,368 WARNING protliggnn.train - Censored or approximate affinity label detected: 'Ki<=17nM' (relation: '<='). Treating as exact value.
2026-07-16 21:44:58,368 WARNING protliggnn.train - Censored or approximate affinity label detected: 'IC50<=3.5nM' (relation: '<='). Treating as exact value.
2026-07-16 21:44:58,368 WARNING protliggnn.train - Censored or approximate affinity label detected: 'Ki<1.0nM' (relation: '<'). Treating as exact value.
2026-07-16 21:44:58,368 WARNING protliggnn.train - Censored or approximate affinity label detected: 'Ki<10uM' (relation: '<'). Treating as exact value.
2026-07-16 21:44:58,368 WARNING protliggnn.train - Censored or approximate affinity label detected: 'Ki<1nM' (relation: '<'). Treating as exact value.
2026-07-16 21:44:58,368 WARNING protliggnn.train - Censored or approximate affinity label detected: 'IC50<=2.0nM' (relation: '<='). Treating as exact value.
2026-07-16 21:44:58,368 WARNING protliggnn.train - Censored or approximate affinity label detected: 'IC50~10uM' (relation: '~'). Treating as exact value.
2026-07-16 21:44:58,368 WARNING protliggnn.train - Censored or approximate affinity label detected: 'Ki<0.01nM' (relation: '<'). Treating as exact value.
2026-07-16 21:44:58,368 WARNING protliggnn.train - Censored or approximate affinity label detected: 'Ki<=100nM' (relation: '<='). Treating as exact value.
2026-07-16 21:44:58,368 WARNING protliggnn.train - Censored or approximate affinity label detected: 'Ki<21nM' (relation: '<'). Treating as exact value.
2026-07-16 21:44:58,369 WARNING protliggnn.train - Censored or approximate affinity label detected: 'Ki~0.1pM' (relation: '~'). Treating as exact value.
2026-07-16 21:44:58,369 WARNING protliggnn.train - Censored or approximate affinity label detected: 'Kd<=100uM' (relation: '<='). Treating as exact value.
2026-07-16 21:44:58,370 WARNING protliggnn.train - Censored or approximate affinity label detected: 'Kd~10pM' (relation: '~'). Treating as exact value.
2026-07-16 21:44:58,370 WARNING protliggnn.train - Censored or approximate affinity label detected: 'Kd~1pM' (relation: '~'). Treating as exact value.
2026-07-16 21:44:58,425 WARNING protliggnn.train - Censored or approximate affinity label detected: 'Kd~1pM' (relation: '~'). Treating as exact value.
2026-07-16 21:44:58,426 WARNING protliggnn.train - Censored or approximate affinity label detected: 'Kd<0.010uM' (relation: '<'). Treating as exact value.
2026-07-16 21:44:58,427 WARNING protliggnn.train - Censored or approximate affinity label detected: 'Kd~0.1uM' (relation: '~'). Treating as exact value.
2026-07-16 21:44:58,427 WARNING protliggnn.train - Censored or approximate affinity label detected: 'Ki<0.3uM' (relation: '<'). Treating as exact value.
2026-07-16 21:44:58,427 WARNING protliggnn.train - Censored or approximate affinity label detected: 'IC50<0.003uM' (relation: '<'). Treating as exact value.
2026-07-16 21:44:58,427 WARNING protliggnn.train - Censored or approximate affinity label detected: 'IC50<0.05uM' (relation: '<'). Treating as exact value.
2026-07-16 21:44:58,427 WARNING protliggnn.train - Censored or approximate affinity label detected: 'IC50<0.05uM' (relation: '<'). Treating as exact value.
2026-07-16 21:44:58,427 WARNING protliggnn.train - Censored or approximate affinity label detected: 'IC50~5mM' (relation: '~'). Treating as exact value.
2026-07-16 21:44:58,427 WARNING protliggnn.train - Censored or approximate affinity label detected: 'Kd<0.12nM' (relation: '<'). Treating as exact value.
2026-07-16 21:44:58,428 WARNING protliggnn.train - Censored or approximate affinity label detected: 'Kd~0.69pM' (relation: '~'). Treating as exact value.
2026-07-16 21:44:58,428 WARNING protliggnn.train - Censored or approximate affinity label detected: 'Kd~11pM' (relation: '~'). Treating as exact value.
2026-07-16 21:44:58,428 WARNING protliggnn.train - Censored or approximate affinity label detected: 'Kd~28pM' (relation: '~'). Treating as exact value.
2026-07-16 21:44:58,428 WARNING protliggnn.train - Censored or approximate affinity label detected: 'IC50<0.003uM' (relation: '<'). Treating as exact value.
2026-07-16 21:44:58,429 WARNING protliggnn.train - Censored or approximate affinity label detected: 'IC50<20nM' (relation: '<'). Treating as exact value.
2026-07-16 21:44:58,429 WARNING protliggnn.train - Censored or approximate affinity label detected: 'IC50<5nM' (relation: '<'). Treating as exact value.
2026-07-16 21:44:58,429 WARNING protliggnn.train - Censored or approximate affinity label detected: 'Kd~1nM' (relation: '~'). Treating as exact value.
2026-07-16 21:44:58,429 WARNING protliggnn.train - Censored or approximate affinity label detected: 'Kd~1nM' (relation: '~'). Treating as exact value.
2026-07-16 21:44:58,430 WARNING protliggnn.train - Censored or approximate affinity label detected: 'Ki<10nM' (relation: '<'). Treating as exact value.
2026-07-16 21:44:58,431 WARNING protliggnn.train - Censored or approximate affinity label detected: 'Kd<10uM' (relation: '<'). Treating as exact value.
2026-07-16 21:44:58,432 WARNING protliggnn.train - Censored or approximate affinity label detected: 'IC50<100nM' (relation: '<'). Treating as exact value.
2026-07-16 21:44:58,432 WARNING protliggnn.train - Censored or approximate affinity label detected: 'Kd<2pM' (relation: '<'). Treating as exact value.
2026-07-16 21:44:58,433 WARNING protliggnn.train - Censored or approximate affinity label detected: 'Kd~50uM' (relation: '~'). Treating as exact value.
2026-07-16 21:44:58,433 WARNING protliggnn.train - Censored or approximate affinity label detected: 'Ki<=0.6nM' (relation: '<='). Treating as exact value.
2026-07-16 21:44:58,435 WARNING protliggnn.train - Censored or approximate affinity label detected: 'Kd~100uM' (relation: '~'). Treating as exact value.
2026-07-16 21:44:58,435 WARNING protliggnn.train - Censored or approximate affinity label detected: 'Kd~100uM' (relation: '~'). Treating as exact value.
2026-07-16 21:44:58,437 WARNING protliggnn.train - Censored or approximate affinity label detected: 'IC50<0.04nM' (relation: '<'). Treating as exact value.
2026-07-16 21:44:58,441 WARNING protliggnn.train - Censored or approximate affinity label detected: 'Kd~10nM' (relation: '~'). Treating as exact value.
2026-07-16 21:44:59,528 WARNING protliggnn.train - Censored or approximate affinity label detected: 'IC50<0.5nM' (relation: '<'). Treating as exact value.
2026-07-16 21:44:59,532 WARNING protliggnn.train - Censored or approximate affinity label detected: 'Kd~40mM' (relation: '~'). Treating as exact value.
2026-07-16 21:44:59,532 WARNING protliggnn.train - Censored or approximate affinity label detected: 'Ki<10uM' (relation: '<'). Treating as exact value.
2026-07-16 21:44:59,534 WARNING protliggnn.train - Censored or approximate affinity label detected: 'IC50<1.0nM' (relation: '<'). Treating as exact value.
2026-07-16 21:44:59,534 WARNING protliggnn.train - Censored or approximate affinity label detected: 'IC50<2nM' (relation: '<'). Treating as exact value.
2026-07-16 21:44:59,534 WARNING protliggnn.train - Censored or approximate affinity label detected: 'IC50<3nM' (relation: '<'). Treating as exact value.
2026-07-16 21:44:59,534 WARNING protliggnn.train - Censored or approximate affinity label detected: 'IC50<=1nM' (relation: '<='). Treating as exact value.
2026-07-16 21:44:59,535 WARNING protliggnn.train - Censored or approximate affinity label detected: 'Kd<1nM' (relation: '<'). Treating as exact value.
2026-07-16 21:44:59,536 WARNING protliggnn.train - Censored or approximate affinity label detected: 'Kd~1nM' (relation: '~'). Treating as exact value.
2026-07-16 21:44:59,536 WARNING protliggnn.train - Censored or approximate affinity label detected: 'Kd~1nM' (relation: '~'). Treating as exact value.
2026-07-16 21:44:59,536 WARNING protliggnn.train - Censored or approximate affinity label detected: 'IC50<2nM' (relation: '<'). Treating as exact value.
2026-07-16 21:44:59,538 WARNING protliggnn.train - Censored or approximate affinity label detected: 'IC50~1mM' (relation: '~'). Treating as exact value.
2026-07-16 21:44:59,538 WARNING protliggnn.train - Censored or approximate affinity label detected: 'IC50~20mM' (relation: '~'). Treating as exact value.
2026-07-16 21:44:59,538 WARNING protliggnn.train - Censored or approximate affinity label detected: 'Kd<0.1nM' (relation: '<'). Treating as exact value.
2026-07-16 21:44:59,538 WARNING protliggnn.train - Censored or approximate affinity label detected: 'Kd<1mM' (relation: '<'). Treating as exact value.
2026-07-16 21:44:59,538 WARNING protliggnn.train - Censored or approximate affinity label detected: 'Kd<60uM' (relation: '<'). Treating as exact value.
2026-07-16 21:44:59,539 WARNING protliggnn.train - Censored or approximate affinity label detected: 'Kd~300uM' (relation: '~'). Treating as exact value.
2026-07-16 21:44:59,539 WARNING protliggnn.train - Censored or approximate affinity label detected: 'Ki<50.0nM' (relation: '<'). Treating as exact value.
2026-07-16 21:44:59,541 WARNING protliggnn.train - Censored or approximate affinity label detected: 'Ki~5mM' (relation: '~'). Treating as exact value.
2026-07-16 21:44:59,541 WARNING protliggnn.train - Censored or approximate affinity label detected: 'Ki~5uM' (relation: '~'). Treating as exact value.
2026-07-16 21:44:59,541 WARNING protliggnn.train - Censored or approximate affinity label detected: 'IC50<0.001uM' (relation: '<'). Treating as exact value.
2026-07-16 21:44:59,541 WARNING protliggnn.train - Censored or approximate affinity label detected: 'IC50<0.003uM' (relation: '<'). Treating as exact value.
2026-07-16 21:44:59,541 WARNING protliggnn.train - Censored or approximate affinity label detected: 'IC50<0.004uM' (relation: '<'). Treating as exact value.
2026-07-16 21:44:59,541 WARNING protliggnn.train - Censored or approximate affinity label detected: 'IC50<10nM' (relation: '<'). Treating as exact value.
2026-07-16 21:44:59,541 WARNING protliggnn.train - Censored or approximate affinity label detected: 'IC50<2.13nM' (relation: '<'). Treating as exact value.
2026-07-16 21:44:59,541 WARNING protliggnn.train - Censored or approximate affinity label detected: 'IC50<3nM' (relation: '<'). Treating as exact value.
2026-07-16 21:44:59,541 WARNING protliggnn.train - Censored or approximate affinity label detected: 'IC50<3nM' (relation: '<'). Treating as exact value.
2026-07-16 21:45:01,306 WARNING protliggnn.train - Censored or approximate affinity label detected: 'IC50<4nM' (relation: '<'). Treating as exact value.
2026-07-16 21:45:01,306 WARNING protliggnn.train - Censored or approximate affinity label detected: 'IC50<5nM' (relation: '<'). Treating as exact value.
2026-07-16 21:45:01,306 WARNING protliggnn.train - Censored or approximate affinity label detected: 'IC50<5nM' (relation: '<'). Treating as exact value.
2026-07-16 21:45:01,308 WARNING protliggnn.train - Censored or approximate affinity label detected: 'Kd<0.1mM' (relation: '<'). Treating as exact value.
2026-07-16 21:45:01,308 WARNING protliggnn.train - Censored or approximate affinity label detected: 'Kd<0.1nM' (relation: '<'). Treating as exact value.
2026-07-16 21:45:01,308 WARNING protliggnn.train - Censored or approximate affinity label detected: 'Kd<100nM' (relation: '<'). Treating as exact value.
2026-07-16 21:45:01,308 WARNING protliggnn.train - Censored or approximate affinity label detected: 'Kd<10nM' (relation: '<'). Treating as exact value.
2026-07-16 21:45:01,309 WARNING protliggnn.train - Censored or approximate affinity label detected: 'Kd~102uM' (relation: '~'). Treating as exact value.
2026-07-16 21:45:01,309 WARNING protliggnn.train - Censored or approximate affinity label detected: 'Kd~125nM' (relation: '~'). Treating as exact value.
2026-07-16 21:45:01,309 WARNING protliggnn.train - Censored or approximate affinity label detected: 'Kd~1uM' (relation: '~'). Treating as exact value.
2026-07-16 21:45:01,309 WARNING protliggnn.train - Censored or approximate affinity label detected: 'Kd~1uM' (relation: '~'). Treating as exact value.
2026-07-16 21:45:01,309 WARNING protliggnn.train - Censored or approximate affinity label detected: 'Kd~5uM' (relation: '~'). Treating as exact value.
2026-07-16 21:45:01,309 WARNING protliggnn.train - Censored or approximate affinity label detected: 'Kd~74.3uM' (relation: '~'). Treating as exact value.
2026-07-16 21:45:01,309 WARNING protliggnn.train - Censored or approximate affinity label detected: 'Kd~85nM' (relation: '~'). Treating as exact value.
2026-07-16 21:45:01,309 WARNING protliggnn.train - Censored or approximate affinity label detected: 'Ki<0.10nM' (relation: '<'). Treating as exact value.
2026-07-16 21:45:01,310 WARNING protliggnn.train - Censored or approximate affinity label detected: 'Ki~2uM' (relation: '~'). Treating as exact value.
2026-07-16 21:45:01,311 WARNING protliggnn.train - Censored or approximate affinity label detected: 'Ki~55mM' (relation: '~'). Treating as exact value.
2026-07-16 21:45:01,311 WARNING protliggnn.train - Censored or approximate affinity label detected: 'Ki~55mM' (relation: '~'). Treating as exact value.
2026-07-16 21:45:01,311 WARNING protliggnn.train - Censored or approximate affinity label detected: 'IC50<0.01uM' (relation: '<'). Treating as exact value.
2026-07-16 21:45:01,311 WARNING protliggnn.train - Censored or approximate affinity label detected: 'IC50<0.01uM' (relation: '<'). Treating as exact value.
2026-07-16 21:45:01,311 WARNING protliggnn.train - Censored or approximate affinity label detected: 'IC50<2.5nM' (relation: '<'). Treating as exact value.
2026-07-16 21:45:01,314 WARNING protliggnn.train - Censored or approximate affinity label detected: 'IC50~0.5uM' (relation: '~'). Treating as exact value.
2026-07-16 21:45:01,314 WARNING protliggnn.train - Censored or approximate affinity label detected: 'IC50~30nM' (relation: '~'). Treating as exact value.
2026-07-16 21:45:01,314 WARNING protliggnn.train - Censored or approximate affinity label detected: 'Kd<10nM' (relation: '<'). Treating as exact value.
2026-07-16 21:45:01,314 WARNING protliggnn.train - Censored or approximate affinity label detected: 'Kd<10uM' (relation: '<'). Treating as exact value.
2026-07-16 21:45:01,314 WARNING protliggnn.train - Censored or approximate affinity label detected: 'Kd<6nM' (relation: '<'). Treating as exact value.
2026-07-16 21:45:01,316 WARNING protliggnn.train - Censored or approximate affinity label detected: 'Kd~10nM' (relation: '~'). Treating as exact value.
2026-07-16 21:45:03,028 WARNING protliggnn.train - Censored or approximate affinity label detected: 'Kd~160nM' (relation: '~'). Treating as exact value.
2026-07-16 21:45:03,028 WARNING protliggnn.train - Censored or approximate affinity label detected: 'Kd~1mM' (relation: '~'). Treating as exact value.
2026-07-16 21:45:03,028 WARNING protliggnn.train - Censored or approximate affinity label detected: 'Kd~1uM' (relation: '~'). Treating as exact value.
2026-07-16 21:45:03,028 WARNING protliggnn.train - Censored or approximate affinity label detected: 'Kd~2uM' (relation: '~'). Treating as exact value.
2026-07-16 21:45:03,028 WARNING protliggnn.train - Censored or approximate affinity label detected: 'Kd~5uM' (relation: '~'). Treating as exact value.
2026-07-16 21:45:03,028 WARNING protliggnn.train - Censored or approximate affinity label detected: 'Ki<0.05uM' (relation: '<'). Treating as exact value.
2026-07-16 21:45:03,029 WARNING protliggnn.train - Censored or approximate affinity label detected: 'Ki<1nM' (relation: '<'). Treating as exact value.
2026-07-16 21:45:03,029 WARNING protliggnn.train - Censored or approximate affinity label detected: 'Ki<1nM' (relation: '<'). Treating as exact value.
2026-07-16 21:45:03,029 WARNING protliggnn.train - Censored or approximate affinity label detected: 'Ki<1nM' (relation: '<'). Treating as exact value.
2026-07-16 21:45:03,029 WARNING protliggnn.train - Censored or approximate affinity label detected: 'Ki<1nM' (relation: '<'). Treating as exact value.
2026-07-16 21:45:03,029 WARNING protliggnn.train - Censored or approximate affinity label detected: 'Ki<2nM' (relation: '<'). Treating as exact value.
2026-07-16 21:45:03,030 WARNING protliggnn.train - Censored or approximate affinity label detected: 'Ki~10uM' (relation: '~'). Treating as exact value.
2026-07-16 21:45:03,030 WARNING protliggnn.train - Censored or approximate affinity label detected: 'Ki~14uM' (relation: '~'). Treating as exact value.
2026-07-16 21:45:03,030 WARNING protliggnn.train - Censored or approximate affinity label detected: 'Ki~50uM' (relation: '~'). Treating as exact value.
2026-07-16 21:45:03,030 WARNING protliggnn.train - Censored or approximate affinity label detected: 'IC50<1nM' (relation: '<'). Treating as exact value.
2026-07-16 21:45:03,030 WARNING protliggnn.train - Censored or approximate affinity label detected: 'IC50<4nM' (relation: '<'). Treating as exact value.
2026-07-16 21:45:03,031 WARNING protliggnn.train - Censored or approximate affinity label detected: 'IC50~10uM' (relation: '~'). Treating as exact value.
2026-07-16 21:45:03,032 WARNING protliggnn.train - Censored or approximate affinity label detected: 'IC50~10uM' (relation: '~'). Treating as exact value.
2026-07-16 21:45:03,032 WARNING protliggnn.train - Censored or approximate affinity label detected: 'IC50~1mM' (relation: '~'). Treating as exact value.
2026-07-16 21:45:03,032 WARNING protliggnn.train - Censored or approximate affinity label detected: 'IC50~30uM' (relation: '~'). Treating as exact value.
2026-07-16 21:45:03,032 WARNING protliggnn.train - Censored or approximate affinity label detected: 'IC50~30uM' (relation: '~'). Treating as exact value.
2026-07-16 21:45:03,032 WARNING protliggnn.train - Censored or approximate affinity label detected: 'IC50~38nM' (relation: '~'). Treating as exact value.
2026-07-16 21:45:03,032 WARNING protliggnn.train - Censored or approximate affinity label detected: 'Kd<0.003uM' (relation: '<'). Treating as exact value.
2026-07-16 21:45:03,032 WARNING protliggnn.train - Censored or approximate affinity label detected: 'Kd<1nM' (relation: '<'). Treating as exact value.
2026-07-16 21:45:03,035 WARNING protliggnn.train - Censored or approximate affinity label detected: 'Kd~1.7uM' (relation: '~'). Treating as exact value.
2026-07-16 21:45:03,035 WARNING protliggnn.train - Censored or approximate affinity label detected: 'Kd~200nM' (relation: '~'). Treating as exact value.
2026-07-16 21:45:03,035 WARNING protliggnn.train - Censored or approximate affinity label detected: 'Kd~200nM' (relation: '~'). Treating as exact value.
2026-07-16 21:45:04,691 WARNING protliggnn.train - Censored or approximate affinity label detected: 'Kd~3.6pM' (relation: '~'). Treating as exact value.
2026-07-16 21:45:04,691 WARNING protliggnn.train - Censored or approximate affinity label detected: 'Kd~400nM' (relation: '~'). Treating as exact value.
2026-07-16 21:45:04,691 WARNING protliggnn.train - Censored or approximate affinity label detected: 'Kd~51nM' (relation: '~'). Treating as exact value.
2026-07-16 21:45:04,691 WARNING protliggnn.train - Censored or approximate affinity label detected: 'Kd~9.6uM' (relation: '~'). Treating as exact value.
2026-07-16 21:45:04,691 WARNING protliggnn.train - Censored or approximate affinity label detected: 'Ki<0.01nM' (relation: '<'). Treating as exact value.
2026-07-16 21:45:04,691 WARNING protliggnn.train - Censored or approximate affinity label detected: 'Ki<0.0845uM' (relation: '<'). Treating as exact value.
2026-07-16 21:45:04,691 WARNING protliggnn.train - Censored or approximate affinity label detected: 'Ki<0.2nM' (relation: '<'). Treating as exact value.
2026-07-16 21:45:04,691 WARNING protliggnn.train - Censored or approximate affinity label detected: 'Ki<0.2nM' (relation: '<'). Treating as exact value.
2026-07-16 21:45:04,691 WARNING protliggnn.train - Censored or approximate affinity label detected: 'Ki<10mM' (relation: '<'). Treating as exact value.
2026-07-16 21:45:04,691 WARNING protliggnn.train - Censored or approximate affinity label detected: 'Ki<2mM' (relation: '<'). Treating as exact value.
2026-07-16 21:45:04,692 WARNING protliggnn.train - Censored or approximate affinity label detected: 'Ki~1.3uM' (relation: '~'). Treating as exact value.
2026-07-16 21:45:04,692 WARNING protliggnn.train - Censored or approximate affinity label detected: 'Ki~1.3uM' (relation: '~'). Treating as exact value.
2026-07-16 21:45:04,692 WARNING protliggnn.train - Censored or approximate affinity label detected: 'Ki~67uM' (relation: '~'). Treating as exact value.
2026-07-16 21:45:04,692 WARNING protliggnn.train - Censored or approximate affinity label detected: 'IC50<0.001uM' (relation: '<'). Treating as exact value.
2026-07-16 21:45:04,692 WARNING protliggnn.train - Censored or approximate affinity label detected: 'IC50<0.086uM' (relation: '<'). Treating as exact value.
2026-07-16 21:45:04,692 WARNING protliggnn.train - Censored or approximate affinity label detected: 'IC50<0.086uM' (relation: '<'). Treating as exact value.
2026-07-16 21:45:04,692 WARNING protliggnn.train - Censored or approximate affinity label detected: 'IC50<0.086uM' (relation: '<'). Treating as exact value.
2026-07-16 21:45:04,692 WARNING protliggnn.train - Censored or approximate affinity label detected: 'IC50<0.086uM' (relation: '<'). Treating as exact value.
2026-07-16 21:45:04,692 WARNING protliggnn.train - Censored or approximate affinity label detected: 'IC50<0.086uM' (relation: '<'). Treating as exact value.
2026-07-16 21:45:04,692 WARNING protliggnn.train - Censored or approximate affinity label detected: 'IC50<1.37uM' (relation: '<'). Treating as exact value.
2026-07-16 21:45:04,692 WARNING protliggnn.train - Censored or approximate affinity label detected: 'IC50<10nM' (relation: '<'). Treating as exact value.
2026-07-16 21:45:04,692 WARNING protliggnn.train - Censored or approximate affinity label detected: 'IC50<10uM' (relation: '<'). Treating as exact value.
2026-07-16 21:45:04,692 WARNING protliggnn.train - Censored or approximate affinity label detected: 'IC50<15nM' (relation: '<'). Treating as exact value.
2026-07-16 21:45:04,692 WARNING protliggnn.train - Censored or approximate affinity label detected: 'IC50<1nM' (relation: '<'). Treating as exact value.
2026-07-16 21:45:04,693 WARNING protliggnn.train - Censored or approximate affinity label detected: 'IC50~1.3mM' (relation: '~'). Treating as exact value.
2026-07-16 21:45:04,694 WARNING protliggnn.train - Censored or approximate affinity label detected: 'IC50~10000nM' (relation: '~'). Treating as exact value.
2026-07-16 21:45:04,694 WARNING protliggnn.train - Censored or approximate affinity label detected: 'IC50~33uM' (relation: '~'). Treating as exact value.
2026-07-16 21:45:06,393 WARNING protliggnn.train - Censored or approximate affinity label detected: 'IC50~4mM' (relation: '~'). Treating as exact value.
2026-07-16 21:45:06,394 WARNING protliggnn.train - Censored or approximate affinity label detected: 'Kd<0.03uM' (relation: '<'). Treating as exact value.
2026-07-16 21:45:06,394 WARNING protliggnn.train - Censored or approximate affinity label detected: 'Kd<0.05nM' (relation: '<'). Treating as exact value.
2026-07-16 21:45:06,394 WARNING protliggnn.train - Censored or approximate affinity label detected: 'Kd<10nM' (relation: '<'). Treating as exact value.
2026-07-16 21:45:06,394 WARNING protliggnn.train - Censored or approximate affinity label detected: 'Kd<1nM' (relation: '<'). Treating as exact value.
2026-07-16 21:45:06,394 WARNING protliggnn.train - Censored or approximate affinity label detected: 'Kd<1nM' (relation: '<'). Treating as exact value.
2026-07-16 21:45:06,397 WARNING protliggnn.train - Censored or approximate affinity label detected: 'Kd~185uM' (relation: '~'). Treating as exact value.
2026-07-16 21:45:06,397 WARNING protliggnn.train - Censored or approximate affinity label detected: 'Kd~23mM' (relation: '~'). Treating as exact value.
2026-07-16 21:45:06,397 WARNING protliggnn.train - Censored or approximate affinity label detected: 'Kd~2uM' (relation: '~'). Treating as exact value.
2026-07-16 21:45:06,397 WARNING protliggnn.train - Censored or approximate affinity label detected: 'Kd~300nM' (relation: '~'). Treating as exact value.
2026-07-16 21:45:06,397 WARNING protliggnn.train - Censored or approximate affinity label detected: 'Kd~364nM' (relation: '~'). Treating as exact value.
2026-07-16 21:45:06,397 WARNING protliggnn.train - Censored or approximate affinity label detected: 'Kd~8.11uM' (relation: '~'). Treating as exact value.
2026-07-16 21:45:06,397 WARNING protliggnn.train - Censored or approximate affinity label detected: 'Ki<0.0005uM' (relation: '<'). Treating as exact value.
2026-07-16 21:45:06,397 WARNING protliggnn.train - Censored or approximate affinity label detected: 'Ki<0.01nM' (relation: '<'). Treating as exact value.
2026-07-16 21:45:06,397 WARNING protliggnn.train - Censored or approximate affinity label detected: 'Ki<0.025nM' (relation: '<'). Treating as exact value.
2026-07-16 21:45:06,399 WARNING protliggnn.train - Censored or approximate affinity label detected: 'Ki~5uM' (relation: '~'). Treating as exact value.
2026-07-16 21:45:06,399 WARNING protliggnn.train - Censored or approximate affinity label detected: 'IC50<0.004uM' (relation: '<'). Treating as exact value.
2026-07-16 21:45:06,399 WARNING protliggnn.train - Censored or approximate affinity label detected: 'IC50<10nM' (relation: '<'). Treating as exact value.
2026-07-16 21:45:06,399 WARNING protliggnn.train - Censored or approximate affinity label detected: 'IC50<10nM' (relation: '<'). Treating as exact value.
2026-07-16 21:45:06,399 WARNING protliggnn.train - Censored or approximate affinity label detected: 'IC50<10nM' (relation: '<'). Treating as exact value.
2026-07-16 21:45:06,399 WARNING protliggnn.train - Censored or approximate affinity label detected: 'IC50<10nM' (relation: '<'). Treating as exact value.
2026-07-16 21:45:06,399 WARNING protliggnn.train - Censored or approximate affinity label detected: 'IC50<10nM' (relation: '<'). Treating as exact value.
2026-07-16 21:45:06,399 WARNING protliggnn.train - Censored or approximate affinity label detected: 'IC50<10nM' (relation: '<'). Treating as exact value.
2026-07-16 21:45:06,399 WARNING protliggnn.train - Censored or approximate affinity label detected: 'IC50<25nM' (relation: '<'). Treating as exact value.
2026-07-16 21:45:06,399 WARNING protliggnn.train - Censored or approximate affinity label detected: 'IC50<3nM' (relation: '<'). Treating as exact value.
2026-07-16 21:45:06,401 WARNING protliggnn.train - Censored or approximate affinity label detected: 'IC50~100uM' (relation: '~'). Treating as exact value.
2026-07-16 21:45:06,401 WARNING protliggnn.train - Censored or approximate affinity label detected: 'IC50~1mM' (relation: '~'). Treating as exact value.
2026-07-16 21:45:08,369 WARNING protliggnn.train - Censored or approximate affinity label detected: 'Kd<10nM' (relation: '<'). Treating as exact value.
2026-07-16 21:45:08,373 WARNING protliggnn.train - Censored or approximate affinity label detected: 'Kd~0.13uM' (relation: '~'). Treating as exact value.
2026-07-16 21:45:08,374 WARNING protliggnn.train - Censored or approximate affinity label detected: 'Kd~1.5uM' (relation: '~'). Treating as exact value.
2026-07-16 21:45:08,374 WARNING protliggnn.train - Censored or approximate affinity label detected: 'Kd~200uM' (relation: '~'). Treating as exact value.
2026-07-16 21:45:08,374 WARNING protliggnn.train - Censored or approximate affinity label detected: 'Kd~50uM' (relation: '~'). Treating as exact value.
2026-07-16 21:45:08,374 WARNING protliggnn.train - Censored or approximate affinity label detected: 'Ki<0.001uM' (relation: '<'). Treating as exact value.
2026-07-16 21:45:08,374 WARNING protliggnn.train - Censored or approximate affinity label detected: 'Ki<0.01nM' (relation: '<'). Treating as exact value.
2026-07-16 21:45:08,375 WARNING protliggnn.train - Censored or approximate affinity label detected: 'IC50<0.001uM' (relation: '<'). Treating as exact value.
2026-07-16 21:45:08,375 WARNING protliggnn.train - Censored or approximate affinity label detected: 'IC50<0.005uM' (relation: '<'). Treating as exact value.
2026-07-16 21:45:08,376 WARNING protliggnn.train - Censored or approximate affinity label detected: 'IC50<0.2uM' (relation: '<'). Treating as exact value.
2026-07-16 21:45:08,376 WARNING protliggnn.train - Censored or approximate affinity label detected: 'IC50<0.32nM' (relation: '<'). Treating as exact value.
2026-07-16 21:45:08,376 WARNING protliggnn.train - Censored or approximate affinity label detected: 'IC50<0.3nM' (relation: '<'). Treating as exact value.
2026-07-16 21:45:08,376 WARNING protliggnn.train - Censored or approximate affinity label detected: 'IC50<0.3nM' (relation: '<'). Treating as exact value.
2026-07-16 21:45:08,376 WARNING protliggnn.train - Censored or approximate affinity label detected: 'IC50<1.13nM' (relation: '<'). Treating as exact value.
2026-07-16 21:45:08,376 WARNING protliggnn.train - Censored or approximate affinity label detected: 'IC50<25nM' (relation: '<'). Treating as exact value.
2026-07-16 21:45:08,376 WARNING protliggnn.train - Censored or approximate affinity label detected: 'IC50<3nM' (relation: '<'). Treating as exact value.
2026-07-16 21:45:08,376 WARNING protliggnn.train - Censored or approximate affinity label detected: 'IC50<50nM' (relation: '<'). Treating as exact value.
2026-07-16 21:45:08,376 WARNING protliggnn.train - Censored or approximate affinity label detected: 'IC50<50nM' (relation: '<'). Treating as exact value.
2026-07-16 21:45:08,376 WARNING protliggnn.train - Censored or approximate affinity label detected: 'IC50<50nM' (relation: '<'). Treating as exact value.
2026-07-16 21:45:08,378 WARNING protliggnn.train - Censored or approximate affinity label detected: 'IC50~0.8mM' (relation: '~'). Treating as exact value.
2026-07-16 21:45:08,378 WARNING protliggnn.train - Censored or approximate affinity label detected: 'IC50~0.8mM' (relation: '~'). Treating as exact value.
2026-07-16 21:45:08,378 WARNING protliggnn.train - Censored or approximate affinity label detected: 'IC50~100uM' (relation: '~'). Treating as exact value.
2026-07-16 21:45:08,379 WARNING protliggnn.train - Censored or approximate affinity label detected: 'IC50~6nM' (relation: '~'). Treating as exact value.
2026-07-16 21:45:08,379 WARNING protliggnn.train - Censored or approximate affinity label detected: 'Kd<2nM' (relation: '<'). Treating as exact value.
2026-07-16 21:45:08,382 WARNING protliggnn.train - Censored or approximate affinity label detected: 'Kd~1.8uM' (relation: '~'). Treating as exact value.
2026-07-16 21:45:08,382 WARNING protliggnn.train - Censored or approximate affinity label detected: 'Kd~100nM' (relation: '~'). Treating as exact value.
2026-07-16 21:45:08,382 WARNING protliggnn.train - Censored or approximate affinity label detected: 'Kd~100nM' (relation: '~'). Treating as exact value.
2026-07-16 21:45:10,235 WARNING protliggnn.train - Censored or approximate affinity label detected: 'Kd~12uM' (relation: '~'). Treating as exact value.
2026-07-16 21:45:10,235 WARNING protliggnn.train - Censored or approximate affinity label detected: 'Kd~12uM' (relation: '~'). Treating as exact value.
2026-07-16 21:45:10,235 WARNING protliggnn.train - Censored or approximate affinity label detected: 'Kd~13uM' (relation: '~'). Treating as exact value.
2026-07-16 21:45:10,235 WARNING protliggnn.train - Censored or approximate affinity label detected: 'Kd~300nM' (relation: '~'). Treating as exact value.
2026-07-16 21:45:10,235 WARNING protliggnn.train - Censored or approximate affinity label detected: 'Kd~500uM' (relation: '~'). Treating as exact value.
2026-07-16 21:45:10,235 WARNING protliggnn.train - Censored or approximate affinity label detected: 'Kd~500uM' (relation: '~'). Treating as exact value.
2026-07-16 21:45:10,235 WARNING protliggnn.train - Censored or approximate affinity label detected: 'Kd~600uM' (relation: '~'). Treating as exact value.
2026-07-16 21:45:10,235 WARNING protliggnn.train - Censored or approximate affinity label detected: 'Kd~9uM' (relation: '~'). Treating as exact value.
2026-07-16 21:45:10,235 WARNING protliggnn.train - Censored or approximate affinity label detected: 'Ki<0.01uM' (relation: '<'). Treating as exact value.
2026-07-16 21:45:10,235 WARNING protliggnn.train - Censored or approximate affinity label detected: 'Ki<0.05nM' (relation: '<'). Treating as exact value.
2026-07-16 21:45:10,235 WARNING protliggnn.train - Censored or approximate affinity label detected: 'Ki<1nM' (relation: '<'). Treating as exact value.
2026-07-16 21:45:10,235 WARNING protliggnn.train - Censored or approximate affinity label detected: 'Ki<1nM' (relation: '<'). Treating as exact value.
2026-07-16 21:45:10,235 WARNING protliggnn.train - Censored or approximate affinity label detected: 'Ki<5nM' (relation: '<'). Treating as exact value.
2026-07-16 21:45:10,236 WARNING protliggnn.train - Censored or approximate affinity label detected: 'IC50<0.030uM' (relation: '<'). Treating as exact value.
2026-07-16 21:45:10,236 WARNING protliggnn.train - Censored or approximate affinity label detected: 'IC50<1nM' (relation: '<'). Treating as exact value.
2026-07-16 21:45:10,236 WARNING protliggnn.train - Censored or approximate affinity label detected: 'IC50<40nM' (relation: '<'). Treating as exact value.
2026-07-16 21:45:10,236 WARNING protliggnn.train - Censored or approximate affinity label detected: 'IC50<5nM' (relation: '<'). Treating as exact value.
2026-07-16 21:45:10,239 WARNING protliggnn.train - Censored or approximate affinity label detected: 'IC50~0.5uM' (relation: '~'). Treating as exact value.
2026-07-16 21:45:10,239 WARNING protliggnn.train - Censored or approximate affinity label detected: 'IC50~1.8uM' (relation: '~'). Treating as exact value.
2026-07-16 21:45:10,239 WARNING protliggnn.train - Censored or approximate affinity label detected: 'IC50~1mM' (relation: '~'). Treating as exact value.
2026-07-16 21:45:10,239 WARNING protliggnn.train - Censored or approximate affinity label detected: 'IC50~700nM' (relation: '~'). Treating as exact value.
2026-07-16 21:45:10,239 WARNING protliggnn.train - Censored or approximate affinity label detected: 'Kd<0.001nM' (relation: '<'). Treating as exact value.
2026-07-16 21:45:10,239 WARNING protliggnn.train - Censored or approximate affinity label detected: 'Kd<0.10uM' (relation: '<'). Treating as exact value.
2026-07-16 21:45:10,239 WARNING protliggnn.train - Censored or approximate affinity label detected: 'Kd<0.4uM' (relation: '<'). Treating as exact value.
2026-07-16 21:45:10,239 WARNING protliggnn.train - Censored or approximate affinity label detected: 'Kd<1nM' (relation: '<'). Treating as exact value.
2026-07-16 21:45:10,241 WARNING protliggnn.train - Censored or approximate affinity label detected: 'Kd~0.2uM' (relation: '~'). Treating as exact value.
2026-07-16 21:45:10,241 WARNING protliggnn.train - Censored or approximate affinity label detected: 'Kd~120nM' (relation: '~'). Treating as exact value.
2026-07-16 21:45:11,881 WARNING protliggnn.train - Censored or approximate affinity label detected: 'Kd~23uM' (relation: '~'). Treating as exact value.
2026-07-16 21:45:11,881 WARNING protliggnn.train - Censored or approximate affinity label detected: 'Kd~23uM' (relation: '~'). Treating as exact value.
2026-07-16 21:45:11,881 WARNING protliggnn.train - Censored or approximate affinity label detected: 'Kd~23uM' (relation: '~'). Treating as exact value.
2026-07-16 21:45:11,881 WARNING protliggnn.train - Censored or approximate affinity label detected: 'Kd~24uM' (relation: '~'). Treating as exact value.
2026-07-16 21:45:11,881 WARNING protliggnn.train - Censored or approximate affinity label detected: 'Kd~25uM' (relation: '~'). Treating as exact value.
2026-07-16 21:45:11,881 WARNING protliggnn.train - Censored or approximate affinity label detected: 'Kd~3nM' (relation: '~'). Treating as exact value.
2026-07-16 21:45:11,882 WARNING protliggnn.train - Censored or approximate affinity label detected: 'Kd~5uM' (relation: '~'). Treating as exact value.
2026-07-16 21:45:11,882 WARNING protliggnn.train - Censored or approximate affinity label detected: 'Kd~7nM' (relation: '~'). Treating as exact value.
2026-07-16 21:45:11,882 WARNING protliggnn.train - Censored or approximate affinity label detected: 'Kd~80uM' (relation: '~'). Treating as exact value.
2026-07-16 21:45:11,882 WARNING protliggnn.train - Censored or approximate affinity label detected: 'Ki<1.0nM' (relation: '<'). Treating as exact value.
2026-07-16 21:45:11,882 WARNING protliggnn.train - Censored or approximate affinity label detected: 'Ki<1.3nM' (relation: '<'). Treating as exact value.
2026-07-16 21:45:11,882 WARNING protliggnn.train - Censored or approximate affinity label detected: 'Ki<1nM' (relation: '<'). Treating as exact value.
2026-07-16 21:45:11,882 WARNING protliggnn.train - Censored or approximate affinity label detected: 'Ki<5pM' (relation: '<'). Treating as exact value.
2026-07-16 21:45:11,882 WARNING protliggnn.train - Censored or approximate affinity label detected: 'Ki<5pM' (relation: '<'). Treating as exact value.
2026-07-16 21:45:11,882 WARNING protliggnn.train - Censored or approximate affinity label detected: 'Ki<5pM' (relation: '<'). Treating as exact value.
2026-07-16 21:45:11,882 WARNING protliggnn.train - Censored or approximate affinity label detected: 'Ki<5pM' (relation: '<'). Treating as exact value.
2026-07-16 21:45:11,882 WARNING protliggnn.train - Censored or approximate affinity label detected: 'Ki<5pM' (relation: '<'). Treating as exact value.
2026-07-16 21:45:11,882 WARNING protliggnn.train - Censored or approximate affinity label detected: 'Ki<5pM' (relation: '<'). Treating as exact value.
2026-07-16 21:45:11,884 WARNING protliggnn.train - Censored or approximate affinity label detected: 'IC50<15nM' (relation: '<'). Treating as exact value.
2026-07-16 21:45:11,884 WARNING protliggnn.train - Censored or approximate affinity label detected: 'IC50<1nM' (relation: '<'). Treating as exact value.
2026-07-16 21:45:11,884 WARNING protliggnn.train - Censored or approximate affinity label detected: 'IC50<1nM' (relation: '<'). Treating as exact value.
2026-07-16 21:45:11,884 WARNING protliggnn.train - Censored or approximate affinity label detected: 'IC50<2nM' (relation: '<'). Treating as exact value.
2026-07-16 21:45:11,884 WARNING protliggnn.train - Censored or approximate affinity label detected: 'IC50<2nM' (relation: '<'). Treating as exact value.
2026-07-16 21:45:11,884 WARNING protliggnn.train - Censored or approximate affinity label detected: 'IC50<2nM' (relation: '<'). Treating as exact value.
2026-07-16 21:45:11,887 WARNING protliggnn.train - Censored or approximate affinity label detected: 'IC50~330uM' (relation: '~'). Treating as exact value.
2026-07-16 21:45:11,887 WARNING protliggnn.train - Censored or approximate affinity label detected: 'IC50~450uM' (relation: '~'). Treating as exact value.
2026-07-16 21:45:11,887 WARNING protliggnn.train - Censored or approximate affinity label detected: 'Kd<0.8nM' (relation: '<'). Treating as exact value.
2026-07-16 21:45:13,617 WARNING protliggnn.train - Censored or approximate affinity label detected: 'Kd<1.26nM' (relation: '<'). Treating as exact value.
2026-07-16 21:45:13,617 WARNING protliggnn.train - Censored or approximate affinity label detected: 'Kd<2.3nM' (relation: '<'). Treating as exact value.
2026-07-16 21:45:13,617 WARNING protliggnn.train - Censored or approximate affinity label detected: 'Kd<55uM' (relation: '<'). Treating as exact value.
2026-07-16 21:45:13,617 WARNING protliggnn.train - Censored or approximate affinity label detected: 'Kd<55uM' (relation: '<'). Treating as exact value.
2026-07-16 21:45:13,621 WARNING protliggnn.train - Censored or approximate affinity label detected: 'Kd~11uM' (relation: '~'). Treating as exact value.
2026-07-16 21:45:13,621 WARNING protliggnn.train - Censored or approximate affinity label detected: 'Kd~200nM' (relation: '~'). Treating as exact value.
2026-07-16 21:45:13,621 WARNING protliggnn.train - Censored or approximate affinity label detected: 'Kd~25uM' (relation: '~'). Treating as exact value.
2026-07-16 21:45:13,621 WARNING protliggnn.train - Censored or approximate affinity label detected: 'Kd~2nM' (relation: '~'). Treating as exact value.
2026-07-16 21:45:13,621 WARNING protliggnn.train - Censored or approximate affinity label detected: 'Ki<0.005nM' (relation: '<'). Treating as exact value.
2026-07-16 21:45:13,621 WARNING protliggnn.train - Censored or approximate affinity label detected: 'Ki<0.005nM' (relation: '<'). Treating as exact value.
2026-07-16 21:45:13,621 WARNING protliggnn.train - Censored or approximate affinity label detected: 'Ki<0.005nM' (relation: '<'). Treating as exact value.
2026-07-16 21:45:13,621 WARNING protliggnn.train - Censored or approximate affinity label detected: 'Ki<0.9nM' (relation: '<'). Treating as exact value.
2026-07-16 21:45:15,079 INFO protliggnn - Found 1000 candidate complexes with labels and matching files before validation.
2026-07-16 21:45:15,082 INFO protliggnn - Found graph cache at data\pdbbind2020\processed_dataset.pt. Validating...
2026-07-16 21:45:15,132 INFO protliggnn - Loading graphs from cache file...
2026-07-16 21:45:15,441 INFO protliggnn - Cache successfully validated. Loaded 1000 pre-built graphs.
2026-07-16 21:45:15,446 INFO protliggnn - Dataset split sizes: train=800 val=100 test=100 (random)
2026-07-16 21:45:41,473 INFO protliggnn - Epoch 001 train loss=5.2299 PCC=-0.0300 Spearman=0.0020 RMSE=2.2856 MAE=1.7708 R2=-0.6643
2026-07-16 21:45:41,473 INFO protliggnn - Epoch 001 val loss=2.6042 PCC=0.2986 Spearman=0.3196 RMSE=1.6122 MAE=1.2716 R2=-0.0022
2026-07-16 21:45:41,474 INFO protliggnn - Epoch 001 train diagnostics: Affinity Loss=5.2240 | Contact Loss=0.0596 | Total Loss=5.2299 | Pos Acc=0.0137 | Neg Acc=0.9879 | Precision=0.0068 | Recall=0.0137 | F1=0.0091 | Avg Prob=0.0241
2026-07-16 21:45:41,474 INFO protliggnn - Epoch 001 val diagnostics: Affinity Loss=2.5993 | Contact Loss=0.0484 | Total Loss=2.6042 | Pos Acc=0.0000 | Neg Acc=1.0000 | Precision=0.0000 | Recall=0.0000 | F1=0.0000 | Avg Prob=0.0077
2026-07-16 21:45:41,508 INFO protliggnn - Saved checkpoint for epoch 1 with validation RMSE 1.6122462210642268.
2026-07-16 21:46:05,388 INFO protliggnn - Epoch 002 train loss=3.8309 PCC=0.0725 Spearman=0.0736 RMSE=1.9561 MAE=1.5738 R2=-0.2190
2026-07-16 21:46:05,389 INFO protliggnn - Epoch 002 val loss=4.1189 PCC=0.3348 Spearman=0.3146 RMSE=2.0283 MAE=1.6769 R2=-0.5862
2026-07-16 21:46:05,389 INFO protliggnn - Epoch 002 train diagnostics: Affinity Loss=3.8262 | Contact Loss=0.0476 | Total Loss=3.8309 | Pos Acc=0.0000 | Neg Acc=1.0000 | Precision=0.0000 | Recall=0.0000 | F1=0.0000 | Avg Prob=0.0087
2026-07-16 21:46:05,389 INFO protliggnn - Epoch 002 val diagnostics: Affinity Loss=4.1141 | Contact Loss=0.0483 | Total Loss=4.1189 | Pos Acc=0.0000 | Neg Acc=1.0000 | Precision=0.0000 | Recall=0.0000 | F1=0.0000 | Avg Prob=0.0076
2026-07-16 21:46:30,057 INFO protliggnn - Epoch 003 train loss=3.3811 PCC=0.2082 Spearman=0.1880 RMSE=1.8375 MAE=1.4784 R2=-0.0757
2026-07-16 21:46:30,057 INFO protliggnn - Epoch 003 val loss=2.3141 PCC=0.4079 Spearman=0.4228 RMSE=1.5196 MAE=1.1879 R2=0.1097
2026-07-16 21:46:30,057 INFO protliggnn - Epoch 003 train diagnostics: Affinity Loss=3.3764 | Contact Loss=0.0474 | Total Loss=3.3811 | Pos Acc=0.0000 | Neg Acc=1.0000 | Precision=0.0000 | Recall=0.0000 | F1=0.0000 | Avg Prob=0.0087
2026-07-16 21:46:30,057 INFO protliggnn - Epoch 003 val diagnostics: Affinity Loss=2.3093 | Contact Loss=0.0477 | Total Loss=2.3141 | Pos Acc=0.0000 | Neg Acc=1.0000 | Precision=0.0000 | Recall=0.0000 | F1=0.0000 | Avg Prob=0.0081
2026-07-16 21:46:30,107 INFO protliggnn - Saved checkpoint for epoch 3 with validation RMSE 1.5196344649422517.
2026-07-16 21:46:54,627 INFO protliggnn - Epoch 004 train loss=3.5327 PCC=0.2408 Spearman=0.2428 RMSE=1.8783 MAE=1.4766 R2=-0.1240
2026-07-16 21:46:54,627 INFO protliggnn - Epoch 004 val loss=2.7374 PCC=0.3161 Spearman=0.3344 RMSE=1.6531 MAE=1.3167 R2=-0.0536
2026-07-16 21:46:54,627 INFO protliggnn - Epoch 004 train diagnostics: Affinity Loss=3.5280 | Contact Loss=0.0472 | Total Loss=3.5327 | Pos Acc=0.0000 | Neg Acc=1.0000 | Precision=0.0000 | Recall=0.0000 | F1=0.0000 | Avg Prob=0.0086
2026-07-16 21:46:54,627 INFO protliggnn - Epoch 004 val diagnostics: Affinity Loss=2.7326 | Contact Loss=0.0476 | Total Loss=2.7374 | Pos Acc=0.0000 | Neg Acc=1.0000 | Precision=0.0000 | Recall=0.0000 | F1=0.0000 | Avg Prob=0.0077
2026-07-16 21:47:19,453 INFO protliggnn - Epoch 005 train loss=3.0776 PCC=0.3232 Spearman=0.2996 RMSE=1.7530 MAE=1.4256 R2=0.0210
2026-07-16 21:47:19,453 INFO protliggnn - Epoch 005 val loss=2.2065 PCC=0.4349 Spearman=0.4685 RMSE=1.4838 MAE=1.1441 R2=0.1511
2026-07-16 21:47:19,453 INFO protliggnn - Epoch 005 train diagnostics: Affinity Loss=3.0729 | Contact Loss=0.0471 | Total Loss=3.0776 | Pos Acc=0.0000 | Neg Acc=1.0000 | Precision=0.0000 | Recall=0.0000 | F1=0.0000 | Avg Prob=0.0084
2026-07-16 21:47:19,453 INFO protliggnn - Epoch 005 val diagnostics: Affinity Loss=2.2018 | Contact Loss=0.0476 | Total Loss=2.2065 | Pos Acc=0.0000 | Neg Acc=1.0000 | Precision=0.0000 | Recall=0.0000 | F1=0.0000 | Avg Prob=0.0088
2026-07-16 21:47:19,491 INFO protliggnn - Saved checkpoint for epoch 5 with validation RMSE 1.483831555496524.
2026-07-16 21:47:44,202 INFO protliggnn - Epoch 006 train loss=3.3641 PCC=0.2680 Spearman=0.2619 RMSE=1.8329 MAE=1.4667 R2=-0.0703
2026-07-16 21:47:44,202 INFO protliggnn - Epoch 006 val loss=2.2652 PCC=0.4094 Spearman=0.4387 RMSE=1.5035 MAE=1.1847 R2=0.1285
2026-07-16 21:47:44,203 INFO protliggnn - Epoch 006 train diagnostics: Affinity Loss=3.3594 | Contact Loss=0.0470 | Total Loss=3.3641 | Pos Acc=0.0000 | Neg Acc=1.0000 | Precision=0.0000 | Recall=0.0000 | F1=0.0000 | Avg Prob=0.0083
2026-07-16 21:47:44,203 INFO protliggnn - Epoch 006 val diagnostics: Affinity Loss=2.2604 | Contact Loss=0.0480 | Total Loss=2.2652 | Pos Acc=0.0000 | Neg Acc=1.0000 | Precision=0.0000 | Recall=0.0000 | F1=0.0000 | Avg Prob=0.0068
2026-07-16 21:48:08,368 INFO protliggnn - Epoch 007 train loss=3.2484 PCC=0.3212 Spearman=0.3240 RMSE=1.8010 MAE=1.4411 R2=-0.0334
2026-07-16 21:48:08,368 INFO protliggnn - Epoch 007 val loss=2.5483 PCC=0.4493 Spearman=0.4797 RMSE=1.5948 MAE=1.2284 R2=0.0193
2026-07-16 21:48:08,368 INFO protliggnn - Epoch 007 train diagnostics: Affinity Loss=3.2437 | Contact Loss=0.0469 | Total Loss=3.2484 | Pos Acc=0.0000 | Neg Acc=1.0000 | Precision=0.0000 | Recall=0.0000 | F1=0.0000 | Avg Prob=0.0082
2026-07-16 21:48:08,368 INFO protliggnn - Epoch 007 val diagnostics: Affinity Loss=2.5435 | Contact Loss=0.0477 | Total Loss=2.5483 | Pos Acc=0.0000 | Neg Acc=1.0000 | Precision=0.0000 | Recall=0.0000 | F1=0.0000 | Avg Prob=0.0069
2026-07-16 21:48:29,491 INFO protliggnn - Epoch 008 train loss=2.8523 PCC=0.3944 Spearman=0.3885 RMSE=1.6875 MAE=1.3514 R2=0.0928
2026-07-16 21:48:29,492 INFO protliggnn - Epoch 008 val loss=2.6858 PCC=0.4659 Spearman=0.4795 RMSE=1.6374 MAE=1.2435 R2=-0.0337
2026-07-16 21:48:29,492 INFO protliggnn - Epoch 008 train diagnostics: Affinity Loss=2.8476 | Contact Loss=0.0469 | Total Loss=2.8523 | Pos Acc=0.0000 | Neg Acc=1.0000 | Precision=0.0000 | Recall=0.0000 | F1=0.0000 | Avg Prob=0.0082
2026-07-16 21:48:29,492 INFO protliggnn - Epoch 008 val diagnostics: Affinity Loss=2.6810 | Contact Loss=0.0476 | Total Loss=2.6858 | Pos Acc=0.0000 | Neg Acc=1.0000 | Precision=0.0000 | Recall=0.0000 | F1=0.0000 | Avg Prob=0.0080
2026-07-16 21:48:50,464 INFO protliggnn - Epoch 009 train loss=3.1872 PCC=0.3311 Spearman=0.3203 RMSE=1.7840 MAE=1.4424 R2=-0.0139
2026-07-16 21:48:50,464 INFO protliggnn - Epoch 009 val loss=2.7097 PCC=0.4389 Spearman=0.4582 RMSE=1.6447 MAE=1.2625 R2=-0.0429
2026-07-16 21:48:50,464 INFO protliggnn - Epoch 009 train diagnostics: Affinity Loss=3.1825 | Contact Loss=0.0470 | Total Loss=3.1872 | Pos Acc=0.0000 | Neg Acc=1.0000 | Precision=0.0000 | Recall=0.0000 | F1=0.0000 | Avg Prob=0.0081
2026-07-16 21:48:50,464 INFO protliggnn - Epoch 009 val diagnostics: Affinity Loss=2.7049 | Contact Loss=0.0476 | Total Loss=2.7097 | Pos Acc=0.0000 | Neg Acc=1.0000 | Precision=0.0000 | Recall=0.0000 | F1=0.0000 | Avg Prob=0.0075
2026-07-16 21:49:11,497 INFO protliggnn - Epoch 010 train loss=3.3857 PCC=0.3121 Spearman=0.2858 RMSE=1.8387 MAE=1.4663 R2=-0.0772
2026-07-16 21:49:11,497 INFO protliggnn - Epoch 010 val loss=2.7540 PCC=0.3858 Spearman=0.4283 RMSE=1.6580 MAE=1.3363 R2=-0.0599
2026-07-16 21:49:11,497 INFO protliggnn - Epoch 010 train diagnostics: Affinity Loss=3.3810 | Contact Loss=0.0470 | Total Loss=3.3857 | Pos Acc=0.0000 | Neg Acc=1.0000 | Precision=0.0000 | Recall=0.0000 | F1=0.0000 | Avg Prob=0.0082
2026-07-16 21:49:11,497 INFO protliggnn - Epoch 010 val diagnostics: Affinity Loss=2.7491 | Contact Loss=0.0484 | Total Loss=2.7540 | Pos Acc=0.0000 | Neg Acc=0.9998 | Precision=0.0000 | Recall=0.0000 | F1=0.0000 | Avg Prob=0.0070
2026-07-16 21:49:32,457 INFO protliggnn - Epoch 011 train loss=3.0183 PCC=0.3726 Spearman=0.3589 RMSE=1.7360 MAE=1.3804 R2=0.0399
2026-07-16 21:49:32,457 INFO protliggnn - Epoch 011 val loss=2.0523 PCC=0.4773 Spearman=0.5066 RMSE=1.4309 MAE=1.1283 R2=0.2106
2026-07-16 21:49:32,457 INFO protliggnn - Epoch 011 train diagnostics: Affinity Loss=3.0136 | Contact Loss=0.0469 | Total Loss=3.0183 | Pos Acc=0.0000 | Neg Acc=1.0000 | Precision=0.0000 | Recall=0.0000 | F1=0.0000 | Avg Prob=0.0081
2026-07-16 21:49:32,457 INFO protliggnn - Epoch 011 val diagnostics: Affinity Loss=2.0475 | Contact Loss=0.0478 | Total Loss=2.0523 | Pos Acc=0.0000 | Neg Acc=1.0000 | Precision=0.0000 | Recall=0.0000 | F1=0.0000 | Avg Prob=0.0064
2026-07-16 21:49:32,491 INFO protliggnn - Saved checkpoint for epoch 11 with validation RMSE 1.4309024103416523.
2026-07-16 21:49:54,764 INFO protliggnn - Epoch 012 train loss=3.0795 PCC=0.3627 Spearman=0.3517 RMSE=1.7535 MAE=1.4011 R2=0.0204
2026-07-16 21:49:54,764 INFO protliggnn - Epoch 012 val loss=2.1339 PCC=0.4588 Spearman=0.4864 RMSE=1.4592 MAE=1.1283 R2=0.1791
2026-07-16 21:49:54,764 INFO protliggnn - Epoch 012 train diagnostics: Affinity Loss=3.0748 | Contact Loss=0.0469 | Total Loss=3.0795 | Pos Acc=0.0000 | Neg Acc=1.0000 | Precision=0.0000 | Recall=0.0000 | F1=0.0000 | Avg Prob=0.0080
2026-07-16 21:49:54,764 INFO protliggnn - Epoch 012 val diagnostics: Affinity Loss=2.1292 | Contact Loss=0.0474 | Total Loss=2.1339 | Pos Acc=0.0000 | Neg Acc=1.0000 | Precision=0.0000 | Recall=0.0000 | F1=0.0000 | Avg Prob=0.0079
2026-07-16 21:50:15,608 INFO protliggnn - Epoch 013 train loss=2.8031 PCC=0.4153 Spearman=0.4056 RMSE=1.6729 MAE=1.3428 R2=0.1084
2026-07-16 21:50:15,609 INFO protliggnn - Epoch 013 val loss=2.7390 PCC=0.4526 Spearman=0.4767 RMSE=1.6536 MAE=1.2605 R2=-0.0542
2026-07-16 21:50:15,609 INFO protliggnn - Epoch 013 train diagnostics: Affinity Loss=2.7985 | Contact Loss=0.0468 | Total Loss=2.8031 | Pos Acc=0.0000 | Neg Acc=1.0000 | Precision=0.0000 | Recall=0.0000 | F1=0.0000 | Avg Prob=0.0080
2026-07-16 21:50:15,609 INFO protliggnn - Epoch 013 val diagnostics: Affinity Loss=2.7343 | Contact Loss=0.0473 | Total Loss=2.7390 | Pos Acc=0.0000 | Neg Acc=1.0000 | Precision=0.0000 | Recall=0.0000 | F1=0.0000 | Avg Prob=0.0091
2026-07-16 21:50:36,885 INFO protliggnn - Epoch 014 train loss=2.7761 PCC=0.4335 Spearman=0.4209 RMSE=1.6648 MAE=1.3284 R2=0.1171
2026-07-16 21:50:36,886 INFO protliggnn - Epoch 014 val loss=2.7145 PCC=0.4531 Spearman=0.4767 RMSE=1.6461 MAE=1.2425 R2=-0.0448
2026-07-16 21:50:36,886 INFO protliggnn - Epoch 014 train diagnostics: Affinity Loss=2.7714 | Contact Loss=0.0466 | Total Loss=2.7761 | Pos Acc=0.0000 | Neg Acc=1.0000 | Precision=0.0000 | Recall=0.0000 | F1=0.0000 | Avg Prob=0.0081
2026-07-16 21:50:36,886 INFO protliggnn - Epoch 014 val diagnostics: Affinity Loss=2.7098 | Contact Loss=0.0476 | Total Loss=2.7145 | Pos Acc=0.0000 | Neg Acc=1.0000 | Precision=0.0000 | Recall=0.0000 | F1=0.0000 | Avg Prob=0.0065
2026-07-16 21:50:58,119 INFO protliggnn - Epoch 015 train loss=2.6053 PCC=0.4714 Spearman=0.4547 RMSE=1.6126 MAE=1.3096 R2=0.1715
2026-07-16 21:50:58,119 INFO protliggnn - Epoch 015 val loss=2.2213 PCC=0.4570 Spearman=0.4622 RMSE=1.4888 MAE=1.1495 R2=0.1454
2026-07-16 21:50:58,120 INFO protliggnn - Epoch 015 train diagnostics: Affinity Loss=2.6006 | Contact Loss=0.0467 | Total Loss=2.6053 | Pos Acc=0.0000 | Neg Acc=1.0000 | Precision=0.0000 | Recall=0.0000 | F1=0.0000 | Avg Prob=0.0080
2026-07-16 21:50:58,120 INFO protliggnn - Epoch 015 val diagnostics: Affinity Loss=2.2166 | Contact Loss=0.0474 | Total Loss=2.2213 | Pos Acc=0.0000 | Neg Acc=1.0000 | Precision=0.0000 | Recall=0.0000 | F1=0.0000 | Avg Prob=0.0076
2026-07-16 21:51:19,266 INFO protliggnn - Epoch 016 train loss=2.7395 PCC=0.4456 Spearman=0.4238 RMSE=1.6537 MAE=1.3051 R2=0.1287
2026-07-16 21:51:19,266 INFO protliggnn - Epoch 016 val loss=2.0397 PCC=0.5110 Spearman=0.5581 RMSE=1.4265 MAE=1.0639 R2=0.2154
2026-07-16 21:51:19,266 INFO protliggnn - Epoch 016 train diagnostics: Affinity Loss=2.7348 | Contact Loss=0.0466 | Total Loss=2.7395 | Pos Acc=0.0000 | Neg Acc=1.0000 | Precision=0.0000 | Recall=0.0000 | F1=0.0000 | Avg Prob=0.0079
2026-07-16 21:51:19,266 INFO protliggnn - Epoch 016 val diagnostics: Affinity Loss=2.0350 | Contact Loss=0.0472 | Total Loss=2.0397 | Pos Acc=0.0000 | Neg Acc=1.0000 | Precision=0.0000 | Recall=0.0000 | F1=0.0000 | Avg Prob=0.0077
2026-07-16 21:51:19,300 INFO protliggnn - Saved checkpoint for epoch 16 with validation RMSE 1.4265279226572476.
2026-07-16 21:51:40,629 INFO protliggnn - Epoch 017 train loss=2.4271 PCC=0.5152 Spearman=0.5098 RMSE=1.5564 MAE=1.2397 R2=0.2282
2026-07-16 21:51:40,629 INFO protliggnn - Epoch 017 val loss=2.7318 PCC=0.4513 Spearman=0.4950 RMSE=1.6514 MAE=1.3377 R2=-0.0514
2026-07-16 21:51:40,629 INFO protliggnn - Epoch 017 train diagnostics: Affinity Loss=2.4224 | Contact Loss=0.0467 | Total Loss=2.4271 | Pos Acc=0.0000 | Neg Acc=1.0000 | Precision=0.0000 | Recall=0.0000 | F1=0.0000 | Avg Prob=0.0080
2026-07-16 21:51:40,629 INFO protliggnn - Epoch 017 val diagnostics: Affinity Loss=2.7271 | Contact Loss=0.0474 | Total Loss=2.7318 | Pos Acc=0.0000 | Neg Acc=1.0000 | Precision=0.0000 | Recall=0.0000 | F1=0.0000 | Avg Prob=0.0069
2026-07-16 21:52:01,422 INFO protliggnn - Epoch 018 train loss=2.4170 PCC=0.5311 Spearman=0.5204 RMSE=1.5532 MAE=1.2329 R2=0.2314
2026-07-16 21:52:01,422 INFO protliggnn - Epoch 018 val loss=2.2129 PCC=0.5077 Spearman=0.5446 RMSE=1.4860 MAE=1.1651 R2=0.1486
2026-07-16 21:52:01,422 INFO protliggnn - Epoch 018 train diagnostics: Affinity Loss=2.4124 | Contact Loss=0.0464 | Total Loss=2.4170 | Pos Acc=0.0000 | Neg Acc=1.0000 | Precision=0.0000 | Recall=0.0000 | F1=0.0000 | Avg Prob=0.0078
2026-07-16 21:52:01,422 INFO protliggnn - Epoch 018 val diagnostics: Affinity Loss=2.2082 | Contact Loss=0.0475 | Total Loss=2.2129 | Pos Acc=0.0000 | Neg Acc=1.0000 | Precision=0.0000 | Recall=0.0000 | F1=0.0000 | Avg Prob=0.0098
2026-07-16 21:52:22,877 INFO protliggnn - Epoch 019 train loss=2.8430 PCC=0.4339 Spearman=0.4030 RMSE=1.6847 MAE=1.3434 R2=0.0957
2026-07-16 21:52:22,877 INFO protliggnn - Epoch 019 val loss=1.9648 PCC=0.5270 Spearman=0.5508 RMSE=1.4000 MAE=1.0651 R2=0.2443
2026-07-16 21:52:22,877 INFO protliggnn - Epoch 019 train diagnostics: Affinity Loss=2.8383 | Contact Loss=0.0467 | Total Loss=2.8430 | Pos Acc=0.0000 | Neg Acc=1.0000 | Precision=0.0000 | Recall=0.0000 | F1=0.0000 | Avg Prob=0.0078
2026-07-16 21:52:22,878 INFO protliggnn - Epoch 019 val diagnostics: Affinity Loss=1.9600 | Contact Loss=0.0475 | Total Loss=1.9648 | Pos Acc=0.0000 | Neg Acc=1.0000 | Precision=0.0000 | Recall=0.0000 | F1=0.0000 | Avg Prob=0.0070
2026-07-16 21:52:22,921 INFO protliggnn - Saved checkpoint for epoch 19 with validation RMSE 1.4000030105467036.
2026-07-16 21:52:46,693 INFO protliggnn - Epoch 020 train loss=2.3327 PCC=0.5511 Spearman=0.5360 RMSE=1.5258 MAE=1.2244 R2=0.2583
2026-07-16 21:52:46,693 INFO protliggnn - Epoch 020 val loss=2.7336 PCC=0.5125 Spearman=0.5311 RMSE=1.6519 MAE=1.3541 R2=-0.0521
2026-07-16 21:52:46,694 INFO protliggnn - Epoch 020 train diagnostics: Affinity Loss=2.3281 | Contact Loss=0.0466 | Total Loss=2.3327 | Pos Acc=0.0000 | Neg Acc=1.0000 | Precision=0.0000 | Recall=0.0000 | F1=0.0000 | Avg Prob=0.0077
2026-07-16 21:52:46,694 INFO protliggnn - Epoch 020 val diagnostics: Affinity Loss=2.7289 | Contact Loss=0.0474 | Total Loss=2.7336 | Pos Acc=0.0000 | Neg Acc=1.0000 | Precision=0.0000 | Recall=0.0000 | F1=0.0000 | Avg Prob=0.0077
2026-07-16 21:53:10,290 INFO protliggnn - Epoch 021 train loss=2.1771 PCC=0.5834 Spearman=0.5641 RMSE=1.4739 MAE=1.1704 R2=0.3079
2026-07-16 21:53:10,291 INFO protliggnn - Epoch 021 val loss=2.6601 PCC=0.5109 Spearman=0.5245 RMSE=1.6295 MAE=1.3077 R2=-0.0238
2026-07-16 21:53:10,291 INFO protliggnn - Epoch 021 train diagnostics: Affinity Loss=2.1724 | Contact Loss=0.0465 | Total Loss=2.1771 | Pos Acc=0.0000 | Neg Acc=1.0000 | Precision=0.0000 | Recall=0.0000 | F1=0.0000 | Avg Prob=0.0077
2026-07-16 21:53:10,291 INFO protliggnn - Epoch 021 val diagnostics: Affinity Loss=2.6554 | Contact Loss=0.0473 | Total Loss=2.6601 | Pos Acc=0.0000 | Neg Acc=1.0000 | Precision=0.0000 | Recall=0.0000 | F1=0.0000 | Avg Prob=0.0079
2026-07-16 21:53:35,198 INFO protliggnn - Epoch 022 train loss=2.2744 PCC=0.5614 Spearman=0.5513 RMSE=1.5066 MAE=1.1868 R2=0.2769
2026-07-16 21:53:35,199 INFO protliggnn - Epoch 022 val loss=2.1024 PCC=0.5030 Spearman=0.5233 RMSE=1.4483 MAE=1.1111 R2=0.1912
2026-07-16 21:53:35,199 INFO protliggnn - Epoch 022 train diagnostics: Affinity Loss=2.2698 | Contact Loss=0.0465 | Total Loss=2.2744 | Pos Acc=0.0000 | Neg Acc=1.0000 | Precision=0.0000 | Recall=0.0000 | F1=0.0000 | Avg Prob=0.0078
2026-07-16 21:53:35,199 INFO protliggnn - Epoch 022 val diagnostics: Affinity Loss=2.0977 | Contact Loss=0.0475 | Total Loss=2.1024 | Pos Acc=0.0000 | Neg Acc=1.0000 | Precision=0.0000 | Recall=0.0000 | F1=0.0000 | Avg Prob=0.0091
2026-07-16 21:53:58,440 INFO protliggnn - Epoch 023 train loss=2.2260 PCC=0.5859 Spearman=0.5826 RMSE=1.4904 MAE=1.1805 R2=0.2923
2026-07-16 21:53:58,440 INFO protliggnn - Epoch 023 val loss=2.0133 PCC=0.5183 Spearman=0.5428 RMSE=1.4173 MAE=1.0855 R2=0.2256
2026-07-16 21:53:58,440 INFO protliggnn - Epoch 023 train diagnostics: Affinity Loss=2.2214 | Contact Loss=0.0464 | Total Loss=2.2260 | Pos Acc=0.0000 | Neg Acc=1.0000 | Precision=0.0000 | Recall=0.0000 | F1=0.0000 | Avg Prob=0.0078
2026-07-16 21:53:58,440 INFO protliggnn - Epoch 023 val diagnostics: Affinity Loss=2.0086 | Contact Loss=0.0472 | Total Loss=2.0133 | Pos Acc=0.0000 | Neg Acc=1.0000 | Precision=0.0000 | Recall=0.0000 | F1=0.0000 | Avg Prob=0.0084
2026-07-16 21:54:20,912 INFO protliggnn - Epoch 024 train loss=1.9311 PCC=0.6405 Spearman=0.6382 RMSE=1.3880 MAE=1.0849 R2=0.3862
2026-07-16 21:54:20,912 INFO protliggnn - Epoch 024 val loss=2.7106 PCC=0.5256 Spearman=0.5519 RMSE=1.6450 MAE=1.2761 R2=-0.0433
2026-07-16 21:54:20,912 INFO protliggnn - Epoch 024 train diagnostics: Affinity Loss=1.9265 | Contact Loss=0.0464 | Total Loss=1.9311 | Pos Acc=0.0000 | Neg Acc=1.0000 | Precision=0.0000 | Recall=0.0000 | F1=0.0000 | Avg Prob=0.0077
2026-07-16 21:54:20,912 INFO protliggnn - Epoch 024 val diagnostics: Affinity Loss=2.7059 | Contact Loss=0.0470 | Total Loss=2.7106 | Pos Acc=0.0000 | Neg Acc=1.0000 | Precision=0.0000 | Recall=0.0000 | F1=0.0000 | Avg Prob=0.0075
2026-07-16 21:54:44,157 INFO protliggnn - Epoch 025 train loss=2.0254 PCC=0.6215 Spearman=0.6088 RMSE=1.4215 MAE=1.1423 R2=0.3562
2026-07-16 21:54:44,157 INFO protliggnn - Epoch 025 val loss=2.1066 PCC=0.5634 Spearman=0.5761 RMSE=1.4498 MAE=1.1307 R2=0.1896
2026-07-16 21:54:44,157 INFO protliggnn - Epoch 025 train diagnostics: Affinity Loss=2.0208 | Contact Loss=0.0463 | Total Loss=2.0254 | Pos Acc=0.0000 | Neg Acc=1.0000 | Precision=0.0000 | Recall=0.0000 | F1=0.0000 | Avg Prob=0.0077
2026-07-16 21:54:44,157 INFO protliggnn - Epoch 025 val diagnostics: Affinity Loss=2.1019 | Contact Loss=0.0470 | Total Loss=2.1066 | Pos Acc=0.0000 | Neg Acc=1.0000 | Precision=0.0000 | Recall=0.0000 | F1=0.0000 | Avg Prob=0.0090
2026-07-16 21:55:05,470 INFO protliggnn - Epoch 026 train loss=1.9009 PCC=0.6590 Spearman=0.6456 RMSE=1.3770 MAE=1.0824 R2=0.3959
2026-07-16 21:55:05,470 INFO protliggnn - Epoch 026 val loss=2.1274 PCC=0.5510 Spearman=0.5296 RMSE=1.4569 MAE=1.1604 R2=0.1816
2026-07-16 21:55:05,470 INFO protliggnn - Epoch 026 train diagnostics: Affinity Loss=1.8963 | Contact Loss=0.0462 | Total Loss=1.9009 | Pos Acc=0.0000 | Neg Acc=1.0000 | Precision=0.0000 | Recall=0.0000 | F1=0.0000 | Avg Prob=0.0077
2026-07-16 21:55:05,471 INFO protliggnn - Epoch 026 val diagnostics: Affinity Loss=2.1227 | Contact Loss=0.0473 | Total Loss=2.1274 | Pos Acc=0.0000 | Neg Acc=1.0000 | Precision=0.0000 | Recall=0.0000 | F1=0.0000 | Avg Prob=0.0076
2026-07-16 21:55:26,750 INFO protliggnn - Epoch 027 train loss=2.1629 PCC=0.6008 Spearman=0.5744 RMSE=1.4691 MAE=1.1729 R2=0.3124
2026-07-16 21:55:26,751 INFO protliggnn - Epoch 027 val loss=2.8884 PCC=0.5282 Spearman=0.5450 RMSE=1.6981 MAE=1.3752 R2=-0.1118
2026-07-16 21:55:26,751 INFO protliggnn - Epoch 027 train diagnostics: Affinity Loss=2.1583 | Contact Loss=0.0462 | Total Loss=2.1629 | Pos Acc=0.0000 | Neg Acc=1.0000 | Precision=0.0000 | Recall=0.0000 | F1=0.0000 | Avg Prob=0.0076
2026-07-16 21:55:26,751 INFO protliggnn - Epoch 027 val diagnostics: Affinity Loss=2.8837 | Contact Loss=0.0473 | Total Loss=2.8884 | Pos Acc=0.0000 | Neg Acc=1.0000 | Precision=0.0000 | Recall=0.0000 | F1=0.0000 | Avg Prob=0.0089
2026-07-16 21:55:47,740 INFO protliggnn - Epoch 028 train loss=1.7573 PCC=0.6817 Spearman=0.6549 RMSE=1.3239 MAE=1.0497 R2=0.4416
2026-07-16 21:55:47,740 INFO protliggnn - Epoch 028 val loss=2.0343 PCC=0.5611 Spearman=0.5470 RMSE=1.4246 MAE=1.1183 R2=0.2175
2026-07-16 21:55:47,740 INFO protliggnn - Epoch 028 train diagnostics: Affinity Loss=1.7527 | Contact Loss=0.0461 | Total Loss=1.7573 | Pos Acc=0.0000 | Neg Acc=1.0000 | Precision=0.0000 | Recall=0.0000 | F1=0.0000 | Avg Prob=0.0077
2026-07-16 21:55:47,740 INFO protliggnn - Epoch 028 val diagnostics: Affinity Loss=2.0296 | Contact Loss=0.0471 | Total Loss=2.0343 | Pos Acc=0.0000 | Neg Acc=1.0000 | Precision=0.0000 | Recall=0.0000 | F1=0.0000 | Avg Prob=0.0075
2026-07-16 21:56:08,926 INFO protliggnn - Epoch 029 train loss=1.9580 PCC=0.6406 Spearman=0.6313 RMSE=1.3976 MAE=1.1102 R2=0.3777
2026-07-16 21:56:08,927 INFO protliggnn - Epoch 029 val loss=2.7014 PCC=0.5727 Spearman=0.5351 RMSE=1.6422 MAE=1.3038 R2=-0.0397
2026-07-16 21:56:08,927 INFO protliggnn - Epoch 029 train diagnostics: Affinity Loss=1.9534 | Contact Loss=0.0463 | Total Loss=1.9580 | Pos Acc=0.0000 | Neg Acc=1.0000 | Precision=0.0000 | Recall=0.0000 | F1=0.0000 | Avg Prob=0.0079
2026-07-16 21:56:08,927 INFO protliggnn - Epoch 029 val diagnostics: Affinity Loss=2.6967 | Contact Loss=0.0471 | Total Loss=2.7014 | Pos Acc=0.0000 | Neg Acc=1.0000 | Precision=0.0000 | Recall=0.0000 | F1=0.0000 | Avg Prob=0.0078
2026-07-16 21:56:08,927 INFO protliggnn - Early stopping triggered at epoch 29. Best epoch was 19.
2026-07-16 21:56:08,989 INFO protliggnn - Loaded best model from epoch 19 at D:\ProtLigGnn\experiments\run_072\checkpoint.pt
2026-07-16 21:56:10,827 INFO protliggnn - Test loss=2.7598 PCC=0.5440 Spearman=0.4669 RMSE=1.6600 MAE=1.3392 R2=0.2051
2026-07-16 21:56:13,714 INFO protliggnn - Wrote metrics, predictions, plots, and error analysis.
2026-07-16 21:56:13,743 INFO protliggnn - Experiment artifacts saved to D:\ProtLigGnn\experiments\run_072
