2026-07-17 01:08:03,168 INFO protliggnn - Experiment directory: experiments\run_008
2026-07-17 01:08:03,168 INFO protliggnn - CLI arguments: {'data_dir': 'data/pdbbind2020', 'device': 'cuda:0', 'epochs': 50, 'batch_size': 8, 'lr': 0.001, 'weight_decay': 1e-05, 'patience': 10, 'seed': 123, 'max_samples': 1000, 'run_name': 'protliggnn_benchmark_seed_123', 'no_crossgraph': False, 'save_path': 'experiments\\run_008\\checkpoint.pt', 'split_strategy': 'random', 'split_dir': 'splits', 'fixed_split_dir': None, 'val_fraction': 0.1, 'test_fraction': 0.1, 'dataset_version': 'pdbbind2020_local', 'experiments_root': 'experiments', 'experiment_dir': 'experiments\\run_008', 'experiment_id': None, 'num_workers': 0, 'pin_memory': False, 'disable_experiment_tracking': False, 'resume': None, 'allow_duplicate': True, 'hidden_dim': 256, 'dropout': 0.2, 'optimizer': 'adam', 'scheduler': 'none', 'grad_clip': None, 'no_residual': False, 'no_layernorm': False, 'no_attention': False, 'pooling': 'mean', 'log_level': 'INFO', 'model_type': 'soft_routing', 'router_type': 'residual', 'routing_level': 'embedding', 'gate_regularization': 0.0, 'entropy_regularization': 0.01, 'sparsity_regularization': 0.0, 'diversity_regularization': 0.0, 'router_capacity': 'base', 'contact_threshold': 4.0, 'loss_weight': 0.1, 'loss_weight_strategy': 'fixed', 'contact_hidden_dim': 128, 'rbf_basis': 32, 'rbf_start': 0.0, 'rbf_stop': 12.0, 'rbf_proj_dim': 32, 'interaction_dim': 32, 'latent_dim': 32, 'chemistry_dim': 32, 'representation_dim': 32, 'attention_bias_type': 'rbf', 'attention_learnable_scale': 'true', 'attention_initial_alpha': 0.1, 'attention_normalize_bias': 'true', 'experiment_purpose': 'benchmark', 'research_question': 'Can ProtLigGNN reproducibly predict protein-ligand affinity under this benchmark configuration?', 'author': 'unknown', 'description': '', 'notes': '', 'tags': '', 'expected_outcome': '', 'current_milestone': 'research-infrastructure', 'architecture_version': 'protliggnn-v1', 'research_version': 'Validated Baseline v0.95'}
2026-07-17 01:08:03,169 INFO protliggnn - Loading dataset from D:\ProtLigGnn\data\pdbbind2020
2026-07-17 01:08:03,170 WARNING protliggnn.train - Censored or approximate affinity label detected: 'Kd<10uM' (relation: '<'). Treating as exact value.
2026-07-17 01:08:03,170 WARNING protliggnn.train - Censored or approximate affinity label detected: 'Ki<=17nM' (relation: '<='). Treating as exact value.
2026-07-17 01:08:03,170 WARNING protliggnn.train - Censored or approximate affinity label detected: 'IC50<=3.5nM' (relation: '<='). Treating as exact value.
2026-07-17 01:08:03,170 WARNING protliggnn.train - Censored or approximate affinity label detected: 'Ki<1.0nM' (relation: '<'). Treating as exact value.
2026-07-17 01:08:03,170 WARNING protliggnn.train - Censored or approximate affinity label detected: 'Ki<10uM' (relation: '<'). Treating as exact value.
2026-07-17 01:08:03,170 WARNING protliggnn.train - Censored or approximate affinity label detected: 'Ki<1nM' (relation: '<'). Treating as exact value.
2026-07-17 01:08:03,171 WARNING protliggnn.train - Censored or approximate affinity label detected: 'IC50<=2.0nM' (relation: '<='). Treating as exact value.
2026-07-17 01:08:03,171 WARNING protliggnn.train - Censored or approximate affinity label detected: 'IC50~10uM' (relation: '~'). Treating as exact value.
2026-07-17 01:08:03,171 WARNING protliggnn.train - Censored or approximate affinity label detected: 'Ki<0.01nM' (relation: '<'). Treating as exact value.
2026-07-17 01:08:03,171 WARNING protliggnn.train - Censored or approximate affinity label detected: 'Ki<=100nM' (relation: '<='). Treating as exact value.
2026-07-17 01:08:03,171 WARNING protliggnn.train - Censored or approximate affinity label detected: 'Ki<21nM' (relation: '<'). Treating as exact value.
2026-07-17 01:08:03,172 WARNING protliggnn.train - Censored or approximate affinity label detected: 'Ki~0.1pM' (relation: '~'). Treating as exact value.
2026-07-17 01:08:03,172 WARNING protliggnn.train - Censored or approximate affinity label detected: 'Kd<=100uM' (relation: '<='). Treating as exact value.
2026-07-17 01:08:03,172 WARNING protliggnn.train - Censored or approximate affinity label detected: 'Kd~10pM' (relation: '~'). Treating as exact value.
2026-07-17 01:08:03,223 WARNING protliggnn.train - Censored or approximate affinity label detected: 'Kd~1pM' (relation: '~'). Treating as exact value.
2026-07-17 01:08:03,223 WARNING protliggnn.train - Censored or approximate affinity label detected: 'Kd~1pM' (relation: '~'). Treating as exact value.
2026-07-17 01:08:03,223 WARNING protliggnn.train - Censored or approximate affinity label detected: 'Kd<0.010uM' (relation: '<'). Treating as exact value.
2026-07-17 01:08:03,224 WARNING protliggnn.train - Censored or approximate affinity label detected: 'Kd~0.1uM' (relation: '~'). Treating as exact value.
2026-07-17 01:08:03,224 WARNING protliggnn.train - Censored or approximate affinity label detected: 'Ki<0.3uM' (relation: '<'). Treating as exact value.
2026-07-17 01:08:03,224 WARNING protliggnn.train - Censored or approximate affinity label detected: 'IC50<0.003uM' (relation: '<'). Treating as exact value.
2026-07-17 01:08:03,224 WARNING protliggnn.train - Censored or approximate affinity label detected: 'IC50<0.05uM' (relation: '<'). Treating as exact value.
2026-07-17 01:08:03,225 WARNING protliggnn.train - Censored or approximate affinity label detected: 'IC50<0.05uM' (relation: '<'). Treating as exact value.
2026-07-17 01:08:03,225 WARNING protliggnn.train - Censored or approximate affinity label detected: 'IC50~5mM' (relation: '~'). Treating as exact value.
2026-07-17 01:08:03,225 WARNING protliggnn.train - Censored or approximate affinity label detected: 'Kd<0.12nM' (relation: '<'). Treating as exact value.
2026-07-17 01:08:03,225 WARNING protliggnn.train - Censored or approximate affinity label detected: 'Kd~0.69pM' (relation: '~'). Treating as exact value.
2026-07-17 01:08:03,225 WARNING protliggnn.train - Censored or approximate affinity label detected: 'Kd~11pM' (relation: '~'). Treating as exact value.
2026-07-17 01:08:03,225 WARNING protliggnn.train - Censored or approximate affinity label detected: 'Kd~28pM' (relation: '~'). Treating as exact value.
2026-07-17 01:08:03,226 WARNING protliggnn.train - Censored or approximate affinity label detected: 'IC50<0.003uM' (relation: '<'). Treating as exact value.
2026-07-17 01:08:03,226 WARNING protliggnn.train - Censored or approximate affinity label detected: 'IC50<20nM' (relation: '<'). Treating as exact value.
2026-07-17 01:08:03,226 WARNING protliggnn.train - Censored or approximate affinity label detected: 'IC50<5nM' (relation: '<'). Treating as exact value.
2026-07-17 01:08:03,226 WARNING protliggnn.train - Censored or approximate affinity label detected: 'Kd~1nM' (relation: '~'). Treating as exact value.
2026-07-17 01:08:03,226 WARNING protliggnn.train - Censored or approximate affinity label detected: 'Kd~1nM' (relation: '~'). Treating as exact value.
2026-07-17 01:08:03,227 WARNING protliggnn.train - Censored or approximate affinity label detected: 'Ki<10nM' (relation: '<'). Treating as exact value.
2026-07-17 01:08:03,229 WARNING protliggnn.train - Censored or approximate affinity label detected: 'Kd<10uM' (relation: '<'). Treating as exact value.
2026-07-17 01:08:03,231 WARNING protliggnn.train - Censored or approximate affinity label detected: 'IC50<100nM' (relation: '<'). Treating as exact value.
2026-07-17 01:08:03,235 WARNING protliggnn.train - Censored or approximate affinity label detected: 'Kd<2pM' (relation: '<'). Treating as exact value.
2026-07-17 01:08:03,237 WARNING protliggnn.train - Censored or approximate affinity label detected: 'Kd~50uM' (relation: '~'). Treating as exact value.
2026-07-17 01:08:03,237 WARNING protliggnn.train - Censored or approximate affinity label detected: 'Ki<=0.6nM' (relation: '<='). Treating as exact value.
2026-07-17 01:08:03,244 WARNING protliggnn.train - Censored or approximate affinity label detected: 'Kd~100uM' (relation: '~'). Treating as exact value.
2026-07-17 01:08:03,244 WARNING protliggnn.train - Censored or approximate affinity label detected: 'Kd~100uM' (relation: '~'). Treating as exact value.
2026-07-17 01:08:03,247 WARNING protliggnn.train - Censored or approximate affinity label detected: 'IC50<0.04nM' (relation: '<'). Treating as exact value.
2026-07-17 01:08:04,351 WARNING protliggnn.train - Censored or approximate affinity label detected: 'Kd~10nM' (relation: '~'). Treating as exact value.
2026-07-17 01:08:04,353 WARNING protliggnn.train - Censored or approximate affinity label detected: 'IC50<0.5nM' (relation: '<'). Treating as exact value.
2026-07-17 01:08:04,355 WARNING protliggnn.train - Censored or approximate affinity label detected: 'Kd~40mM' (relation: '~'). Treating as exact value.
2026-07-17 01:08:04,355 WARNING protliggnn.train - Censored or approximate affinity label detected: 'Ki<10uM' (relation: '<'). Treating as exact value.
2026-07-17 01:08:04,356 WARNING protliggnn.train - Censored or approximate affinity label detected: 'IC50<1.0nM' (relation: '<'). Treating as exact value.
2026-07-17 01:08:04,356 WARNING protliggnn.train - Censored or approximate affinity label detected: 'IC50<2nM' (relation: '<'). Treating as exact value.
2026-07-17 01:08:04,356 WARNING protliggnn.train - Censored or approximate affinity label detected: 'IC50<3nM' (relation: '<'). Treating as exact value.
2026-07-17 01:08:04,356 WARNING protliggnn.train - Censored or approximate affinity label detected: 'IC50<=1nM' (relation: '<='). Treating as exact value.
2026-07-17 01:08:04,358 WARNING protliggnn.train - Censored or approximate affinity label detected: 'Kd<1nM' (relation: '<'). Treating as exact value.
2026-07-17 01:08:04,360 WARNING protliggnn.train - Censored or approximate affinity label detected: 'Kd~1nM' (relation: '~'). Treating as exact value.
2026-07-17 01:08:04,360 WARNING protliggnn.train - Censored or approximate affinity label detected: 'Kd~1nM' (relation: '~'). Treating as exact value.
2026-07-17 01:08:04,361 WARNING protliggnn.train - Censored or approximate affinity label detected: 'IC50<2nM' (relation: '<'). Treating as exact value.
2026-07-17 01:08:04,362 WARNING protliggnn.train - Censored or approximate affinity label detected: 'IC50~1mM' (relation: '~'). Treating as exact value.
2026-07-17 01:08:04,362 WARNING protliggnn.train - Censored or approximate affinity label detected: 'IC50~20mM' (relation: '~'). Treating as exact value.
2026-07-17 01:08:04,362 WARNING protliggnn.train - Censored or approximate affinity label detected: 'Kd<0.1nM' (relation: '<'). Treating as exact value.
2026-07-17 01:08:04,362 WARNING protliggnn.train - Censored or approximate affinity label detected: 'Kd<1mM' (relation: '<'). Treating as exact value.
2026-07-17 01:08:04,362 WARNING protliggnn.train - Censored or approximate affinity label detected: 'Kd<60uM' (relation: '<'). Treating as exact value.
2026-07-17 01:08:04,364 WARNING protliggnn.train - Censored or approximate affinity label detected: 'Kd~300uM' (relation: '~'). Treating as exact value.
2026-07-17 01:08:04,365 WARNING protliggnn.train - Censored or approximate affinity label detected: 'Ki<50.0nM' (relation: '<'). Treating as exact value.
2026-07-17 01:08:04,366 WARNING protliggnn.train - Censored or approximate affinity label detected: 'Ki~5mM' (relation: '~'). Treating as exact value.
2026-07-17 01:08:04,366 WARNING protliggnn.train - Censored or approximate affinity label detected: 'Ki~5uM' (relation: '~'). Treating as exact value.
2026-07-17 01:08:04,366 WARNING protliggnn.train - Censored or approximate affinity label detected: 'IC50<0.001uM' (relation: '<'). Treating as exact value.
2026-07-17 01:08:04,366 WARNING protliggnn.train - Censored or approximate affinity label detected: 'IC50<0.003uM' (relation: '<'). Treating as exact value.
2026-07-17 01:08:04,366 WARNING protliggnn.train - Censored or approximate affinity label detected: 'IC50<0.004uM' (relation: '<'). Treating as exact value.
2026-07-17 01:08:04,366 WARNING protliggnn.train - Censored or approximate affinity label detected: 'IC50<10nM' (relation: '<'). Treating as exact value.
2026-07-17 01:08:04,366 WARNING protliggnn.train - Censored or approximate affinity label detected: 'IC50<2.13nM' (relation: '<'). Treating as exact value.
2026-07-17 01:08:04,366 WARNING protliggnn.train - Censored or approximate affinity label detected: 'IC50<3nM' (relation: '<'). Treating as exact value.
2026-07-17 01:08:06,193 WARNING protliggnn.train - Censored or approximate affinity label detected: 'IC50<3nM' (relation: '<'). Treating as exact value.
2026-07-17 01:08:06,193 WARNING protliggnn.train - Censored or approximate affinity label detected: 'IC50<4nM' (relation: '<'). Treating as exact value.
2026-07-17 01:08:06,193 WARNING protliggnn.train - Censored or approximate affinity label detected: 'IC50<5nM' (relation: '<'). Treating as exact value.
2026-07-17 01:08:06,193 WARNING protliggnn.train - Censored or approximate affinity label detected: 'IC50<5nM' (relation: '<'). Treating as exact value.
2026-07-17 01:08:06,196 WARNING protliggnn.train - Censored or approximate affinity label detected: 'Kd<0.1mM' (relation: '<'). Treating as exact value.
2026-07-17 01:08:06,196 WARNING protliggnn.train - Censored or approximate affinity label detected: 'Kd<0.1nM' (relation: '<'). Treating as exact value.
2026-07-17 01:08:06,196 WARNING protliggnn.train - Censored or approximate affinity label detected: 'Kd<100nM' (relation: '<'). Treating as exact value.
2026-07-17 01:08:06,196 WARNING protliggnn.train - Censored or approximate affinity label detected: 'Kd<10nM' (relation: '<'). Treating as exact value.
2026-07-17 01:08:06,198 WARNING protliggnn.train - Censored or approximate affinity label detected: 'Kd~102uM' (relation: '~'). Treating as exact value.
2026-07-17 01:08:06,198 WARNING protliggnn.train - Censored or approximate affinity label detected: 'Kd~125nM' (relation: '~'). Treating as exact value.
2026-07-17 01:08:06,198 WARNING protliggnn.train - Censored or approximate affinity label detected: 'Kd~1uM' (relation: '~'). Treating as exact value.
2026-07-17 01:08:06,198 WARNING protliggnn.train - Censored or approximate affinity label detected: 'Kd~1uM' (relation: '~'). Treating as exact value.
2026-07-17 01:08:06,198 WARNING protliggnn.train - Censored or approximate affinity label detected: 'Kd~5uM' (relation: '~'). Treating as exact value.
2026-07-17 01:08:06,198 WARNING protliggnn.train - Censored or approximate affinity label detected: 'Kd~74.3uM' (relation: '~'). Treating as exact value.
2026-07-17 01:08:06,198 WARNING protliggnn.train - Censored or approximate affinity label detected: 'Kd~85nM' (relation: '~'). Treating as exact value.
2026-07-17 01:08:06,199 WARNING protliggnn.train - Censored or approximate affinity label detected: 'Ki<0.10nM' (relation: '<'). Treating as exact value.
2026-07-17 01:08:06,201 WARNING protliggnn.train - Censored or approximate affinity label detected: 'Ki~2uM' (relation: '~'). Treating as exact value.
2026-07-17 01:08:06,202 WARNING protliggnn.train - Censored or approximate affinity label detected: 'Ki~55mM' (relation: '~'). Treating as exact value.
2026-07-17 01:08:06,202 WARNING protliggnn.train - Censored or approximate affinity label detected: 'Ki~55mM' (relation: '~'). Treating as exact value.
2026-07-17 01:08:06,202 WARNING protliggnn.train - Censored or approximate affinity label detected: 'IC50<0.01uM' (relation: '<'). Treating as exact value.
2026-07-17 01:08:06,202 WARNING protliggnn.train - Censored or approximate affinity label detected: 'IC50<0.01uM' (relation: '<'). Treating as exact value.
2026-07-17 01:08:06,203 WARNING protliggnn.train - Censored or approximate affinity label detected: 'IC50<2.5nM' (relation: '<'). Treating as exact value.
2026-07-17 01:08:06,206 WARNING protliggnn.train - Censored or approximate affinity label detected: 'IC50~0.5uM' (relation: '~'). Treating as exact value.
2026-07-17 01:08:06,206 WARNING protliggnn.train - Censored or approximate affinity label detected: 'IC50~30nM' (relation: '~'). Treating as exact value.
2026-07-17 01:08:06,206 WARNING protliggnn.train - Censored or approximate affinity label detected: 'Kd<10nM' (relation: '<'). Treating as exact value.
2026-07-17 01:08:06,206 WARNING protliggnn.train - Censored or approximate affinity label detected: 'Kd<10uM' (relation: '<'). Treating as exact value.
2026-07-17 01:08:06,206 WARNING protliggnn.train - Censored or approximate affinity label detected: 'Kd<6nM' (relation: '<'). Treating as exact value.
2026-07-17 01:08:07,974 WARNING protliggnn.train - Censored or approximate affinity label detected: 'Kd~10nM' (relation: '~'). Treating as exact value.
2026-07-17 01:08:07,974 WARNING protliggnn.train - Censored or approximate affinity label detected: 'Kd~160nM' (relation: '~'). Treating as exact value.
2026-07-17 01:08:07,974 WARNING protliggnn.train - Censored or approximate affinity label detected: 'Kd~1mM' (relation: '~'). Treating as exact value.
2026-07-17 01:08:07,974 WARNING protliggnn.train - Censored or approximate affinity label detected: 'Kd~1uM' (relation: '~'). Treating as exact value.
2026-07-17 01:08:07,974 WARNING protliggnn.train - Censored or approximate affinity label detected: 'Kd~2uM' (relation: '~'). Treating as exact value.
2026-07-17 01:08:07,974 WARNING protliggnn.train - Censored or approximate affinity label detected: 'Kd~5uM' (relation: '~'). Treating as exact value.
2026-07-17 01:08:07,974 WARNING protliggnn.train - Censored or approximate affinity label detected: 'Ki<0.05uM' (relation: '<'). Treating as exact value.
2026-07-17 01:08:07,974 WARNING protliggnn.train - Censored or approximate affinity label detected: 'Ki<1nM' (relation: '<'). Treating as exact value.
2026-07-17 01:08:07,974 WARNING protliggnn.train - Censored or approximate affinity label detected: 'Ki<1nM' (relation: '<'). Treating as exact value.
2026-07-17 01:08:07,974 WARNING protliggnn.train - Censored or approximate affinity label detected: 'Ki<1nM' (relation: '<'). Treating as exact value.
2026-07-17 01:08:07,974 WARNING protliggnn.train - Censored or approximate affinity label detected: 'Ki<1nM' (relation: '<'). Treating as exact value.
2026-07-17 01:08:07,975 WARNING protliggnn.train - Censored or approximate affinity label detected: 'Ki<2nM' (relation: '<'). Treating as exact value.
2026-07-17 01:08:07,976 WARNING protliggnn.train - Censored or approximate affinity label detected: 'Ki~10uM' (relation: '~'). Treating as exact value.
2026-07-17 01:08:07,976 WARNING protliggnn.train - Censored or approximate affinity label detected: 'Ki~14uM' (relation: '~'). Treating as exact value.
2026-07-17 01:08:07,976 WARNING protliggnn.train - Censored or approximate affinity label detected: 'Ki~50uM' (relation: '~'). Treating as exact value.
2026-07-17 01:08:07,976 WARNING protliggnn.train - Censored or approximate affinity label detected: 'IC50<1nM' (relation: '<'). Treating as exact value.
2026-07-17 01:08:07,976 WARNING protliggnn.train - Censored or approximate affinity label detected: 'IC50<4nM' (relation: '<'). Treating as exact value.
2026-07-17 01:08:07,978 WARNING protliggnn.train - Censored or approximate affinity label detected: 'IC50~10uM' (relation: '~'). Treating as exact value.
2026-07-17 01:08:07,978 WARNING protliggnn.train - Censored or approximate affinity label detected: 'IC50~10uM' (relation: '~'). Treating as exact value.
2026-07-17 01:08:07,978 WARNING protliggnn.train - Censored or approximate affinity label detected: 'IC50~1mM' (relation: '~'). Treating as exact value.
2026-07-17 01:08:07,978 WARNING protliggnn.train - Censored or approximate affinity label detected: 'IC50~30uM' (relation: '~'). Treating as exact value.
2026-07-17 01:08:07,979 WARNING protliggnn.train - Censored or approximate affinity label detected: 'IC50~30uM' (relation: '~'). Treating as exact value.
2026-07-17 01:08:07,979 WARNING protliggnn.train - Censored or approximate affinity label detected: 'IC50~38nM' (relation: '~'). Treating as exact value.
2026-07-17 01:08:07,979 WARNING protliggnn.train - Censored or approximate affinity label detected: 'Kd<0.003uM' (relation: '<'). Treating as exact value.
2026-07-17 01:08:07,979 WARNING protliggnn.train - Censored or approximate affinity label detected: 'Kd<1nM' (relation: '<'). Treating as exact value.
2026-07-17 01:08:07,982 WARNING protliggnn.train - Censored or approximate affinity label detected: 'Kd~1.7uM' (relation: '~'). Treating as exact value.
2026-07-17 01:08:07,984 WARNING protliggnn.train - Censored or approximate affinity label detected: 'Kd~200nM' (relation: '~'). Treating as exact value.
2026-07-17 01:08:09,763 WARNING protliggnn.train - Censored or approximate affinity label detected: 'Kd~200nM' (relation: '~'). Treating as exact value.
2026-07-17 01:08:09,763 WARNING protliggnn.train - Censored or approximate affinity label detected: 'Kd~3.6pM' (relation: '~'). Treating as exact value.
2026-07-17 01:08:09,763 WARNING protliggnn.train - Censored or approximate affinity label detected: 'Kd~400nM' (relation: '~'). Treating as exact value.
2026-07-17 01:08:09,763 WARNING protliggnn.train - Censored or approximate affinity label detected: 'Kd~51nM' (relation: '~'). Treating as exact value.
2026-07-17 01:08:09,763 WARNING protliggnn.train - Censored or approximate affinity label detected: 'Kd~9.6uM' (relation: '~'). Treating as exact value.
2026-07-17 01:08:09,763 WARNING protliggnn.train - Censored or approximate affinity label detected: 'Ki<0.01nM' (relation: '<'). Treating as exact value.
2026-07-17 01:08:09,763 WARNING protliggnn.train - Censored or approximate affinity label detected: 'Ki<0.0845uM' (relation: '<'). Treating as exact value.
2026-07-17 01:08:09,763 WARNING protliggnn.train - Censored or approximate affinity label detected: 'Ki<0.2nM' (relation: '<'). Treating as exact value.
2026-07-17 01:08:09,763 WARNING protliggnn.train - Censored or approximate affinity label detected: 'Ki<0.2nM' (relation: '<'). Treating as exact value.
2026-07-17 01:08:09,763 WARNING protliggnn.train - Censored or approximate affinity label detected: 'Ki<10mM' (relation: '<'). Treating as exact value.
2026-07-17 01:08:09,763 WARNING protliggnn.train - Censored or approximate affinity label detected: 'Ki<2mM' (relation: '<'). Treating as exact value.
2026-07-17 01:08:09,764 WARNING protliggnn.train - Censored or approximate affinity label detected: 'Ki~1.3uM' (relation: '~'). Treating as exact value.
2026-07-17 01:08:09,764 WARNING protliggnn.train - Censored or approximate affinity label detected: 'Ki~1.3uM' (relation: '~'). Treating as exact value.
2026-07-17 01:08:09,764 WARNING protliggnn.train - Censored or approximate affinity label detected: 'Ki~67uM' (relation: '~'). Treating as exact value.
2026-07-17 01:08:09,764 WARNING protliggnn.train - Censored or approximate affinity label detected: 'IC50<0.001uM' (relation: '<'). Treating as exact value.
2026-07-17 01:08:09,764 WARNING protliggnn.train - Censored or approximate affinity label detected: 'IC50<0.086uM' (relation: '<'). Treating as exact value.
2026-07-17 01:08:09,764 WARNING protliggnn.train - Censored or approximate affinity label detected: 'IC50<0.086uM' (relation: '<'). Treating as exact value.
2026-07-17 01:08:09,764 WARNING protliggnn.train - Censored or approximate affinity label detected: 'IC50<0.086uM' (relation: '<'). Treating as exact value.
2026-07-17 01:08:09,764 WARNING protliggnn.train - Censored or approximate affinity label detected: 'IC50<0.086uM' (relation: '<'). Treating as exact value.
2026-07-17 01:08:09,764 WARNING protliggnn.train - Censored or approximate affinity label detected: 'IC50<0.086uM' (relation: '<'). Treating as exact value.
2026-07-17 01:08:09,765 WARNING protliggnn.train - Censored or approximate affinity label detected: 'IC50<1.37uM' (relation: '<'). Treating as exact value.
2026-07-17 01:08:09,765 WARNING protliggnn.train - Censored or approximate affinity label detected: 'IC50<10nM' (relation: '<'). Treating as exact value.
2026-07-17 01:08:09,765 WARNING protliggnn.train - Censored or approximate affinity label detected: 'IC50<10uM' (relation: '<'). Treating as exact value.
2026-07-17 01:08:09,765 WARNING protliggnn.train - Censored or approximate affinity label detected: 'IC50<15nM' (relation: '<'). Treating as exact value.
2026-07-17 01:08:09,765 WARNING protliggnn.train - Censored or approximate affinity label detected: 'IC50<1nM' (relation: '<'). Treating as exact value.
2026-07-17 01:08:09,766 WARNING protliggnn.train - Censored or approximate affinity label detected: 'IC50~1.3mM' (relation: '~'). Treating as exact value.
2026-07-17 01:08:09,766 WARNING protliggnn.train - Censored or approximate affinity label detected: 'IC50~10000nM' (relation: '~'). Treating as exact value.
2026-07-17 01:08:11,387 WARNING protliggnn.train - Censored or approximate affinity label detected: 'IC50~33uM' (relation: '~'). Treating as exact value.
2026-07-17 01:08:11,387 WARNING protliggnn.train - Censored or approximate affinity label detected: 'IC50~4mM' (relation: '~'). Treating as exact value.
2026-07-17 01:08:11,387 WARNING protliggnn.train - Censored or approximate affinity label detected: 'Kd<0.03uM' (relation: '<'). Treating as exact value.
2026-07-17 01:08:11,387 WARNING protliggnn.train - Censored or approximate affinity label detected: 'Kd<0.05nM' (relation: '<'). Treating as exact value.
2026-07-17 01:08:11,387 WARNING protliggnn.train - Censored or approximate affinity label detected: 'Kd<10nM' (relation: '<'). Treating as exact value.
2026-07-17 01:08:11,387 WARNING protliggnn.train - Censored or approximate affinity label detected: 'Kd<1nM' (relation: '<'). Treating as exact value.
2026-07-17 01:08:11,387 WARNING protliggnn.train - Censored or approximate affinity label detected: 'Kd<1nM' (relation: '<'). Treating as exact value.
2026-07-17 01:08:11,388 WARNING protliggnn.train - Censored or approximate affinity label detected: 'Kd~185uM' (relation: '~'). Treating as exact value.
2026-07-17 01:08:11,388 WARNING protliggnn.train - Censored or approximate affinity label detected: 'Kd~23mM' (relation: '~'). Treating as exact value.
2026-07-17 01:08:11,388 WARNING protliggnn.train - Censored or approximate affinity label detected: 'Kd~2uM' (relation: '~'). Treating as exact value.
2026-07-17 01:08:11,388 WARNING protliggnn.train - Censored or approximate affinity label detected: 'Kd~300nM' (relation: '~'). Treating as exact value.
2026-07-17 01:08:11,388 WARNING protliggnn.train - Censored or approximate affinity label detected: 'Kd~364nM' (relation: '~'). Treating as exact value.
2026-07-17 01:08:11,388 WARNING protliggnn.train - Censored or approximate affinity label detected: 'Kd~8.11uM' (relation: '~'). Treating as exact value.
2026-07-17 01:08:11,388 WARNING protliggnn.train - Censored or approximate affinity label detected: 'Ki<0.0005uM' (relation: '<'). Treating as exact value.
2026-07-17 01:08:11,388 WARNING protliggnn.train - Censored or approximate affinity label detected: 'Ki<0.01nM' (relation: '<'). Treating as exact value.
2026-07-17 01:08:11,388 WARNING protliggnn.train - Censored or approximate affinity label detected: 'Ki<0.025nM' (relation: '<'). Treating as exact value.
2026-07-17 01:08:11,390 WARNING protliggnn.train - Censored or approximate affinity label detected: 'Ki~5uM' (relation: '~'). Treating as exact value.
2026-07-17 01:08:11,390 WARNING protliggnn.train - Censored or approximate affinity label detected: 'IC50<0.004uM' (relation: '<'). Treating as exact value.
2026-07-17 01:08:11,390 WARNING protliggnn.train - Censored or approximate affinity label detected: 'IC50<10nM' (relation: '<'). Treating as exact value.
2026-07-17 01:08:11,390 WARNING protliggnn.train - Censored or approximate affinity label detected: 'IC50<10nM' (relation: '<'). Treating as exact value.
2026-07-17 01:08:11,390 WARNING protliggnn.train - Censored or approximate affinity label detected: 'IC50<10nM' (relation: '<'). Treating as exact value.
2026-07-17 01:08:11,390 WARNING protliggnn.train - Censored or approximate affinity label detected: 'IC50<10nM' (relation: '<'). Treating as exact value.
2026-07-17 01:08:11,390 WARNING protliggnn.train - Censored or approximate affinity label detected: 'IC50<10nM' (relation: '<'). Treating as exact value.
2026-07-17 01:08:11,390 WARNING protliggnn.train - Censored or approximate affinity label detected: 'IC50<10nM' (relation: '<'). Treating as exact value.
2026-07-17 01:08:11,390 WARNING protliggnn.train - Censored or approximate affinity label detected: 'IC50<25nM' (relation: '<'). Treating as exact value.
2026-07-17 01:08:11,390 WARNING protliggnn.train - Censored or approximate affinity label detected: 'IC50<3nM' (relation: '<'). Treating as exact value.
2026-07-17 01:08:11,391 WARNING protliggnn.train - Censored or approximate affinity label detected: 'IC50~100uM' (relation: '~'). Treating as exact value.
2026-07-17 01:08:13,128 WARNING protliggnn.train - Censored or approximate affinity label detected: 'IC50~1mM' (relation: '~'). Treating as exact value.
2026-07-17 01:08:13,128 WARNING protliggnn.train - Censored or approximate affinity label detected: 'Kd<10nM' (relation: '<'). Treating as exact value.
2026-07-17 01:08:13,131 WARNING protliggnn.train - Censored or approximate affinity label detected: 'Kd~0.13uM' (relation: '~'). Treating as exact value.
2026-07-17 01:08:13,131 WARNING protliggnn.train - Censored or approximate affinity label detected: 'Kd~1.5uM' (relation: '~'). Treating as exact value.
2026-07-17 01:08:13,131 WARNING protliggnn.train - Censored or approximate affinity label detected: 'Kd~200uM' (relation: '~'). Treating as exact value.
2026-07-17 01:08:13,131 WARNING protliggnn.train - Censored or approximate affinity label detected: 'Kd~50uM' (relation: '~'). Treating as exact value.
2026-07-17 01:08:13,131 WARNING protliggnn.train - Censored or approximate affinity label detected: 'Ki<0.001uM' (relation: '<'). Treating as exact value.
2026-07-17 01:08:13,131 WARNING protliggnn.train - Censored or approximate affinity label detected: 'Ki<0.01nM' (relation: '<'). Treating as exact value.
2026-07-17 01:08:13,132 WARNING protliggnn.train - Censored or approximate affinity label detected: 'IC50<0.001uM' (relation: '<'). Treating as exact value.
2026-07-17 01:08:13,132 WARNING protliggnn.train - Censored or approximate affinity label detected: 'IC50<0.005uM' (relation: '<'). Treating as exact value.
2026-07-17 01:08:13,132 WARNING protliggnn.train - Censored or approximate affinity label detected: 'IC50<0.2uM' (relation: '<'). Treating as exact value.
2026-07-17 01:08:13,132 WARNING protliggnn.train - Censored or approximate affinity label detected: 'IC50<0.32nM' (relation: '<'). Treating as exact value.
2026-07-17 01:08:13,132 WARNING protliggnn.train - Censored or approximate affinity label detected: 'IC50<0.3nM' (relation: '<'). Treating as exact value.
2026-07-17 01:08:13,132 WARNING protliggnn.train - Censored or approximate affinity label detected: 'IC50<0.3nM' (relation: '<'). Treating as exact value.
2026-07-17 01:08:13,132 WARNING protliggnn.train - Censored or approximate affinity label detected: 'IC50<1.13nM' (relation: '<'). Treating as exact value.
2026-07-17 01:08:13,132 WARNING protliggnn.train - Censored or approximate affinity label detected: 'IC50<25nM' (relation: '<'). Treating as exact value.
2026-07-17 01:08:13,132 WARNING protliggnn.train - Censored or approximate affinity label detected: 'IC50<3nM' (relation: '<'). Treating as exact value.
2026-07-17 01:08:13,132 WARNING protliggnn.train - Censored or approximate affinity label detected: 'IC50<50nM' (relation: '<'). Treating as exact value.
2026-07-17 01:08:13,132 WARNING protliggnn.train - Censored or approximate affinity label detected: 'IC50<50nM' (relation: '<'). Treating as exact value.
2026-07-17 01:08:13,132 WARNING protliggnn.train - Censored or approximate affinity label detected: 'IC50<50nM' (relation: '<'). Treating as exact value.
2026-07-17 01:08:13,135 WARNING protliggnn.train - Censored or approximate affinity label detected: 'IC50~0.8mM' (relation: '~'). Treating as exact value.
2026-07-17 01:08:13,135 WARNING protliggnn.train - Censored or approximate affinity label detected: 'IC50~0.8mM' (relation: '~'). Treating as exact value.
2026-07-17 01:08:13,135 WARNING protliggnn.train - Censored or approximate affinity label detected: 'IC50~100uM' (relation: '~'). Treating as exact value.
2026-07-17 01:08:13,135 WARNING protliggnn.train - Censored or approximate affinity label detected: 'IC50~6nM' (relation: '~'). Treating as exact value.
2026-07-17 01:08:13,135 WARNING protliggnn.train - Censored or approximate affinity label detected: 'Kd<2nM' (relation: '<'). Treating as exact value.
2026-07-17 01:08:13,137 WARNING protliggnn.train - Censored or approximate affinity label detected: 'Kd~1.8uM' (relation: '~'). Treating as exact value.
2026-07-17 01:08:13,137 WARNING protliggnn.train - Censored or approximate affinity label detected: 'Kd~100nM' (relation: '~'). Treating as exact value.
2026-07-17 01:08:14,760 WARNING protliggnn.train - Censored or approximate affinity label detected: 'Kd~100nM' (relation: '~'). Treating as exact value.
2026-07-17 01:08:14,760 WARNING protliggnn.train - Censored or approximate affinity label detected: 'Kd~12uM' (relation: '~'). Treating as exact value.
2026-07-17 01:08:14,760 WARNING protliggnn.train - Censored or approximate affinity label detected: 'Kd~12uM' (relation: '~'). Treating as exact value.
2026-07-17 01:08:14,760 WARNING protliggnn.train - Censored or approximate affinity label detected: 'Kd~13uM' (relation: '~'). Treating as exact value.
2026-07-17 01:08:14,760 WARNING protliggnn.train - Censored or approximate affinity label detected: 'Kd~300nM' (relation: '~'). Treating as exact value.
2026-07-17 01:08:14,760 WARNING protliggnn.train - Censored or approximate affinity label detected: 'Kd~500uM' (relation: '~'). Treating as exact value.
2026-07-17 01:08:14,761 WARNING protliggnn.train - Censored or approximate affinity label detected: 'Kd~500uM' (relation: '~'). Treating as exact value.
2026-07-17 01:08:14,761 WARNING protliggnn.train - Censored or approximate affinity label detected: 'Kd~600uM' (relation: '~'). Treating as exact value.
2026-07-17 01:08:14,761 WARNING protliggnn.train - Censored or approximate affinity label detected: 'Kd~9uM' (relation: '~'). Treating as exact value.
2026-07-17 01:08:14,761 WARNING protliggnn.train - Censored or approximate affinity label detected: 'Ki<0.01uM' (relation: '<'). Treating as exact value.
2026-07-17 01:08:14,761 WARNING protliggnn.train - Censored or approximate affinity label detected: 'Ki<0.05nM' (relation: '<'). Treating as exact value.
2026-07-17 01:08:14,761 WARNING protliggnn.train - Censored or approximate affinity label detected: 'Ki<1nM' (relation: '<'). Treating as exact value.
2026-07-17 01:08:14,761 WARNING protliggnn.train - Censored or approximate affinity label detected: 'Ki<1nM' (relation: '<'). Treating as exact value.
2026-07-17 01:08:14,761 WARNING protliggnn.train - Censored or approximate affinity label detected: 'Ki<5nM' (relation: '<'). Treating as exact value.
2026-07-17 01:08:14,762 WARNING protliggnn.train - Censored or approximate affinity label detected: 'IC50<0.030uM' (relation: '<'). Treating as exact value.
2026-07-17 01:08:14,762 WARNING protliggnn.train - Censored or approximate affinity label detected: 'IC50<1nM' (relation: '<'). Treating as exact value.
2026-07-17 01:08:14,762 WARNING protliggnn.train - Censored or approximate affinity label detected: 'IC50<40nM' (relation: '<'). Treating as exact value.
2026-07-17 01:08:14,762 WARNING protliggnn.train - Censored or approximate affinity label detected: 'IC50<5nM' (relation: '<'). Treating as exact value.
2026-07-17 01:08:14,763 WARNING protliggnn.train - Censored or approximate affinity label detected: 'IC50~0.5uM' (relation: '~'). Treating as exact value.
2026-07-17 01:08:14,764 WARNING protliggnn.train - Censored or approximate affinity label detected: 'IC50~1.8uM' (relation: '~'). Treating as exact value.
2026-07-17 01:08:14,764 WARNING protliggnn.train - Censored or approximate affinity label detected: 'IC50~1mM' (relation: '~'). Treating as exact value.
2026-07-17 01:08:14,764 WARNING protliggnn.train - Censored or approximate affinity label detected: 'IC50~700nM' (relation: '~'). Treating as exact value.
2026-07-17 01:08:14,764 WARNING protliggnn.train - Censored or approximate affinity label detected: 'Kd<0.001nM' (relation: '<'). Treating as exact value.
2026-07-17 01:08:14,764 WARNING protliggnn.train - Censored or approximate affinity label detected: 'Kd<0.10uM' (relation: '<'). Treating as exact value.
2026-07-17 01:08:14,764 WARNING protliggnn.train - Censored or approximate affinity label detected: 'Kd<0.4uM' (relation: '<'). Treating as exact value.
2026-07-17 01:08:14,764 WARNING protliggnn.train - Censored or approximate affinity label detected: 'Kd<1nM' (relation: '<'). Treating as exact value.
2026-07-17 01:08:14,767 WARNING protliggnn.train - Censored or approximate affinity label detected: 'Kd~0.2uM' (relation: '~'). Treating as exact value.
2026-07-17 01:08:16,542 WARNING protliggnn.train - Censored or approximate affinity label detected: 'Kd~120nM' (relation: '~'). Treating as exact value.
2026-07-17 01:08:16,542 WARNING protliggnn.train - Censored or approximate affinity label detected: 'Kd~23uM' (relation: '~'). Treating as exact value.
2026-07-17 01:08:16,542 WARNING protliggnn.train - Censored or approximate affinity label detected: 'Kd~23uM' (relation: '~'). Treating as exact value.
2026-07-17 01:08:16,542 WARNING protliggnn.train - Censored or approximate affinity label detected: 'Kd~23uM' (relation: '~'). Treating as exact value.
2026-07-17 01:08:16,542 WARNING protliggnn.train - Censored or approximate affinity label detected: 'Kd~24uM' (relation: '~'). Treating as exact value.
2026-07-17 01:08:16,542 WARNING protliggnn.train - Censored or approximate affinity label detected: 'Kd~25uM' (relation: '~'). Treating as exact value.
2026-07-17 01:08:16,542 WARNING protliggnn.train - Censored or approximate affinity label detected: 'Kd~3nM' (relation: '~'). Treating as exact value.
2026-07-17 01:08:16,542 WARNING protliggnn.train - Censored or approximate affinity label detected: 'Kd~5uM' (relation: '~'). Treating as exact value.
2026-07-17 01:08:16,542 WARNING protliggnn.train - Censored or approximate affinity label detected: 'Kd~7nM' (relation: '~'). Treating as exact value.
2026-07-17 01:08:16,543 WARNING protliggnn.train - Censored or approximate affinity label detected: 'Kd~80uM' (relation: '~'). Treating as exact value.
2026-07-17 01:08:16,543 WARNING protliggnn.train - Censored or approximate affinity label detected: 'Ki<1.0nM' (relation: '<'). Treating as exact value.
2026-07-17 01:08:16,543 WARNING protliggnn.train - Censored or approximate affinity label detected: 'Ki<1.3nM' (relation: '<'). Treating as exact value.
2026-07-17 01:08:16,543 WARNING protliggnn.train - Censored or approximate affinity label detected: 'Ki<1nM' (relation: '<'). Treating as exact value.
2026-07-17 01:08:16,543 WARNING protliggnn.train - Censored or approximate affinity label detected: 'Ki<5pM' (relation: '<'). Treating as exact value.
2026-07-17 01:08:16,543 WARNING protliggnn.train - Censored or approximate affinity label detected: 'Ki<5pM' (relation: '<'). Treating as exact value.
2026-07-17 01:08:16,543 WARNING protliggnn.train - Censored or approximate affinity label detected: 'Ki<5pM' (relation: '<'). Treating as exact value.
2026-07-17 01:08:16,543 WARNING protliggnn.train - Censored or approximate affinity label detected: 'Ki<5pM' (relation: '<'). Treating as exact value.
2026-07-17 01:08:16,543 WARNING protliggnn.train - Censored or approximate affinity label detected: 'Ki<5pM' (relation: '<'). Treating as exact value.
2026-07-17 01:08:16,543 WARNING protliggnn.train - Censored or approximate affinity label detected: 'Ki<5pM' (relation: '<'). Treating as exact value.
2026-07-17 01:08:16,544 WARNING protliggnn.train - Censored or approximate affinity label detected: 'IC50<15nM' (relation: '<'). Treating as exact value.
2026-07-17 01:08:16,544 WARNING protliggnn.train - Censored or approximate affinity label detected: 'IC50<1nM' (relation: '<'). Treating as exact value.
2026-07-17 01:08:16,544 WARNING protliggnn.train - Censored or approximate affinity label detected: 'IC50<1nM' (relation: '<'). Treating as exact value.
2026-07-17 01:08:16,544 WARNING protliggnn.train - Censored or approximate affinity label detected: 'IC50<2nM' (relation: '<'). Treating as exact value.
2026-07-17 01:08:16,544 WARNING protliggnn.train - Censored or approximate affinity label detected: 'IC50<2nM' (relation: '<'). Treating as exact value.
2026-07-17 01:08:16,544 WARNING protliggnn.train - Censored or approximate affinity label detected: 'IC50<2nM' (relation: '<'). Treating as exact value.
2026-07-17 01:08:16,546 WARNING protliggnn.train - Censored or approximate affinity label detected: 'IC50~330uM' (relation: '~'). Treating as exact value.
2026-07-17 01:08:16,546 WARNING protliggnn.train - Censored or approximate affinity label detected: 'IC50~450uM' (relation: '~'). Treating as exact value.
2026-07-17 01:08:18,224 WARNING protliggnn.train - Censored or approximate affinity label detected: 'Kd<0.8nM' (relation: '<'). Treating as exact value.
2026-07-17 01:08:18,224 WARNING protliggnn.train - Censored or approximate affinity label detected: 'Kd<1.26nM' (relation: '<'). Treating as exact value.
2026-07-17 01:08:18,224 WARNING protliggnn.train - Censored or approximate affinity label detected: 'Kd<2.3nM' (relation: '<'). Treating as exact value.
2026-07-17 01:08:18,224 WARNING protliggnn.train - Censored or approximate affinity label detected: 'Kd<55uM' (relation: '<'). Treating as exact value.
2026-07-17 01:08:18,224 WARNING protliggnn.train - Censored or approximate affinity label detected: 'Kd<55uM' (relation: '<'). Treating as exact value.
2026-07-17 01:08:18,226 WARNING protliggnn.train - Censored or approximate affinity label detected: 'Kd~11uM' (relation: '~'). Treating as exact value.
2026-07-17 01:08:18,226 WARNING protliggnn.train - Censored or approximate affinity label detected: 'Kd~200nM' (relation: '~'). Treating as exact value.
2026-07-17 01:08:18,226 WARNING protliggnn.train - Censored or approximate affinity label detected: 'Kd~25uM' (relation: '~'). Treating as exact value.
2026-07-17 01:08:18,226 WARNING protliggnn.train - Censored or approximate affinity label detected: 'Kd~2nM' (relation: '~'). Treating as exact value.
2026-07-17 01:08:18,226 WARNING protliggnn.train - Censored or approximate affinity label detected: 'Ki<0.005nM' (relation: '<'). Treating as exact value.
2026-07-17 01:08:18,226 WARNING protliggnn.train - Censored or approximate affinity label detected: 'Ki<0.005nM' (relation: '<'). Treating as exact value.
2026-07-17 01:08:18,226 WARNING protliggnn.train - Censored or approximate affinity label detected: 'Ki<0.005nM' (relation: '<'). Treating as exact value.
2026-07-17 01:08:18,226 WARNING protliggnn.train - Censored or approximate affinity label detected: 'Ki<0.9nM' (relation: '<'). Treating as exact value.
2026-07-17 01:08:19,653 INFO protliggnn - Found 1000 candidate complexes with labels and matching files before validation.
2026-07-17 01:08:19,659 INFO protliggnn - Found graph cache at data\pdbbind2020\processed_dataset.pt. Validating...
2026-07-17 01:08:19,759 INFO protliggnn - Loading graphs from cache file...
2026-07-17 01:08:20,052 INFO protliggnn - Cache successfully validated. Loaded 1000 pre-built graphs.
2026-07-17 01:08:20,057 INFO protliggnn - Dataset split sizes: train=800 val=100 test=100 (random)
2026-07-17 01:08:56,898 INFO protliggnn - Epoch 001 train loss=4.9670 PCC=-0.0094 Spearman=-0.0067 RMSE=2.2275 MAE=1.7672 R2=-0.5807
2026-07-17 01:08:56,898 INFO protliggnn - Epoch 001 val loss=2.5948 PCC=0.2891 Spearman=0.2999 RMSE=1.6093 MAE=1.2895 R2=0.0014
2026-07-17 01:08:56,898 INFO protliggnn - Epoch 001 train diagnostics: Affinity Loss=4.9615 | Contact Loss=0.0543 | Total Loss=4.9670 | Pos Acc=0.0052 | Neg Acc=0.9966 | Precision=0.0091 | Recall=0.0052 | F1=0.0066 | Avg Prob=0.0116
2026-07-17 01:08:56,898 INFO protliggnn - Epoch 001 val diagnostics: Affinity Loss=2.5900 | Contact Loss=0.0483 | Total Loss=2.5948 | Pos Acc=0.0000 | Neg Acc=1.0000 | Precision=0.0000 | Recall=0.0000 | F1=0.0000 | Avg Prob=0.0075
2026-07-17 01:08:56,953 INFO protliggnn - Saved checkpoint for epoch 1 with validation RMSE 1.6093471167055853.
2026-07-17 01:09:32,774 INFO protliggnn - Epoch 002 train loss=4.0092 PCC=0.0989 Spearman=0.1059 RMSE=2.0011 MAE=1.6021 R2=-0.2758
2026-07-17 01:09:32,774 INFO protliggnn - Epoch 002 val loss=4.2012 PCC=0.3343 Spearman=0.3349 RMSE=2.0485 MAE=1.7153 R2=-0.6179
2026-07-17 01:09:32,774 INFO protliggnn - Epoch 002 train diagnostics: Affinity Loss=4.0045 | Contact Loss=0.0470 | Total Loss=4.0092 | Pos Acc=0.0000 | Neg Acc=1.0000 | Precision=0.0000 | Recall=0.0000 | F1=0.0000 | Avg Prob=0.0082
2026-07-17 01:09:32,774 INFO protliggnn - Epoch 002 val diagnostics: Affinity Loss=4.1964 | Contact Loss=0.0477 | Total Loss=4.2012 | Pos Acc=0.0000 | Neg Acc=1.0000 | Precision=0.0000 | Recall=0.0000 | F1=0.0000 | Avg Prob=0.0084
2026-07-17 01:10:09,786 INFO protliggnn - Epoch 003 train loss=4.1651 PCC=0.1678 Spearman=0.1625 RMSE=2.0397 MAE=1.6262 R2=-0.3255
2026-07-17 01:10:09,786 INFO protliggnn - Epoch 003 val loss=3.0071 PCC=0.3416 Spearman=0.3535 RMSE=1.7327 MAE=1.3554 R2=-0.1576
2026-07-17 01:10:09,786 INFO protliggnn - Epoch 003 train diagnostics: Affinity Loss=4.1604 | Contact Loss=0.0470 | Total Loss=4.1651 | Pos Acc=0.0000 | Neg Acc=1.0000 | Precision=0.0000 | Recall=0.0000 | F1=0.0000 | Avg Prob=0.0082
2026-07-17 01:10:09,786 INFO protliggnn - Epoch 003 val diagnostics: Affinity Loss=3.0024 | Contact Loss=0.0476 | Total Loss=3.0071 | Pos Acc=0.0000 | Neg Acc=1.0000 | Precision=0.0000 | Recall=0.0000 | F1=0.0000 | Avg Prob=0.0084
2026-07-17 01:10:49,657 INFO protliggnn - Epoch 004 train loss=3.5620 PCC=0.2292 Spearman=0.2305 RMSE=1.8861 MAE=1.5164 R2=-0.1333
2026-07-17 01:10:49,658 INFO protliggnn - Epoch 004 val loss=2.2343 PCC=0.3792 Spearman=0.4032 RMSE=1.4932 MAE=1.1655 R2=0.1404
2026-07-17 01:10:49,658 INFO protliggnn - Epoch 004 train diagnostics: Affinity Loss=3.5573 | Contact Loss=0.0467 | Total Loss=3.5620 | Pos Acc=0.0000 | Neg Acc=1.0000 | Precision=0.0000 | Recall=0.0000 | F1=0.0000 | Avg Prob=0.0082
2026-07-17 01:10:49,658 INFO protliggnn - Epoch 004 val diagnostics: Affinity Loss=2.2296 | Contact Loss=0.0475 | Total Loss=2.2343 | Pos Acc=0.0000 | Neg Acc=1.0000 | Precision=0.0000 | Recall=0.0000 | F1=0.0000 | Avg Prob=0.0086
2026-07-17 01:10:49,725 INFO protliggnn - Saved checkpoint for epoch 4 with validation RMSE 1.4931773468283933.
2026-07-17 01:11:27,663 INFO protliggnn - Epoch 005 train loss=3.3635 PCC=0.2674 Spearman=0.2586 RMSE=1.8327 MAE=1.4656 R2=-0.0701
2026-07-17 01:11:27,663 INFO protliggnn - Epoch 005 val loss=2.6791 PCC=0.3675 Spearman=0.3755 RMSE=1.6353 MAE=1.2906 R2=-0.0311
2026-07-17 01:11:27,663 INFO protliggnn - Epoch 005 train diagnostics: Affinity Loss=3.3589 | Contact Loss=0.0467 | Total Loss=3.3635 | Pos Acc=0.0000 | Neg Acc=1.0000 | Precision=0.0000 | Recall=0.0000 | F1=0.0000 | Avg Prob=0.0081
2026-07-17 01:11:27,664 INFO protliggnn - Epoch 005 val diagnostics: Affinity Loss=2.6743 | Contact Loss=0.0477 | Total Loss=2.6791 | Pos Acc=0.0000 | Neg Acc=1.0000 | Precision=0.0000 | Recall=0.0000 | F1=0.0000 | Avg Prob=0.0088
2026-07-17 01:12:05,813 INFO protliggnn - Epoch 006 train loss=3.0745 PCC=0.3755 Spearman=0.3356 RMSE=1.7521 MAE=1.4213 R2=0.0220
2026-07-17 01:12:05,814 INFO protliggnn - Epoch 006 val loss=2.4866 PCC=0.4344 Spearman=0.4469 RMSE=1.5754 MAE=1.2408 R2=0.0431
2026-07-17 01:12:05,814 INFO protliggnn - Epoch 006 train diagnostics: Affinity Loss=3.0698 | Contact Loss=0.0467 | Total Loss=3.0745 | Pos Acc=0.0000 | Neg Acc=1.0000 | Precision=0.0000 | Recall=0.0000 | F1=0.0000 | Avg Prob=0.0082
2026-07-17 01:12:05,814 INFO protliggnn - Epoch 006 val diagnostics: Affinity Loss=2.4818 | Contact Loss=0.0472 | Total Loss=2.4866 | Pos Acc=0.0000 | Neg Acc=1.0000 | Precision=0.0000 | Recall=0.0000 | F1=0.0000 | Avg Prob=0.0084
2026-07-17 01:12:41,077 INFO protliggnn - Epoch 007 train loss=3.5463 PCC=0.2762 Spearman=0.2825 RMSE=1.8819 MAE=1.4890 R2=-0.1283
2026-07-17 01:12:41,077 INFO protliggnn - Epoch 007 val loss=2.6854 PCC=0.4065 Spearman=0.4257 RMSE=1.6373 MAE=1.3147 R2=-0.0335
2026-07-17 01:12:41,077 INFO protliggnn - Epoch 007 train diagnostics: Affinity Loss=3.5416 | Contact Loss=0.0468 | Total Loss=3.5463 | Pos Acc=0.0000 | Neg Acc=1.0000 | Precision=0.0000 | Recall=0.0000 | F1=0.0000 | Avg Prob=0.0079
2026-07-17 01:12:41,077 INFO protliggnn - Epoch 007 val diagnostics: Affinity Loss=2.6806 | Contact Loss=0.0482 | Total Loss=2.6854 | Pos Acc=0.0000 | Neg Acc=1.0000 | Precision=0.0000 | Recall=0.0000 | F1=0.0000 | Avg Prob=0.0091
2026-07-17 01:13:16,922 INFO protliggnn - Epoch 008 train loss=3.2340 PCC=0.3272 Spearman=0.3135 RMSE=1.7970 MAE=1.4561 R2=-0.0288
2026-07-17 01:13:16,922 INFO protliggnn - Epoch 008 val loss=2.1661 PCC=0.4250 Spearman=0.4389 RMSE=1.4701 MAE=1.1348 R2=0.1667
2026-07-17 01:13:16,922 INFO protliggnn - Epoch 008 train diagnostics: Affinity Loss=3.2293 | Contact Loss=0.0466 | Total Loss=3.2340 | Pos Acc=0.0000 | Neg Acc=1.0000 | Precision=0.0000 | Recall=0.0000 | F1=0.0000 | Avg Prob=0.0081
2026-07-17 01:13:16,923 INFO protliggnn - Epoch 008 val diagnostics: Affinity Loss=2.1613 | Contact Loss=0.0476 | Total Loss=2.1661 | Pos Acc=0.0000 | Neg Acc=1.0000 | Precision=0.0000 | Recall=0.0000 | F1=0.0000 | Avg Prob=0.0089
2026-07-17 01:13:16,973 INFO protliggnn - Saved checkpoint for epoch 8 with validation RMSE 1.4701430375116742.
2026-07-17 01:13:53,079 INFO protliggnn - Epoch 009 train loss=3.3641 PCC=0.3202 Spearman=0.3004 RMSE=1.8329 MAE=1.4724 R2=-0.0703
2026-07-17 01:13:53,079 INFO protliggnn - Epoch 009 val loss=2.7420 PCC=0.4690 Spearman=0.4854 RMSE=1.6545 MAE=1.3344 R2=-0.0553
2026-07-17 01:13:53,079 INFO protliggnn - Epoch 009 train diagnostics: Affinity Loss=3.3595 | Contact Loss=0.0466 | Total Loss=3.3641 | Pos Acc=0.0000 | Neg Acc=1.0000 | Precision=0.0000 | Recall=0.0000 | F1=0.0000 | Avg Prob=0.0080
2026-07-17 01:13:53,079 INFO protliggnn - Epoch 009 val diagnostics: Affinity Loss=2.7372 | Contact Loss=0.0478 | Total Loss=2.7420 | Pos Acc=0.0000 | Neg Acc=1.0000 | Precision=0.0000 | Recall=0.0000 | F1=0.0000 | Avg Prob=0.0089
2026-07-17 01:14:28,803 INFO protliggnn - Epoch 010 train loss=3.2768 PCC=0.3344 Spearman=0.3339 RMSE=1.8089 MAE=1.4580 R2=-0.0425
2026-07-17 01:14:28,803 INFO protliggnn - Epoch 010 val loss=2.3817 PCC=0.5212 Spearman=0.5567 RMSE=1.5417 MAE=1.2277 R2=0.0836
2026-07-17 01:14:28,803 INFO protliggnn - Epoch 010 train diagnostics: Affinity Loss=3.2721 | Contact Loss=0.0466 | Total Loss=3.2768 | Pos Acc=0.0000 | Neg Acc=1.0000 | Precision=0.0000 | Recall=0.0000 | F1=0.0000 | Avg Prob=0.0079
2026-07-17 01:14:28,803 INFO protliggnn - Epoch 010 val diagnostics: Affinity Loss=2.3770 | Contact Loss=0.0478 | Total Loss=2.3817 | Pos Acc=0.0000 | Neg Acc=1.0000 | Precision=0.0000 | Recall=0.0000 | F1=0.0000 | Avg Prob=0.0083
2026-07-17 01:15:04,166 INFO protliggnn - Epoch 011 train loss=3.1295 PCC=0.3590 Spearman=0.3444 RMSE=1.7677 MAE=1.4021 R2=0.0044
2026-07-17 01:15:04,166 INFO protliggnn - Epoch 011 val loss=2.7078 PCC=0.4909 Spearman=0.5061 RMSE=1.6441 MAE=1.2877 R2=-0.0421
2026-07-17 01:15:04,166 INFO protliggnn - Epoch 011 train diagnostics: Affinity Loss=3.1249 | Contact Loss=0.0465 | Total Loss=3.1295 | Pos Acc=0.0000 | Neg Acc=1.0000 | Precision=0.0000 | Recall=0.0000 | F1=0.0000 | Avg Prob=0.0081
2026-07-17 01:15:04,166 INFO protliggnn - Epoch 011 val diagnostics: Affinity Loss=2.7030 | Contact Loss=0.0480 | Total Loss=2.7078 | Pos Acc=0.0000 | Neg Acc=1.0000 | Precision=0.0000 | Recall=0.0000 | F1=0.0000 | Avg Prob=0.0063
2026-07-17 01:15:40,042 INFO protliggnn - Epoch 012 train loss=3.0382 PCC=0.3796 Spearman=0.3639 RMSE=1.7417 MAE=1.3931 R2=0.0335
2026-07-17 01:15:40,042 INFO protliggnn - Epoch 012 val loss=2.0169 PCC=0.5249 Spearman=0.5284 RMSE=1.4185 MAE=1.1231 R2=0.2242
2026-07-17 01:15:40,042 INFO protliggnn - Epoch 012 train diagnostics: Affinity Loss=3.0336 | Contact Loss=0.0466 | Total Loss=3.0382 | Pos Acc=0.0000 | Neg Acc=1.0000 | Precision=0.0000 | Recall=0.0000 | F1=0.0000 | Avg Prob=0.0081
2026-07-17 01:15:40,042 INFO protliggnn - Epoch 012 val diagnostics: Affinity Loss=2.0121 | Contact Loss=0.0478 | Total Loss=2.0169 | Pos Acc=0.0000 | Neg Acc=1.0000 | Precision=0.0000 | Recall=0.0000 | F1=0.0000 | Avg Prob=0.0075
2026-07-17 01:15:40,108 INFO protliggnn - Saved checkpoint for epoch 12 with validation RMSE 1.4184816131922493.
2026-07-17 01:16:15,839 INFO protliggnn - Epoch 013 train loss=2.5847 PCC=0.4845 Spearman=0.4769 RMSE=1.6063 MAE=1.2988 R2=0.1780
2026-07-17 01:16:15,839 INFO protliggnn - Epoch 013 val loss=2.6346 PCC=0.5363 Spearman=0.5852 RMSE=1.6217 MAE=1.3252 R2=-0.0139
2026-07-17 01:16:15,839 INFO protliggnn - Epoch 013 train diagnostics: Affinity Loss=2.5801 | Contact Loss=0.0465 | Total Loss=2.5847 | Pos Acc=0.0000 | Neg Acc=1.0000 | Precision=0.0000 | Recall=0.0000 | F1=0.0000 | Avg Prob=0.0079
2026-07-17 01:16:15,839 INFO protliggnn - Epoch 013 val diagnostics: Affinity Loss=2.6298 | Contact Loss=0.0479 | Total Loss=2.6346 | Pos Acc=0.0000 | Neg Acc=1.0000 | Precision=0.0000 | Recall=0.0000 | F1=0.0000 | Avg Prob=0.0069
2026-07-17 01:16:51,500 INFO protliggnn - Epoch 014 train loss=3.0815 PCC=0.4129 Spearman=0.4096 RMSE=1.7541 MAE=1.3856 R2=0.0198
2026-07-17 01:16:51,500 INFO protliggnn - Epoch 014 val loss=4.0550 PCC=0.5066 Spearman=0.5478 RMSE=2.0125 MAE=1.6851 R2=-0.5616
2026-07-17 01:16:51,500 INFO protliggnn - Epoch 014 train diagnostics: Affinity Loss=3.0768 | Contact Loss=0.0466 | Total Loss=3.0815 | Pos Acc=0.0000 | Neg Acc=1.0000 | Precision=0.0000 | Recall=0.0000 | F1=0.0000 | Avg Prob=0.0079
2026-07-17 01:16:51,500 INFO protliggnn - Epoch 014 val diagnostics: Affinity Loss=4.0502 | Contact Loss=0.0478 | Total Loss=4.0550 | Pos Acc=0.0000 | Neg Acc=1.0000 | Precision=0.0000 | Recall=0.0000 | F1=0.0000 | Avg Prob=0.0072
2026-07-17 01:17:27,853 INFO protliggnn - Epoch 015 train loss=2.9282 PCC=0.4173 Spearman=0.3850 RMSE=1.7098 MAE=1.3798 R2=0.0686
2026-07-17 01:17:27,853 INFO protliggnn - Epoch 015 val loss=2.5477 PCC=0.5162 Spearman=0.5391 RMSE=1.5947 MAE=1.3034 R2=0.0196
2026-07-17 01:17:27,853 INFO protliggnn - Epoch 015 train diagnostics: Affinity Loss=2.9235 | Contact Loss=0.0465 | Total Loss=2.9282 | Pos Acc=0.0000 | Neg Acc=1.0000 | Precision=0.0000 | Recall=0.0000 | F1=0.0000 | Avg Prob=0.0078
2026-07-17 01:17:27,853 INFO protliggnn - Epoch 015 val diagnostics: Affinity Loss=2.5429 | Contact Loss=0.0475 | Total Loss=2.5477 | Pos Acc=0.0000 | Neg Acc=1.0000 | Precision=0.0000 | Recall=0.0000 | F1=0.0000 | Avg Prob=0.0100
2026-07-17 01:18:04,168 INFO protliggnn - Epoch 016 train loss=2.9961 PCC=0.4253 Spearman=0.3975 RMSE=1.7296 MAE=1.3719 R2=0.0470
2026-07-17 01:18:04,168 INFO protliggnn - Epoch 016 val loss=3.2001 PCC=0.4807 Spearman=0.4801 RMSE=1.7875 MAE=1.3999 R2=-0.2319
2026-07-17 01:18:04,168 INFO protliggnn - Epoch 016 train diagnostics: Affinity Loss=2.9914 | Contact Loss=0.0464 | Total Loss=2.9961 | Pos Acc=0.0000 | Neg Acc=1.0000 | Precision=0.0000 | Recall=0.0000 | F1=0.0000 | Avg Prob=0.0079
2026-07-17 01:18:04,168 INFO protliggnn - Epoch 016 val diagnostics: Affinity Loss=3.1952 | Contact Loss=0.0484 | Total Loss=3.2001 | Pos Acc=0.0000 | Neg Acc=1.0000 | Precision=0.0000 | Recall=0.0000 | F1=0.0000 | Avg Prob=0.0123
2026-07-17 01:18:39,416 INFO protliggnn - Epoch 017 train loss=2.6143 PCC=0.4976 Spearman=0.4754 RMSE=1.6154 MAE=1.3108 R2=0.1686
2026-07-17 01:18:39,416 INFO protliggnn - Epoch 017 val loss=2.9513 PCC=0.5417 Spearman=0.5680 RMSE=1.7165 MAE=1.4226 R2=-0.1360
2026-07-17 01:18:39,417 INFO protliggnn - Epoch 017 train diagnostics: Affinity Loss=2.6096 | Contact Loss=0.0465 | Total Loss=2.6143 | Pos Acc=0.0000 | Neg Acc=1.0000 | Precision=0.0000 | Recall=0.0000 | F1=0.0000 | Avg Prob=0.0078
2026-07-17 01:18:39,417 INFO protliggnn - Epoch 017 val diagnostics: Affinity Loss=2.9465 | Contact Loss=0.0478 | Total Loss=2.9513 | Pos Acc=0.0000 | Neg Acc=1.0000 | Precision=0.0000 | Recall=0.0000 | F1=0.0000 | Avg Prob=0.0070
2026-07-17 01:19:15,224 INFO protliggnn - Epoch 018 train loss=2.6275 PCC=0.4957 Spearman=0.4791 RMSE=1.6195 MAE=1.2939 R2=0.1644
2026-07-17 01:19:15,224 INFO protliggnn - Epoch 018 val loss=2.3297 PCC=0.5132 Spearman=0.5234 RMSE=1.5248 MAE=1.2252 R2=0.1036
2026-07-17 01:19:15,225 INFO protliggnn - Epoch 018 train diagnostics: Affinity Loss=2.6228 | Contact Loss=0.0464 | Total Loss=2.6275 | Pos Acc=0.0000 | Neg Acc=1.0000 | Precision=0.0000 | Recall=0.0000 | F1=0.0000 | Avg Prob=0.0079
2026-07-17 01:19:15,225 INFO protliggnn - Epoch 018 val diagnostics: Affinity Loss=2.3250 | Contact Loss=0.0474 | Total Loss=2.3297 | Pos Acc=0.0000 | Neg Acc=1.0000 | Precision=0.0000 | Recall=0.0000 | F1=0.0000 | Avg Prob=0.0084
2026-07-17 01:19:51,530 INFO protliggnn - Epoch 019 train loss=2.4350 PCC=0.5336 Spearman=0.5217 RMSE=1.5590 MAE=1.2462 R2=0.2257
2026-07-17 01:19:51,531 INFO protliggnn - Epoch 019 val loss=2.1554 PCC=0.5006 Spearman=0.5183 RMSE=1.4665 MAE=1.1642 R2=0.1708
2026-07-17 01:19:51,531 INFO protliggnn - Epoch 019 train diagnostics: Affinity Loss=2.4303 | Contact Loss=0.0463 | Total Loss=2.4350 | Pos Acc=0.0000 | Neg Acc=1.0000 | Precision=0.0000 | Recall=0.0000 | F1=0.0000 | Avg Prob=0.0079
2026-07-17 01:19:51,531 INFO protliggnn - Epoch 019 val diagnostics: Affinity Loss=2.1507 | Contact Loss=0.0475 | Total Loss=2.1554 | Pos Acc=0.0000 | Neg Acc=1.0000 | Precision=0.0000 | Recall=0.0000 | F1=0.0000 | Avg Prob=0.0081
2026-07-17 01:20:25,824 INFO protliggnn - Epoch 020 train loss=2.6393 PCC=0.5028 Spearman=0.4858 RMSE=1.6232 MAE=1.2986 R2=0.1606
2026-07-17 01:20:25,824 INFO protliggnn - Epoch 020 val loss=2.2849 PCC=0.4725 Spearman=0.4774 RMSE=1.5100 MAE=1.1496 R2=0.1209
2026-07-17 01:20:25,825 INFO protliggnn - Epoch 020 train diagnostics: Affinity Loss=2.6347 | Contact Loss=0.0463 | Total Loss=2.6393 | Pos Acc=0.0000 | Neg Acc=1.0000 | Precision=0.0000 | Recall=0.0000 | F1=0.0000 | Avg Prob=0.0079
2026-07-17 01:20:25,825 INFO protliggnn - Epoch 020 val diagnostics: Affinity Loss=2.2801 | Contact Loss=0.0475 | Total Loss=2.2849 | Pos Acc=0.0000 | Neg Acc=1.0000 | Precision=0.0000 | Recall=0.0000 | F1=0.0000 | Avg Prob=0.0082
2026-07-17 01:20:57,399 INFO protliggnn - Epoch 021 train loss=2.3380 PCC=0.5660 Spearman=0.5483 RMSE=1.5276 MAE=1.2092 R2=0.2566
2026-07-17 01:20:57,399 INFO protliggnn - Epoch 021 val loss=2.0826 PCC=0.4759 Spearman=0.4846 RMSE=1.4415 MAE=1.1355 R2=0.1989
2026-07-17 01:20:57,399 INFO protliggnn - Epoch 021 train diagnostics: Affinity Loss=2.3334 | Contact Loss=0.0463 | Total Loss=2.3380 | Pos Acc=0.0000 | Neg Acc=1.0000 | Precision=0.0000 | Recall=0.0000 | F1=0.0000 | Avg Prob=0.0079
2026-07-17 01:20:57,399 INFO protliggnn - Epoch 021 val diagnostics: Affinity Loss=2.0778 | Contact Loss=0.0476 | Total Loss=2.0826 | Pos Acc=0.0000 | Neg Acc=1.0000 | Precision=0.0000 | Recall=0.0000 | F1=0.0000 | Avg Prob=0.0092
2026-07-17 01:21:29,370 INFO protliggnn - Epoch 022 train loss=2.4353 PCC=0.5484 Spearman=0.5175 RMSE=1.5591 MAE=1.2376 R2=0.2256
2026-07-17 01:21:29,370 INFO protliggnn - Epoch 022 val loss=2.5299 PCC=0.4767 Spearman=0.4783 RMSE=1.5891 MAE=1.2187 R2=0.0264
2026-07-17 01:21:29,370 INFO protliggnn - Epoch 022 train diagnostics: Affinity Loss=2.4307 | Contact Loss=0.0463 | Total Loss=2.4353 | Pos Acc=0.0000 | Neg Acc=1.0000 | Precision=0.0000 | Recall=0.0000 | F1=0.0000 | Avg Prob=0.0079
2026-07-17 01:21:29,370 INFO protliggnn - Epoch 022 val diagnostics: Affinity Loss=2.5251 | Contact Loss=0.0475 | Total Loss=2.5299 | Pos Acc=0.0000 | Neg Acc=1.0000 | Precision=0.0000 | Recall=0.0000 | F1=0.0000 | Avg Prob=0.0063
2026-07-17 01:21:29,371 INFO protliggnn - Early stopping triggered at epoch 22. Best epoch was 12.
2026-07-17 01:21:29,447 INFO protliggnn - Loaded best model from epoch 12 at D:\ProtLigGnn\experiments\run_008\checkpoint.pt
2026-07-17 01:21:31,309 INFO protliggnn - Test loss=2.6633 PCC=0.5811 Spearman=0.4960 RMSE=1.6307 MAE=1.2580 R2=0.2329
2026-07-17 01:21:34,325 INFO protliggnn - Wrote metrics, predictions, plots, and error analysis.
2026-07-17 01:21:34,366 INFO protliggnn - Experiment artifacts saved to D:\ProtLigGnn\experiments\run_008
