Command: D:\ProtLigGnn\venv\Scripts\python.exe protliggnn_train.py --data_dir data/pdbbind2020 --device cuda:0 --epochs 50 --batch_size 8 --lr 0.001 --weight_decay 1e-05 --patience 10 --seed 777 --run_name protliggnn_benchmark_seed_777 --save_path experiments\run_004\checkpoint.pt --split_strategy random --split_dir splits --val_fraction 0.1 --test_fraction 0.1 --dataset_version pdbbind2020_local --experiments_root experiments --experiment_dir experiments\run_004 --log_level INFO --num_workers 0 --research_version Validated Baseline v0.95 --max_samples 1000 --allow_duplicate --hidden_dim 256 --dropout 0.2 --optimizer adam --scheduler none --pooling mean --model_type soft_routing --rbf_basis 32 --rbf_start 0.0 --rbf_stop 12.0 --rbf_proj_dim 32 --interaction_dim 32 --latent_dim 32 --chemistry_dim 32 --representation_dim 32 --attention_bias_type rbf --attention_learnable_scale true --attention_initial_alpha 0.1 --attention_normalize_bias true --contact_threshold 4.0 --loss_weight 0.1 --loss_weight_strategy fixed --contact_hidden_dim 128 --router_type linear --routing_level embedding --gate_regularization 0.0 --entropy_regularization 0.01 --sparsity_regularization 0.0 --diversity_regularization 0.0 --router_capacity base

2026-07-16 23:33:33,734 INFO protliggnn - Experiment directory: experiments\run_004
2026-07-16 23:33:33,734 INFO protliggnn - CLI arguments: {'data_dir': 'data/pdbbind2020', 'device': 'cuda:0', 'epochs': 50, 'batch_size': 8, 'lr': 0.001, 'weight_decay': 1e-05, 'patience': 10, 'seed': 777, 'max_samples': 1000, 'run_name': 'protliggnn_benchmark_seed_777', 'no_crossgraph': False, 'save_path': 'experiments\\run_004\\checkpoint.pt', 'split_strategy': 'random', 'split_dir': 'splits', 'fixed_split_dir': None, 'val_fraction': 0.1, 'test_fraction': 0.1, 'dataset_version': 'pdbbind2020_local', 'experiments_root': 'experiments', 'experiment_dir': 'experiments\\run_004', 'experiment_id': None, 'num_workers': 0, 'pin_memory': False, 'disable_experiment_tracking': False, 'resume': None, 'allow_duplicate': True, 'hidden_dim': 256, 'dropout': 0.2, 'optimizer': 'adam', 'scheduler': 'none', 'grad_clip': None, 'no_residual': False, 'no_layernorm': False, 'no_attention': False, 'pooling': 'mean', 'log_level': 'INFO', 'model_type': 'soft_routing', 'router_type': 'linear', 'routing_level': 'embedding', 'gate_regularization': 0.0, 'entropy_regularization': 0.01, 'sparsity_regularization': 0.0, 'diversity_regularization': 0.0, 'router_capacity': 'base', 'contact_threshold': 4.0, 'loss_weight': 0.1, 'loss_weight_strategy': 'fixed', 'contact_hidden_dim': 128, 'rbf_basis': 32, 'rbf_start': 0.0, 'rbf_stop': 12.0, 'rbf_proj_dim': 32, 'interaction_dim': 32, 'latent_dim': 32, 'chemistry_dim': 32, 'representation_dim': 32, 'attention_bias_type': 'rbf', 'attention_learnable_scale': 'true', 'attention_initial_alpha': 0.1, 'attention_normalize_bias': 'true', 'experiment_purpose': 'benchmark', 'research_question': 'Can ProtLigGNN reproducibly predict protein-ligand affinity under this benchmark configuration?', 'author': 'unknown', 'description': '', 'notes': '', 'tags': '', 'expected_outcome': '', 'current_milestone': 'research-infrastructure', 'architecture_version': 'protliggnn-v1', 'research_version': 'Validated Baseline v0.95'}
2026-07-16 23:33:33,734 INFO protliggnn - Loading dataset from D:\ProtLigGnn\data\pdbbind2020
2026-07-16 23:33:33,735 WARNING protliggnn.train - Censored or approximate affinity label detected: 'Kd<10uM' (relation: '<'). Treating as exact value.
2026-07-16 23:33:33,735 WARNING protliggnn.train - Censored or approximate affinity label detected: 'Ki<=17nM' (relation: '<='). Treating as exact value.
2026-07-16 23:33:33,736 WARNING protliggnn.train - Censored or approximate affinity label detected: 'IC50<=3.5nM' (relation: '<='). Treating as exact value.
2026-07-16 23:33:33,736 WARNING protliggnn.train - Censored or approximate affinity label detected: 'Ki<1.0nM' (relation: '<'). Treating as exact value.
2026-07-16 23:33:33,736 WARNING protliggnn.train - Censored or approximate affinity label detected: 'Ki<10uM' (relation: '<'). Treating as exact value.
2026-07-16 23:33:33,736 WARNING protliggnn.train - Censored or approximate affinity label detected: 'Ki<1nM' (relation: '<'). Treating as exact value.
2026-07-16 23:33:33,736 WARNING protliggnn.train - Censored or approximate affinity label detected: 'IC50<=2.0nM' (relation: '<='). Treating as exact value.
2026-07-16 23:33:33,736 WARNING protliggnn.train - Censored or approximate affinity label detected: 'IC50~10uM' (relation: '~'). Treating as exact value.
2026-07-16 23:33:33,736 WARNING protliggnn.train - Censored or approximate affinity label detected: 'Ki<0.01nM' (relation: '<'). Treating as exact value.
2026-07-16 23:33:33,736 WARNING protliggnn.train - Censored or approximate affinity label detected: 'Ki<=100nM' (relation: '<='). Treating as exact value.
2026-07-16 23:33:33,737 WARNING protliggnn.train - Censored or approximate affinity label detected: 'Ki<21nM' (relation: '<'). Treating as exact value.
2026-07-16 23:33:33,738 WARNING protliggnn.train - Censored or approximate affinity label detected: 'Ki~0.1pM' (relation: '~'). Treating as exact value.
2026-07-16 23:33:33,738 WARNING protliggnn.train - Censored or approximate affinity label detected: 'Kd<=100uM' (relation: '<='). Treating as exact value.
2026-07-16 23:33:33,738 WARNING protliggnn.train - Censored or approximate affinity label detected: 'Kd~10pM' (relation: '~'). Treating as exact value.
2026-07-16 23:33:33,793 WARNING protliggnn.train - Censored or approximate affinity label detected: 'Kd~1pM' (relation: '~'). Treating as exact value.
2026-07-16 23:33:33,793 WARNING protliggnn.train - Censored or approximate affinity label detected: 'Kd~1pM' (relation: '~'). Treating as exact value.
2026-07-16 23:33:33,795 WARNING protliggnn.train - Censored or approximate affinity label detected: 'Kd<0.010uM' (relation: '<'). Treating as exact value.
2026-07-16 23:33:33,797 WARNING protliggnn.train - Censored or approximate affinity label detected: 'Kd~0.1uM' (relation: '~'). Treating as exact value.
2026-07-16 23:33:33,797 WARNING protliggnn.train - Censored or approximate affinity label detected: 'Ki<0.3uM' (relation: '<'). Treating as exact value.
2026-07-16 23:33:33,797 WARNING protliggnn.train - Censored or approximate affinity label detected: 'IC50<0.003uM' (relation: '<'). Treating as exact value.
2026-07-16 23:33:33,798 WARNING protliggnn.train - Censored or approximate affinity label detected: 'IC50<0.05uM' (relation: '<'). Treating as exact value.
2026-07-16 23:33:33,798 WARNING protliggnn.train - Censored or approximate affinity label detected: 'IC50<0.05uM' (relation: '<'). Treating as exact value.
2026-07-16 23:33:33,798 WARNING protliggnn.train - Censored or approximate affinity label detected: 'IC50~5mM' (relation: '~'). Treating as exact value.
2026-07-16 23:33:33,798 WARNING protliggnn.train - Censored or approximate affinity label detected: 'Kd<0.12nM' (relation: '<'). Treating as exact value.
2026-07-16 23:33:33,799 WARNING protliggnn.train - Censored or approximate affinity label detected: 'Kd~0.69pM' (relation: '~'). Treating as exact value.
2026-07-16 23:33:33,799 WARNING protliggnn.train - Censored or approximate affinity label detected: 'Kd~11pM' (relation: '~'). Treating as exact value.
2026-07-16 23:33:33,799 WARNING protliggnn.train - Censored or approximate affinity label detected: 'Kd~28pM' (relation: '~'). Treating as exact value.
2026-07-16 23:33:33,800 WARNING protliggnn.train - Censored or approximate affinity label detected: 'IC50<0.003uM' (relation: '<'). Treating as exact value.
2026-07-16 23:33:33,800 WARNING protliggnn.train - Censored or approximate affinity label detected: 'IC50<20nM' (relation: '<'). Treating as exact value.
2026-07-16 23:33:33,800 WARNING protliggnn.train - Censored or approximate affinity label detected: 'IC50<5nM' (relation: '<'). Treating as exact value.
2026-07-16 23:33:33,801 WARNING protliggnn.train - Censored or approximate affinity label detected: 'Kd~1nM' (relation: '~'). Treating as exact value.
2026-07-16 23:33:33,801 WARNING protliggnn.train - Censored or approximate affinity label detected: 'Kd~1nM' (relation: '~'). Treating as exact value.
2026-07-16 23:33:33,801 WARNING protliggnn.train - Censored or approximate affinity label detected: 'Ki<10nM' (relation: '<'). Treating as exact value.
2026-07-16 23:33:33,803 WARNING protliggnn.train - Censored or approximate affinity label detected: 'Kd<10uM' (relation: '<'). Treating as exact value.
2026-07-16 23:33:33,804 WARNING protliggnn.train - Censored or approximate affinity label detected: 'IC50<100nM' (relation: '<'). Treating as exact value.
2026-07-16 23:33:33,804 WARNING protliggnn.train - Censored or approximate affinity label detected: 'Kd<2pM' (relation: '<'). Treating as exact value.
2026-07-16 23:33:33,805 WARNING protliggnn.train - Censored or approximate affinity label detected: 'Kd~50uM' (relation: '~'). Treating as exact value.
2026-07-16 23:33:33,805 WARNING protliggnn.train - Censored or approximate affinity label detected: 'Ki<=0.6nM' (relation: '<='). Treating as exact value.
2026-07-16 23:33:33,808 WARNING protliggnn.train - Censored or approximate affinity label detected: 'Kd~100uM' (relation: '~'). Treating as exact value.
2026-07-16 23:33:33,808 WARNING protliggnn.train - Censored or approximate affinity label detected: 'Kd~100uM' (relation: '~'). Treating as exact value.
2026-07-16 23:33:33,810 WARNING protliggnn.train - Censored or approximate affinity label detected: 'IC50<0.04nM' (relation: '<'). Treating as exact value.
2026-07-16 23:33:34,901 WARNING protliggnn.train - Censored or approximate affinity label detected: 'Kd~10nM' (relation: '~'). Treating as exact value.
2026-07-16 23:33:34,902 WARNING protliggnn.train - Censored or approximate affinity label detected: 'IC50<0.5nM' (relation: '<'). Treating as exact value.
2026-07-16 23:33:34,905 WARNING protliggnn.train - Censored or approximate affinity label detected: 'Kd~40mM' (relation: '~'). Treating as exact value.
2026-07-16 23:33:34,905 WARNING protliggnn.train - Censored or approximate affinity label detected: 'Ki<10uM' (relation: '<'). Treating as exact value.
2026-07-16 23:33:34,908 WARNING protliggnn.train - Censored or approximate affinity label detected: 'IC50<1.0nM' (relation: '<'). Treating as exact value.
2026-07-16 23:33:34,908 WARNING protliggnn.train - Censored or approximate affinity label detected: 'IC50<2nM' (relation: '<'). Treating as exact value.
2026-07-16 23:33:34,909 WARNING protliggnn.train - Censored or approximate affinity label detected: 'IC50<3nM' (relation: '<'). Treating as exact value.
2026-07-16 23:33:34,909 WARNING protliggnn.train - Censored or approximate affinity label detected: 'IC50<=1nM' (relation: '<='). Treating as exact value.
2026-07-16 23:33:34,911 WARNING protliggnn.train - Censored or approximate affinity label detected: 'Kd<1nM' (relation: '<'). Treating as exact value.
2026-07-16 23:33:34,912 WARNING protliggnn.train - Censored or approximate affinity label detected: 'Kd~1nM' (relation: '~'). Treating as exact value.
2026-07-16 23:33:34,912 WARNING protliggnn.train - Censored or approximate affinity label detected: 'Kd~1nM' (relation: '~'). Treating as exact value.
2026-07-16 23:33:34,913 WARNING protliggnn.train - Censored or approximate affinity label detected: 'IC50<2nM' (relation: '<'). Treating as exact value.
2026-07-16 23:33:34,916 WARNING protliggnn.train - Censored or approximate affinity label detected: 'IC50~1mM' (relation: '~'). Treating as exact value.
2026-07-16 23:33:34,916 WARNING protliggnn.train - Censored or approximate affinity label detected: 'IC50~20mM' (relation: '~'). Treating as exact value.
2026-07-16 23:33:34,916 WARNING protliggnn.train - Censored or approximate affinity label detected: 'Kd<0.1nM' (relation: '<'). Treating as exact value.
2026-07-16 23:33:34,917 WARNING protliggnn.train - Censored or approximate affinity label detected: 'Kd<1mM' (relation: '<'). Treating as exact value.
2026-07-16 23:33:34,917 WARNING protliggnn.train - Censored or approximate affinity label detected: 'Kd<60uM' (relation: '<'). Treating as exact value.
2026-07-16 23:33:34,919 WARNING protliggnn.train - Censored or approximate affinity label detected: 'Kd~300uM' (relation: '~'). Treating as exact value.
2026-07-16 23:33:34,920 WARNING protliggnn.train - Censored or approximate affinity label detected: 'Ki<50.0nM' (relation: '<'). Treating as exact value.
2026-07-16 23:33:34,921 WARNING protliggnn.train - Censored or approximate affinity label detected: 'Ki~5mM' (relation: '~'). Treating as exact value.
2026-07-16 23:33:34,922 WARNING protliggnn.train - Censored or approximate affinity label detected: 'Ki~5uM' (relation: '~'). Treating as exact value.
2026-07-16 23:33:34,922 WARNING protliggnn.train - Censored or approximate affinity label detected: 'IC50<0.001uM' (relation: '<'). Treating as exact value.
2026-07-16 23:33:34,922 WARNING protliggnn.train - Censored or approximate affinity label detected: 'IC50<0.003uM' (relation: '<'). Treating as exact value.
2026-07-16 23:33:34,922 WARNING protliggnn.train - Censored or approximate affinity label detected: 'IC50<0.004uM' (relation: '<'). Treating as exact value.
2026-07-16 23:33:34,922 WARNING protliggnn.train - Censored or approximate affinity label detected: 'IC50<10nM' (relation: '<'). Treating as exact value.
2026-07-16 23:33:34,923 WARNING protliggnn.train - Censored or approximate affinity label detected: 'IC50<2.13nM' (relation: '<'). Treating as exact value.
2026-07-16 23:33:34,923 WARNING protliggnn.train - Censored or approximate affinity label detected: 'IC50<3nM' (relation: '<'). Treating as exact value.
2026-07-16 23:33:36,638 WARNING protliggnn.train - Censored or approximate affinity label detected: 'IC50<3nM' (relation: '<'). Treating as exact value.
2026-07-16 23:33:36,638 WARNING protliggnn.train - Censored or approximate affinity label detected: 'IC50<4nM' (relation: '<'). Treating as exact value.
2026-07-16 23:33:36,638 WARNING protliggnn.train - Censored or approximate affinity label detected: 'IC50<5nM' (relation: '<'). Treating as exact value.
2026-07-16 23:33:36,638 WARNING protliggnn.train - Censored or approximate affinity label detected: 'IC50<5nM' (relation: '<'). Treating as exact value.
2026-07-16 23:33:36,640 WARNING protliggnn.train - Censored or approximate affinity label detected: 'Kd<0.1mM' (relation: '<'). Treating as exact value.
2026-07-16 23:33:36,640 WARNING protliggnn.train - Censored or approximate affinity label detected: 'Kd<0.1nM' (relation: '<'). Treating as exact value.
2026-07-16 23:33:36,640 WARNING protliggnn.train - Censored or approximate affinity label detected: 'Kd<100nM' (relation: '<'). Treating as exact value.
2026-07-16 23:33:36,640 WARNING protliggnn.train - Censored or approximate affinity label detected: 'Kd<10nM' (relation: '<'). Treating as exact value.
2026-07-16 23:33:36,641 WARNING protliggnn.train - Censored or approximate affinity label detected: 'Kd~102uM' (relation: '~'). Treating as exact value.
2026-07-16 23:33:36,641 WARNING protliggnn.train - Censored or approximate affinity label detected: 'Kd~125nM' (relation: '~'). Treating as exact value.
2026-07-16 23:33:36,641 WARNING protliggnn.train - Censored or approximate affinity label detected: 'Kd~1uM' (relation: '~'). Treating as exact value.
2026-07-16 23:33:36,641 WARNING protliggnn.train - Censored or approximate affinity label detected: 'Kd~1uM' (relation: '~'). Treating as exact value.
2026-07-16 23:33:36,641 WARNING protliggnn.train - Censored or approximate affinity label detected: 'Kd~5uM' (relation: '~'). Treating as exact value.
2026-07-16 23:33:36,641 WARNING protliggnn.train - Censored or approximate affinity label detected: 'Kd~74.3uM' (relation: '~'). Treating as exact value.
2026-07-16 23:33:36,641 WARNING protliggnn.train - Censored or approximate affinity label detected: 'Kd~85nM' (relation: '~'). Treating as exact value.
2026-07-16 23:33:36,641 WARNING protliggnn.train - Censored or approximate affinity label detected: 'Ki<0.10nM' (relation: '<'). Treating as exact value.
2026-07-16 23:33:36,642 WARNING protliggnn.train - Censored or approximate affinity label detected: 'Ki~2uM' (relation: '~'). Treating as exact value.
2026-07-16 23:33:36,642 WARNING protliggnn.train - Censored or approximate affinity label detected: 'Ki~55mM' (relation: '~'). Treating as exact value.
2026-07-16 23:33:36,642 WARNING protliggnn.train - Censored or approximate affinity label detected: 'Ki~55mM' (relation: '~'). Treating as exact value.
2026-07-16 23:33:36,642 WARNING protliggnn.train - Censored or approximate affinity label detected: 'IC50<0.01uM' (relation: '<'). Treating as exact value.
2026-07-16 23:33:36,642 WARNING protliggnn.train - Censored or approximate affinity label detected: 'IC50<0.01uM' (relation: '<'). Treating as exact value.
2026-07-16 23:33:36,642 WARNING protliggnn.train - Censored or approximate affinity label detected: 'IC50<2.5nM' (relation: '<'). Treating as exact value.
2026-07-16 23:33:36,644 WARNING protliggnn.train - Censored or approximate affinity label detected: 'IC50~0.5uM' (relation: '~'). Treating as exact value.
2026-07-16 23:33:36,644 WARNING protliggnn.train - Censored or approximate affinity label detected: 'IC50~30nM' (relation: '~'). Treating as exact value.
2026-07-16 23:33:36,644 WARNING protliggnn.train - Censored or approximate affinity label detected: 'Kd<10nM' (relation: '<'). Treating as exact value.
2026-07-16 23:33:36,645 WARNING protliggnn.train - Censored or approximate affinity label detected: 'Kd<10uM' (relation: '<'). Treating as exact value.
2026-07-16 23:33:36,645 WARNING protliggnn.train - Censored or approximate affinity label detected: 'Kd<6nM' (relation: '<'). Treating as exact value.
2026-07-16 23:33:38,530 WARNING protliggnn.train - Censored or approximate affinity label detected: 'Kd~10nM' (relation: '~'). Treating as exact value.
2026-07-16 23:33:38,530 WARNING protliggnn.train - Censored or approximate affinity label detected: 'Kd~160nM' (relation: '~'). Treating as exact value.
2026-07-16 23:33:38,530 WARNING protliggnn.train - Censored or approximate affinity label detected: 'Kd~1mM' (relation: '~'). Treating as exact value.
2026-07-16 23:33:38,530 WARNING protliggnn.train - Censored or approximate affinity label detected: 'Kd~1uM' (relation: '~'). Treating as exact value.
2026-07-16 23:33:38,530 WARNING protliggnn.train - Censored or approximate affinity label detected: 'Kd~2uM' (relation: '~'). Treating as exact value.
2026-07-16 23:33:38,531 WARNING protliggnn.train - Censored or approximate affinity label detected: 'Kd~5uM' (relation: '~'). Treating as exact value.
2026-07-16 23:33:38,531 WARNING protliggnn.train - Censored or approximate affinity label detected: 'Ki<0.05uM' (relation: '<'). Treating as exact value.
2026-07-16 23:33:38,531 WARNING protliggnn.train - Censored or approximate affinity label detected: 'Ki<1nM' (relation: '<'). Treating as exact value.
2026-07-16 23:33:38,531 WARNING protliggnn.train - Censored or approximate affinity label detected: 'Ki<1nM' (relation: '<'). Treating as exact value.
2026-07-16 23:33:38,531 WARNING protliggnn.train - Censored or approximate affinity label detected: 'Ki<1nM' (relation: '<'). Treating as exact value.
2026-07-16 23:33:38,531 WARNING protliggnn.train - Censored or approximate affinity label detected: 'Ki<1nM' (relation: '<'). Treating as exact value.
2026-07-16 23:33:38,531 WARNING protliggnn.train - Censored or approximate affinity label detected: 'Ki<2nM' (relation: '<'). Treating as exact value.
2026-07-16 23:33:38,534 WARNING protliggnn.train - Censored or approximate affinity label detected: 'Ki~10uM' (relation: '~'). Treating as exact value.
2026-07-16 23:33:38,534 WARNING protliggnn.train - Censored or approximate affinity label detected: 'Ki~14uM' (relation: '~'). Treating as exact value.
2026-07-16 23:33:38,534 WARNING protliggnn.train - Censored or approximate affinity label detected: 'Ki~50uM' (relation: '~'). Treating as exact value.
2026-07-16 23:33:38,534 WARNING protliggnn.train - Censored or approximate affinity label detected: 'IC50<1nM' (relation: '<'). Treating as exact value.
2026-07-16 23:33:38,534 WARNING protliggnn.train - Censored or approximate affinity label detected: 'IC50<4nM' (relation: '<'). Treating as exact value.
2026-07-16 23:33:38,540 WARNING protliggnn.train - Censored or approximate affinity label detected: 'IC50~10uM' (relation: '~'). Treating as exact value.
2026-07-16 23:33:38,540 WARNING protliggnn.train - Censored or approximate affinity label detected: 'IC50~10uM' (relation: '~'). Treating as exact value.
2026-07-16 23:33:38,541 WARNING protliggnn.train - Censored or approximate affinity label detected: 'IC50~1mM' (relation: '~'). Treating as exact value.
2026-07-16 23:33:38,541 WARNING protliggnn.train - Censored or approximate affinity label detected: 'IC50~30uM' (relation: '~'). Treating as exact value.
2026-07-16 23:33:38,541 WARNING protliggnn.train - Censored or approximate affinity label detected: 'IC50~30uM' (relation: '~'). Treating as exact value.
2026-07-16 23:33:38,542 WARNING protliggnn.train - Censored or approximate affinity label detected: 'IC50~38nM' (relation: '~'). Treating as exact value.
2026-07-16 23:33:38,542 WARNING protliggnn.train - Censored or approximate affinity label detected: 'Kd<0.003uM' (relation: '<'). Treating as exact value.
2026-07-16 23:33:38,542 WARNING protliggnn.train - Censored or approximate affinity label detected: 'Kd<1nM' (relation: '<'). Treating as exact value.
2026-07-16 23:33:38,545 WARNING protliggnn.train - Censored or approximate affinity label detected: 'Kd~1.7uM' (relation: '~'). Treating as exact value.
2026-07-16 23:33:38,546 WARNING protliggnn.train - Censored or approximate affinity label detected: 'Kd~200nM' (relation: '~'). Treating as exact value.
2026-07-16 23:33:40,255 WARNING protliggnn.train - Censored or approximate affinity label detected: 'Kd~200nM' (relation: '~'). Treating as exact value.
2026-07-16 23:33:40,255 WARNING protliggnn.train - Censored or approximate affinity label detected: 'Kd~3.6pM' (relation: '~'). Treating as exact value.
2026-07-16 23:33:40,255 WARNING protliggnn.train - Censored or approximate affinity label detected: 'Kd~400nM' (relation: '~'). Treating as exact value.
2026-07-16 23:33:40,256 WARNING protliggnn.train - Censored or approximate affinity label detected: 'Kd~51nM' (relation: '~'). Treating as exact value.
2026-07-16 23:33:40,256 WARNING protliggnn.train - Censored or approximate affinity label detected: 'Kd~9.6uM' (relation: '~'). Treating as exact value.
2026-07-16 23:33:40,256 WARNING protliggnn.train - Censored or approximate affinity label detected: 'Ki<0.01nM' (relation: '<'). Treating as exact value.
2026-07-16 23:33:40,256 WARNING protliggnn.train - Censored or approximate affinity label detected: 'Ki<0.0845uM' (relation: '<'). Treating as exact value.
2026-07-16 23:33:40,256 WARNING protliggnn.train - Censored or approximate affinity label detected: 'Ki<0.2nM' (relation: '<'). Treating as exact value.
2026-07-16 23:33:40,256 WARNING protliggnn.train - Censored or approximate affinity label detected: 'Ki<0.2nM' (relation: '<'). Treating as exact value.
2026-07-16 23:33:40,256 WARNING protliggnn.train - Censored or approximate affinity label detected: 'Ki<10mM' (relation: '<'). Treating as exact value.
2026-07-16 23:33:40,256 WARNING protliggnn.train - Censored or approximate affinity label detected: 'Ki<2mM' (relation: '<'). Treating as exact value.
2026-07-16 23:33:40,257 WARNING protliggnn.train - Censored or approximate affinity label detected: 'Ki~1.3uM' (relation: '~'). Treating as exact value.
2026-07-16 23:33:40,257 WARNING protliggnn.train - Censored or approximate affinity label detected: 'Ki~1.3uM' (relation: '~'). Treating as exact value.
2026-07-16 23:33:40,257 WARNING protliggnn.train - Censored or approximate affinity label detected: 'Ki~67uM' (relation: '~'). Treating as exact value.
2026-07-16 23:33:40,257 WARNING protliggnn.train - Censored or approximate affinity label detected: 'IC50<0.001uM' (relation: '<'). Treating as exact value.
2026-07-16 23:33:40,257 WARNING protliggnn.train - Censored or approximate affinity label detected: 'IC50<0.086uM' (relation: '<'). Treating as exact value.
2026-07-16 23:33:40,257 WARNING protliggnn.train - Censored or approximate affinity label detected: 'IC50<0.086uM' (relation: '<'). Treating as exact value.
2026-07-16 23:33:40,257 WARNING protliggnn.train - Censored or approximate affinity label detected: 'IC50<0.086uM' (relation: '<'). Treating as exact value.
2026-07-16 23:33:40,257 WARNING protliggnn.train - Censored or approximate affinity label detected: 'IC50<0.086uM' (relation: '<'). Treating as exact value.
2026-07-16 23:33:40,257 WARNING protliggnn.train - Censored or approximate affinity label detected: 'IC50<0.086uM' (relation: '<'). Treating as exact value.
2026-07-16 23:33:40,257 WARNING protliggnn.train - Censored or approximate affinity label detected: 'IC50<1.37uM' (relation: '<'). Treating as exact value.
2026-07-16 23:33:40,257 WARNING protliggnn.train - Censored or approximate affinity label detected: 'IC50<10nM' (relation: '<'). Treating as exact value.
2026-07-16 23:33:40,258 WARNING protliggnn.train - Censored or approximate affinity label detected: 'IC50<10uM' (relation: '<'). Treating as exact value.
2026-07-16 23:33:40,258 WARNING protliggnn.train - Censored or approximate affinity label detected: 'IC50<15nM' (relation: '<'). Treating as exact value.
2026-07-16 23:33:40,258 WARNING protliggnn.train - Censored or approximate affinity label detected: 'IC50<1nM' (relation: '<'). Treating as exact value.
2026-07-16 23:33:40,259 WARNING protliggnn.train - Censored or approximate affinity label detected: 'IC50~1.3mM' (relation: '~'). Treating as exact value.
2026-07-16 23:33:40,260 WARNING protliggnn.train - Censored or approximate affinity label detected: 'IC50~10000nM' (relation: '~'). Treating as exact value.
2026-07-16 23:33:42,004 WARNING protliggnn.train - Censored or approximate affinity label detected: 'IC50~33uM' (relation: '~'). Treating as exact value.
2026-07-16 23:33:42,004 WARNING protliggnn.train - Censored or approximate affinity label detected: 'IC50~4mM' (relation: '~'). Treating as exact value.
2026-07-16 23:33:42,005 WARNING protliggnn.train - Censored or approximate affinity label detected: 'Kd<0.03uM' (relation: '<'). Treating as exact value.
2026-07-16 23:33:42,005 WARNING protliggnn.train - Censored or approximate affinity label detected: 'Kd<0.05nM' (relation: '<'). Treating as exact value.
2026-07-16 23:33:42,005 WARNING protliggnn.train - Censored or approximate affinity label detected: 'Kd<10nM' (relation: '<'). Treating as exact value.
2026-07-16 23:33:42,005 WARNING protliggnn.train - Censored or approximate affinity label detected: 'Kd<1nM' (relation: '<'). Treating as exact value.
2026-07-16 23:33:42,006 WARNING protliggnn.train - Censored or approximate affinity label detected: 'Kd<1nM' (relation: '<'). Treating as exact value.
2026-07-16 23:33:42,009 WARNING protliggnn.train - Censored or approximate affinity label detected: 'Kd~185uM' (relation: '~'). Treating as exact value.
2026-07-16 23:33:42,009 WARNING protliggnn.train - Censored or approximate affinity label detected: 'Kd~23mM' (relation: '~'). Treating as exact value.
2026-07-16 23:33:42,009 WARNING protliggnn.train - Censored or approximate affinity label detected: 'Kd~2uM' (relation: '~'). Treating as exact value.
2026-07-16 23:33:42,009 WARNING protliggnn.train - Censored or approximate affinity label detected: 'Kd~300nM' (relation: '~'). Treating as exact value.
2026-07-16 23:33:42,010 WARNING protliggnn.train - Censored or approximate affinity label detected: 'Kd~364nM' (relation: '~'). Treating as exact value.
2026-07-16 23:33:42,010 WARNING protliggnn.train - Censored or approximate affinity label detected: 'Kd~8.11uM' (relation: '~'). Treating as exact value.
2026-07-16 23:33:42,010 WARNING protliggnn.train - Censored or approximate affinity label detected: 'Ki<0.0005uM' (relation: '<'). Treating as exact value.
2026-07-16 23:33:42,010 WARNING protliggnn.train - Censored or approximate affinity label detected: 'Ki<0.01nM' (relation: '<'). Treating as exact value.
2026-07-16 23:33:42,010 WARNING protliggnn.train - Censored or approximate affinity label detected: 'Ki<0.025nM' (relation: '<'). Treating as exact value.
2026-07-16 23:33:42,013 WARNING protliggnn.train - Censored or approximate affinity label detected: 'Ki~5uM' (relation: '~'). Treating as exact value.
2026-07-16 23:33:42,013 WARNING protliggnn.train - Censored or approximate affinity label detected: 'IC50<0.004uM' (relation: '<'). Treating as exact value.
2026-07-16 23:33:42,013 WARNING protliggnn.train - Censored or approximate affinity label detected: 'IC50<10nM' (relation: '<'). Treating as exact value.
2026-07-16 23:33:42,013 WARNING protliggnn.train - Censored or approximate affinity label detected: 'IC50<10nM' (relation: '<'). Treating as exact value.
2026-07-16 23:33:42,013 WARNING protliggnn.train - Censored or approximate affinity label detected: 'IC50<10nM' (relation: '<'). Treating as exact value.
2026-07-16 23:33:42,013 WARNING protliggnn.train - Censored or approximate affinity label detected: 'IC50<10nM' (relation: '<'). Treating as exact value.
2026-07-16 23:33:42,013 WARNING protliggnn.train - Censored or approximate affinity label detected: 'IC50<10nM' (relation: '<'). Treating as exact value.
2026-07-16 23:33:42,014 WARNING protliggnn.train - Censored or approximate affinity label detected: 'IC50<10nM' (relation: '<'). Treating as exact value.
2026-07-16 23:33:42,014 WARNING protliggnn.train - Censored or approximate affinity label detected: 'IC50<25nM' (relation: '<'). Treating as exact value.
2026-07-16 23:33:42,014 WARNING protliggnn.train - Censored or approximate affinity label detected: 'IC50<3nM' (relation: '<'). Treating as exact value.
2026-07-16 23:33:42,018 WARNING protliggnn.train - Censored or approximate affinity label detected: 'IC50~100uM' (relation: '~'). Treating as exact value.
2026-07-16 23:33:43,885 WARNING protliggnn.train - Censored or approximate affinity label detected: 'IC50~1mM' (relation: '~'). Treating as exact value.
2026-07-16 23:33:43,885 WARNING protliggnn.train - Censored or approximate affinity label detected: 'Kd<10nM' (relation: '<'). Treating as exact value.
2026-07-16 23:33:43,887 WARNING protliggnn.train - Censored or approximate affinity label detected: 'Kd~0.13uM' (relation: '~'). Treating as exact value.
2026-07-16 23:33:43,887 WARNING protliggnn.train - Censored or approximate affinity label detected: 'Kd~1.5uM' (relation: '~'). Treating as exact value.
2026-07-16 23:33:43,887 WARNING protliggnn.train - Censored or approximate affinity label detected: 'Kd~200uM' (relation: '~'). Treating as exact value.
2026-07-16 23:33:43,887 WARNING protliggnn.train - Censored or approximate affinity label detected: 'Kd~50uM' (relation: '~'). Treating as exact value.
2026-07-16 23:33:43,887 WARNING protliggnn.train - Censored or approximate affinity label detected: 'Ki<0.001uM' (relation: '<'). Treating as exact value.
2026-07-16 23:33:43,887 WARNING protliggnn.train - Censored or approximate affinity label detected: 'Ki<0.01nM' (relation: '<'). Treating as exact value.
2026-07-16 23:33:43,887 WARNING protliggnn.train - Censored or approximate affinity label detected: 'IC50<0.001uM' (relation: '<'). Treating as exact value.
2026-07-16 23:33:43,887 WARNING protliggnn.train - Censored or approximate affinity label detected: 'IC50<0.005uM' (relation: '<'). Treating as exact value.
2026-07-16 23:33:43,887 WARNING protliggnn.train - Censored or approximate affinity label detected: 'IC50<0.2uM' (relation: '<'). Treating as exact value.
2026-07-16 23:33:43,887 WARNING protliggnn.train - Censored or approximate affinity label detected: 'IC50<0.32nM' (relation: '<'). Treating as exact value.
2026-07-16 23:33:43,887 WARNING protliggnn.train - Censored or approximate affinity label detected: 'IC50<0.3nM' (relation: '<'). Treating as exact value.
2026-07-16 23:33:43,888 WARNING protliggnn.train - Censored or approximate affinity label detected: 'IC50<0.3nM' (relation: '<'). Treating as exact value.
2026-07-16 23:33:43,888 WARNING protliggnn.train - Censored or approximate affinity label detected: 'IC50<1.13nM' (relation: '<'). Treating as exact value.
2026-07-16 23:33:43,888 WARNING protliggnn.train - Censored or approximate affinity label detected: 'IC50<25nM' (relation: '<'). Treating as exact value.
2026-07-16 23:33:43,888 WARNING protliggnn.train - Censored or approximate affinity label detected: 'IC50<3nM' (relation: '<'). Treating as exact value.
2026-07-16 23:33:43,888 WARNING protliggnn.train - Censored or approximate affinity label detected: 'IC50<50nM' (relation: '<'). Treating as exact value.
2026-07-16 23:33:43,888 WARNING protliggnn.train - Censored or approximate affinity label detected: 'IC50<50nM' (relation: '<'). Treating as exact value.
2026-07-16 23:33:43,888 WARNING protliggnn.train - Censored or approximate affinity label detected: 'IC50<50nM' (relation: '<'). Treating as exact value.
2026-07-16 23:33:43,889 WARNING protliggnn.train - Censored or approximate affinity label detected: 'IC50~0.8mM' (relation: '~'). Treating as exact value.
2026-07-16 23:33:43,889 WARNING protliggnn.train - Censored or approximate affinity label detected: 'IC50~0.8mM' (relation: '~'). Treating as exact value.
2026-07-16 23:33:43,889 WARNING protliggnn.train - Censored or approximate affinity label detected: 'IC50~100uM' (relation: '~'). Treating as exact value.
2026-07-16 23:33:43,890 WARNING protliggnn.train - Censored or approximate affinity label detected: 'IC50~6nM' (relation: '~'). Treating as exact value.
2026-07-16 23:33:43,890 WARNING protliggnn.train - Censored or approximate affinity label detected: 'Kd<2nM' (relation: '<'). Treating as exact value.
2026-07-16 23:33:43,892 WARNING protliggnn.train - Censored or approximate affinity label detected: 'Kd~1.8uM' (relation: '~'). Treating as exact value.
2026-07-16 23:33:43,892 WARNING protliggnn.train - Censored or approximate affinity label detected: 'Kd~100nM' (relation: '~'). Treating as exact value.
2026-07-16 23:33:45,919 WARNING protliggnn.train - Censored or approximate affinity label detected: 'Kd~100nM' (relation: '~'). Treating as exact value.
2026-07-16 23:33:45,919 WARNING protliggnn.train - Censored or approximate affinity label detected: 'Kd~12uM' (relation: '~'). Treating as exact value.
2026-07-16 23:33:45,919 WARNING protliggnn.train - Censored or approximate affinity label detected: 'Kd~12uM' (relation: '~'). Treating as exact value.
2026-07-16 23:33:45,920 WARNING protliggnn.train - Censored or approximate affinity label detected: 'Kd~13uM' (relation: '~'). Treating as exact value.
2026-07-16 23:33:45,920 WARNING protliggnn.train - Censored or approximate affinity label detected: 'Kd~300nM' (relation: '~'). Treating as exact value.
2026-07-16 23:33:45,920 WARNING protliggnn.train - Censored or approximate affinity label detected: 'Kd~500uM' (relation: '~'). Treating as exact value.
2026-07-16 23:33:45,920 WARNING protliggnn.train - Censored or approximate affinity label detected: 'Kd~500uM' (relation: '~'). Treating as exact value.
2026-07-16 23:33:45,920 WARNING protliggnn.train - Censored or approximate affinity label detected: 'Kd~600uM' (relation: '~'). Treating as exact value.
2026-07-16 23:33:45,920 WARNING protliggnn.train - Censored or approximate affinity label detected: 'Kd~9uM' (relation: '~'). Treating as exact value.
2026-07-16 23:33:45,920 WARNING protliggnn.train - Censored or approximate affinity label detected: 'Ki<0.01uM' (relation: '<'). Treating as exact value.
2026-07-16 23:33:45,920 WARNING protliggnn.train - Censored or approximate affinity label detected: 'Ki<0.05nM' (relation: '<'). Treating as exact value.
2026-07-16 23:33:45,920 WARNING protliggnn.train - Censored or approximate affinity label detected: 'Ki<1nM' (relation: '<'). Treating as exact value.
2026-07-16 23:33:45,920 WARNING protliggnn.train - Censored or approximate affinity label detected: 'Ki<1nM' (relation: '<'). Treating as exact value.
2026-07-16 23:33:45,920 WARNING protliggnn.train - Censored or approximate affinity label detected: 'Ki<5nM' (relation: '<'). Treating as exact value.
2026-07-16 23:33:45,921 WARNING protliggnn.train - Censored or approximate affinity label detected: 'IC50<0.030uM' (relation: '<'). Treating as exact value.
2026-07-16 23:33:45,921 WARNING protliggnn.train - Censored or approximate affinity label detected: 'IC50<1nM' (relation: '<'). Treating as exact value.
2026-07-16 23:33:45,921 WARNING protliggnn.train - Censored or approximate affinity label detected: 'IC50<40nM' (relation: '<'). Treating as exact value.
2026-07-16 23:33:45,921 WARNING protliggnn.train - Censored or approximate affinity label detected: 'IC50<5nM' (relation: '<'). Treating as exact value.
2026-07-16 23:33:45,922 WARNING protliggnn.train - Censored or approximate affinity label detected: 'IC50~0.5uM' (relation: '~'). Treating as exact value.
2026-07-16 23:33:45,922 WARNING protliggnn.train - Censored or approximate affinity label detected: 'IC50~1.8uM' (relation: '~'). Treating as exact value.
2026-07-16 23:33:45,922 WARNING protliggnn.train - Censored or approximate affinity label detected: 'IC50~1mM' (relation: '~'). Treating as exact value.
2026-07-16 23:33:45,922 WARNING protliggnn.train - Censored or approximate affinity label detected: 'IC50~700nM' (relation: '~'). Treating as exact value.
2026-07-16 23:33:45,922 WARNING protliggnn.train - Censored or approximate affinity label detected: 'Kd<0.001nM' (relation: '<'). Treating as exact value.
2026-07-16 23:33:45,922 WARNING protliggnn.train - Censored or approximate affinity label detected: 'Kd<0.10uM' (relation: '<'). Treating as exact value.
2026-07-16 23:33:45,923 WARNING protliggnn.train - Censored or approximate affinity label detected: 'Kd<0.4uM' (relation: '<'). Treating as exact value.
2026-07-16 23:33:45,923 WARNING protliggnn.train - Censored or approximate affinity label detected: 'Kd<1nM' (relation: '<'). Treating as exact value.
2026-07-16 23:33:45,925 WARNING protliggnn.train - Censored or approximate affinity label detected: 'Kd~0.2uM' (relation: '~'). Treating as exact value.
2026-07-16 23:33:47,687 WARNING protliggnn.train - Censored or approximate affinity label detected: 'Kd~120nM' (relation: '~'). Treating as exact value.
2026-07-16 23:33:47,687 WARNING protliggnn.train - Censored or approximate affinity label detected: 'Kd~23uM' (relation: '~'). Treating as exact value.
2026-07-16 23:33:47,687 WARNING protliggnn.train - Censored or approximate affinity label detected: 'Kd~23uM' (relation: '~'). Treating as exact value.
2026-07-16 23:33:47,687 WARNING protliggnn.train - Censored or approximate affinity label detected: 'Kd~23uM' (relation: '~'). Treating as exact value.
2026-07-16 23:33:47,687 WARNING protliggnn.train - Censored or approximate affinity label detected: 'Kd~24uM' (relation: '~'). Treating as exact value.
2026-07-16 23:33:47,687 WARNING protliggnn.train - Censored or approximate affinity label detected: 'Kd~25uM' (relation: '~'). Treating as exact value.
2026-07-16 23:33:47,687 WARNING protliggnn.train - Censored or approximate affinity label detected: 'Kd~3nM' (relation: '~'). Treating as exact value.
2026-07-16 23:33:47,688 WARNING protliggnn.train - Censored or approximate affinity label detected: 'Kd~5uM' (relation: '~'). Treating as exact value.
2026-07-16 23:33:47,688 WARNING protliggnn.train - Censored or approximate affinity label detected: 'Kd~7nM' (relation: '~'). Treating as exact value.
2026-07-16 23:33:47,688 WARNING protliggnn.train - Censored or approximate affinity label detected: 'Kd~80uM' (relation: '~'). Treating as exact value.
2026-07-16 23:33:47,688 WARNING protliggnn.train - Censored or approximate affinity label detected: 'Ki<1.0nM' (relation: '<'). Treating as exact value.
2026-07-16 23:33:47,688 WARNING protliggnn.train - Censored or approximate affinity label detected: 'Ki<1.3nM' (relation: '<'). Treating as exact value.
2026-07-16 23:33:47,688 WARNING protliggnn.train - Censored or approximate affinity label detected: 'Ki<1nM' (relation: '<'). Treating as exact value.
2026-07-16 23:33:47,688 WARNING protliggnn.train - Censored or approximate affinity label detected: 'Ki<5pM' (relation: '<'). Treating as exact value.
2026-07-16 23:33:47,688 WARNING protliggnn.train - Censored or approximate affinity label detected: 'Ki<5pM' (relation: '<'). Treating as exact value.
2026-07-16 23:33:47,688 WARNING protliggnn.train - Censored or approximate affinity label detected: 'Ki<5pM' (relation: '<'). Treating as exact value.
2026-07-16 23:33:47,688 WARNING protliggnn.train - Censored or approximate affinity label detected: 'Ki<5pM' (relation: '<'). Treating as exact value.
2026-07-16 23:33:47,688 WARNING protliggnn.train - Censored or approximate affinity label detected: 'Ki<5pM' (relation: '<'). Treating as exact value.
2026-07-16 23:33:47,688 WARNING protliggnn.train - Censored or approximate affinity label detected: 'Ki<5pM' (relation: '<'). Treating as exact value.
2026-07-16 23:33:47,690 WARNING protliggnn.train - Censored or approximate affinity label detected: 'IC50<15nM' (relation: '<'). Treating as exact value.
2026-07-16 23:33:47,691 WARNING protliggnn.train - Censored or approximate affinity label detected: 'IC50<1nM' (relation: '<'). Treating as exact value.
2026-07-16 23:33:47,691 WARNING protliggnn.train - Censored or approximate affinity label detected: 'IC50<1nM' (relation: '<'). Treating as exact value.
2026-07-16 23:33:47,691 WARNING protliggnn.train - Censored or approximate affinity label detected: 'IC50<2nM' (relation: '<'). Treating as exact value.
2026-07-16 23:33:47,691 WARNING protliggnn.train - Censored or approximate affinity label detected: 'IC50<2nM' (relation: '<'). Treating as exact value.
2026-07-16 23:33:47,691 WARNING protliggnn.train - Censored or approximate affinity label detected: 'IC50<2nM' (relation: '<'). Treating as exact value.
2026-07-16 23:33:47,694 WARNING protliggnn.train - Censored or approximate affinity label detected: 'IC50~330uM' (relation: '~'). Treating as exact value.
2026-07-16 23:33:47,694 WARNING protliggnn.train - Censored or approximate affinity label detected: 'IC50~450uM' (relation: '~'). Treating as exact value.
2026-07-16 23:33:49,612 WARNING protliggnn.train - Censored or approximate affinity label detected: 'Kd<0.8nM' (relation: '<'). Treating as exact value.
2026-07-16 23:33:49,612 WARNING protliggnn.train - Censored or approximate affinity label detected: 'Kd<1.26nM' (relation: '<'). Treating as exact value.
2026-07-16 23:33:49,612 WARNING protliggnn.train - Censored or approximate affinity label detected: 'Kd<2.3nM' (relation: '<'). Treating as exact value.
2026-07-16 23:33:49,612 WARNING protliggnn.train - Censored or approximate affinity label detected: 'Kd<55uM' (relation: '<'). Treating as exact value.
2026-07-16 23:33:49,612 WARNING protliggnn.train - Censored or approximate affinity label detected: 'Kd<55uM' (relation: '<'). Treating as exact value.
2026-07-16 23:33:49,614 WARNING protliggnn.train - Censored or approximate affinity label detected: 'Kd~11uM' (relation: '~'). Treating as exact value.
2026-07-16 23:33:49,614 WARNING protliggnn.train - Censored or approximate affinity label detected: 'Kd~200nM' (relation: '~'). Treating as exact value.
2026-07-16 23:33:49,614 WARNING protliggnn.train - Censored or approximate affinity label detected: 'Kd~25uM' (relation: '~'). Treating as exact value.
2026-07-16 23:33:49,614 WARNING protliggnn.train - Censored or approximate affinity label detected: 'Kd~2nM' (relation: '~'). Treating as exact value.
2026-07-16 23:33:49,614 WARNING protliggnn.train - Censored or approximate affinity label detected: 'Ki<0.005nM' (relation: '<'). Treating as exact value.
2026-07-16 23:33:49,614 WARNING protliggnn.train - Censored or approximate affinity label detected: 'Ki<0.005nM' (relation: '<'). Treating as exact value.
2026-07-16 23:33:49,614 WARNING protliggnn.train - Censored or approximate affinity label detected: 'Ki<0.005nM' (relation: '<'). Treating as exact value.
2026-07-16 23:33:49,615 WARNING protliggnn.train - Censored or approximate affinity label detected: 'Ki<0.9nM' (relation: '<'). Treating as exact value.
2026-07-16 23:33:51,092 INFO protliggnn - Found 1000 candidate complexes with labels and matching files before validation.
2026-07-16 23:33:51,095 INFO protliggnn - Found graph cache at data\pdbbind2020\processed_dataset.pt. Validating...
2026-07-16 23:33:51,124 INFO protliggnn - Loading graphs from cache file...
2026-07-16 23:33:51,453 INFO protliggnn - Cache successfully validated. Loaded 1000 pre-built graphs.
2026-07-16 23:33:51,461 INFO protliggnn - Dataset split sizes: train=800 val=100 test=100 (random)
2026-07-16 23:34:27,303 INFO protliggnn - Epoch 001 train loss=4.9064 PCC=0.0129 Spearman=0.0030 RMSE=2.2138 MAE=1.7316 R2=-0.5830
2026-07-16 23:34:27,303 INFO protliggnn - Epoch 001 val loss=3.7100 PCC=0.3077 Spearman=0.3400 RMSE=1.9249 MAE=1.5184 R2=-0.0899
2026-07-16 23:34:27,303 INFO protliggnn - Epoch 001 train diagnostics: Affinity Loss=4.9009 | Contact Loss=0.0544 | Total Loss=4.9064 | Pos Acc=0.0090 | Neg Acc=0.9938 | Precision=0.0085 | Recall=0.0090 | F1=0.0088 | Avg Prob=0.0128
2026-07-16 23:34:27,303 INFO protliggnn - Epoch 001 val diagnostics: Affinity Loss=3.7051 | Contact Loss=0.0486 | Total Loss=3.7100 | Pos Acc=0.0000 | Neg Acc=1.0000 | Precision=0.0000 | Recall=0.0000 | F1=0.0000 | Avg Prob=0.0075
2026-07-16 23:34:27,366 INFO protliggnn - Saved checkpoint for epoch 1 with validation RMSE 1.924873000877027.
2026-07-16 23:35:03,940 INFO protliggnn - Epoch 002 train loss=3.7506 PCC=0.1373 Spearman=0.1311 RMSE=1.9354 MAE=1.5343 R2=-0.2100
2026-07-16 23:35:03,941 INFO protliggnn - Epoch 002 val loss=3.2513 PCC=0.2764 Spearman=0.3200 RMSE=1.8018 MAE=1.3253 R2=0.0450
2026-07-16 23:35:03,941 INFO protliggnn - Epoch 002 train diagnostics: Affinity Loss=3.7460 | Contact Loss=0.0466 | Total Loss=3.7506 | Pos Acc=0.0000 | Neg Acc=1.0000 | Precision=0.0000 | Recall=0.0000 | F1=0.0000 | Avg Prob=0.0082
2026-07-16 23:35:03,941 INFO protliggnn - Epoch 002 val diagnostics: Affinity Loss=3.2465 | Contact Loss=0.0482 | Total Loss=3.2513 | Pos Acc=0.0000 | Neg Acc=1.0000 | Precision=0.0000 | Recall=0.0000 | F1=0.0000 | Avg Prob=0.0080
2026-07-16 23:35:04,001 INFO protliggnn - Saved checkpoint for epoch 2 with validation RMSE 1.8018054065174636.
2026-07-16 23:35:39,407 INFO protliggnn - Epoch 003 train loss=3.5111 PCC=0.2355 Spearman=0.2120 RMSE=1.8726 MAE=1.5055 R2=-0.1326
2026-07-16 23:35:39,407 INFO protliggnn - Epoch 003 val loss=3.8112 PCC=0.3426 Spearman=0.3474 RMSE=1.9510 MAE=1.5333 R2=-0.1197
2026-07-16 23:35:39,407 INFO protliggnn - Epoch 003 train diagnostics: Affinity Loss=3.5064 | Contact Loss=0.0465 | Total Loss=3.5111 | Pos Acc=0.0000 | Neg Acc=1.0000 | Precision=0.0000 | Recall=0.0000 | F1=0.0000 | Avg Prob=0.0081
2026-07-16 23:35:39,407 INFO protliggnn - Epoch 003 val diagnostics: Affinity Loss=3.8064 | Contact Loss=0.0483 | Total Loss=3.8112 | Pos Acc=0.0000 | Neg Acc=1.0000 | Precision=0.0000 | Recall=0.0000 | F1=0.0000 | Avg Prob=0.0069
2026-07-16 23:36:18,622 INFO protliggnn - Epoch 004 train loss=3.3026 PCC=0.2682 Spearman=0.2549 RMSE=1.8160 MAE=1.4550 R2=-0.0653
2026-07-16 23:36:18,622 INFO protliggnn - Epoch 004 val loss=5.2618 PCC=0.3665 Spearman=0.3664 RMSE=2.2928 MAE=1.8674 R2=-0.5464
2026-07-16 23:36:18,622 INFO protliggnn - Epoch 004 train diagnostics: Affinity Loss=3.2980 | Contact Loss=0.0463 | Total Loss=3.3026 | Pos Acc=0.0000 | Neg Acc=1.0000 | Precision=0.0000 | Recall=0.0000 | F1=0.0000 | Avg Prob=0.0082
2026-07-16 23:36:18,622 INFO protliggnn - Epoch 004 val diagnostics: Affinity Loss=5.2570 | Contact Loss=0.0488 | Total Loss=5.2618 | Pos Acc=0.0000 | Neg Acc=1.0000 | Precision=0.0000 | Recall=0.0000 | F1=0.0000 | Avg Prob=0.0054
2026-07-16 23:37:05,776 INFO protliggnn - Epoch 005 train loss=3.6298 PCC=0.2319 Spearman=0.2305 RMSE=1.9040 MAE=1.5342 R2=-0.1710
2026-07-16 23:37:05,776 INFO protliggnn - Epoch 005 val loss=5.2377 PCC=0.2832 Spearman=0.3288 RMSE=2.2876 MAE=1.8655 R2=-0.5393
2026-07-16 23:37:05,776 INFO protliggnn - Epoch 005 train diagnostics: Affinity Loss=3.6252 | Contact Loss=0.0463 | Total Loss=3.6298 | Pos Acc=0.0000 | Neg Acc=1.0000 | Precision=0.0000 | Recall=0.0000 | F1=0.0000 | Avg Prob=0.0081
2026-07-16 23:37:05,776 INFO protliggnn - Epoch 005 val diagnostics: Affinity Loss=5.2329 | Contact Loss=0.0478 | Total Loss=5.2377 | Pos Acc=0.0000 | Neg Acc=1.0000 | Precision=0.0000 | Recall=0.0000 | F1=0.0000 | Avg Prob=0.0075
2026-07-16 23:37:52,984 INFO protliggnn - Epoch 006 train loss=3.1957 PCC=0.2955 Spearman=0.2753 RMSE=1.7864 MAE=1.4223 R2=-0.0307
2026-07-16 23:37:52,985 INFO protliggnn - Epoch 006 val loss=3.1552 PCC=0.3394 Spearman=0.3868 RMSE=1.7749 MAE=1.2725 R2=0.0733
2026-07-16 23:37:52,985 INFO protliggnn - Epoch 006 train diagnostics: Affinity Loss=3.1911 | Contact Loss=0.0462 | Total Loss=3.1957 | Pos Acc=0.0000 | Neg Acc=1.0000 | Precision=0.0000 | Recall=0.0000 | F1=0.0000 | Avg Prob=0.0081
2026-07-16 23:37:52,985 INFO protliggnn - Epoch 006 val diagnostics: Affinity Loss=3.1504 | Contact Loss=0.0478 | Total Loss=3.1552 | Pos Acc=0.0000 | Neg Acc=1.0000 | Precision=0.0000 | Recall=0.0000 | F1=0.0000 | Avg Prob=0.0077
2026-07-16 23:37:53,057 INFO protliggnn - Saved checkpoint for epoch 6 with validation RMSE 1.7749290481030877.
2026-07-16 23:38:36,672 INFO protliggnn - Epoch 007 train loss=3.3061 PCC=0.3241 Spearman=0.3126 RMSE=1.8170 MAE=1.4495 R2=-0.0664
2026-07-16 23:38:36,673 INFO protliggnn - Epoch 007 val loss=3.2068 PCC=0.3723 Spearman=0.3900 RMSE=1.7894 MAE=1.3562 R2=0.0581
2026-07-16 23:38:36,673 INFO protliggnn - Epoch 007 train diagnostics: Affinity Loss=3.3015 | Contact Loss=0.0462 | Total Loss=3.3061 | Pos Acc=0.0000 | Neg Acc=1.0000 | Precision=0.0000 | Recall=0.0000 | F1=0.0000 | Avg Prob=0.0081
2026-07-16 23:38:36,673 INFO protliggnn - Epoch 007 val diagnostics: Affinity Loss=3.2020 | Contact Loss=0.0479 | Total Loss=3.2068 | Pos Acc=0.0000 | Neg Acc=1.0000 | Precision=0.0000 | Recall=0.0000 | F1=0.0000 | Avg Prob=0.0065
2026-07-16 23:39:10,916 INFO protliggnn - Epoch 008 train loss=3.2920 PCC=0.3184 Spearman=0.2879 RMSE=1.8131 MAE=1.4636 R2=-0.0618
2026-07-16 23:39:10,916 INFO protliggnn - Epoch 008 val loss=3.4141 PCC=0.4248 Spearman=0.4409 RMSE=1.8464 MAE=1.4608 R2=-0.0029
2026-07-16 23:39:10,916 INFO protliggnn - Epoch 008 train diagnostics: Affinity Loss=3.2874 | Contact Loss=0.0460 | Total Loss=3.2920 | Pos Acc=0.0000 | Neg Acc=1.0000 | Precision=0.0000 | Recall=0.0000 | F1=0.0000 | Avg Prob=0.0081
2026-07-16 23:39:10,916 INFO protliggnn - Epoch 008 val diagnostics: Affinity Loss=3.4093 | Contact Loss=0.0482 | Total Loss=3.4141 | Pos Acc=0.0000 | Neg Acc=1.0000 | Precision=0.0000 | Recall=0.0000 | F1=0.0000 | Avg Prob=0.0060
2026-07-16 23:39:45,183 INFO protliggnn - Epoch 009 train loss=3.3050 PCC=0.3231 Spearman=0.3278 RMSE=1.8167 MAE=1.4526 R2=-0.0660
2026-07-16 23:39:45,183 INFO protliggnn - Epoch 009 val loss=2.7361 PCC=0.4477 Spearman=0.4698 RMSE=1.6527 MAE=1.2392 R2=0.1966
2026-07-16 23:39:45,183 INFO protliggnn - Epoch 009 train diagnostics: Affinity Loss=3.3004 | Contact Loss=0.0460 | Total Loss=3.3050 | Pos Acc=0.0000 | Neg Acc=1.0000 | Precision=0.0000 | Recall=0.0000 | F1=0.0000 | Avg Prob=0.0080
2026-07-16 23:39:45,183 INFO protliggnn - Epoch 009 val diagnostics: Affinity Loss=2.7313 | Contact Loss=0.0480 | Total Loss=2.7361 | Pos Acc=0.0000 | Neg Acc=1.0000 | Precision=0.0000 | Recall=0.0000 | F1=0.0000 | Avg Prob=0.0066
2026-07-16 23:39:45,243 INFO protliggnn - Saved checkpoint for epoch 9 with validation RMSE 1.6526773230496725.
2026-07-16 23:40:20,614 INFO protliggnn - Epoch 010 train loss=3.0018 PCC=0.3760 Spearman=0.3317 RMSE=1.7312 MAE=1.3865 R2=0.0319
2026-07-16 23:40:20,614 INFO protliggnn - Epoch 010 val loss=2.9659 PCC=0.3741 Spearman=0.4323 RMSE=1.7208 MAE=1.2863 R2=0.1290
2026-07-16 23:40:20,614 INFO protliggnn - Epoch 010 train diagnostics: Affinity Loss=2.9971 | Contact Loss=0.0461 | Total Loss=3.0018 | Pos Acc=0.0000 | Neg Acc=1.0000 | Precision=0.0000 | Recall=0.0000 | F1=0.0000 | Avg Prob=0.0082
2026-07-16 23:40:20,614 INFO protliggnn - Epoch 010 val diagnostics: Affinity Loss=2.9611 | Contact Loss=0.0480 | Total Loss=2.9659 | Pos Acc=0.0000 | Neg Acc=1.0000 | Precision=0.0000 | Recall=0.0000 | F1=0.0000 | Avg Prob=0.0093
2026-07-16 23:40:55,418 INFO protliggnn - Epoch 011 train loss=2.6600 PCC=0.4499 Spearman=0.4190 RMSE=1.6295 MAE=1.2876 R2=0.1423
2026-07-16 23:40:55,419 INFO protliggnn - Epoch 011 val loss=6.8499 PCC=0.5077 Spearman=0.5037 RMSE=2.6163 MAE=2.2019 R2=-1.0135
2026-07-16 23:40:55,419 INFO protliggnn - Epoch 011 train diagnostics: Affinity Loss=2.6554 | Contact Loss=0.0463 | Total Loss=2.6600 | Pos Acc=0.0000 | Neg Acc=1.0000 | Precision=0.0000 | Recall=0.0000 | F1=0.0000 | Avg Prob=0.0081
2026-07-16 23:40:55,419 INFO protliggnn - Epoch 011 val diagnostics: Affinity Loss=6.8451 | Contact Loss=0.0480 | Total Loss=6.8499 | Pos Acc=0.0000 | Neg Acc=1.0000 | Precision=0.0000 | Recall=0.0000 | F1=0.0000 | Avg Prob=0.0064
2026-07-16 23:41:29,567 INFO protliggnn - Epoch 012 train loss=3.1694 PCC=0.3950 Spearman=0.3625 RMSE=1.7790 MAE=1.4228 R2=-0.0222
2026-07-16 23:41:29,567 INFO protliggnn - Epoch 012 val loss=2.5031 PCC=0.5157 Spearman=0.5396 RMSE=1.5806 MAE=1.1639 R2=0.2651
2026-07-16 23:41:29,567 INFO protliggnn - Epoch 012 train diagnostics: Affinity Loss=3.1648 | Contact Loss=0.0461 | Total Loss=3.1694 | Pos Acc=0.0000 | Neg Acc=1.0000 | Precision=0.0000 | Recall=0.0000 | F1=0.0000 | Avg Prob=0.0081
2026-07-16 23:41:29,567 INFO protliggnn - Epoch 012 val diagnostics: Affinity Loss=2.4983 | Contact Loss=0.0477 | Total Loss=2.5031 | Pos Acc=0.0000 | Neg Acc=1.0000 | Precision=0.0000 | Recall=0.0000 | F1=0.0000 | Avg Prob=0.0081
2026-07-16 23:41:29,633 INFO protliggnn - Saved checkpoint for epoch 12 with validation RMSE 1.5806001449970504.
2026-07-16 23:42:05,068 INFO protliggnn - Epoch 013 train loss=2.8147 PCC=0.4308 Spearman=0.4093 RMSE=1.6763 MAE=1.3368 R2=0.0923
2026-07-16 23:42:05,068 INFO protliggnn - Epoch 013 val loss=2.5698 PCC=0.5285 Spearman=0.5400 RMSE=1.6016 MAE=1.1957 R2=0.2455
2026-07-16 23:42:05,068 INFO protliggnn - Epoch 013 train diagnostics: Affinity Loss=2.8101 | Contact Loss=0.0461 | Total Loss=2.8147 | Pos Acc=0.0000 | Neg Acc=1.0000 | Precision=0.0000 | Recall=0.0000 | F1=0.0000 | Avg Prob=0.0081
2026-07-16 23:42:05,068 INFO protliggnn - Epoch 013 val diagnostics: Affinity Loss=2.5650 | Contact Loss=0.0476 | Total Loss=2.5698 | Pos Acc=0.0000 | Neg Acc=1.0000 | Precision=0.0000 | Recall=0.0000 | F1=0.0000 | Avg Prob=0.0077
2026-07-16 23:42:39,586 INFO protliggnn - Epoch 014 train loss=2.8219 PCC=0.4481 Spearman=0.4125 RMSE=1.6785 MAE=1.3568 R2=0.0900
2026-07-16 23:42:39,586 INFO protliggnn - Epoch 014 val loss=2.6998 PCC=0.5032 Spearman=0.4855 RMSE=1.6417 MAE=1.2523 R2=0.2073
2026-07-16 23:42:39,586 INFO protliggnn - Epoch 014 train diagnostics: Affinity Loss=2.8173 | Contact Loss=0.0460 | Total Loss=2.8219 | Pos Acc=0.0000 | Neg Acc=1.0000 | Precision=0.0000 | Recall=0.0000 | F1=0.0000 | Avg Prob=0.0080
2026-07-16 23:42:39,586 INFO protliggnn - Epoch 014 val diagnostics: Affinity Loss=2.6950 | Contact Loss=0.0478 | Total Loss=2.6998 | Pos Acc=0.0000 | Neg Acc=1.0000 | Precision=0.0000 | Recall=0.0000 | F1=0.0000 | Avg Prob=0.0062
2026-07-16 23:43:13,396 INFO protliggnn - Epoch 015 train loss=2.3848 PCC=0.5461 Spearman=0.5176 RMSE=1.5428 MAE=1.2123 R2=0.2312
2026-07-16 23:43:13,396 INFO protliggnn - Epoch 015 val loss=2.9661 PCC=0.5104 Spearman=0.5046 RMSE=1.7208 MAE=1.3420 R2=0.1289
2026-07-16 23:43:13,396 INFO protliggnn - Epoch 015 train diagnostics: Affinity Loss=2.3802 | Contact Loss=0.0461 | Total Loss=2.3848 | Pos Acc=0.0000 | Neg Acc=1.0000 | Precision=0.0000 | Recall=0.0000 | F1=0.0000 | Avg Prob=0.0081
2026-07-16 23:43:13,396 INFO protliggnn - Epoch 015 val diagnostics: Affinity Loss=2.9613 | Contact Loss=0.0480 | Total Loss=2.9661 | Pos Acc=0.0000 | Neg Acc=1.0000 | Precision=0.0000 | Recall=0.0000 | F1=0.0000 | Avg Prob=0.0059
2026-07-16 23:43:48,303 INFO protliggnn - Epoch 016 train loss=2.5177 PCC=0.5043 Spearman=0.4732 RMSE=1.5853 MAE=1.2605 R2=0.1883
2026-07-16 23:43:48,303 INFO protliggnn - Epoch 016 val loss=2.7820 PCC=0.4744 Spearman=0.4861 RMSE=1.6665 MAE=1.2516 R2=0.1831
2026-07-16 23:43:48,303 INFO protliggnn - Epoch 016 train diagnostics: Affinity Loss=2.5131 | Contact Loss=0.0460 | Total Loss=2.5177 | Pos Acc=0.0000 | Neg Acc=1.0000 | Precision=0.0000 | Recall=0.0000 | F1=0.0000 | Avg Prob=0.0079
2026-07-16 23:43:48,303 INFO protliggnn - Epoch 016 val diagnostics: Affinity Loss=2.7772 | Contact Loss=0.0480 | Total Loss=2.7820 | Pos Acc=0.0000 | Neg Acc=1.0000 | Precision=0.0000 | Recall=0.0000 | F1=0.0000 | Avg Prob=0.0108
2026-07-16 23:44:22,365 INFO protliggnn - Epoch 017 train loss=2.3981 PCC=0.5379 Spearman=0.5100 RMSE=1.5471 MAE=1.2510 R2=0.2269
2026-07-16 23:44:22,365 INFO protliggnn - Epoch 017 val loss=3.5426 PCC=0.5248 Spearman=0.5200 RMSE=1.8809 MAE=1.5399 R2=-0.0407
2026-07-16 23:44:22,365 INFO protliggnn - Epoch 017 train diagnostics: Affinity Loss=2.3935 | Contact Loss=0.0460 | Total Loss=2.3981 | Pos Acc=0.0000 | Neg Acc=1.0000 | Precision=0.0000 | Recall=0.0000 | F1=0.0000 | Avg Prob=0.0080
2026-07-16 23:44:22,365 INFO protliggnn - Epoch 017 val diagnostics: Affinity Loss=3.5379 | Contact Loss=0.0476 | Total Loss=3.5426 | Pos Acc=0.0000 | Neg Acc=1.0000 | Precision=0.0000 | Recall=0.0000 | F1=0.0000 | Avg Prob=0.0067
2026-07-16 23:44:57,148 INFO protliggnn - Epoch 018 train loss=2.4173 PCC=0.5395 Spearman=0.5036 RMSE=1.5533 MAE=1.2470 R2=0.2207
2026-07-16 23:44:57,149 INFO protliggnn - Epoch 018 val loss=2.6445 PCC=0.5625 Spearman=0.5537 RMSE=1.6247 MAE=1.1946 R2=0.2235
2026-07-16 23:44:57,149 INFO protliggnn - Epoch 018 train diagnostics: Affinity Loss=2.4127 | Contact Loss=0.0460 | Total Loss=2.4173 | Pos Acc=0.0000 | Neg Acc=1.0000 | Precision=0.0000 | Recall=0.0000 | F1=0.0000 | Avg Prob=0.0079
2026-07-16 23:44:57,149 INFO protliggnn - Epoch 018 val diagnostics: Affinity Loss=2.6396 | Contact Loss=0.0485 | Total Loss=2.6445 | Pos Acc=0.0000 | Neg Acc=1.0000 | Precision=0.0000 | Recall=0.0000 | F1=0.0000 | Avg Prob=0.0124
2026-07-16 23:45:31,699 INFO protliggnn - Epoch 019 train loss=2.1676 PCC=0.5955 Spearman=0.5608 RMSE=1.4707 MAE=1.1715 R2=0.3014
2026-07-16 23:45:31,699 INFO protliggnn - Epoch 019 val loss=3.0120 PCC=0.4876 Spearman=0.4745 RMSE=1.7341 MAE=1.3344 R2=0.1154
2026-07-16 23:45:31,699 INFO protliggnn - Epoch 019 train diagnostics: Affinity Loss=2.1629 | Contact Loss=0.0461 | Total Loss=2.1676 | Pos Acc=0.0000 | Neg Acc=1.0000 | Precision=0.0000 | Recall=0.0000 | F1=0.0000 | Avg Prob=0.0081
2026-07-16 23:45:31,699 INFO protliggnn - Epoch 019 val diagnostics: Affinity Loss=3.0073 | Contact Loss=0.0476 | Total Loss=3.0120 | Pos Acc=0.0000 | Neg Acc=1.0000 | Precision=0.0000 | Recall=0.0000 | F1=0.0000 | Avg Prob=0.0066
2026-07-16 23:46:06,305 INFO protliggnn - Epoch 020 train loss=2.0273 PCC=0.6203 Spearman=0.5862 RMSE=1.4222 MAE=1.1312 R2=0.3467
2026-07-16 23:46:06,305 INFO protliggnn - Epoch 020 val loss=2.4888 PCC=0.5271 Spearman=0.5008 RMSE=1.5761 MAE=1.1943 R2=0.2693
2026-07-16 23:46:06,305 INFO protliggnn - Epoch 020 train diagnostics: Affinity Loss=2.0227 | Contact Loss=0.0459 | Total Loss=2.0273 | Pos Acc=0.0000 | Neg Acc=1.0000 | Precision=0.0000 | Recall=0.0000 | F1=0.0000 | Avg Prob=0.0078
2026-07-16 23:46:06,305 INFO protliggnn - Epoch 020 val diagnostics: Affinity Loss=2.4841 | Contact Loss=0.0477 | Total Loss=2.4888 | Pos Acc=0.0000 | Neg Acc=1.0000 | Precision=0.0000 | Recall=0.0000 | F1=0.0000 | Avg Prob=0.0098
2026-07-16 23:46:06,380 INFO protliggnn - Saved checkpoint for epoch 20 with validation RMSE 1.5760931555187743.
2026-07-16 23:46:41,979 INFO protliggnn - Epoch 021 train loss=2.2943 PCC=0.5734 Spearman=0.5430 RMSE=1.5132 MAE=1.2287 R2=0.2604
2026-07-16 23:46:41,979 INFO protliggnn - Epoch 021 val loss=2.7764 PCC=0.4608 Spearman=0.4713 RMSE=1.6648 MAE=1.2367 R2=0.1847
2026-07-16 23:46:41,979 INFO protliggnn - Epoch 021 train diagnostics: Affinity Loss=2.2897 | Contact Loss=0.0459 | Total Loss=2.2943 | Pos Acc=0.0000 | Neg Acc=1.0000 | Precision=0.0000 | Recall=0.0000 | F1=0.0000 | Avg Prob=0.0081
2026-07-16 23:46:41,979 INFO protliggnn - Epoch 021 val diagnostics: Affinity Loss=2.7716 | Contact Loss=0.0476 | Total Loss=2.7764 | Pos Acc=0.0000 | Neg Acc=1.0000 | Precision=0.0000 | Recall=0.0000 | F1=0.0000 | Avg Prob=0.0068
2026-07-16 23:47:15,698 INFO protliggnn - Epoch 022 train loss=1.8571 PCC=0.6585 Spearman=0.6416 RMSE=1.3611 MAE=1.0715 R2=0.4016
2026-07-16 23:47:15,698 INFO protliggnn - Epoch 022 val loss=2.7062 PCC=0.4764 Spearman=0.4225 RMSE=1.6436 MAE=1.2808 R2=0.2054
2026-07-16 23:47:15,698 INFO protliggnn - Epoch 022 train diagnostics: Affinity Loss=1.8525 | Contact Loss=0.0459 | Total Loss=1.8571 | Pos Acc=0.0000 | Neg Acc=1.0000 | Precision=0.0000 | Recall=0.0000 | F1=0.0000 | Avg Prob=0.0079
2026-07-16 23:47:15,698 INFO protliggnn - Epoch 022 val diagnostics: Affinity Loss=2.7015 | Contact Loss=0.0475 | Total Loss=2.7062 | Pos Acc=0.0000 | Neg Acc=1.0000 | Precision=0.0000 | Recall=0.0000 | F1=0.0000 | Avg Prob=0.0080
2026-07-16 23:47:50,120 INFO protliggnn - Epoch 023 train loss=2.4865 PCC=0.5503 Spearman=0.5379 RMSE=1.5754 MAE=1.2334 R2=0.1983
2026-07-16 23:47:50,120 INFO protliggnn - Epoch 023 val loss=2.2892 PCC=0.5923 Spearman=0.5975 RMSE=1.5115 MAE=1.1763 R2=0.3280
2026-07-16 23:47:50,120 INFO protliggnn - Epoch 023 train diagnostics: Affinity Loss=2.4819 | Contact Loss=0.0460 | Total Loss=2.4865 | Pos Acc=0.0000 | Neg Acc=1.0000 | Precision=0.0000 | Recall=0.0000 | F1=0.0000 | Avg Prob=0.0080
2026-07-16 23:47:50,120 INFO protliggnn - Epoch 023 val diagnostics: Affinity Loss=2.2845 | Contact Loss=0.0475 | Total Loss=2.2892 | Pos Acc=0.0000 | Neg Acc=1.0000 | Precision=0.0000 | Recall=0.0000 | F1=0.0000 | Avg Prob=0.0071
2026-07-16 23:47:50,180 INFO protliggnn - Saved checkpoint for epoch 23 with validation RMSE 1.5114509608093452.
2026-07-16 23:48:24,280 INFO protliggnn - Epoch 024 train loss=2.1179 PCC=0.5935 Spearman=0.5677 RMSE=1.4537 MAE=1.1819 R2=0.3174
2026-07-16 23:48:24,280 INFO protliggnn - Epoch 024 val loss=2.6005 PCC=0.5384 Spearman=0.5685 RMSE=1.6111 MAE=1.1965 R2=0.2364
2026-07-16 23:48:24,280 INFO protliggnn - Epoch 024 train diagnostics: Affinity Loss=2.1133 | Contact Loss=0.0459 | Total Loss=2.1179 | Pos Acc=0.0000 | Neg Acc=1.0000 | Precision=0.0000 | Recall=0.0000 | F1=0.0000 | Avg Prob=0.0079
2026-07-16 23:48:24,280 INFO protliggnn - Epoch 024 val diagnostics: Affinity Loss=2.5958 | Contact Loss=0.0473 | Total Loss=2.6005 | Pos Acc=0.0000 | Neg Acc=1.0000 | Precision=0.0000 | Recall=0.0000 | F1=0.0000 | Avg Prob=0.0080
2026-07-16 23:49:00,892 INFO protliggnn - Epoch 025 train loss=1.9069 PCC=0.6512 Spearman=0.6221 RMSE=1.3792 MAE=1.0947 R2=0.3855
2026-07-16 23:49:00,892 INFO protliggnn - Epoch 025 val loss=2.3388 PCC=0.5637 Spearman=0.5383 RMSE=1.5278 MAE=1.1456 R2=0.3134
2026-07-16 23:49:00,892 INFO protliggnn - Epoch 025 train diagnostics: Affinity Loss=1.9023 | Contact Loss=0.0458 | Total Loss=1.9069 | Pos Acc=0.0000 | Neg Acc=1.0000 | Precision=0.0000 | Recall=0.0000 | F1=0.0000 | Avg Prob=0.0079
2026-07-16 23:49:00,892 INFO protliggnn - Epoch 025 val diagnostics: Affinity Loss=2.3341 | Contact Loss=0.0473 | Total Loss=2.3388 | Pos Acc=0.0000 | Neg Acc=1.0000 | Precision=0.0000 | Recall=0.0000 | F1=0.0000 | Avg Prob=0.0077
2026-07-16 23:49:32,640 INFO protliggnn - Epoch 026 train loss=1.9961 PCC=0.6478 Spearman=0.6110 RMSE=1.4112 MAE=1.1106 R2=0.3567
2026-07-16 23:49:32,640 INFO protliggnn - Epoch 026 val loss=3.4091 PCC=0.5435 Spearman=0.5501 RMSE=1.8451 MAE=1.4242 R2=-0.0014
2026-07-16 23:49:32,640 INFO protliggnn - Epoch 026 train diagnostics: Affinity Loss=1.9916 | Contact Loss=0.0457 | Total Loss=1.9961 | Pos Acc=0.0000 | Neg Acc=1.0000 | Precision=0.0000 | Recall=0.0000 | F1=0.0000 | Avg Prob=0.0079
2026-07-16 23:49:32,640 INFO protliggnn - Epoch 026 val diagnostics: Affinity Loss=3.4043 | Contact Loss=0.0476 | Total Loss=3.4091 | Pos Acc=0.0000 | Neg Acc=1.0000 | Precision=0.0000 | Recall=0.0000 | F1=0.0000 | Avg Prob=0.0065
2026-07-16 23:50:04,154 INFO protliggnn - Epoch 027 train loss=1.8890 PCC=0.6548 Spearman=0.6316 RMSE=1.3727 MAE=1.1024 R2=0.3913
2026-07-16 23:50:04,155 INFO protliggnn - Epoch 027 val loss=2.7704 PCC=0.4628 Spearman=0.4655 RMSE=1.6630 MAE=1.2925 R2=0.1865
2026-07-16 23:50:04,155 INFO protliggnn - Epoch 027 train diagnostics: Affinity Loss=1.8844 | Contact Loss=0.0457 | Total Loss=1.8890 | Pos Acc=0.0000 | Neg Acc=1.0000 | Precision=0.0000 | Recall=0.0000 | F1=0.0000 | Avg Prob=0.0081
2026-07-16 23:50:04,155 INFO protliggnn - Epoch 027 val diagnostics: Affinity Loss=2.7656 | Contact Loss=0.0476 | Total Loss=2.7704 | Pos Acc=0.0000 | Neg Acc=1.0000 | Precision=0.0000 | Recall=0.0000 | F1=0.0000 | Avg Prob=0.0067
2026-07-16 23:50:35,925 INFO protliggnn - Epoch 028 train loss=1.8207 PCC=0.6709 Spearman=0.6289 RMSE=1.3477 MAE=1.0643 R2=0.4134
2026-07-16 23:50:35,925 INFO protliggnn - Epoch 028 val loss=2.6720 PCC=0.5101 Spearman=0.5166 RMSE=1.6332 MAE=1.2515 R2=0.2154
2026-07-16 23:50:35,925 INFO protliggnn - Epoch 028 train diagnostics: Affinity Loss=1.8162 | Contact Loss=0.0456 | Total Loss=1.8207 | Pos Acc=0.0000 | Neg Acc=1.0000 | Precision=0.0000 | Recall=0.0000 | F1=0.0000 | Avg Prob=0.0079
2026-07-16 23:50:35,925 INFO protliggnn - Epoch 028 val diagnostics: Affinity Loss=2.6673 | Contact Loss=0.0471 | Total Loss=2.6720 | Pos Acc=0.0000 | Neg Acc=1.0000 | Precision=0.0000 | Recall=0.0000 | F1=0.0000 | Avg Prob=0.0074
2026-07-16 23:51:06,740 INFO protliggnn - Epoch 029 train loss=1.7855 PCC=0.6792 Spearman=0.6641 RMSE=1.3345 MAE=1.0811 R2=0.4247
2026-07-16 23:51:06,740 INFO protliggnn - Epoch 029 val loss=2.6635 PCC=0.5128 Spearman=0.5022 RMSE=1.6306 MAE=1.2456 R2=0.2179
2026-07-16 23:51:06,740 INFO protliggnn - Epoch 029 train diagnostics: Affinity Loss=1.7810 | Contact Loss=0.0455 | Total Loss=1.7855 | Pos Acc=0.0000 | Neg Acc=1.0000 | Precision=0.0000 | Recall=0.0000 | F1=0.0000 | Avg Prob=0.0079
2026-07-16 23:51:06,740 INFO protliggnn - Epoch 029 val diagnostics: Affinity Loss=2.6588 | Contact Loss=0.0475 | Total Loss=2.6635 | Pos Acc=0.0000 | Neg Acc=1.0000 | Precision=0.0000 | Recall=0.0000 | F1=0.0000 | Avg Prob=0.0085
2026-07-16 23:51:38,556 INFO protliggnn - Epoch 030 train loss=1.6680 PCC=0.7017 Spearman=0.6903 RMSE=1.2898 MAE=1.0245 R2=0.4627
2026-07-16 23:51:38,556 INFO protliggnn - Epoch 030 val loss=3.5593 PCC=0.4881 Spearman=0.4947 RMSE=1.8854 MAE=1.4344 R2=-0.0456
2026-07-16 23:51:38,557 INFO protliggnn - Epoch 030 train diagnostics: Affinity Loss=1.6635 | Contact Loss=0.0456 | Total Loss=1.6680 | Pos Acc=0.0000 | Neg Acc=1.0000 | Precision=0.0000 | Recall=0.0000 | F1=0.0000 | Avg Prob=0.0077
2026-07-16 23:51:38,557 INFO protliggnn - Epoch 030 val diagnostics: Affinity Loss=3.5546 | Contact Loss=0.0474 | Total Loss=3.5593 | Pos Acc=0.0000 | Neg Acc=1.0000 | Precision=0.0000 | Recall=0.0000 | F1=0.0000 | Avg Prob=0.0079
2026-07-16 23:52:10,551 INFO protliggnn - Epoch 031 train loss=1.8159 PCC=0.6765 Spearman=0.6493 RMSE=1.3459 MAE=1.0736 R2=0.4149
2026-07-16 23:52:10,551 INFO protliggnn - Epoch 031 val loss=2.8382 PCC=0.5384 Spearman=0.5462 RMSE=1.6833 MAE=1.2595 R2=0.1665
2026-07-16 23:52:10,551 INFO protliggnn - Epoch 031 train diagnostics: Affinity Loss=1.8113 | Contact Loss=0.0455 | Total Loss=1.8159 | Pos Acc=0.0000 | Neg Acc=1.0000 | Precision=0.0000 | Recall=0.0000 | F1=0.0000 | Avg Prob=0.0077
2026-07-16 23:52:10,551 INFO protliggnn - Epoch 031 val diagnostics: Affinity Loss=2.8335 | Contact Loss=0.0474 | Total Loss=2.8382 | Pos Acc=0.0000 | Neg Acc=1.0000 | Precision=0.0000 | Recall=0.0000 | F1=0.0000 | Avg Prob=0.0066
2026-07-16 23:52:42,371 INFO protliggnn - Epoch 032 train loss=1.8192 PCC=0.6777 Spearman=0.6391 RMSE=1.3471 MAE=1.0612 R2=0.4138
2026-07-16 23:52:42,371 INFO protliggnn - Epoch 032 val loss=4.3033 PCC=0.5625 Spearman=0.5570 RMSE=2.0733 MAE=1.6956 R2=-0.2644
2026-07-16 23:52:42,371 INFO protliggnn - Epoch 032 train diagnostics: Affinity Loss=1.8147 | Contact Loss=0.0456 | Total Loss=1.8192 | Pos Acc=0.0000 | Neg Acc=1.0000 | Precision=0.0000 | Recall=0.0000 | F1=0.0000 | Avg Prob=0.0078
2026-07-16 23:52:42,371 INFO protliggnn - Epoch 032 val diagnostics: Affinity Loss=4.2985 | Contact Loss=0.0476 | Total Loss=4.3033 | Pos Acc=0.0000 | Neg Acc=1.0000 | Precision=0.0000 | Recall=0.0000 | F1=0.0000 | Avg Prob=0.0072
2026-07-16 23:53:14,105 INFO protliggnn - Epoch 033 train loss=1.5276 PCC=0.7278 Spearman=0.7102 RMSE=1.2341 MAE=0.9803 R2=0.5081
2026-07-16 23:53:14,105 INFO protliggnn - Epoch 033 val loss=2.6352 PCC=0.5441 Spearman=0.5286 RMSE=1.6218 MAE=1.2654 R2=0.2263
2026-07-16 23:53:14,105 INFO protliggnn - Epoch 033 train diagnostics: Affinity Loss=1.5229 | Contact Loss=0.0461 | Total Loss=1.5276 | Pos Acc=0.0000 | Neg Acc=1.0000 | Precision=0.0000 | Recall=0.0000 | F1=0.0000 | Avg Prob=0.0080
2026-07-16 23:53:14,105 INFO protliggnn - Epoch 033 val diagnostics: Affinity Loss=2.6303 | Contact Loss=0.0483 | Total Loss=2.6352 | Pos Acc=0.0000 | Neg Acc=1.0000 | Precision=0.0000 | Recall=0.0000 | F1=0.0000 | Avg Prob=0.0062
2026-07-16 23:53:14,106 INFO protliggnn - Early stopping triggered at epoch 33. Best epoch was 23.
2026-07-16 23:53:14,174 INFO protliggnn - Loaded best model from epoch 23 at D:\ProtLigGnn\experiments\run_004\checkpoint.pt
2026-07-16 23:53:15,902 INFO protliggnn - Test loss=2.4786 PCC=0.4994 Spearman=0.4457 RMSE=1.5729 MAE=1.3116 R2=0.2029
2026-07-16 23:53:19,157 INFO protliggnn - Wrote metrics, predictions, plots, and error analysis.
2026-07-16 23:53:19,176 INFO protliggnn - Experiment artifacts saved to D:\ProtLigGnn\experiments\run_004
