Command: D:\ProtLigGnn\venv\Scripts\python.exe protliggnn_train.py --data_dir data/pdbbind2020 --device cuda:0 --epochs 50 --batch_size 8 --lr 0.001 --weight_decay 1e-05 --patience 10 --seed 3407 --run_name protliggnn_benchmark_seed_3407 --save_path experiments\run_016\checkpoint.pt --split_strategy random --split_dir splits --val_fraction 0.1 --test_fraction 0.1 --dataset_version pdbbind2020_local --experiments_root experiments --experiment_dir experiments\run_016 --log_level INFO --num_workers 0 --research_version Validated Baseline v0.95 --max_samples 1000 --allow_duplicate --hidden_dim 256 --dropout 0.2 --optimizer adam --scheduler none --pooling mean --grad_clip 5.0 --model_type soft_routing --rbf_basis 32 --rbf_start 0.0 --rbf_stop 12.0 --rbf_proj_dim 32 --interaction_dim 32 --latent_dim 32 --chemistry_dim 32 --representation_dim 32 --attention_bias_type rbf --attention_learnable_scale true --attention_initial_alpha 0.1 --attention_normalize_bias true --contact_threshold 4.0 --loss_weight 0.1 --loss_weight_strategy fixed --contact_hidden_dim 128 --router_type gated --routing_level embedding --gate_regularization 0.0 --entropy_regularization 0.01 --sparsity_regularization 0.0 --diversity_regularization 0.0 --router_capacity base

2026-07-17 03:57:48,841 INFO protliggnn - Experiment directory: experiments\run_016
2026-07-17 03:57:48,841 INFO protliggnn - CLI arguments: {'data_dir': 'data/pdbbind2020', 'device': 'cuda:0', 'epochs': 50, 'batch_size': 8, 'lr': 0.001, 'weight_decay': 1e-05, 'patience': 10, 'seed': 3407, 'max_samples': 1000, 'run_name': 'protliggnn_benchmark_seed_3407', 'no_crossgraph': False, 'save_path': 'experiments\\run_016\\checkpoint.pt', 'split_strategy': 'random', 'split_dir': 'splits', 'fixed_split_dir': None, 'val_fraction': 0.1, 'test_fraction': 0.1, 'dataset_version': 'pdbbind2020_local', 'experiments_root': 'experiments', 'experiment_dir': 'experiments\\run_016', 'experiment_id': None, 'num_workers': 0, 'pin_memory': False, 'disable_experiment_tracking': False, 'resume': None, 'allow_duplicate': True, 'hidden_dim': 256, 'dropout': 0.2, 'optimizer': 'adam', 'scheduler': 'none', 'grad_clip': 5.0, 'no_residual': False, 'no_layernorm': False, 'no_attention': False, 'pooling': 'mean', 'log_level': 'INFO', 'model_type': 'soft_routing', 'router_type': 'gated', 'routing_level': 'embedding', 'gate_regularization': 0.0, 'entropy_regularization': 0.01, 'sparsity_regularization': 0.0, 'diversity_regularization': 0.0, 'router_capacity': 'base', 'contact_threshold': 4.0, 'loss_weight': 0.1, 'loss_weight_strategy': 'fixed', 'contact_hidden_dim': 128, 'rbf_basis': 32, 'rbf_start': 0.0, 'rbf_stop': 12.0, 'rbf_proj_dim': 32, 'interaction_dim': 32, 'latent_dim': 32, 'chemistry_dim': 32, 'representation_dim': 32, 'attention_bias_type': 'rbf', 'attention_learnable_scale': 'true', 'attention_initial_alpha': 0.1, 'attention_normalize_bias': 'true', 'experiment_purpose': 'benchmark', 'research_question': 'Can ProtLigGNN reproducibly predict protein-ligand affinity under this benchmark configuration?', 'author': 'unknown', 'description': '', 'notes': '', 'tags': '', 'expected_outcome': '', 'current_milestone': 'research-infrastructure', 'architecture_version': 'protliggnn-v1', 'research_version': 'Validated Baseline v0.95'}
2026-07-17 03:57:48,841 INFO protliggnn - Loading dataset from D:\ProtLigGnn\data\pdbbind2020
2026-07-17 03:57:48,842 WARNING protliggnn.train - Censored or approximate affinity label detected: 'Kd<10uM' (relation: '<'). Treating as exact value.
2026-07-17 03:57:48,842 WARNING protliggnn.train - Censored or approximate affinity label detected: 'Ki<=17nM' (relation: '<='). Treating as exact value.
2026-07-17 03:57:48,842 WARNING protliggnn.train - Censored or approximate affinity label detected: 'IC50<=3.5nM' (relation: '<='). Treating as exact value.
2026-07-17 03:57:48,842 WARNING protliggnn.train - Censored or approximate affinity label detected: 'Ki<1.0nM' (relation: '<'). Treating as exact value.
2026-07-17 03:57:48,842 WARNING protliggnn.train - Censored or approximate affinity label detected: 'Ki<10uM' (relation: '<'). Treating as exact value.
2026-07-17 03:57:48,842 WARNING protliggnn.train - Censored or approximate affinity label detected: 'Ki<1nM' (relation: '<'). Treating as exact value.
2026-07-17 03:57:48,842 WARNING protliggnn.train - Censored or approximate affinity label detected: 'IC50<=2.0nM' (relation: '<='). Treating as exact value.
2026-07-17 03:57:48,842 WARNING protliggnn.train - Censored or approximate affinity label detected: 'IC50~10uM' (relation: '~'). Treating as exact value.
2026-07-17 03:57:48,843 WARNING protliggnn.train - Censored or approximate affinity label detected: 'Ki<0.01nM' (relation: '<'). Treating as exact value.
2026-07-17 03:57:48,843 WARNING protliggnn.train - Censored or approximate affinity label detected: 'Ki<=100nM' (relation: '<='). Treating as exact value.
2026-07-17 03:57:48,843 WARNING protliggnn.train - Censored or approximate affinity label detected: 'Ki<21nM' (relation: '<'). Treating as exact value.
2026-07-17 03:57:48,844 WARNING protliggnn.train - Censored or approximate affinity label detected: 'Ki~0.1pM' (relation: '~'). Treating as exact value.
2026-07-17 03:57:48,844 WARNING protliggnn.train - Censored or approximate affinity label detected: 'Kd<=100uM' (relation: '<='). Treating as exact value.
2026-07-17 03:57:48,844 WARNING protliggnn.train - Censored or approximate affinity label detected: 'Kd~10pM' (relation: '~'). Treating as exact value.
2026-07-17 03:57:48,900 WARNING protliggnn.train - Censored or approximate affinity label detected: 'Kd~1pM' (relation: '~'). Treating as exact value.
2026-07-17 03:57:48,900 WARNING protliggnn.train - Censored or approximate affinity label detected: 'Kd~1pM' (relation: '~'). Treating as exact value.
2026-07-17 03:57:48,901 WARNING protliggnn.train - Censored or approximate affinity label detected: 'Kd<0.010uM' (relation: '<'). Treating as exact value.
2026-07-17 03:57:48,902 WARNING protliggnn.train - Censored or approximate affinity label detected: 'Kd~0.1uM' (relation: '~'). Treating as exact value.
2026-07-17 03:57:48,902 WARNING protliggnn.train - Censored or approximate affinity label detected: 'Ki<0.3uM' (relation: '<'). Treating as exact value.
2026-07-17 03:57:48,902 WARNING protliggnn.train - Censored or approximate affinity label detected: 'IC50<0.003uM' (relation: '<'). Treating as exact value.
2026-07-17 03:57:48,902 WARNING protliggnn.train - Censored or approximate affinity label detected: 'IC50<0.05uM' (relation: '<'). Treating as exact value.
2026-07-17 03:57:48,902 WARNING protliggnn.train - Censored or approximate affinity label detected: 'IC50<0.05uM' (relation: '<'). Treating as exact value.
2026-07-17 03:57:48,902 WARNING protliggnn.train - Censored or approximate affinity label detected: 'IC50~5mM' (relation: '~'). Treating as exact value.
2026-07-17 03:57:48,903 WARNING protliggnn.train - Censored or approximate affinity label detected: 'Kd<0.12nM' (relation: '<'). Treating as exact value.
2026-07-17 03:57:48,903 WARNING protliggnn.train - Censored or approximate affinity label detected: 'Kd~0.69pM' (relation: '~'). Treating as exact value.
2026-07-17 03:57:48,903 WARNING protliggnn.train - Censored or approximate affinity label detected: 'Kd~11pM' (relation: '~'). Treating as exact value.
2026-07-17 03:57:48,903 WARNING protliggnn.train - Censored or approximate affinity label detected: 'Kd~28pM' (relation: '~'). Treating as exact value.
2026-07-17 03:57:48,904 WARNING protliggnn.train - Censored or approximate affinity label detected: 'IC50<0.003uM' (relation: '<'). Treating as exact value.
2026-07-17 03:57:48,904 WARNING protliggnn.train - Censored or approximate affinity label detected: 'IC50<20nM' (relation: '<'). Treating as exact value.
2026-07-17 03:57:48,904 WARNING protliggnn.train - Censored or approximate affinity label detected: 'IC50<5nM' (relation: '<'). Treating as exact value.
2026-07-17 03:57:48,905 WARNING protliggnn.train - Censored or approximate affinity label detected: 'Kd~1nM' (relation: '~'). Treating as exact value.
2026-07-17 03:57:48,905 WARNING protliggnn.train - Censored or approximate affinity label detected: 'Kd~1nM' (relation: '~'). Treating as exact value.
2026-07-17 03:57:48,905 WARNING protliggnn.train - Censored or approximate affinity label detected: 'Ki<10nM' (relation: '<'). Treating as exact value.
2026-07-17 03:57:48,906 WARNING protliggnn.train - Censored or approximate affinity label detected: 'Kd<10uM' (relation: '<'). Treating as exact value.
2026-07-17 03:57:48,906 WARNING protliggnn.train - Censored or approximate affinity label detected: 'IC50<100nM' (relation: '<'). Treating as exact value.
2026-07-17 03:57:48,907 WARNING protliggnn.train - Censored or approximate affinity label detected: 'Kd<2pM' (relation: '<'). Treating as exact value.
2026-07-17 03:57:48,907 WARNING protliggnn.train - Censored or approximate affinity label detected: 'Kd~50uM' (relation: '~'). Treating as exact value.
2026-07-17 03:57:48,907 WARNING protliggnn.train - Censored or approximate affinity label detected: 'Ki<=0.6nM' (relation: '<='). Treating as exact value.
2026-07-17 03:57:48,910 WARNING protliggnn.train - Censored or approximate affinity label detected: 'Kd~100uM' (relation: '~'). Treating as exact value.
2026-07-17 03:57:48,910 WARNING protliggnn.train - Censored or approximate affinity label detected: 'Kd~100uM' (relation: '~'). Treating as exact value.
2026-07-17 03:57:48,912 WARNING protliggnn.train - Censored or approximate affinity label detected: 'IC50<0.04nM' (relation: '<'). Treating as exact value.
2026-07-17 03:57:50,103 WARNING protliggnn.train - Censored or approximate affinity label detected: 'Kd~10nM' (relation: '~'). Treating as exact value.
2026-07-17 03:57:50,104 WARNING protliggnn.train - Censored or approximate affinity label detected: 'IC50<0.5nM' (relation: '<'). Treating as exact value.
2026-07-17 03:57:50,106 WARNING protliggnn.train - Censored or approximate affinity label detected: 'Kd~40mM' (relation: '~'). Treating as exact value.
2026-07-17 03:57:50,106 WARNING protliggnn.train - Censored or approximate affinity label detected: 'Ki<10uM' (relation: '<'). Treating as exact value.
2026-07-17 03:57:50,107 WARNING protliggnn.train - Censored or approximate affinity label detected: 'IC50<1.0nM' (relation: '<'). Treating as exact value.
2026-07-17 03:57:50,107 WARNING protliggnn.train - Censored or approximate affinity label detected: 'IC50<2nM' (relation: '<'). Treating as exact value.
2026-07-17 03:57:50,107 WARNING protliggnn.train - Censored or approximate affinity label detected: 'IC50<3nM' (relation: '<'). Treating as exact value.
2026-07-17 03:57:50,107 WARNING protliggnn.train - Censored or approximate affinity label detected: 'IC50<=1nM' (relation: '<='). Treating as exact value.
2026-07-17 03:57:50,108 WARNING protliggnn.train - Censored or approximate affinity label detected: 'Kd<1nM' (relation: '<'). Treating as exact value.
2026-07-17 03:57:50,109 WARNING protliggnn.train - Censored or approximate affinity label detected: 'Kd~1nM' (relation: '~'). Treating as exact value.
2026-07-17 03:57:50,109 WARNING protliggnn.train - Censored or approximate affinity label detected: 'Kd~1nM' (relation: '~'). Treating as exact value.
2026-07-17 03:57:50,111 WARNING protliggnn.train - Censored or approximate affinity label detected: 'IC50<2nM' (relation: '<'). Treating as exact value.
2026-07-17 03:57:50,113 WARNING protliggnn.train - Censored or approximate affinity label detected: 'IC50~1mM' (relation: '~'). Treating as exact value.
2026-07-17 03:57:50,113 WARNING protliggnn.train - Censored or approximate affinity label detected: 'IC50~20mM' (relation: '~'). Treating as exact value.
2026-07-17 03:57:50,113 WARNING protliggnn.train - Censored or approximate affinity label detected: 'Kd<0.1nM' (relation: '<'). Treating as exact value.
2026-07-17 03:57:50,113 WARNING protliggnn.train - Censored or approximate affinity label detected: 'Kd<1mM' (relation: '<'). Treating as exact value.
2026-07-17 03:57:50,114 WARNING protliggnn.train - Censored or approximate affinity label detected: 'Kd<60uM' (relation: '<'). Treating as exact value.
2026-07-17 03:57:50,115 WARNING protliggnn.train - Censored or approximate affinity label detected: 'Kd~300uM' (relation: '~'). Treating as exact value.
2026-07-17 03:57:50,115 WARNING protliggnn.train - Censored or approximate affinity label detected: 'Ki<50.0nM' (relation: '<'). Treating as exact value.
2026-07-17 03:57:50,115 WARNING protliggnn.train - Censored or approximate affinity label detected: 'Ki~5mM' (relation: '~'). Treating as exact value.
2026-07-17 03:57:50,117 WARNING protliggnn.train - Censored or approximate affinity label detected: 'Ki~5uM' (relation: '~'). Treating as exact value.
2026-07-17 03:57:50,117 WARNING protliggnn.train - Censored or approximate affinity label detected: 'IC50<0.001uM' (relation: '<'). Treating as exact value.
2026-07-17 03:57:50,117 WARNING protliggnn.train - Censored or approximate affinity label detected: 'IC50<0.003uM' (relation: '<'). Treating as exact value.
2026-07-17 03:57:50,117 WARNING protliggnn.train - Censored or approximate affinity label detected: 'IC50<0.004uM' (relation: '<'). Treating as exact value.
2026-07-17 03:57:50,117 WARNING protliggnn.train - Censored or approximate affinity label detected: 'IC50<10nM' (relation: '<'). Treating as exact value.
2026-07-17 03:57:50,117 WARNING protliggnn.train - Censored or approximate affinity label detected: 'IC50<2.13nM' (relation: '<'). Treating as exact value.
2026-07-17 03:57:50,117 WARNING protliggnn.train - Censored or approximate affinity label detected: 'IC50<3nM' (relation: '<'). Treating as exact value.
2026-07-17 03:57:51,964 WARNING protliggnn.train - Censored or approximate affinity label detected: 'IC50<3nM' (relation: '<'). Treating as exact value.
2026-07-17 03:57:51,964 WARNING protliggnn.train - Censored or approximate affinity label detected: 'IC50<4nM' (relation: '<'). Treating as exact value.
2026-07-17 03:57:51,964 WARNING protliggnn.train - Censored or approximate affinity label detected: 'IC50<5nM' (relation: '<'). Treating as exact value.
2026-07-17 03:57:51,964 WARNING protliggnn.train - Censored or approximate affinity label detected: 'IC50<5nM' (relation: '<'). Treating as exact value.
2026-07-17 03:57:51,967 WARNING protliggnn.train - Censored or approximate affinity label detected: 'Kd<0.1mM' (relation: '<'). Treating as exact value.
2026-07-17 03:57:51,967 WARNING protliggnn.train - Censored or approximate affinity label detected: 'Kd<0.1nM' (relation: '<'). Treating as exact value.
2026-07-17 03:57:51,968 WARNING protliggnn.train - Censored or approximate affinity label detected: 'Kd<100nM' (relation: '<'). Treating as exact value.
2026-07-17 03:57:51,968 WARNING protliggnn.train - Censored or approximate affinity label detected: 'Kd<10nM' (relation: '<'). Treating as exact value.
2026-07-17 03:57:51,969 WARNING protliggnn.train - Censored or approximate affinity label detected: 'Kd~102uM' (relation: '~'). Treating as exact value.
2026-07-17 03:57:51,970 WARNING protliggnn.train - Censored or approximate affinity label detected: 'Kd~125nM' (relation: '~'). Treating as exact value.
2026-07-17 03:57:51,970 WARNING protliggnn.train - Censored or approximate affinity label detected: 'Kd~1uM' (relation: '~'). Treating as exact value.
2026-07-17 03:57:51,970 WARNING protliggnn.train - Censored or approximate affinity label detected: 'Kd~1uM' (relation: '~'). Treating as exact value.
2026-07-17 03:57:51,970 WARNING protliggnn.train - Censored or approximate affinity label detected: 'Kd~5uM' (relation: '~'). Treating as exact value.
2026-07-17 03:57:51,970 WARNING protliggnn.train - Censored or approximate affinity label detected: 'Kd~74.3uM' (relation: '~'). Treating as exact value.
2026-07-17 03:57:51,970 WARNING protliggnn.train - Censored or approximate affinity label detected: 'Kd~85nM' (relation: '~'). Treating as exact value.
2026-07-17 03:57:51,970 WARNING protliggnn.train - Censored or approximate affinity label detected: 'Ki<0.10nM' (relation: '<'). Treating as exact value.
2026-07-17 03:57:51,971 WARNING protliggnn.train - Censored or approximate affinity label detected: 'Ki~2uM' (relation: '~'). Treating as exact value.
2026-07-17 03:57:51,971 WARNING protliggnn.train - Censored or approximate affinity label detected: 'Ki~55mM' (relation: '~'). Treating as exact value.
2026-07-17 03:57:51,971 WARNING protliggnn.train - Censored or approximate affinity label detected: 'Ki~55mM' (relation: '~'). Treating as exact value.
2026-07-17 03:57:51,971 WARNING protliggnn.train - Censored or approximate affinity label detected: 'IC50<0.01uM' (relation: '<'). Treating as exact value.
2026-07-17 03:57:51,971 WARNING protliggnn.train - Censored or approximate affinity label detected: 'IC50<0.01uM' (relation: '<'). Treating as exact value.
2026-07-17 03:57:51,971 WARNING protliggnn.train - Censored or approximate affinity label detected: 'IC50<2.5nM' (relation: '<'). Treating as exact value.
2026-07-17 03:57:51,975 WARNING protliggnn.train - Censored or approximate affinity label detected: 'IC50~0.5uM' (relation: '~'). Treating as exact value.
2026-07-17 03:57:51,975 WARNING protliggnn.train - Censored or approximate affinity label detected: 'IC50~30nM' (relation: '~'). Treating as exact value.
2026-07-17 03:57:51,975 WARNING protliggnn.train - Censored or approximate affinity label detected: 'Kd<10nM' (relation: '<'). Treating as exact value.
2026-07-17 03:57:51,975 WARNING protliggnn.train - Censored or approximate affinity label detected: 'Kd<10uM' (relation: '<'). Treating as exact value.
2026-07-17 03:57:51,975 WARNING protliggnn.train - Censored or approximate affinity label detected: 'Kd<6nM' (relation: '<'). Treating as exact value.
2026-07-17 03:57:53,706 WARNING protliggnn.train - Censored or approximate affinity label detected: 'Kd~10nM' (relation: '~'). Treating as exact value.
2026-07-17 03:57:53,706 WARNING protliggnn.train - Censored or approximate affinity label detected: 'Kd~160nM' (relation: '~'). Treating as exact value.
2026-07-17 03:57:53,706 WARNING protliggnn.train - Censored or approximate affinity label detected: 'Kd~1mM' (relation: '~'). Treating as exact value.
2026-07-17 03:57:53,706 WARNING protliggnn.train - Censored or approximate affinity label detected: 'Kd~1uM' (relation: '~'). Treating as exact value.
2026-07-17 03:57:53,707 WARNING protliggnn.train - Censored or approximate affinity label detected: 'Kd~2uM' (relation: '~'). Treating as exact value.
2026-07-17 03:57:53,707 WARNING protliggnn.train - Censored or approximate affinity label detected: 'Kd~5uM' (relation: '~'). Treating as exact value.
2026-07-17 03:57:53,707 WARNING protliggnn.train - Censored or approximate affinity label detected: 'Ki<0.05uM' (relation: '<'). Treating as exact value.
2026-07-17 03:57:53,707 WARNING protliggnn.train - Censored or approximate affinity label detected: 'Ki<1nM' (relation: '<'). Treating as exact value.
2026-07-17 03:57:53,707 WARNING protliggnn.train - Censored or approximate affinity label detected: 'Ki<1nM' (relation: '<'). Treating as exact value.
2026-07-17 03:57:53,707 WARNING protliggnn.train - Censored or approximate affinity label detected: 'Ki<1nM' (relation: '<'). Treating as exact value.
2026-07-17 03:57:53,707 WARNING protliggnn.train - Censored or approximate affinity label detected: 'Ki<1nM' (relation: '<'). Treating as exact value.
2026-07-17 03:57:53,707 WARNING protliggnn.train - Censored or approximate affinity label detected: 'Ki<2nM' (relation: '<'). Treating as exact value.
2026-07-17 03:57:53,708 WARNING protliggnn.train - Censored or approximate affinity label detected: 'Ki~10uM' (relation: '~'). Treating as exact value.
2026-07-17 03:57:53,708 WARNING protliggnn.train - Censored or approximate affinity label detected: 'Ki~14uM' (relation: '~'). Treating as exact value.
2026-07-17 03:57:53,709 WARNING protliggnn.train - Censored or approximate affinity label detected: 'Ki~50uM' (relation: '~'). Treating as exact value.
2026-07-17 03:57:53,709 WARNING protliggnn.train - Censored or approximate affinity label detected: 'IC50<1nM' (relation: '<'). Treating as exact value.
2026-07-17 03:57:53,709 WARNING protliggnn.train - Censored or approximate affinity label detected: 'IC50<4nM' (relation: '<'). Treating as exact value.
2026-07-17 03:57:53,710 WARNING protliggnn.train - Censored or approximate affinity label detected: 'IC50~10uM' (relation: '~'). Treating as exact value.
2026-07-17 03:57:53,711 WARNING protliggnn.train - Censored or approximate affinity label detected: 'IC50~10uM' (relation: '~'). Treating as exact value.
2026-07-17 03:57:53,711 WARNING protliggnn.train - Censored or approximate affinity label detected: 'IC50~1mM' (relation: '~'). Treating as exact value.
2026-07-17 03:57:53,711 WARNING protliggnn.train - Censored or approximate affinity label detected: 'IC50~30uM' (relation: '~'). Treating as exact value.
2026-07-17 03:57:53,711 WARNING protliggnn.train - Censored or approximate affinity label detected: 'IC50~30uM' (relation: '~'). Treating as exact value.
2026-07-17 03:57:53,711 WARNING protliggnn.train - Censored or approximate affinity label detected: 'IC50~38nM' (relation: '~'). Treating as exact value.
2026-07-17 03:57:53,711 WARNING protliggnn.train - Censored or approximate affinity label detected: 'Kd<0.003uM' (relation: '<'). Treating as exact value.
2026-07-17 03:57:53,711 WARNING protliggnn.train - Censored or approximate affinity label detected: 'Kd<1nM' (relation: '<'). Treating as exact value.
2026-07-17 03:57:53,712 WARNING protliggnn.train - Censored or approximate affinity label detected: 'Kd~1.7uM' (relation: '~'). Treating as exact value.
2026-07-17 03:57:53,712 WARNING protliggnn.train - Censored or approximate affinity label detected: 'Kd~200nM' (relation: '~'). Treating as exact value.
2026-07-17 03:57:55,531 WARNING protliggnn.train - Censored or approximate affinity label detected: 'Kd~200nM' (relation: '~'). Treating as exact value.
2026-07-17 03:57:55,531 WARNING protliggnn.train - Censored or approximate affinity label detected: 'Kd~3.6pM' (relation: '~'). Treating as exact value.
2026-07-17 03:57:55,531 WARNING protliggnn.train - Censored or approximate affinity label detected: 'Kd~400nM' (relation: '~'). Treating as exact value.
2026-07-17 03:57:55,531 WARNING protliggnn.train - Censored or approximate affinity label detected: 'Kd~51nM' (relation: '~'). Treating as exact value.
2026-07-17 03:57:55,531 WARNING protliggnn.train - Censored or approximate affinity label detected: 'Kd~9.6uM' (relation: '~'). Treating as exact value.
2026-07-17 03:57:55,531 WARNING protliggnn.train - Censored or approximate affinity label detected: 'Ki<0.01nM' (relation: '<'). Treating as exact value.
2026-07-17 03:57:55,531 WARNING protliggnn.train - Censored or approximate affinity label detected: 'Ki<0.0845uM' (relation: '<'). Treating as exact value.
2026-07-17 03:57:55,531 WARNING protliggnn.train - Censored or approximate affinity label detected: 'Ki<0.2nM' (relation: '<'). Treating as exact value.
2026-07-17 03:57:55,531 WARNING protliggnn.train - Censored or approximate affinity label detected: 'Ki<0.2nM' (relation: '<'). Treating as exact value.
2026-07-17 03:57:55,532 WARNING protliggnn.train - Censored or approximate affinity label detected: 'Ki<10mM' (relation: '<'). Treating as exact value.
2026-07-17 03:57:55,532 WARNING protliggnn.train - Censored or approximate affinity label detected: 'Ki<2mM' (relation: '<'). Treating as exact value.
2026-07-17 03:57:55,532 WARNING protliggnn.train - Censored or approximate affinity label detected: 'Ki~1.3uM' (relation: '~'). Treating as exact value.
2026-07-17 03:57:55,533 WARNING protliggnn.train - Censored or approximate affinity label detected: 'Ki~1.3uM' (relation: '~'). Treating as exact value.
2026-07-17 03:57:55,533 WARNING protliggnn.train - Censored or approximate affinity label detected: 'Ki~67uM' (relation: '~'). Treating as exact value.
2026-07-17 03:57:55,533 WARNING protliggnn.train - Censored or approximate affinity label detected: 'IC50<0.001uM' (relation: '<'). Treating as exact value.
2026-07-17 03:57:55,533 WARNING protliggnn.train - Censored or approximate affinity label detected: 'IC50<0.086uM' (relation: '<'). Treating as exact value.
2026-07-17 03:57:55,533 WARNING protliggnn.train - Censored or approximate affinity label detected: 'IC50<0.086uM' (relation: '<'). Treating as exact value.
2026-07-17 03:57:55,533 WARNING protliggnn.train - Censored or approximate affinity label detected: 'IC50<0.086uM' (relation: '<'). Treating as exact value.
2026-07-17 03:57:55,533 WARNING protliggnn.train - Censored or approximate affinity label detected: 'IC50<0.086uM' (relation: '<'). Treating as exact value.
2026-07-17 03:57:55,533 WARNING protliggnn.train - Censored or approximate affinity label detected: 'IC50<0.086uM' (relation: '<'). Treating as exact value.
2026-07-17 03:57:55,533 WARNING protliggnn.train - Censored or approximate affinity label detected: 'IC50<1.37uM' (relation: '<'). Treating as exact value.
2026-07-17 03:57:55,533 WARNING protliggnn.train - Censored or approximate affinity label detected: 'IC50<10nM' (relation: '<'). Treating as exact value.
2026-07-17 03:57:55,534 WARNING protliggnn.train - Censored or approximate affinity label detected: 'IC50<10uM' (relation: '<'). Treating as exact value.
2026-07-17 03:57:55,534 WARNING protliggnn.train - Censored or approximate affinity label detected: 'IC50<15nM' (relation: '<'). Treating as exact value.
2026-07-17 03:57:55,534 WARNING protliggnn.train - Censored or approximate affinity label detected: 'IC50<1nM' (relation: '<'). Treating as exact value.
2026-07-17 03:57:55,536 WARNING protliggnn.train - Censored or approximate affinity label detected: 'IC50~1.3mM' (relation: '~'). Treating as exact value.
2026-07-17 03:57:55,536 WARNING protliggnn.train - Censored or approximate affinity label detected: 'IC50~10000nM' (relation: '~'). Treating as exact value.
2026-07-17 03:57:57,294 WARNING protliggnn.train - Censored or approximate affinity label detected: 'IC50~33uM' (relation: '~'). Treating as exact value.
2026-07-17 03:57:57,294 WARNING protliggnn.train - Censored or approximate affinity label detected: 'IC50~4mM' (relation: '~'). Treating as exact value.
2026-07-17 03:57:57,294 WARNING protliggnn.train - Censored or approximate affinity label detected: 'Kd<0.03uM' (relation: '<'). Treating as exact value.
2026-07-17 03:57:57,294 WARNING protliggnn.train - Censored or approximate affinity label detected: 'Kd<0.05nM' (relation: '<'). Treating as exact value.
2026-07-17 03:57:57,294 WARNING protliggnn.train - Censored or approximate affinity label detected: 'Kd<10nM' (relation: '<'). Treating as exact value.
2026-07-17 03:57:57,294 WARNING protliggnn.train - Censored or approximate affinity label detected: 'Kd<1nM' (relation: '<'). Treating as exact value.
2026-07-17 03:57:57,294 WARNING protliggnn.train - Censored or approximate affinity label detected: 'Kd<1nM' (relation: '<'). Treating as exact value.
2026-07-17 03:57:57,296 WARNING protliggnn.train - Censored or approximate affinity label detected: 'Kd~185uM' (relation: '~'). Treating as exact value.
2026-07-17 03:57:57,296 WARNING protliggnn.train - Censored or approximate affinity label detected: 'Kd~23mM' (relation: '~'). Treating as exact value.
2026-07-17 03:57:57,296 WARNING protliggnn.train - Censored or approximate affinity label detected: 'Kd~2uM' (relation: '~'). Treating as exact value.
2026-07-17 03:57:57,296 WARNING protliggnn.train - Censored or approximate affinity label detected: 'Kd~300nM' (relation: '~'). Treating as exact value.
2026-07-17 03:57:57,296 WARNING protliggnn.train - Censored or approximate affinity label detected: 'Kd~364nM' (relation: '~'). Treating as exact value.
2026-07-17 03:57:57,296 WARNING protliggnn.train - Censored or approximate affinity label detected: 'Kd~8.11uM' (relation: '~'). Treating as exact value.
2026-07-17 03:57:57,296 WARNING protliggnn.train - Censored or approximate affinity label detected: 'Ki<0.0005uM' (relation: '<'). Treating as exact value.
2026-07-17 03:57:57,296 WARNING protliggnn.train - Censored or approximate affinity label detected: 'Ki<0.01nM' (relation: '<'). Treating as exact value.
2026-07-17 03:57:57,296 WARNING protliggnn.train - Censored or approximate affinity label detected: 'Ki<0.025nM' (relation: '<'). Treating as exact value.
2026-07-17 03:57:57,298 WARNING protliggnn.train - Censored or approximate affinity label detected: 'Ki~5uM' (relation: '~'). Treating as exact value.
2026-07-17 03:57:57,298 WARNING protliggnn.train - Censored or approximate affinity label detected: 'IC50<0.004uM' (relation: '<'). Treating as exact value.
2026-07-17 03:57:57,298 WARNING protliggnn.train - Censored or approximate affinity label detected: 'IC50<10nM' (relation: '<'). Treating as exact value.
2026-07-17 03:57:57,298 WARNING protliggnn.train - Censored or approximate affinity label detected: 'IC50<10nM' (relation: '<'). Treating as exact value.
2026-07-17 03:57:57,298 WARNING protliggnn.train - Censored or approximate affinity label detected: 'IC50<10nM' (relation: '<'). Treating as exact value.
2026-07-17 03:57:57,298 WARNING protliggnn.train - Censored or approximate affinity label detected: 'IC50<10nM' (relation: '<'). Treating as exact value.
2026-07-17 03:57:57,298 WARNING protliggnn.train - Censored or approximate affinity label detected: 'IC50<10nM' (relation: '<'). Treating as exact value.
2026-07-17 03:57:57,299 WARNING protliggnn.train - Censored or approximate affinity label detected: 'IC50<10nM' (relation: '<'). Treating as exact value.
2026-07-17 03:57:57,299 WARNING protliggnn.train - Censored or approximate affinity label detected: 'IC50<25nM' (relation: '<'). Treating as exact value.
2026-07-17 03:57:57,299 WARNING protliggnn.train - Censored or approximate affinity label detected: 'IC50<3nM' (relation: '<'). Treating as exact value.
2026-07-17 03:57:57,300 WARNING protliggnn.train - Censored or approximate affinity label detected: 'IC50~100uM' (relation: '~'). Treating as exact value.
2026-07-17 03:57:59,248 WARNING protliggnn.train - Censored or approximate affinity label detected: 'IC50~1mM' (relation: '~'). Treating as exact value.
2026-07-17 03:57:59,248 WARNING protliggnn.train - Censored or approximate affinity label detected: 'Kd<10nM' (relation: '<'). Treating as exact value.
2026-07-17 03:57:59,251 WARNING protliggnn.train - Censored or approximate affinity label detected: 'Kd~0.13uM' (relation: '~'). Treating as exact value.
2026-07-17 03:57:59,251 WARNING protliggnn.train - Censored or approximate affinity label detected: 'Kd~1.5uM' (relation: '~'). Treating as exact value.
2026-07-17 03:57:59,251 WARNING protliggnn.train - Censored or approximate affinity label detected: 'Kd~200uM' (relation: '~'). Treating as exact value.
2026-07-17 03:57:59,251 WARNING protliggnn.train - Censored or approximate affinity label detected: 'Kd~50uM' (relation: '~'). Treating as exact value.
2026-07-17 03:57:59,251 WARNING protliggnn.train - Censored or approximate affinity label detected: 'Ki<0.001uM' (relation: '<'). Treating as exact value.
2026-07-17 03:57:59,251 WARNING protliggnn.train - Censored or approximate affinity label detected: 'Ki<0.01nM' (relation: '<'). Treating as exact value.
2026-07-17 03:57:59,252 WARNING protliggnn.train - Censored or approximate affinity label detected: 'IC50<0.001uM' (relation: '<'). Treating as exact value.
2026-07-17 03:57:59,252 WARNING protliggnn.train - Censored or approximate affinity label detected: 'IC50<0.005uM' (relation: '<'). Treating as exact value.
2026-07-17 03:57:59,252 WARNING protliggnn.train - Censored or approximate affinity label detected: 'IC50<0.2uM' (relation: '<'). Treating as exact value.
2026-07-17 03:57:59,252 WARNING protliggnn.train - Censored or approximate affinity label detected: 'IC50<0.32nM' (relation: '<'). Treating as exact value.
2026-07-17 03:57:59,252 WARNING protliggnn.train - Censored or approximate affinity label detected: 'IC50<0.3nM' (relation: '<'). Treating as exact value.
2026-07-17 03:57:59,252 WARNING protliggnn.train - Censored or approximate affinity label detected: 'IC50<0.3nM' (relation: '<'). Treating as exact value.
2026-07-17 03:57:59,252 WARNING protliggnn.train - Censored or approximate affinity label detected: 'IC50<1.13nM' (relation: '<'). Treating as exact value.
2026-07-17 03:57:59,252 WARNING protliggnn.train - Censored or approximate affinity label detected: 'IC50<25nM' (relation: '<'). Treating as exact value.
2026-07-17 03:57:59,252 WARNING protliggnn.train - Censored or approximate affinity label detected: 'IC50<3nM' (relation: '<'). Treating as exact value.
2026-07-17 03:57:59,252 WARNING protliggnn.train - Censored or approximate affinity label detected: 'IC50<50nM' (relation: '<'). Treating as exact value.
2026-07-17 03:57:59,252 WARNING protliggnn.train - Censored or approximate affinity label detected: 'IC50<50nM' (relation: '<'). Treating as exact value.
2026-07-17 03:57:59,252 WARNING protliggnn.train - Censored or approximate affinity label detected: 'IC50<50nM' (relation: '<'). Treating as exact value.
2026-07-17 03:57:59,254 WARNING protliggnn.train - Censored or approximate affinity label detected: 'IC50~0.8mM' (relation: '~'). Treating as exact value.
2026-07-17 03:57:59,254 WARNING protliggnn.train - Censored or approximate affinity label detected: 'IC50~0.8mM' (relation: '~'). Treating as exact value.
2026-07-17 03:57:59,254 WARNING protliggnn.train - Censored or approximate affinity label detected: 'IC50~100uM' (relation: '~'). Treating as exact value.
2026-07-17 03:57:59,254 WARNING protliggnn.train - Censored or approximate affinity label detected: 'IC50~6nM' (relation: '~'). Treating as exact value.
2026-07-17 03:57:59,254 WARNING protliggnn.train - Censored or approximate affinity label detected: 'Kd<2nM' (relation: '<'). Treating as exact value.
2026-07-17 03:57:59,256 WARNING protliggnn.train - Censored or approximate affinity label detected: 'Kd~1.8uM' (relation: '~'). Treating as exact value.
2026-07-17 03:57:59,256 WARNING protliggnn.train - Censored or approximate affinity label detected: 'Kd~100nM' (relation: '~'). Treating as exact value.
2026-07-17 03:58:00,961 WARNING protliggnn.train - Censored or approximate affinity label detected: 'Kd~100nM' (relation: '~'). Treating as exact value.
2026-07-17 03:58:00,961 WARNING protliggnn.train - Censored or approximate affinity label detected: 'Kd~12uM' (relation: '~'). Treating as exact value.
2026-07-17 03:58:00,961 WARNING protliggnn.train - Censored or approximate affinity label detected: 'Kd~12uM' (relation: '~'). Treating as exact value.
2026-07-17 03:58:00,961 WARNING protliggnn.train - Censored or approximate affinity label detected: 'Kd~13uM' (relation: '~'). Treating as exact value.
2026-07-17 03:58:00,961 WARNING protliggnn.train - Censored or approximate affinity label detected: 'Kd~300nM' (relation: '~'). Treating as exact value.
2026-07-17 03:58:00,961 WARNING protliggnn.train - Censored or approximate affinity label detected: 'Kd~500uM' (relation: '~'). Treating as exact value.
2026-07-17 03:58:00,961 WARNING protliggnn.train - Censored or approximate affinity label detected: 'Kd~500uM' (relation: '~'). Treating as exact value.
2026-07-17 03:58:00,961 WARNING protliggnn.train - Censored or approximate affinity label detected: 'Kd~600uM' (relation: '~'). Treating as exact value.
2026-07-17 03:58:00,961 WARNING protliggnn.train - Censored or approximate affinity label detected: 'Kd~9uM' (relation: '~'). Treating as exact value.
2026-07-17 03:58:00,961 WARNING protliggnn.train - Censored or approximate affinity label detected: 'Ki<0.01uM' (relation: '<'). Treating as exact value.
2026-07-17 03:58:00,961 WARNING protliggnn.train - Censored or approximate affinity label detected: 'Ki<0.05nM' (relation: '<'). Treating as exact value.
2026-07-17 03:58:00,961 WARNING protliggnn.train - Censored or approximate affinity label detected: 'Ki<1nM' (relation: '<'). Treating as exact value.
2026-07-17 03:58:00,961 WARNING protliggnn.train - Censored or approximate affinity label detected: 'Ki<1nM' (relation: '<'). Treating as exact value.
2026-07-17 03:58:00,961 WARNING protliggnn.train - Censored or approximate affinity label detected: 'Ki<5nM' (relation: '<'). Treating as exact value.
2026-07-17 03:58:00,962 WARNING protliggnn.train - Censored or approximate affinity label detected: 'IC50<0.030uM' (relation: '<'). Treating as exact value.
2026-07-17 03:58:00,962 WARNING protliggnn.train - Censored or approximate affinity label detected: 'IC50<1nM' (relation: '<'). Treating as exact value.
2026-07-17 03:58:00,963 WARNING protliggnn.train - Censored or approximate affinity label detected: 'IC50<40nM' (relation: '<'). Treating as exact value.
2026-07-17 03:58:00,963 WARNING protliggnn.train - Censored or approximate affinity label detected: 'IC50<5nM' (relation: '<'). Treating as exact value.
2026-07-17 03:58:00,965 WARNING protliggnn.train - Censored or approximate affinity label detected: 'IC50~0.5uM' (relation: '~'). Treating as exact value.
2026-07-17 03:58:00,965 WARNING protliggnn.train - Censored or approximate affinity label detected: 'IC50~1.8uM' (relation: '~'). Treating as exact value.
2026-07-17 03:58:00,965 WARNING protliggnn.train - Censored or approximate affinity label detected: 'IC50~1mM' (relation: '~'). Treating as exact value.
2026-07-17 03:58:00,965 WARNING protliggnn.train - Censored or approximate affinity label detected: 'IC50~700nM' (relation: '~'). Treating as exact value.
2026-07-17 03:58:00,965 WARNING protliggnn.train - Censored or approximate affinity label detected: 'Kd<0.001nM' (relation: '<'). Treating as exact value.
2026-07-17 03:58:00,965 WARNING protliggnn.train - Censored or approximate affinity label detected: 'Kd<0.10uM' (relation: '<'). Treating as exact value.
2026-07-17 03:58:00,965 WARNING protliggnn.train - Censored or approximate affinity label detected: 'Kd<0.4uM' (relation: '<'). Treating as exact value.
2026-07-17 03:58:00,965 WARNING protliggnn.train - Censored or approximate affinity label detected: 'Kd<1nM' (relation: '<'). Treating as exact value.
2026-07-17 03:58:00,967 WARNING protliggnn.train - Censored or approximate affinity label detected: 'Kd~0.2uM' (relation: '~'). Treating as exact value.
2026-07-17 03:58:02,817 WARNING protliggnn.train - Censored or approximate affinity label detected: 'Kd~120nM' (relation: '~'). Treating as exact value.
2026-07-17 03:58:02,817 WARNING protliggnn.train - Censored or approximate affinity label detected: 'Kd~23uM' (relation: '~'). Treating as exact value.
2026-07-17 03:58:02,817 WARNING protliggnn.train - Censored or approximate affinity label detected: 'Kd~23uM' (relation: '~'). Treating as exact value.
2026-07-17 03:58:02,817 WARNING protliggnn.train - Censored or approximate affinity label detected: 'Kd~23uM' (relation: '~'). Treating as exact value.
2026-07-17 03:58:02,817 WARNING protliggnn.train - Censored or approximate affinity label detected: 'Kd~24uM' (relation: '~'). Treating as exact value.
2026-07-17 03:58:02,817 WARNING protliggnn.train - Censored or approximate affinity label detected: 'Kd~25uM' (relation: '~'). Treating as exact value.
2026-07-17 03:58:02,817 WARNING protliggnn.train - Censored or approximate affinity label detected: 'Kd~3nM' (relation: '~'). Treating as exact value.
2026-07-17 03:58:02,817 WARNING protliggnn.train - Censored or approximate affinity label detected: 'Kd~5uM' (relation: '~'). Treating as exact value.
2026-07-17 03:58:02,817 WARNING protliggnn.train - Censored or approximate affinity label detected: 'Kd~7nM' (relation: '~'). Treating as exact value.
2026-07-17 03:58:02,817 WARNING protliggnn.train - Censored or approximate affinity label detected: 'Kd~80uM' (relation: '~'). Treating as exact value.
2026-07-17 03:58:02,817 WARNING protliggnn.train - Censored or approximate affinity label detected: 'Ki<1.0nM' (relation: '<'). Treating as exact value.
2026-07-17 03:58:02,817 WARNING protliggnn.train - Censored or approximate affinity label detected: 'Ki<1.3nM' (relation: '<'). Treating as exact value.
2026-07-17 03:58:02,817 WARNING protliggnn.train - Censored or approximate affinity label detected: 'Ki<1nM' (relation: '<'). Treating as exact value.
2026-07-17 03:58:02,817 WARNING protliggnn.train - Censored or approximate affinity label detected: 'Ki<5pM' (relation: '<'). Treating as exact value.
2026-07-17 03:58:02,818 WARNING protliggnn.train - Censored or approximate affinity label detected: 'Ki<5pM' (relation: '<'). Treating as exact value.
2026-07-17 03:58:02,818 WARNING protliggnn.train - Censored or approximate affinity label detected: 'Ki<5pM' (relation: '<'). Treating as exact value.
2026-07-17 03:58:02,818 WARNING protliggnn.train - Censored or approximate affinity label detected: 'Ki<5pM' (relation: '<'). Treating as exact value.
2026-07-17 03:58:02,818 WARNING protliggnn.train - Censored or approximate affinity label detected: 'Ki<5pM' (relation: '<'). Treating as exact value.
2026-07-17 03:58:02,818 WARNING protliggnn.train - Censored or approximate affinity label detected: 'Ki<5pM' (relation: '<'). Treating as exact value.
2026-07-17 03:58:02,819 WARNING protliggnn.train - Censored or approximate affinity label detected: 'IC50<15nM' (relation: '<'). Treating as exact value.
2026-07-17 03:58:02,819 WARNING protliggnn.train - Censored or approximate affinity label detected: 'IC50<1nM' (relation: '<'). Treating as exact value.
2026-07-17 03:58:02,819 WARNING protliggnn.train - Censored or approximate affinity label detected: 'IC50<1nM' (relation: '<'). Treating as exact value.
2026-07-17 03:58:02,819 WARNING protliggnn.train - Censored or approximate affinity label detected: 'IC50<2nM' (relation: '<'). Treating as exact value.
2026-07-17 03:58:02,820 WARNING protliggnn.train - Censored or approximate affinity label detected: 'IC50<2nM' (relation: '<'). Treating as exact value.
2026-07-17 03:58:02,820 WARNING protliggnn.train - Censored or approximate affinity label detected: 'IC50<2nM' (relation: '<'). Treating as exact value.
2026-07-17 03:58:02,823 WARNING protliggnn.train - Censored or approximate affinity label detected: 'IC50~330uM' (relation: '~'). Treating as exact value.
2026-07-17 03:58:02,823 WARNING protliggnn.train - Censored or approximate affinity label detected: 'IC50~450uM' (relation: '~'). Treating as exact value.
2026-07-17 03:58:04,528 WARNING protliggnn.train - Censored or approximate affinity label detected: 'Kd<0.8nM' (relation: '<'). Treating as exact value.
2026-07-17 03:58:04,528 WARNING protliggnn.train - Censored or approximate affinity label detected: 'Kd<1.26nM' (relation: '<'). Treating as exact value.
2026-07-17 03:58:04,528 WARNING protliggnn.train - Censored or approximate affinity label detected: 'Kd<2.3nM' (relation: '<'). Treating as exact value.
2026-07-17 03:58:04,528 WARNING protliggnn.train - Censored or approximate affinity label detected: 'Kd<55uM' (relation: '<'). Treating as exact value.
2026-07-17 03:58:04,528 WARNING protliggnn.train - Censored or approximate affinity label detected: 'Kd<55uM' (relation: '<'). Treating as exact value.
2026-07-17 03:58:04,532 WARNING protliggnn.train - Censored or approximate affinity label detected: 'Kd~11uM' (relation: '~'). Treating as exact value.
2026-07-17 03:58:04,532 WARNING protliggnn.train - Censored or approximate affinity label detected: 'Kd~200nM' (relation: '~'). Treating as exact value.
2026-07-17 03:58:04,532 WARNING protliggnn.train - Censored or approximate affinity label detected: 'Kd~25uM' (relation: '~'). Treating as exact value.
2026-07-17 03:58:04,532 WARNING protliggnn.train - Censored or approximate affinity label detected: 'Kd~2nM' (relation: '~'). Treating as exact value.
2026-07-17 03:58:04,532 WARNING protliggnn.train - Censored or approximate affinity label detected: 'Ki<0.005nM' (relation: '<'). Treating as exact value.
2026-07-17 03:58:04,532 WARNING protliggnn.train - Censored or approximate affinity label detected: 'Ki<0.005nM' (relation: '<'). Treating as exact value.
2026-07-17 03:58:04,532 WARNING protliggnn.train - Censored or approximate affinity label detected: 'Ki<0.005nM' (relation: '<'). Treating as exact value.
2026-07-17 03:58:04,532 WARNING protliggnn.train - Censored or approximate affinity label detected: 'Ki<0.9nM' (relation: '<'). Treating as exact value.
2026-07-17 03:58:06,092 INFO protliggnn - Found 1000 candidate complexes with labels and matching files before validation.
2026-07-17 03:58:06,094 INFO protliggnn - Found graph cache at data\pdbbind2020\processed_dataset.pt. Validating...
2026-07-17 03:58:06,121 INFO protliggnn - Loading graphs from cache file...
2026-07-17 03:58:06,456 INFO protliggnn - Cache successfully validated. Loaded 1000 pre-built graphs.
2026-07-17 03:58:06,462 INFO protliggnn - Dataset split sizes: train=800 val=100 test=100 (random)
2026-07-17 03:58:47,766 INFO protliggnn - Epoch 001 train loss=5.1907 PCC=0.0850 Spearman=0.1223 RMSE=2.2764 MAE=1.7756 R2=-0.6216
2026-07-17 03:58:47,766 INFO protliggnn - Epoch 001 val loss=2.6006 PCC=0.3183 Spearman=0.3142 RMSE=1.6104 MAE=1.2860 R2=0.1012
2026-07-17 03:58:47,766 INFO protliggnn - Epoch 001 train diagnostics: Affinity Loss=5.1820 | Contact Loss=0.0503 | Total Loss=5.1907 | Pos Acc=0.0000 | Neg Acc=1.0000 | Precision=0.0000 | Recall=0.0000 | F1=0.0000 | Avg Prob=0.0108
2026-07-17 03:58:47,766 INFO protliggnn - Epoch 001 val diagnostics: Affinity Loss=2.5933 | Contact Loss=0.0469 | Total Loss=2.6006 | Pos Acc=0.0000 | Neg Acc=1.0000 | Precision=0.0000 | Recall=0.0000 | F1=0.0000 | Avg Prob=0.0079
2026-07-17 03:58:47,859 INFO protliggnn - Saved checkpoint for epoch 1 with validation RMSE 1.6103863432839267.
2026-07-17 03:59:28,804 INFO protliggnn - Epoch 002 train loss=4.3268 PCC=0.1381 Spearman=0.1399 RMSE=2.0784 MAE=1.6615 R2=-0.3517
2026-07-17 03:59:28,804 INFO protliggnn - Epoch 002 val loss=2.4320 PCC=0.4407 Spearman=0.3787 RMSE=1.5573 MAE=1.2760 R2=0.1595
2026-07-17 03:59:28,804 INFO protliggnn - Epoch 002 train diagnostics: Affinity Loss=4.3196 | Contact Loss=0.0465 | Total Loss=4.3268 | Pos Acc=0.0000 | Neg Acc=1.0000 | Precision=0.0000 | Recall=0.0000 | F1=0.0000 | Avg Prob=0.0082
2026-07-17 03:59:28,804 INFO protliggnn - Epoch 002 val diagnostics: Affinity Loss=2.4250 | Contact Loss=0.0470 | Total Loss=2.4320 | Pos Acc=0.0000 | Neg Acc=1.0000 | Precision=0.0000 | Recall=0.0000 | F1=0.0000 | Avg Prob=0.0098
2026-07-17 03:59:28,900 INFO protliggnn - Saved checkpoint for epoch 2 with validation RMSE 1.5572505856518624.
2026-07-17 04:00:10,178 INFO protliggnn - Epoch 003 train loss=3.8976 PCC=0.2298 Spearman=0.2264 RMSE=1.9725 MAE=1.5789 R2=-0.2175
2026-07-17 04:00:10,178 INFO protliggnn - Epoch 003 val loss=3.1299 PCC=0.4638 Spearman=0.3529 RMSE=1.7672 MAE=1.4144 R2=-0.0824
2026-07-17 04:00:10,178 INFO protliggnn - Epoch 003 train diagnostics: Affinity Loss=3.8909 | Contact Loss=0.0466 | Total Loss=3.8976 | Pos Acc=0.0000 | Neg Acc=1.0000 | Precision=0.0000 | Recall=0.0000 | F1=0.0000 | Avg Prob=0.0085
2026-07-17 04:00:10,178 INFO protliggnn - Epoch 003 val diagnostics: Affinity Loss=3.1230 | Contact Loss=0.0469 | Total Loss=3.1299 | Pos Acc=0.0000 | Neg Acc=1.0000 | Precision=0.0000 | Recall=0.0000 | F1=0.0000 | Avg Prob=0.0080
2026-07-17 04:00:48,444 INFO protliggnn - Epoch 004 train loss=3.6923 PCC=0.2438 Spearman=0.2439 RMSE=1.9198 MAE=1.5325 R2=-0.1533
2026-07-17 04:00:48,444 INFO protliggnn - Epoch 004 val loss=3.3462 PCC=0.4796 Spearman=0.4238 RMSE=1.8275 MAE=1.4981 R2=-0.1575
2026-07-17 04:00:48,444 INFO protliggnn - Epoch 004 train diagnostics: Affinity Loss=3.6857 | Contact Loss=0.0466 | Total Loss=3.6923 | Pos Acc=0.0000 | Neg Acc=1.0000 | Precision=0.0000 | Recall=0.0000 | F1=0.0000 | Avg Prob=0.0084
2026-07-17 04:00:48,444 INFO protliggnn - Epoch 004 val diagnostics: Affinity Loss=3.3398 | Contact Loss=0.0469 | Total Loss=3.3462 | Pos Acc=0.0000 | Neg Acc=1.0000 | Precision=0.0000 | Recall=0.0000 | F1=0.0000 | Avg Prob=0.0087
2026-07-17 04:01:25,780 INFO protliggnn - Epoch 005 train loss=3.3151 PCC=0.3250 Spearman=0.3204 RMSE=1.8190 MAE=1.4335 R2=-0.0354
2026-07-17 04:01:25,780 INFO protliggnn - Epoch 005 val loss=2.8479 PCC=0.4456 Spearman=0.3795 RMSE=1.6858 MAE=1.3536 R2=0.0151
2026-07-17 04:01:25,780 INFO protliggnn - Epoch 005 train diagnostics: Affinity Loss=3.3088 | Contact Loss=0.0465 | Total Loss=3.3151 | Pos Acc=0.0000 | Neg Acc=1.0000 | Precision=0.0000 | Recall=0.0000 | F1=0.0000 | Avg Prob=0.0085
2026-07-17 04:01:25,780 INFO protliggnn - Epoch 005 val diagnostics: Affinity Loss=2.8418 | Contact Loss=0.0473 | Total Loss=2.8479 | Pos Acc=0.0000 | Neg Acc=1.0000 | Precision=0.0000 | Recall=0.0000 | F1=0.0000 | Avg Prob=0.0063
2026-07-17 04:02:02,810 INFO protliggnn - Epoch 006 train loss=3.3533 PCC=0.2919 Spearman=0.2999 RMSE=1.8295 MAE=1.4434 R2=-0.0474
2026-07-17 04:02:02,810 INFO protliggnn - Epoch 006 val loss=2.2588 PCC=0.4909 Spearman=0.4371 RMSE=1.5009 MAE=1.2293 R2=0.2193
2026-07-17 04:02:02,810 INFO protliggnn - Epoch 006 train diagnostics: Affinity Loss=3.3471 | Contact Loss=0.0466 | Total Loss=3.3533 | Pos Acc=0.0000 | Neg Acc=1.0000 | Precision=0.0000 | Recall=0.0000 | F1=0.0000 | Avg Prob=0.0084
2026-07-17 04:02:02,810 INFO protliggnn - Epoch 006 val diagnostics: Affinity Loss=2.2527 | Contact Loss=0.0471 | Total Loss=2.2588 | Pos Acc=0.0000 | Neg Acc=1.0000 | Precision=0.0000 | Recall=0.0000 | F1=0.0000 | Avg Prob=0.0076
2026-07-17 04:02:02,905 INFO protliggnn - Saved checkpoint for epoch 6 with validation RMSE 1.5008907552012165.
2026-07-17 04:02:40,006 INFO protliggnn - Epoch 007 train loss=3.1959 PCC=0.3483 Spearman=0.3463 RMSE=1.7860 MAE=1.4272 R2=0.0019
2026-07-17 04:02:40,006 INFO protliggnn - Epoch 007 val loss=2.4447 PCC=0.4912 Spearman=0.4404 RMSE=1.5616 MAE=1.2526 R2=0.1548
2026-07-17 04:02:40,006 INFO protliggnn - Epoch 007 train diagnostics: Affinity Loss=3.1897 | Contact Loss=0.0467 | Total Loss=3.1959 | Pos Acc=0.0000 | Neg Acc=1.0000 | Precision=0.0000 | Recall=0.0000 | F1=0.0000 | Avg Prob=0.0089
2026-07-17 04:02:40,007 INFO protliggnn - Epoch 007 val diagnostics: Affinity Loss=2.4386 | Contact Loss=0.0471 | Total Loss=2.4447 | Pos Acc=0.0000 | Neg Acc=1.0000 | Precision=0.0000 | Recall=0.0000 | F1=0.0000 | Avg Prob=0.0075
2026-07-17 04:03:17,254 INFO protliggnn - Epoch 008 train loss=3.3875 PCC=0.3023 Spearman=0.2979 RMSE=1.8388 MAE=1.4826 R2=-0.0581
2026-07-17 04:03:17,254 INFO protliggnn - Epoch 008 val loss=2.4517 PCC=0.5202 Spearman=0.4704 RMSE=1.5639 MAE=1.2606 R2=0.1524
2026-07-17 04:03:17,254 INFO protliggnn - Epoch 008 train diagnostics: Affinity Loss=3.3813 | Contact Loss=0.0467 | Total Loss=3.3875 | Pos Acc=0.0000 | Neg Acc=1.0000 | Precision=0.0000 | Recall=0.0000 | F1=0.0000 | Avg Prob=0.0084
2026-07-17 04:03:17,254 INFO protliggnn - Epoch 008 val diagnostics: Affinity Loss=2.4456 | Contact Loss=0.0471 | Total Loss=2.4517 | Pos Acc=0.0000 | Neg Acc=1.0000 | Precision=0.0000 | Recall=0.0000 | F1=0.0000 | Avg Prob=0.0079
2026-07-17 04:03:54,006 INFO protliggnn - Epoch 009 train loss=3.0027 PCC=0.3690 Spearman=0.3646 RMSE=1.7311 MAE=1.3947 R2=0.0623
2026-07-17 04:03:54,006 INFO protliggnn - Epoch 009 val loss=2.3410 PCC=0.5104 Spearman=0.4613 RMSE=1.5281 MAE=1.2591 R2=0.1907
2026-07-17 04:03:54,006 INFO protliggnn - Epoch 009 train diagnostics: Affinity Loss=2.9966 | Contact Loss=0.0466 | Total Loss=3.0027 | Pos Acc=0.0000 | Neg Acc=1.0000 | Precision=0.0000 | Recall=0.0000 | F1=0.0000 | Avg Prob=0.0086
2026-07-17 04:03:54,006 INFO protliggnn - Epoch 009 val diagnostics: Affinity Loss=2.3351 | Contact Loss=0.0472 | Total Loss=2.3410 | Pos Acc=0.0000 | Neg Acc=1.0000 | Precision=0.0000 | Recall=0.0000 | F1=0.0000 | Avg Prob=0.0072
2026-07-17 04:04:30,620 INFO protliggnn - Epoch 010 train loss=3.2584 PCC=0.3426 Spearman=0.3173 RMSE=1.8034 MAE=1.4566 R2=-0.0178
2026-07-17 04:04:30,620 INFO protliggnn - Epoch 010 val loss=2.8306 PCC=0.5038 Spearman=0.4539 RMSE=1.6807 MAE=1.3553 R2=0.0210
2026-07-17 04:04:30,621 INFO protliggnn - Epoch 010 train diagnostics: Affinity Loss=3.2524 | Contact Loss=0.0467 | Total Loss=3.2584 | Pos Acc=0.0000 | Neg Acc=1.0000 | Precision=0.0000 | Recall=0.0000 | F1=0.0000 | Avg Prob=0.0085
2026-07-17 04:04:30,621 INFO protliggnn - Epoch 010 val diagnostics: Affinity Loss=2.8248 | Contact Loss=0.0471 | Total Loss=2.8306 | Pos Acc=0.0000 | Neg Acc=1.0000 | Precision=0.0000 | Recall=0.0000 | F1=0.0000 | Avg Prob=0.0084
2026-07-17 04:05:07,943 INFO protliggnn - Epoch 011 train loss=2.9404 PCC=0.3958 Spearman=0.4128 RMSE=1.7130 MAE=1.3580 R2=0.0817
2026-07-17 04:05:07,943 INFO protliggnn - Epoch 011 val loss=2.2260 PCC=0.4937 Spearman=0.4310 RMSE=1.4900 MAE=1.2178 R2=0.2305
2026-07-17 04:05:07,943 INFO protliggnn - Epoch 011 train diagnostics: Affinity Loss=2.9344 | Contact Loss=0.0468 | Total Loss=2.9404 | Pos Acc=0.0000 | Neg Acc=1.0000 | Precision=0.0000 | Recall=0.0000 | F1=0.0000 | Avg Prob=0.0090
2026-07-17 04:05:07,943 INFO protliggnn - Epoch 011 val diagnostics: Affinity Loss=2.2202 | Contact Loss=0.0471 | Total Loss=2.2260 | Pos Acc=0.0000 | Neg Acc=1.0000 | Precision=0.0000 | Recall=0.0000 | F1=0.0000 | Avg Prob=0.0075
2026-07-17 04:05:08,044 INFO protliggnn - Saved checkpoint for epoch 11 with validation RMSE 1.4900421210847623.
2026-07-17 04:05:45,563 INFO protliggnn - Epoch 012 train loss=3.6094 PCC=0.2977 Spearman=0.2887 RMSE=1.8983 MAE=1.5046 R2=-0.1276
2026-07-17 04:05:45,563 INFO protliggnn - Epoch 012 val loss=2.9869 PCC=0.4853 Spearman=0.4127 RMSE=1.7265 MAE=1.3924 R2=-0.0332
2026-07-17 04:05:45,563 INFO protliggnn - Epoch 012 train diagnostics: Affinity Loss=3.6035 | Contact Loss=0.0467 | Total Loss=3.6094 | Pos Acc=0.0000 | Neg Acc=1.0000 | Precision=0.0000 | Recall=0.0000 | F1=0.0000 | Avg Prob=0.0085
2026-07-17 04:05:45,564 INFO protliggnn - Epoch 012 val diagnostics: Affinity Loss=2.9810 | Contact Loss=0.0470 | Total Loss=2.9869 | Pos Acc=0.0000 | Neg Acc=1.0000 | Precision=0.0000 | Recall=0.0000 | F1=0.0000 | Avg Prob=0.0087
2026-07-17 04:06:22,178 INFO protliggnn - Epoch 013 train loss=2.8659 PCC=0.4191 Spearman=0.4086 RMSE=1.6912 MAE=1.3463 R2=0.1050
2026-07-17 04:06:22,178 INFO protliggnn - Epoch 013 val loss=2.3687 PCC=0.4317 Spearman=0.3847 RMSE=1.5372 MAE=1.2414 R2=0.1810
2026-07-17 04:06:22,178 INFO protliggnn - Epoch 013 train diagnostics: Affinity Loss=2.8600 | Contact Loss=0.0467 | Total Loss=2.8659 | Pos Acc=0.0000 | Neg Acc=1.0000 | Precision=0.0000 | Recall=0.0000 | F1=0.0000 | Avg Prob=0.0084
2026-07-17 04:06:22,178 INFO protliggnn - Epoch 013 val diagnostics: Affinity Loss=2.3629 | Contact Loss=0.0470 | Total Loss=2.3687 | Pos Acc=0.0000 | Neg Acc=1.0000 | Precision=0.0000 | Recall=0.0000 | F1=0.0000 | Avg Prob=0.0081
2026-07-17 04:06:59,516 INFO protliggnn - Epoch 014 train loss=3.1017 PCC=0.3793 Spearman=0.3706 RMSE=1.7595 MAE=1.4017 R2=0.0312
2026-07-17 04:06:59,516 INFO protliggnn - Epoch 014 val loss=2.2111 PCC=0.4916 Spearman=0.4432 RMSE=1.4851 MAE=1.2164 R2=0.2356
2026-07-17 04:06:59,516 INFO protliggnn - Epoch 014 train diagnostics: Affinity Loss=3.0959 | Contact Loss=0.0466 | Total Loss=3.1017 | Pos Acc=0.0000 | Neg Acc=1.0000 | Precision=0.0000 | Recall=0.0000 | F1=0.0000 | Avg Prob=0.0085
2026-07-17 04:06:59,516 INFO protliggnn - Epoch 014 val diagnostics: Affinity Loss=2.2055 | Contact Loss=0.0470 | Total Loss=2.2111 | Pos Acc=0.0000 | Neg Acc=1.0000 | Precision=0.0000 | Recall=0.0000 | F1=0.0000 | Avg Prob=0.0078
2026-07-17 04:06:59,609 INFO protliggnn - Saved checkpoint for epoch 14 with validation RMSE 1.485076410029198.
2026-07-17 04:07:36,881 INFO protliggnn - Epoch 015 train loss=2.9958 PCC=0.3909 Spearman=0.3694 RMSE=1.7292 MAE=1.4003 R2=0.0644
2026-07-17 04:07:36,881 INFO protliggnn - Epoch 015 val loss=2.4546 PCC=0.4726 Spearman=0.4329 RMSE=1.5649 MAE=1.2553 R2=0.1512
2026-07-17 04:07:36,881 INFO protliggnn - Epoch 015 train diagnostics: Affinity Loss=2.9900 | Contact Loss=0.0467 | Total Loss=2.9958 | Pos Acc=0.0000 | Neg Acc=1.0000 | Precision=0.0000 | Recall=0.0000 | F1=0.0000 | Avg Prob=0.0087
2026-07-17 04:07:36,881 INFO protliggnn - Epoch 015 val diagnostics: Affinity Loss=2.4489 | Contact Loss=0.0470 | Total Loss=2.4546 | Pos Acc=0.0000 | Neg Acc=1.0000 | Precision=0.0000 | Recall=0.0000 | F1=0.0000 | Avg Prob=0.0079
2026-07-17 04:08:14,220 INFO protliggnn - Epoch 016 train loss=2.8361 PCC=0.4471 Spearman=0.4471 RMSE=1.6823 MAE=1.3515 R2=0.1144
2026-07-17 04:08:14,220 INFO protliggnn - Epoch 016 val loss=2.6629 PCC=0.4657 Spearman=0.4184 RMSE=1.6301 MAE=1.3316 R2=0.0791
2026-07-17 04:08:14,220 INFO protliggnn - Epoch 016 train diagnostics: Affinity Loss=2.8302 | Contact Loss=0.0467 | Total Loss=2.8361 | Pos Acc=0.0000 | Neg Acc=1.0000 | Precision=0.0000 | Recall=0.0000 | F1=0.0000 | Avg Prob=0.0083
2026-07-17 04:08:14,220 INFO protliggnn - Epoch 016 val diagnostics: Affinity Loss=2.6572 | Contact Loss=0.0469 | Total Loss=2.6629 | Pos Acc=0.0000 | Neg Acc=1.0000 | Precision=0.0000 | Recall=0.0000 | F1=0.0000 | Avg Prob=0.0072
2026-07-17 04:08:51,276 INFO protliggnn - Epoch 017 train loss=2.7754 PCC=0.4463 Spearman=0.4345 RMSE=1.6642 MAE=1.3331 R2=0.1333
2026-07-17 04:08:51,276 INFO protliggnn - Epoch 017 val loss=4.6984 PCC=0.4709 Spearman=0.4040 RMSE=2.1662 MAE=1.8201 R2=-0.6264
2026-07-17 04:08:51,276 INFO protliggnn - Epoch 017 train diagnostics: Affinity Loss=2.7696 | Contact Loss=0.0466 | Total Loss=2.7754 | Pos Acc=0.0000 | Neg Acc=1.0000 | Precision=0.0000 | Recall=0.0000 | F1=0.0000 | Avg Prob=0.0086
2026-07-17 04:08:51,276 INFO protliggnn - Epoch 017 val diagnostics: Affinity Loss=4.6926 | Contact Loss=0.0473 | Total Loss=4.6984 | Pos Acc=0.0000 | Neg Acc=1.0000 | Precision=0.0000 | Recall=0.0000 | F1=0.0000 | Avg Prob=0.0112
2026-07-17 04:09:28,408 INFO protliggnn - Epoch 018 train loss=2.8472 PCC=0.4361 Spearman=0.4386 RMSE=1.6856 MAE=1.3644 R2=0.1109
2026-07-17 04:09:28,408 INFO protliggnn - Epoch 018 val loss=3.0636 PCC=0.3731 Spearman=0.3421 RMSE=1.7487 MAE=1.3792 R2=-0.0598
2026-07-17 04:09:28,408 INFO protliggnn - Epoch 018 train diagnostics: Affinity Loss=2.8414 | Contact Loss=0.0467 | Total Loss=2.8472 | Pos Acc=0.0000 | Neg Acc=1.0000 | Precision=0.0000 | Recall=0.0000 | F1=0.0000 | Avg Prob=0.0088
2026-07-17 04:09:28,408 INFO protliggnn - Epoch 018 val diagnostics: Affinity Loss=3.0579 | Contact Loss=0.0471 | Total Loss=3.0636 | Pos Acc=0.0000 | Neg Acc=1.0000 | Precision=0.0000 | Recall=0.0000 | F1=0.0000 | Avg Prob=0.0076
2026-07-17 04:10:05,719 INFO protliggnn - Epoch 019 train loss=2.9995 PCC=0.4257 Spearman=0.4287 RMSE=1.7302 MAE=1.3746 R2=0.0632
2026-07-17 04:10:05,719 INFO protliggnn - Epoch 019 val loss=2.2513 PCC=0.4759 Spearman=0.4156 RMSE=1.4985 MAE=1.1985 R2=0.2217
2026-07-17 04:10:05,719 INFO protliggnn - Epoch 019 train diagnostics: Affinity Loss=2.9936 | Contact Loss=0.0467 | Total Loss=2.9995 | Pos Acc=0.0000 | Neg Acc=1.0000 | Precision=0.0000 | Recall=0.0000 | F1=0.0000 | Avg Prob=0.0086
2026-07-17 04:10:05,719 INFO protliggnn - Epoch 019 val diagnostics: Affinity Loss=2.2456 | Contact Loss=0.0468 | Total Loss=2.2513 | Pos Acc=0.0000 | Neg Acc=1.0000 | Precision=0.0000 | Recall=0.0000 | F1=0.0000 | Avg Prob=0.0093
2026-07-17 04:10:42,858 INFO protliggnn - Epoch 020 train loss=2.6790 PCC=0.4732 Spearman=0.4701 RMSE=1.6350 MAE=1.3184 R2=0.1635
2026-07-17 04:10:42,858 INFO protliggnn - Epoch 020 val loss=3.1652 PCC=0.4703 Spearman=0.4133 RMSE=1.7775 MAE=1.4247 R2=-0.0950
2026-07-17 04:10:42,859 INFO protliggnn - Epoch 020 train diagnostics: Affinity Loss=2.6732 | Contact Loss=0.0466 | Total Loss=2.6790 | Pos Acc=0.0000 | Neg Acc=1.0000 | Precision=0.0000 | Recall=0.0000 | F1=0.0000 | Avg Prob=0.0088
2026-07-17 04:10:42,859 INFO protliggnn - Epoch 020 val diagnostics: Affinity Loss=3.1595 | Contact Loss=0.0470 | Total Loss=3.1652 | Pos Acc=0.0000 | Neg Acc=1.0000 | Precision=0.0000 | Recall=0.0000 | F1=0.0000 | Avg Prob=0.0070
2026-07-17 04:11:20,780 INFO protliggnn - Epoch 021 train loss=2.8542 PCC=0.4282 Spearman=0.4178 RMSE=1.6877 MAE=1.3666 R2=0.1086
2026-07-17 04:11:20,780 INFO protliggnn - Epoch 021 val loss=2.4223 PCC=0.4901 Spearman=0.4193 RMSE=1.5545 MAE=1.2603 R2=0.1624
2026-07-17 04:11:20,780 INFO protliggnn - Epoch 021 train diagnostics: Affinity Loss=2.8485 | Contact Loss=0.0466 | Total Loss=2.8542 | Pos Acc=0.0000 | Neg Acc=1.0000 | Precision=0.0000 | Recall=0.0000 | F1=0.0000 | Avg Prob=0.0086
2026-07-17 04:11:20,780 INFO protliggnn - Epoch 021 val diagnostics: Affinity Loss=2.4166 | Contact Loss=0.0467 | Total Loss=2.4223 | Pos Acc=0.0000 | Neg Acc=1.0000 | Precision=0.0000 | Recall=0.0000 | F1=0.0000 | Avg Prob=0.0090
2026-07-17 04:11:57,965 INFO protliggnn - Epoch 022 train loss=2.7322 PCC=0.4693 Spearman=0.4536 RMSE=1.6512 MAE=1.3182 R2=0.1468
2026-07-17 04:11:57,965 INFO protliggnn - Epoch 022 val loss=2.4636 PCC=0.5025 Spearman=0.4360 RMSE=1.5678 MAE=1.2364 R2=0.1481
2026-07-17 04:11:57,966 INFO protliggnn - Epoch 022 train diagnostics: Affinity Loss=2.7265 | Contact Loss=0.0464 | Total Loss=2.7322 | Pos Acc=0.0000 | Neg Acc=1.0000 | Precision=0.0000 | Recall=0.0000 | F1=0.0000 | Avg Prob=0.0084
2026-07-17 04:11:57,966 INFO protliggnn - Epoch 022 val diagnostics: Affinity Loss=2.4579 | Contact Loss=0.0466 | Total Loss=2.4636 | Pos Acc=0.0000 | Neg Acc=1.0000 | Precision=0.0000 | Recall=0.0000 | F1=0.0000 | Avg Prob=0.0071
2026-07-17 04:12:35,645 INFO protliggnn - Epoch 023 train loss=2.4811 PCC=0.5533 Spearman=0.5532 RMSE=1.5733 MAE=1.2307 R2=0.2254
2026-07-17 04:12:35,645 INFO protliggnn - Epoch 023 val loss=2.7999 PCC=0.4962 Spearman=0.4144 RMSE=1.6716 MAE=1.3122 R2=0.0315
2026-07-17 04:12:35,645 INFO protliggnn - Epoch 023 train diagnostics: Affinity Loss=2.4754 | Contact Loss=0.0464 | Total Loss=2.4811 | Pos Acc=0.0000 | Neg Acc=1.0000 | Precision=0.0000 | Recall=0.0000 | F1=0.0000 | Avg Prob=0.0082
2026-07-17 04:12:35,645 INFO protliggnn - Epoch 023 val diagnostics: Affinity Loss=2.7943 | Contact Loss=0.0465 | Total Loss=2.7999 | Pos Acc=0.0000 | Neg Acc=1.0000 | Precision=0.0000 | Recall=0.0000 | F1=0.0000 | Avg Prob=0.0091
2026-07-17 04:13:12,815 INFO protliggnn - Epoch 024 train loss=2.6149 PCC=0.5248 Spearman=0.5220 RMSE=1.6153 MAE=1.2878 R2=0.1835
2026-07-17 04:13:12,815 INFO protliggnn - Epoch 024 val loss=2.2532 PCC=0.4922 Spearman=0.3942 RMSE=1.4992 MAE=1.2094 R2=0.2210
2026-07-17 04:13:12,815 INFO protliggnn - Epoch 024 train diagnostics: Affinity Loss=2.6092 | Contact Loss=0.0466 | Total Loss=2.6149 | Pos Acc=0.0000 | Neg Acc=1.0000 | Precision=0.0000 | Recall=0.0000 | F1=0.0000 | Avg Prob=0.0087
2026-07-17 04:13:12,816 INFO protliggnn - Epoch 024 val diagnostics: Affinity Loss=2.2475 | Contact Loss=0.0472 | Total Loss=2.2532 | Pos Acc=0.0000 | Neg Acc=1.0000 | Precision=0.0000 | Recall=0.0000 | F1=0.0000 | Avg Prob=0.0059
2026-07-17 04:13:12,816 INFO protliggnn - Early stopping triggered at epoch 24. Best epoch was 14.
2026-07-17 04:13:12,917 INFO protliggnn - Loaded best model from epoch 14 at D:\ProtLigGnn\experiments\run_016\checkpoint.pt
2026-07-17 04:13:14,731 INFO protliggnn - Test loss=2.6579 PCC=0.3323 Spearman=0.3335 RMSE=1.6285 MAE=1.2504 R2=0.0597
2026-07-17 04:13:18,012 INFO protliggnn - Wrote metrics, predictions, plots, and error analysis.
2026-07-17 04:13:18,035 INFO protliggnn - Experiment artifacts saved to D:\ProtLigGnn\experiments\run_016
