Command: D:\ProtLigGnn\venv\Scripts\python.exe protliggnn_train.py --data_dir data/pdbbind2020 --device cuda:0 --epochs 50 --batch_size 8 --lr 0.001 --weight_decay 1e-05 --patience 10 --seed 2024 --run_name protliggnn_benchmark_seed_2024 --save_path experiments\run_005\checkpoint.pt --split_strategy random --split_dir splits --val_fraction 0.1 --test_fraction 0.1 --dataset_version pdbbind2020_local --experiments_root experiments --experiment_dir experiments\run_005 --log_level INFO --num_workers 0 --research_version Validated Baseline v0.95 --max_samples 1000 --allow_duplicate --hidden_dim 256 --dropout 0.2 --optimizer adam --scheduler none --pooling mean --model_type soft_routing --rbf_basis 32 --rbf_start 0.0 --rbf_stop 12.0 --rbf_proj_dim 32 --interaction_dim 32 --latent_dim 32 --chemistry_dim 32 --representation_dim 32 --attention_bias_type rbf --attention_learnable_scale true --attention_initial_alpha 0.1 --attention_normalize_bias true --contact_threshold 4.0 --loss_weight 0.1 --loss_weight_strategy fixed --contact_hidden_dim 128 --router_type linear --routing_level embedding --gate_regularization 0.0 --entropy_regularization 0.01 --sparsity_regularization 0.0 --diversity_regularization 0.0 --router_capacity base

2026-07-16 23:53:29,652 INFO protliggnn - Experiment directory: experiments\run_005
2026-07-16 23:53:29,653 INFO protliggnn - CLI arguments: {'data_dir': 'data/pdbbind2020', 'device': 'cuda:0', 'epochs': 50, 'batch_size': 8, 'lr': 0.001, 'weight_decay': 1e-05, 'patience': 10, 'seed': 2024, 'max_samples': 1000, 'run_name': 'protliggnn_benchmark_seed_2024', 'no_crossgraph': False, 'save_path': 'experiments\\run_005\\checkpoint.pt', 'split_strategy': 'random', 'split_dir': 'splits', 'fixed_split_dir': None, 'val_fraction': 0.1, 'test_fraction': 0.1, 'dataset_version': 'pdbbind2020_local', 'experiments_root': 'experiments', 'experiment_dir': 'experiments\\run_005', 'experiment_id': None, 'num_workers': 0, 'pin_memory': False, 'disable_experiment_tracking': False, 'resume': None, 'allow_duplicate': True, 'hidden_dim': 256, 'dropout': 0.2, 'optimizer': 'adam', 'scheduler': 'none', 'grad_clip': None, 'no_residual': False, 'no_layernorm': False, 'no_attention': False, 'pooling': 'mean', 'log_level': 'INFO', 'model_type': 'soft_routing', 'router_type': 'linear', 'routing_level': 'embedding', 'gate_regularization': 0.0, 'entropy_regularization': 0.01, 'sparsity_regularization': 0.0, 'diversity_regularization': 0.0, 'router_capacity': 'base', 'contact_threshold': 4.0, 'loss_weight': 0.1, 'loss_weight_strategy': 'fixed', 'contact_hidden_dim': 128, 'rbf_basis': 32, 'rbf_start': 0.0, 'rbf_stop': 12.0, 'rbf_proj_dim': 32, 'interaction_dim': 32, 'latent_dim': 32, 'chemistry_dim': 32, 'representation_dim': 32, 'attention_bias_type': 'rbf', 'attention_learnable_scale': 'true', 'attention_initial_alpha': 0.1, 'attention_normalize_bias': 'true', 'experiment_purpose': 'benchmark', 'research_question': 'Can ProtLigGNN reproducibly predict protein-ligand affinity under this benchmark configuration?', 'author': 'unknown', 'description': '', 'notes': '', 'tags': '', 'expected_outcome': '', 'current_milestone': 'research-infrastructure', 'architecture_version': 'protliggnn-v1', 'research_version': 'Validated Baseline v0.95'}
2026-07-16 23:53:29,653 INFO protliggnn - Loading dataset from D:\ProtLigGnn\data\pdbbind2020
2026-07-16 23:53:29,654 WARNING protliggnn.train - Censored or approximate affinity label detected: 'Kd<10uM' (relation: '<'). Treating as exact value.
2026-07-16 23:53:29,655 WARNING protliggnn.train - Censored or approximate affinity label detected: 'Ki<=17nM' (relation: '<='). Treating as exact value.
2026-07-16 23:53:29,655 WARNING protliggnn.train - Censored or approximate affinity label detected: 'IC50<=3.5nM' (relation: '<='). Treating as exact value.
2026-07-16 23:53:29,655 WARNING protliggnn.train - Censored or approximate affinity label detected: 'Ki<1.0nM' (relation: '<'). Treating as exact value.
2026-07-16 23:53:29,656 WARNING protliggnn.train - Censored or approximate affinity label detected: 'Ki<10uM' (relation: '<'). Treating as exact value.
2026-07-16 23:53:29,656 WARNING protliggnn.train - Censored or approximate affinity label detected: 'Ki<1nM' (relation: '<'). Treating as exact value.
2026-07-16 23:53:29,657 WARNING protliggnn.train - Censored or approximate affinity label detected: 'IC50<=2.0nM' (relation: '<='). Treating as exact value.
2026-07-16 23:53:29,657 WARNING protliggnn.train - Censored or approximate affinity label detected: 'IC50~10uM' (relation: '~'). Treating as exact value.
2026-07-16 23:53:29,657 WARNING protliggnn.train - Censored or approximate affinity label detected: 'Ki<0.01nM' (relation: '<'). Treating as exact value.
2026-07-16 23:53:29,657 WARNING protliggnn.train - Censored or approximate affinity label detected: 'Ki<=100nM' (relation: '<='). Treating as exact value.
2026-07-16 23:53:29,658 WARNING protliggnn.train - Censored or approximate affinity label detected: 'Ki<21nM' (relation: '<'). Treating as exact value.
2026-07-16 23:53:29,659 WARNING protliggnn.train - Censored or approximate affinity label detected: 'Ki~0.1pM' (relation: '~'). Treating as exact value.
2026-07-16 23:53:29,660 WARNING protliggnn.train - Censored or approximate affinity label detected: 'Kd<=100uM' (relation: '<='). Treating as exact value.
2026-07-16 23:53:29,660 WARNING protliggnn.train - Censored or approximate affinity label detected: 'Kd~10pM' (relation: '~'). Treating as exact value.
2026-07-16 23:53:29,737 WARNING protliggnn.train - Censored or approximate affinity label detected: 'Kd~1pM' (relation: '~'). Treating as exact value.
2026-07-16 23:53:29,737 WARNING protliggnn.train - Censored or approximate affinity label detected: 'Kd~1pM' (relation: '~'). Treating as exact value.
2026-07-16 23:53:29,738 WARNING protliggnn.train - Censored or approximate affinity label detected: 'Kd<0.010uM' (relation: '<'). Treating as exact value.
2026-07-16 23:53:29,739 WARNING protliggnn.train - Censored or approximate affinity label detected: 'Kd~0.1uM' (relation: '~'). Treating as exact value.
2026-07-16 23:53:29,739 WARNING protliggnn.train - Censored or approximate affinity label detected: 'Ki<0.3uM' (relation: '<'). Treating as exact value.
2026-07-16 23:53:29,739 WARNING protliggnn.train - Censored or approximate affinity label detected: 'IC50<0.003uM' (relation: '<'). Treating as exact value.
2026-07-16 23:53:29,740 WARNING protliggnn.train - Censored or approximate affinity label detected: 'IC50<0.05uM' (relation: '<'). Treating as exact value.
2026-07-16 23:53:29,740 WARNING protliggnn.train - Censored or approximate affinity label detected: 'IC50<0.05uM' (relation: '<'). Treating as exact value.
2026-07-16 23:53:29,740 WARNING protliggnn.train - Censored or approximate affinity label detected: 'IC50~5mM' (relation: '~'). Treating as exact value.
2026-07-16 23:53:29,740 WARNING protliggnn.train - Censored or approximate affinity label detected: 'Kd<0.12nM' (relation: '<'). Treating as exact value.
2026-07-16 23:53:29,741 WARNING protliggnn.train - Censored or approximate affinity label detected: 'Kd~0.69pM' (relation: '~'). Treating as exact value.
2026-07-16 23:53:29,741 WARNING protliggnn.train - Censored or approximate affinity label detected: 'Kd~11pM' (relation: '~'). Treating as exact value.
2026-07-16 23:53:29,741 WARNING protliggnn.train - Censored or approximate affinity label detected: 'Kd~28pM' (relation: '~'). Treating as exact value.
2026-07-16 23:53:29,742 WARNING protliggnn.train - Censored or approximate affinity label detected: 'IC50<0.003uM' (relation: '<'). Treating as exact value.
2026-07-16 23:53:29,742 WARNING protliggnn.train - Censored or approximate affinity label detected: 'IC50<20nM' (relation: '<'). Treating as exact value.
2026-07-16 23:53:29,742 WARNING protliggnn.train - Censored or approximate affinity label detected: 'IC50<5nM' (relation: '<'). Treating as exact value.
2026-07-16 23:53:29,743 WARNING protliggnn.train - Censored or approximate affinity label detected: 'Kd~1nM' (relation: '~'). Treating as exact value.
2026-07-16 23:53:29,743 WARNING protliggnn.train - Censored or approximate affinity label detected: 'Kd~1nM' (relation: '~'). Treating as exact value.
2026-07-16 23:53:29,743 WARNING protliggnn.train - Censored or approximate affinity label detected: 'Ki<10nM' (relation: '<'). Treating as exact value.
2026-07-16 23:53:29,744 WARNING protliggnn.train - Censored or approximate affinity label detected: 'Kd<10uM' (relation: '<'). Treating as exact value.
2026-07-16 23:53:29,745 WARNING protliggnn.train - Censored or approximate affinity label detected: 'IC50<100nM' (relation: '<'). Treating as exact value.
2026-07-16 23:53:29,746 WARNING protliggnn.train - Censored or approximate affinity label detected: 'Kd<2pM' (relation: '<'). Treating as exact value.
2026-07-16 23:53:29,747 WARNING protliggnn.train - Censored or approximate affinity label detected: 'Kd~50uM' (relation: '~'). Treating as exact value.
2026-07-16 23:53:29,747 WARNING protliggnn.train - Censored or approximate affinity label detected: 'Ki<=0.6nM' (relation: '<='). Treating as exact value.
2026-07-16 23:53:29,749 WARNING protliggnn.train - Censored or approximate affinity label detected: 'Kd~100uM' (relation: '~'). Treating as exact value.
2026-07-16 23:53:29,749 WARNING protliggnn.train - Censored or approximate affinity label detected: 'Kd~100uM' (relation: '~'). Treating as exact value.
2026-07-16 23:53:29,750 WARNING protliggnn.train - Censored or approximate affinity label detected: 'IC50<0.04nM' (relation: '<'). Treating as exact value.
2026-07-16 23:53:30,900 WARNING protliggnn.train - Censored or approximate affinity label detected: 'Kd~10nM' (relation: '~'). Treating as exact value.
2026-07-16 23:53:30,901 WARNING protliggnn.train - Censored or approximate affinity label detected: 'IC50<0.5nM' (relation: '<'). Treating as exact value.
2026-07-16 23:53:30,903 WARNING protliggnn.train - Censored or approximate affinity label detected: 'Kd~40mM' (relation: '~'). Treating as exact value.
2026-07-16 23:53:30,903 WARNING protliggnn.train - Censored or approximate affinity label detected: 'Ki<10uM' (relation: '<'). Treating as exact value.
2026-07-16 23:53:30,904 WARNING protliggnn.train - Censored or approximate affinity label detected: 'IC50<1.0nM' (relation: '<'). Treating as exact value.
2026-07-16 23:53:30,904 WARNING protliggnn.train - Censored or approximate affinity label detected: 'IC50<2nM' (relation: '<'). Treating as exact value.
2026-07-16 23:53:30,904 WARNING protliggnn.train - Censored or approximate affinity label detected: 'IC50<3nM' (relation: '<'). Treating as exact value.
2026-07-16 23:53:30,904 WARNING protliggnn.train - Censored or approximate affinity label detected: 'IC50<=1nM' (relation: '<='). Treating as exact value.
2026-07-16 23:53:30,905 WARNING protliggnn.train - Censored or approximate affinity label detected: 'Kd<1nM' (relation: '<'). Treating as exact value.
2026-07-16 23:53:30,906 WARNING protliggnn.train - Censored or approximate affinity label detected: 'Kd~1nM' (relation: '~'). Treating as exact value.
2026-07-16 23:53:30,906 WARNING protliggnn.train - Censored or approximate affinity label detected: 'Kd~1nM' (relation: '~'). Treating as exact value.
2026-07-16 23:53:30,908 WARNING protliggnn.train - Censored or approximate affinity label detected: 'IC50<2nM' (relation: '<'). Treating as exact value.
2026-07-16 23:53:30,910 WARNING protliggnn.train - Censored or approximate affinity label detected: 'IC50~1mM' (relation: '~'). Treating as exact value.
2026-07-16 23:53:30,910 WARNING protliggnn.train - Censored or approximate affinity label detected: 'IC50~20mM' (relation: '~'). Treating as exact value.
2026-07-16 23:53:30,910 WARNING protliggnn.train - Censored or approximate affinity label detected: 'Kd<0.1nM' (relation: '<'). Treating as exact value.
2026-07-16 23:53:30,910 WARNING protliggnn.train - Censored or approximate affinity label detected: 'Kd<1mM' (relation: '<'). Treating as exact value.
2026-07-16 23:53:30,911 WARNING protliggnn.train - Censored or approximate affinity label detected: 'Kd<60uM' (relation: '<'). Treating as exact value.
2026-07-16 23:53:30,912 WARNING protliggnn.train - Censored or approximate affinity label detected: 'Kd~300uM' (relation: '~'). Treating as exact value.
2026-07-16 23:53:30,912 WARNING protliggnn.train - Censored or approximate affinity label detected: 'Ki<50.0nM' (relation: '<'). Treating as exact value.
2026-07-16 23:53:30,914 WARNING protliggnn.train - Censored or approximate affinity label detected: 'Ki~5mM' (relation: '~'). Treating as exact value.
2026-07-16 23:53:30,914 WARNING protliggnn.train - Censored or approximate affinity label detected: 'Ki~5uM' (relation: '~'). Treating as exact value.
2026-07-16 23:53:30,914 WARNING protliggnn.train - Censored or approximate affinity label detected: 'IC50<0.001uM' (relation: '<'). Treating as exact value.
2026-07-16 23:53:30,914 WARNING protliggnn.train - Censored or approximate affinity label detected: 'IC50<0.003uM' (relation: '<'). Treating as exact value.
2026-07-16 23:53:30,914 WARNING protliggnn.train - Censored or approximate affinity label detected: 'IC50<0.004uM' (relation: '<'). Treating as exact value.
2026-07-16 23:53:30,915 WARNING protliggnn.train - Censored or approximate affinity label detected: 'IC50<10nM' (relation: '<'). Treating as exact value.
2026-07-16 23:53:30,915 WARNING protliggnn.train - Censored or approximate affinity label detected: 'IC50<2.13nM' (relation: '<'). Treating as exact value.
2026-07-16 23:53:30,915 WARNING protliggnn.train - Censored or approximate affinity label detected: 'IC50<3nM' (relation: '<'). Treating as exact value.
2026-07-16 23:53:32,878 WARNING protliggnn.train - Censored or approximate affinity label detected: 'IC50<3nM' (relation: '<'). Treating as exact value.
2026-07-16 23:53:32,878 WARNING protliggnn.train - Censored or approximate affinity label detected: 'IC50<4nM' (relation: '<'). Treating as exact value.
2026-07-16 23:53:32,878 WARNING protliggnn.train - Censored or approximate affinity label detected: 'IC50<5nM' (relation: '<'). Treating as exact value.
2026-07-16 23:53:32,878 WARNING protliggnn.train - Censored or approximate affinity label detected: 'IC50<5nM' (relation: '<'). Treating as exact value.
2026-07-16 23:53:32,880 WARNING protliggnn.train - Censored or approximate affinity label detected: 'Kd<0.1mM' (relation: '<'). Treating as exact value.
2026-07-16 23:53:32,880 WARNING protliggnn.train - Censored or approximate affinity label detected: 'Kd<0.1nM' (relation: '<'). Treating as exact value.
2026-07-16 23:53:32,880 WARNING protliggnn.train - Censored or approximate affinity label detected: 'Kd<100nM' (relation: '<'). Treating as exact value.
2026-07-16 23:53:32,881 WARNING protliggnn.train - Censored or approximate affinity label detected: 'Kd<10nM' (relation: '<'). Treating as exact value.
2026-07-16 23:53:32,882 WARNING protliggnn.train - Censored or approximate affinity label detected: 'Kd~102uM' (relation: '~'). Treating as exact value.
2026-07-16 23:53:32,883 WARNING protliggnn.train - Censored or approximate affinity label detected: 'Kd~125nM' (relation: '~'). Treating as exact value.
2026-07-16 23:53:32,883 WARNING protliggnn.train - Censored or approximate affinity label detected: 'Kd~1uM' (relation: '~'). Treating as exact value.
2026-07-16 23:53:32,883 WARNING protliggnn.train - Censored or approximate affinity label detected: 'Kd~1uM' (relation: '~'). Treating as exact value.
2026-07-16 23:53:32,883 WARNING protliggnn.train - Censored or approximate affinity label detected: 'Kd~5uM' (relation: '~'). Treating as exact value.
2026-07-16 23:53:32,883 WARNING protliggnn.train - Censored or approximate affinity label detected: 'Kd~74.3uM' (relation: '~'). Treating as exact value.
2026-07-16 23:53:32,883 WARNING protliggnn.train - Censored or approximate affinity label detected: 'Kd~85nM' (relation: '~'). Treating as exact value.
2026-07-16 23:53:32,884 WARNING protliggnn.train - Censored or approximate affinity label detected: 'Ki<0.10nM' (relation: '<'). Treating as exact value.
2026-07-16 23:53:32,885 WARNING protliggnn.train - Censored or approximate affinity label detected: 'Ki~2uM' (relation: '~'). Treating as exact value.
2026-07-16 23:53:32,885 WARNING protliggnn.train - Censored or approximate affinity label detected: 'Ki~55mM' (relation: '~'). Treating as exact value.
2026-07-16 23:53:32,885 WARNING protliggnn.train - Censored or approximate affinity label detected: 'Ki~55mM' (relation: '~'). Treating as exact value.
2026-07-16 23:53:32,886 WARNING protliggnn.train - Censored or approximate affinity label detected: 'IC50<0.01uM' (relation: '<'). Treating as exact value.
2026-07-16 23:53:32,886 WARNING protliggnn.train - Censored or approximate affinity label detected: 'IC50<0.01uM' (relation: '<'). Treating as exact value.
2026-07-16 23:53:32,886 WARNING protliggnn.train - Censored or approximate affinity label detected: 'IC50<2.5nM' (relation: '<'). Treating as exact value.
2026-07-16 23:53:32,888 WARNING protliggnn.train - Censored or approximate affinity label detected: 'IC50~0.5uM' (relation: '~'). Treating as exact value.
2026-07-16 23:53:32,888 WARNING protliggnn.train - Censored or approximate affinity label detected: 'IC50~30nM' (relation: '~'). Treating as exact value.
2026-07-16 23:53:32,888 WARNING protliggnn.train - Censored or approximate affinity label detected: 'Kd<10nM' (relation: '<'). Treating as exact value.
2026-07-16 23:53:32,888 WARNING protliggnn.train - Censored or approximate affinity label detected: 'Kd<10uM' (relation: '<'). Treating as exact value.
2026-07-16 23:53:32,888 WARNING protliggnn.train - Censored or approximate affinity label detected: 'Kd<6nM' (relation: '<'). Treating as exact value.
2026-07-16 23:53:34,716 WARNING protliggnn.train - Censored or approximate affinity label detected: 'Kd~10nM' (relation: '~'). Treating as exact value.
2026-07-16 23:53:34,716 WARNING protliggnn.train - Censored or approximate affinity label detected: 'Kd~160nM' (relation: '~'). Treating as exact value.
2026-07-16 23:53:34,716 WARNING protliggnn.train - Censored or approximate affinity label detected: 'Kd~1mM' (relation: '~'). Treating as exact value.
2026-07-16 23:53:34,716 WARNING protliggnn.train - Censored or approximate affinity label detected: 'Kd~1uM' (relation: '~'). Treating as exact value.
2026-07-16 23:53:34,716 WARNING protliggnn.train - Censored or approximate affinity label detected: 'Kd~2uM' (relation: '~'). Treating as exact value.
2026-07-16 23:53:34,716 WARNING protliggnn.train - Censored or approximate affinity label detected: 'Kd~5uM' (relation: '~'). Treating as exact value.
2026-07-16 23:53:34,716 WARNING protliggnn.train - Censored or approximate affinity label detected: 'Ki<0.05uM' (relation: '<'). Treating as exact value.
2026-07-16 23:53:34,716 WARNING protliggnn.train - Censored or approximate affinity label detected: 'Ki<1nM' (relation: '<'). Treating as exact value.
2026-07-16 23:53:34,716 WARNING protliggnn.train - Censored or approximate affinity label detected: 'Ki<1nM' (relation: '<'). Treating as exact value.
2026-07-16 23:53:34,717 WARNING protliggnn.train - Censored or approximate affinity label detected: 'Ki<1nM' (relation: '<'). Treating as exact value.
2026-07-16 23:53:34,717 WARNING protliggnn.train - Censored or approximate affinity label detected: 'Ki<1nM' (relation: '<'). Treating as exact value.
2026-07-16 23:53:34,717 WARNING protliggnn.train - Censored or approximate affinity label detected: 'Ki<2nM' (relation: '<'). Treating as exact value.
2026-07-16 23:53:34,718 WARNING protliggnn.train - Censored or approximate affinity label detected: 'Ki~10uM' (relation: '~'). Treating as exact value.
2026-07-16 23:53:34,718 WARNING protliggnn.train - Censored or approximate affinity label detected: 'Ki~14uM' (relation: '~'). Treating as exact value.
2026-07-16 23:53:34,718 WARNING protliggnn.train - Censored or approximate affinity label detected: 'Ki~50uM' (relation: '~'). Treating as exact value.
2026-07-16 23:53:34,718 WARNING protliggnn.train - Censored or approximate affinity label detected: 'IC50<1nM' (relation: '<'). Treating as exact value.
2026-07-16 23:53:34,718 WARNING protliggnn.train - Censored or approximate affinity label detected: 'IC50<4nM' (relation: '<'). Treating as exact value.
2026-07-16 23:53:34,719 WARNING protliggnn.train - Censored or approximate affinity label detected: 'IC50~10uM' (relation: '~'). Treating as exact value.
2026-07-16 23:53:34,719 WARNING protliggnn.train - Censored or approximate affinity label detected: 'IC50~10uM' (relation: '~'). Treating as exact value.
2026-07-16 23:53:34,720 WARNING protliggnn.train - Censored or approximate affinity label detected: 'IC50~1mM' (relation: '~'). Treating as exact value.
2026-07-16 23:53:34,720 WARNING protliggnn.train - Censored or approximate affinity label detected: 'IC50~30uM' (relation: '~'). Treating as exact value.
2026-07-16 23:53:34,720 WARNING protliggnn.train - Censored or approximate affinity label detected: 'IC50~30uM' (relation: '~'). Treating as exact value.
2026-07-16 23:53:34,720 WARNING protliggnn.train - Censored or approximate affinity label detected: 'IC50~38nM' (relation: '~'). Treating as exact value.
2026-07-16 23:53:34,720 WARNING protliggnn.train - Censored or approximate affinity label detected: 'Kd<0.003uM' (relation: '<'). Treating as exact value.
2026-07-16 23:53:34,720 WARNING protliggnn.train - Censored or approximate affinity label detected: 'Kd<1nM' (relation: '<'). Treating as exact value.
2026-07-16 23:53:34,721 WARNING protliggnn.train - Censored or approximate affinity label detected: 'Kd~1.7uM' (relation: '~'). Treating as exact value.
2026-07-16 23:53:34,721 WARNING protliggnn.train - Censored or approximate affinity label detected: 'Kd~200nM' (relation: '~'). Treating as exact value.
2026-07-16 23:53:36,448 WARNING protliggnn.train - Censored or approximate affinity label detected: 'Kd~200nM' (relation: '~'). Treating as exact value.
2026-07-16 23:53:36,448 WARNING protliggnn.train - Censored or approximate affinity label detected: 'Kd~3.6pM' (relation: '~'). Treating as exact value.
2026-07-16 23:53:36,448 WARNING protliggnn.train - Censored or approximate affinity label detected: 'Kd~400nM' (relation: '~'). Treating as exact value.
2026-07-16 23:53:36,448 WARNING protliggnn.train - Censored or approximate affinity label detected: 'Kd~51nM' (relation: '~'). Treating as exact value.
2026-07-16 23:53:36,448 WARNING protliggnn.train - Censored or approximate affinity label detected: 'Kd~9.6uM' (relation: '~'). Treating as exact value.
2026-07-16 23:53:36,448 WARNING protliggnn.train - Censored or approximate affinity label detected: 'Ki<0.01nM' (relation: '<'). Treating as exact value.
2026-07-16 23:53:36,448 WARNING protliggnn.train - Censored or approximate affinity label detected: 'Ki<0.0845uM' (relation: '<'). Treating as exact value.
2026-07-16 23:53:36,448 WARNING protliggnn.train - Censored or approximate affinity label detected: 'Ki<0.2nM' (relation: '<'). Treating as exact value.
2026-07-16 23:53:36,448 WARNING protliggnn.train - Censored or approximate affinity label detected: 'Ki<0.2nM' (relation: '<'). Treating as exact value.
2026-07-16 23:53:36,448 WARNING protliggnn.train - Censored or approximate affinity label detected: 'Ki<10mM' (relation: '<'). Treating as exact value.
2026-07-16 23:53:36,448 WARNING protliggnn.train - Censored or approximate affinity label detected: 'Ki<2mM' (relation: '<'). Treating as exact value.
2026-07-16 23:53:36,449 WARNING protliggnn.train - Censored or approximate affinity label detected: 'Ki~1.3uM' (relation: '~'). Treating as exact value.
2026-07-16 23:53:36,449 WARNING protliggnn.train - Censored or approximate affinity label detected: 'Ki~1.3uM' (relation: '~'). Treating as exact value.
2026-07-16 23:53:36,449 WARNING protliggnn.train - Censored or approximate affinity label detected: 'Ki~67uM' (relation: '~'). Treating as exact value.
2026-07-16 23:53:36,449 WARNING protliggnn.train - Censored or approximate affinity label detected: 'IC50<0.001uM' (relation: '<'). Treating as exact value.
2026-07-16 23:53:36,449 WARNING protliggnn.train - Censored or approximate affinity label detected: 'IC50<0.086uM' (relation: '<'). Treating as exact value.
2026-07-16 23:53:36,449 WARNING protliggnn.train - Censored or approximate affinity label detected: 'IC50<0.086uM' (relation: '<'). Treating as exact value.
2026-07-16 23:53:36,449 WARNING protliggnn.train - Censored or approximate affinity label detected: 'IC50<0.086uM' (relation: '<'). Treating as exact value.
2026-07-16 23:53:36,449 WARNING protliggnn.train - Censored or approximate affinity label detected: 'IC50<0.086uM' (relation: '<'). Treating as exact value.
2026-07-16 23:53:36,449 WARNING protliggnn.train - Censored or approximate affinity label detected: 'IC50<0.086uM' (relation: '<'). Treating as exact value.
2026-07-16 23:53:36,449 WARNING protliggnn.train - Censored or approximate affinity label detected: 'IC50<1.37uM' (relation: '<'). Treating as exact value.
2026-07-16 23:53:36,449 WARNING protliggnn.train - Censored or approximate affinity label detected: 'IC50<10nM' (relation: '<'). Treating as exact value.
2026-07-16 23:53:36,449 WARNING protliggnn.train - Censored or approximate affinity label detected: 'IC50<10uM' (relation: '<'). Treating as exact value.
2026-07-16 23:53:36,449 WARNING protliggnn.train - Censored or approximate affinity label detected: 'IC50<15nM' (relation: '<'). Treating as exact value.
2026-07-16 23:53:36,450 WARNING protliggnn.train - Censored or approximate affinity label detected: 'IC50<1nM' (relation: '<'). Treating as exact value.
2026-07-16 23:53:36,452 WARNING protliggnn.train - Censored or approximate affinity label detected: 'IC50~1.3mM' (relation: '~'). Treating as exact value.
2026-07-16 23:53:36,452 WARNING protliggnn.train - Censored or approximate affinity label detected: 'IC50~10000nM' (relation: '~'). Treating as exact value.
2026-07-16 23:53:38,131 WARNING protliggnn.train - Censored or approximate affinity label detected: 'IC50~33uM' (relation: '~'). Treating as exact value.
2026-07-16 23:53:38,131 WARNING protliggnn.train - Censored or approximate affinity label detected: 'IC50~4mM' (relation: '~'). Treating as exact value.
2026-07-16 23:53:38,131 WARNING protliggnn.train - Censored or approximate affinity label detected: 'Kd<0.03uM' (relation: '<'). Treating as exact value.
2026-07-16 23:53:38,131 WARNING protliggnn.train - Censored or approximate affinity label detected: 'Kd<0.05nM' (relation: '<'). Treating as exact value.
2026-07-16 23:53:38,131 WARNING protliggnn.train - Censored or approximate affinity label detected: 'Kd<10nM' (relation: '<'). Treating as exact value.
2026-07-16 23:53:38,131 WARNING protliggnn.train - Censored or approximate affinity label detected: 'Kd<1nM' (relation: '<'). Treating as exact value.
2026-07-16 23:53:38,131 WARNING protliggnn.train - Censored or approximate affinity label detected: 'Kd<1nM' (relation: '<'). Treating as exact value.
2026-07-16 23:53:38,133 WARNING protliggnn.train - Censored or approximate affinity label detected: 'Kd~185uM' (relation: '~'). Treating as exact value.
2026-07-16 23:53:38,133 WARNING protliggnn.train - Censored or approximate affinity label detected: 'Kd~23mM' (relation: '~'). Treating as exact value.
2026-07-16 23:53:38,133 WARNING protliggnn.train - Censored or approximate affinity label detected: 'Kd~2uM' (relation: '~'). Treating as exact value.
2026-07-16 23:53:38,133 WARNING protliggnn.train - Censored or approximate affinity label detected: 'Kd~300nM' (relation: '~'). Treating as exact value.
2026-07-16 23:53:38,133 WARNING protliggnn.train - Censored or approximate affinity label detected: 'Kd~364nM' (relation: '~'). Treating as exact value.
2026-07-16 23:53:38,133 WARNING protliggnn.train - Censored or approximate affinity label detected: 'Kd~8.11uM' (relation: '~'). Treating as exact value.
2026-07-16 23:53:38,133 WARNING protliggnn.train - Censored or approximate affinity label detected: 'Ki<0.0005uM' (relation: '<'). Treating as exact value.
2026-07-16 23:53:38,133 WARNING protliggnn.train - Censored or approximate affinity label detected: 'Ki<0.01nM' (relation: '<'). Treating as exact value.
2026-07-16 23:53:38,133 WARNING protliggnn.train - Censored or approximate affinity label detected: 'Ki<0.025nM' (relation: '<'). Treating as exact value.
2026-07-16 23:53:38,134 WARNING protliggnn.train - Censored or approximate affinity label detected: 'Ki~5uM' (relation: '~'). Treating as exact value.
2026-07-16 23:53:38,134 WARNING protliggnn.train - Censored or approximate affinity label detected: 'IC50<0.004uM' (relation: '<'). Treating as exact value.
2026-07-16 23:53:38,134 WARNING protliggnn.train - Censored or approximate affinity label detected: 'IC50<10nM' (relation: '<'). Treating as exact value.
2026-07-16 23:53:38,134 WARNING protliggnn.train - Censored or approximate affinity label detected: 'IC50<10nM' (relation: '<'). Treating as exact value.
2026-07-16 23:53:38,134 WARNING protliggnn.train - Censored or approximate affinity label detected: 'IC50<10nM' (relation: '<'). Treating as exact value.
2026-07-16 23:53:38,134 WARNING protliggnn.train - Censored or approximate affinity label detected: 'IC50<10nM' (relation: '<'). Treating as exact value.
2026-07-16 23:53:38,134 WARNING protliggnn.train - Censored or approximate affinity label detected: 'IC50<10nM' (relation: '<'). Treating as exact value.
2026-07-16 23:53:38,134 WARNING protliggnn.train - Censored or approximate affinity label detected: 'IC50<10nM' (relation: '<'). Treating as exact value.
2026-07-16 23:53:38,135 WARNING protliggnn.train - Censored or approximate affinity label detected: 'IC50<25nM' (relation: '<'). Treating as exact value.
2026-07-16 23:53:38,135 WARNING protliggnn.train - Censored or approximate affinity label detected: 'IC50<3nM' (relation: '<'). Treating as exact value.
2026-07-16 23:53:38,137 WARNING protliggnn.train - Censored or approximate affinity label detected: 'IC50~100uM' (relation: '~'). Treating as exact value.
2026-07-16 23:53:40,165 WARNING protliggnn.train - Censored or approximate affinity label detected: 'IC50~1mM' (relation: '~'). Treating as exact value.
2026-07-16 23:53:40,165 WARNING protliggnn.train - Censored or approximate affinity label detected: 'Kd<10nM' (relation: '<'). Treating as exact value.
2026-07-16 23:53:40,169 WARNING protliggnn.train - Censored or approximate affinity label detected: 'Kd~0.13uM' (relation: '~'). Treating as exact value.
2026-07-16 23:53:40,169 WARNING protliggnn.train - Censored or approximate affinity label detected: 'Kd~1.5uM' (relation: '~'). Treating as exact value.
2026-07-16 23:53:40,169 WARNING protliggnn.train - Censored or approximate affinity label detected: 'Kd~200uM' (relation: '~'). Treating as exact value.
2026-07-16 23:53:40,169 WARNING protliggnn.train - Censored or approximate affinity label detected: 'Kd~50uM' (relation: '~'). Treating as exact value.
2026-07-16 23:53:40,169 WARNING protliggnn.train - Censored or approximate affinity label detected: 'Ki<0.001uM' (relation: '<'). Treating as exact value.
2026-07-16 23:53:40,169 WARNING protliggnn.train - Censored or approximate affinity label detected: 'Ki<0.01nM' (relation: '<'). Treating as exact value.
2026-07-16 23:53:40,171 WARNING protliggnn.train - Censored or approximate affinity label detected: 'IC50<0.001uM' (relation: '<'). Treating as exact value.
2026-07-16 23:53:40,171 WARNING protliggnn.train - Censored or approximate affinity label detected: 'IC50<0.005uM' (relation: '<'). Treating as exact value.
2026-07-16 23:53:40,172 WARNING protliggnn.train - Censored or approximate affinity label detected: 'IC50<0.2uM' (relation: '<'). Treating as exact value.
2026-07-16 23:53:40,172 WARNING protliggnn.train - Censored or approximate affinity label detected: 'IC50<0.32nM' (relation: '<'). Treating as exact value.
2026-07-16 23:53:40,172 WARNING protliggnn.train - Censored or approximate affinity label detected: 'IC50<0.3nM' (relation: '<'). Treating as exact value.
2026-07-16 23:53:40,172 WARNING protliggnn.train - Censored or approximate affinity label detected: 'IC50<0.3nM' (relation: '<'). Treating as exact value.
2026-07-16 23:53:40,172 WARNING protliggnn.train - Censored or approximate affinity label detected: 'IC50<1.13nM' (relation: '<'). Treating as exact value.
2026-07-16 23:53:40,172 WARNING protliggnn.train - Censored or approximate affinity label detected: 'IC50<25nM' (relation: '<'). Treating as exact value.
2026-07-16 23:53:40,173 WARNING protliggnn.train - Censored or approximate affinity label detected: 'IC50<3nM' (relation: '<'). Treating as exact value.
2026-07-16 23:53:40,173 WARNING protliggnn.train - Censored or approximate affinity label detected: 'IC50<50nM' (relation: '<'). Treating as exact value.
2026-07-16 23:53:40,173 WARNING protliggnn.train - Censored or approximate affinity label detected: 'IC50<50nM' (relation: '<'). Treating as exact value.
2026-07-16 23:53:40,173 WARNING protliggnn.train - Censored or approximate affinity label detected: 'IC50<50nM' (relation: '<'). Treating as exact value.
2026-07-16 23:53:40,179 WARNING protliggnn.train - Censored or approximate affinity label detected: 'IC50~0.8mM' (relation: '~'). Treating as exact value.
2026-07-16 23:53:40,180 WARNING protliggnn.train - Censored or approximate affinity label detected: 'IC50~0.8mM' (relation: '~'). Treating as exact value.
2026-07-16 23:53:40,180 WARNING protliggnn.train - Censored or approximate affinity label detected: 'IC50~100uM' (relation: '~'). Treating as exact value.
2026-07-16 23:53:40,180 WARNING protliggnn.train - Censored or approximate affinity label detected: 'IC50~6nM' (relation: '~'). Treating as exact value.
2026-07-16 23:53:40,181 WARNING protliggnn.train - Censored or approximate affinity label detected: 'Kd<2nM' (relation: '<'). Treating as exact value.
2026-07-16 23:53:40,188 WARNING protliggnn.train - Censored or approximate affinity label detected: 'Kd~1.8uM' (relation: '~'). Treating as exact value.
2026-07-16 23:53:40,189 WARNING protliggnn.train - Censored or approximate affinity label detected: 'Kd~100nM' (relation: '~'). Treating as exact value.
2026-07-16 23:53:42,015 WARNING protliggnn.train - Censored or approximate affinity label detected: 'Kd~100nM' (relation: '~'). Treating as exact value.
2026-07-16 23:53:42,016 WARNING protliggnn.train - Censored or approximate affinity label detected: 'Kd~12uM' (relation: '~'). Treating as exact value.
2026-07-16 23:53:42,016 WARNING protliggnn.train - Censored or approximate affinity label detected: 'Kd~12uM' (relation: '~'). Treating as exact value.
2026-07-16 23:53:42,016 WARNING protliggnn.train - Censored or approximate affinity label detected: 'Kd~13uM' (relation: '~'). Treating as exact value.
2026-07-16 23:53:42,016 WARNING protliggnn.train - Censored or approximate affinity label detected: 'Kd~300nM' (relation: '~'). Treating as exact value.
2026-07-16 23:53:42,016 WARNING protliggnn.train - Censored or approximate affinity label detected: 'Kd~500uM' (relation: '~'). Treating as exact value.
2026-07-16 23:53:42,017 WARNING protliggnn.train - Censored or approximate affinity label detected: 'Kd~500uM' (relation: '~'). Treating as exact value.
2026-07-16 23:53:42,017 WARNING protliggnn.train - Censored or approximate affinity label detected: 'Kd~600uM' (relation: '~'). Treating as exact value.
2026-07-16 23:53:42,017 WARNING protliggnn.train - Censored or approximate affinity label detected: 'Kd~9uM' (relation: '~'). Treating as exact value.
2026-07-16 23:53:42,017 WARNING protliggnn.train - Censored or approximate affinity label detected: 'Ki<0.01uM' (relation: '<'). Treating as exact value.
2026-07-16 23:53:42,017 WARNING protliggnn.train - Censored or approximate affinity label detected: 'Ki<0.05nM' (relation: '<'). Treating as exact value.
2026-07-16 23:53:42,017 WARNING protliggnn.train - Censored or approximate affinity label detected: 'Ki<1nM' (relation: '<'). Treating as exact value.
2026-07-16 23:53:42,017 WARNING protliggnn.train - Censored or approximate affinity label detected: 'Ki<1nM' (relation: '<'). Treating as exact value.
2026-07-16 23:53:42,017 WARNING protliggnn.train - Censored or approximate affinity label detected: 'Ki<5nM' (relation: '<'). Treating as exact value.
2026-07-16 23:53:42,019 WARNING protliggnn.train - Censored or approximate affinity label detected: 'IC50<0.030uM' (relation: '<'). Treating as exact value.
2026-07-16 23:53:42,019 WARNING protliggnn.train - Censored or approximate affinity label detected: 'IC50<1nM' (relation: '<'). Treating as exact value.
2026-07-16 23:53:42,019 WARNING protliggnn.train - Censored or approximate affinity label detected: 'IC50<40nM' (relation: '<'). Treating as exact value.
2026-07-16 23:53:42,019 WARNING protliggnn.train - Censored or approximate affinity label detected: 'IC50<5nM' (relation: '<'). Treating as exact value.
2026-07-16 23:53:42,021 WARNING protliggnn.train - Censored or approximate affinity label detected: 'IC50~0.5uM' (relation: '~'). Treating as exact value.
2026-07-16 23:53:42,021 WARNING protliggnn.train - Censored or approximate affinity label detected: 'IC50~1.8uM' (relation: '~'). Treating as exact value.
2026-07-16 23:53:42,021 WARNING protliggnn.train - Censored or approximate affinity label detected: 'IC50~1mM' (relation: '~'). Treating as exact value.
2026-07-16 23:53:42,022 WARNING protliggnn.train - Censored or approximate affinity label detected: 'IC50~700nM' (relation: '~'). Treating as exact value.
2026-07-16 23:53:42,022 WARNING protliggnn.train - Censored or approximate affinity label detected: 'Kd<0.001nM' (relation: '<'). Treating as exact value.
2026-07-16 23:53:42,022 WARNING protliggnn.train - Censored or approximate affinity label detected: 'Kd<0.10uM' (relation: '<'). Treating as exact value.
2026-07-16 23:53:42,022 WARNING protliggnn.train - Censored or approximate affinity label detected: 'Kd<0.4uM' (relation: '<'). Treating as exact value.
2026-07-16 23:53:42,022 WARNING protliggnn.train - Censored or approximate affinity label detected: 'Kd<1nM' (relation: '<'). Treating as exact value.
2026-07-16 23:53:42,025 WARNING protliggnn.train - Censored or approximate affinity label detected: 'Kd~0.2uM' (relation: '~'). Treating as exact value.
2026-07-16 23:53:43,963 WARNING protliggnn.train - Censored or approximate affinity label detected: 'Kd~120nM' (relation: '~'). Treating as exact value.
2026-07-16 23:53:43,963 WARNING protliggnn.train - Censored or approximate affinity label detected: 'Kd~23uM' (relation: '~'). Treating as exact value.
2026-07-16 23:53:43,963 WARNING protliggnn.train - Censored or approximate affinity label detected: 'Kd~23uM' (relation: '~'). Treating as exact value.
2026-07-16 23:53:43,963 WARNING protliggnn.train - Censored or approximate affinity label detected: 'Kd~23uM' (relation: '~'). Treating as exact value.
2026-07-16 23:53:43,963 WARNING protliggnn.train - Censored or approximate affinity label detected: 'Kd~24uM' (relation: '~'). Treating as exact value.
2026-07-16 23:53:43,963 WARNING protliggnn.train - Censored or approximate affinity label detected: 'Kd~25uM' (relation: '~'). Treating as exact value.
2026-07-16 23:53:43,963 WARNING protliggnn.train - Censored or approximate affinity label detected: 'Kd~3nM' (relation: '~'). Treating as exact value.
2026-07-16 23:53:43,963 WARNING protliggnn.train - Censored or approximate affinity label detected: 'Kd~5uM' (relation: '~'). Treating as exact value.
2026-07-16 23:53:43,963 WARNING protliggnn.train - Censored or approximate affinity label detected: 'Kd~7nM' (relation: '~'). Treating as exact value.
2026-07-16 23:53:43,963 WARNING protliggnn.train - Censored or approximate affinity label detected: 'Kd~80uM' (relation: '~'). Treating as exact value.
2026-07-16 23:53:43,964 WARNING protliggnn.train - Censored or approximate affinity label detected: 'Ki<1.0nM' (relation: '<'). Treating as exact value.
2026-07-16 23:53:43,964 WARNING protliggnn.train - Censored or approximate affinity label detected: 'Ki<1.3nM' (relation: '<'). Treating as exact value.
2026-07-16 23:53:43,964 WARNING protliggnn.train - Censored or approximate affinity label detected: 'Ki<1nM' (relation: '<'). Treating as exact value.
2026-07-16 23:53:43,964 WARNING protliggnn.train - Censored or approximate affinity label detected: 'Ki<5pM' (relation: '<'). Treating as exact value.
2026-07-16 23:53:43,964 WARNING protliggnn.train - Censored or approximate affinity label detected: 'Ki<5pM' (relation: '<'). Treating as exact value.
2026-07-16 23:53:43,964 WARNING protliggnn.train - Censored or approximate affinity label detected: 'Ki<5pM' (relation: '<'). Treating as exact value.
2026-07-16 23:53:43,964 WARNING protliggnn.train - Censored or approximate affinity label detected: 'Ki<5pM' (relation: '<'). Treating as exact value.
2026-07-16 23:53:43,964 WARNING protliggnn.train - Censored or approximate affinity label detected: 'Ki<5pM' (relation: '<'). Treating as exact value.
2026-07-16 23:53:43,964 WARNING protliggnn.train - Censored or approximate affinity label detected: 'Ki<5pM' (relation: '<'). Treating as exact value.
2026-07-16 23:53:43,965 WARNING protliggnn.train - Censored or approximate affinity label detected: 'IC50<15nM' (relation: '<'). Treating as exact value.
2026-07-16 23:53:43,965 WARNING protliggnn.train - Censored or approximate affinity label detected: 'IC50<1nM' (relation: '<'). Treating as exact value.
2026-07-16 23:53:43,965 WARNING protliggnn.train - Censored or approximate affinity label detected: 'IC50<1nM' (relation: '<'). Treating as exact value.
2026-07-16 23:53:43,965 WARNING protliggnn.train - Censored or approximate affinity label detected: 'IC50<2nM' (relation: '<'). Treating as exact value.
2026-07-16 23:53:43,965 WARNING protliggnn.train - Censored or approximate affinity label detected: 'IC50<2nM' (relation: '<'). Treating as exact value.
2026-07-16 23:53:43,965 WARNING protliggnn.train - Censored or approximate affinity label detected: 'IC50<2nM' (relation: '<'). Treating as exact value.
2026-07-16 23:53:43,967 WARNING protliggnn.train - Censored or approximate affinity label detected: 'IC50~330uM' (relation: '~'). Treating as exact value.
2026-07-16 23:53:43,967 WARNING protliggnn.train - Censored or approximate affinity label detected: 'IC50~450uM' (relation: '~'). Treating as exact value.
2026-07-16 23:53:45,708 WARNING protliggnn.train - Censored or approximate affinity label detected: 'Kd<0.8nM' (relation: '<'). Treating as exact value.
2026-07-16 23:53:45,708 WARNING protliggnn.train - Censored or approximate affinity label detected: 'Kd<1.26nM' (relation: '<'). Treating as exact value.
2026-07-16 23:53:45,708 WARNING protliggnn.train - Censored or approximate affinity label detected: 'Kd<2.3nM' (relation: '<'). Treating as exact value.
2026-07-16 23:53:45,708 WARNING protliggnn.train - Censored or approximate affinity label detected: 'Kd<55uM' (relation: '<'). Treating as exact value.
2026-07-16 23:53:45,708 WARNING protliggnn.train - Censored or approximate affinity label detected: 'Kd<55uM' (relation: '<'). Treating as exact value.
2026-07-16 23:53:45,709 WARNING protliggnn.train - Censored or approximate affinity label detected: 'Kd~11uM' (relation: '~'). Treating as exact value.
2026-07-16 23:53:45,710 WARNING protliggnn.train - Censored or approximate affinity label detected: 'Kd~200nM' (relation: '~'). Treating as exact value.
2026-07-16 23:53:45,710 WARNING protliggnn.train - Censored or approximate affinity label detected: 'Kd~25uM' (relation: '~'). Treating as exact value.
2026-07-16 23:53:45,710 WARNING protliggnn.train - Censored or approximate affinity label detected: 'Kd~2nM' (relation: '~'). Treating as exact value.
2026-07-16 23:53:45,710 WARNING protliggnn.train - Censored or approximate affinity label detected: 'Ki<0.005nM' (relation: '<'). Treating as exact value.
2026-07-16 23:53:45,710 WARNING protliggnn.train - Censored or approximate affinity label detected: 'Ki<0.005nM' (relation: '<'). Treating as exact value.
2026-07-16 23:53:45,710 WARNING protliggnn.train - Censored or approximate affinity label detected: 'Ki<0.005nM' (relation: '<'). Treating as exact value.
2026-07-16 23:53:45,710 WARNING protliggnn.train - Censored or approximate affinity label detected: 'Ki<0.9nM' (relation: '<'). Treating as exact value.
2026-07-16 23:53:47,125 INFO protliggnn - Found 1000 candidate complexes with labels and matching files before validation.
2026-07-16 23:53:47,132 INFO protliggnn - Found graph cache at data\pdbbind2020\processed_dataset.pt. Validating...
2026-07-16 23:53:47,351 INFO protliggnn - Loading graphs from cache file...
2026-07-16 23:53:47,779 INFO protliggnn - Cache successfully validated. Loaded 1000 pre-built graphs.
2026-07-16 23:53:47,789 INFO protliggnn - Dataset split sizes: train=800 val=100 test=100 (random)
2026-07-16 23:54:31,154 INFO protliggnn - Epoch 001 train loss=5.7326 PCC=0.0005 Spearman=0.0013 RMSE=2.3932 MAE=1.8504 R2=-0.9021
2026-07-16 23:54:31,155 INFO protliggnn - Epoch 001 val loss=4.1778 PCC=0.2789 Spearman=0.3553 RMSE=2.0427 MAE=1.6923 R2=-0.2462
2026-07-16 23:54:31,155 INFO protliggnn - Epoch 001 train diagnostics: Affinity Loss=5.7273 | Contact Loss=0.0530 | Total Loss=5.7326 | Pos Acc=0.0067 | Neg Acc=0.9954 | Precision=0.0082 | Recall=0.0067 | F1=0.0073 | Avg Prob=0.0126
2026-07-16 23:54:31,155 INFO protliggnn - Epoch 001 val diagnostics: Affinity Loss=4.1726 | Contact Loss=0.0519 | Total Loss=4.1778 | Pos Acc=0.0000 | Neg Acc=1.0000 | Precision=0.0000 | Recall=0.0000 | F1=0.0000 | Avg Prob=0.0071
2026-07-16 23:54:31,250 INFO protliggnn - Saved checkpoint for epoch 1 with validation RMSE 2.042695307286536.
2026-07-16 23:55:09,835 INFO protliggnn - Epoch 002 train loss=3.6844 PCC=0.1197 Spearman=0.1127 RMSE=1.9183 MAE=1.5511 R2=-0.2221
2026-07-16 23:55:09,836 INFO protliggnn - Epoch 002 val loss=3.0824 PCC=0.4059 Spearman=0.4191 RMSE=1.7542 MAE=1.4284 R2=0.0809
2026-07-16 23:55:09,836 INFO protliggnn - Epoch 002 train diagnostics: Affinity Loss=3.6798 | Contact Loss=0.0459 | Total Loss=3.6844 | Pos Acc=0.0000 | Neg Acc=1.0000 | Precision=0.0000 | Recall=0.0000 | F1=0.0000 | Avg Prob=0.0079
2026-07-16 23:55:09,836 INFO protliggnn - Epoch 002 val diagnostics: Affinity Loss=3.0772 | Contact Loss=0.0516 | Total Loss=3.0824 | Pos Acc=0.0000 | Neg Acc=1.0000 | Precision=0.0000 | Recall=0.0000 | F1=0.0000 | Avg Prob=0.0080
2026-07-16 23:55:09,886 INFO protliggnn - Saved checkpoint for epoch 2 with validation RMSE 1.7541925590895064.
2026-07-16 23:55:48,017 INFO protliggnn - Epoch 003 train loss=3.5245 PCC=0.1768 Spearman=0.1650 RMSE=1.8761 MAE=1.5042 R2=-0.1690
2026-07-16 23:55:48,017 INFO protliggnn - Epoch 003 val loss=2.7467 PCC=0.4708 Spearman=0.4560 RMSE=1.6558 MAE=1.2900 R2=0.1812
2026-07-16 23:55:48,017 INFO protliggnn - Epoch 003 train diagnostics: Affinity Loss=3.5199 | Contact Loss=0.0458 | Total Loss=3.5245 | Pos Acc=0.0000 | Neg Acc=1.0000 | Precision=0.0000 | Recall=0.0000 | F1=0.0000 | Avg Prob=0.0080
2026-07-16 23:55:48,017 INFO protliggnn - Epoch 003 val diagnostics: Affinity Loss=2.7416 | Contact Loss=0.0515 | Total Loss=2.7467 | Pos Acc=0.0000 | Neg Acc=1.0000 | Precision=0.0000 | Recall=0.0000 | F1=0.0000 | Avg Prob=0.0078
2026-07-16 23:55:48,079 INFO protliggnn - Saved checkpoint for epoch 3 with validation RMSE 1.6557670290159667.
2026-07-16 23:56:21,733 INFO protliggnn - Epoch 004 train loss=3.4005 PCC=0.2265 Spearman=0.2242 RMSE=1.8428 MAE=1.4610 R2=-0.1278
2026-07-16 23:56:21,734 INFO protliggnn - Epoch 004 val loss=3.0888 PCC=0.4474 Spearman=0.4269 RMSE=1.7560 MAE=1.4254 R2=0.0790
2026-07-16 23:56:21,734 INFO protliggnn - Epoch 004 train diagnostics: Affinity Loss=3.3960 | Contact Loss=0.0458 | Total Loss=3.4005 | Pos Acc=0.0000 | Neg Acc=1.0000 | Precision=0.0000 | Recall=0.0000 | F1=0.0000 | Avg Prob=0.0080
2026-07-16 23:56:21,734 INFO protliggnn - Epoch 004 val diagnostics: Affinity Loss=3.0837 | Contact Loss=0.0517 | Total Loss=3.0888 | Pos Acc=0.0000 | Neg Acc=1.0000 | Precision=0.0000 | Recall=0.0000 | F1=0.0000 | Avg Prob=0.0069
2026-07-16 23:56:55,327 INFO protliggnn - Epoch 005 train loss=3.2329 PCC=0.2444 Spearman=0.2442 RMSE=1.7968 MAE=1.4362 R2=-0.0722
2026-07-16 23:56:55,328 INFO protliggnn - Epoch 005 val loss=3.2936 PCC=0.5013 Spearman=0.4521 RMSE=1.8134 MAE=1.4069 R2=0.0178
2026-07-16 23:56:55,328 INFO protliggnn - Epoch 005 train diagnostics: Affinity Loss=3.2283 | Contact Loss=0.0456 | Total Loss=3.2329 | Pos Acc=0.0000 | Neg Acc=1.0000 | Precision=0.0000 | Recall=0.0000 | F1=0.0000 | Avg Prob=0.0079
2026-07-16 23:56:55,328 INFO protliggnn - Epoch 005 val diagnostics: Affinity Loss=3.2885 | Contact Loss=0.0513 | Total Loss=3.2936 | Pos Acc=0.0000 | Neg Acc=1.0000 | Precision=0.0000 | Recall=0.0000 | F1=0.0000 | Avg Prob=0.0103
2026-07-16 23:57:29,149 INFO protliggnn - Epoch 006 train loss=3.6557 PCC=0.2159 Spearman=0.1921 RMSE=1.9108 MAE=1.5245 R2=-0.2126
2026-07-16 23:57:29,149 INFO protliggnn - Epoch 006 val loss=3.1683 PCC=0.4660 Spearman=0.4375 RMSE=1.7785 MAE=1.4484 R2=0.0553
2026-07-16 23:57:29,149 INFO protliggnn - Epoch 006 train diagnostics: Affinity Loss=3.6512 | Contact Loss=0.0457 | Total Loss=3.6557 | Pos Acc=0.0000 | Neg Acc=1.0000 | Precision=0.0000 | Recall=0.0000 | F1=0.0000 | Avg Prob=0.0081
2026-07-16 23:57:29,149 INFO protliggnn - Epoch 006 val diagnostics: Affinity Loss=3.1631 | Contact Loss=0.0514 | Total Loss=3.1683 | Pos Acc=0.0000 | Neg Acc=1.0000 | Precision=0.0000 | Recall=0.0000 | F1=0.0000 | Avg Prob=0.0074
2026-07-16 23:58:02,559 INFO protliggnn - Epoch 007 train loss=3.3560 PCC=0.2721 Spearman=0.2523 RMSE=1.8307 MAE=1.4477 R2=-0.1131
2026-07-16 23:58:02,559 INFO protliggnn - Epoch 007 val loss=3.3007 PCC=0.4716 Spearman=0.4707 RMSE=1.8154 MAE=1.4226 R2=0.0157
2026-07-16 23:58:02,560 INFO protliggnn - Epoch 007 train diagnostics: Affinity Loss=3.3514 | Contact Loss=0.0457 | Total Loss=3.3560 | Pos Acc=0.0000 | Neg Acc=1.0000 | Precision=0.0000 | Recall=0.0000 | F1=0.0000 | Avg Prob=0.0080
2026-07-16 23:58:02,560 INFO protliggnn - Epoch 007 val diagnostics: Affinity Loss=3.2955 | Contact Loss=0.0518 | Total Loss=3.3007 | Pos Acc=0.0000 | Neg Acc=1.0000 | Precision=0.0000 | Recall=0.0000 | F1=0.0000 | Avg Prob=0.0067
2026-07-16 23:58:36,700 INFO protliggnn - Epoch 008 train loss=3.0974 PCC=0.3148 Spearman=0.2944 RMSE=1.7587 MAE=1.3957 R2=-0.0272
2026-07-16 23:58:36,701 INFO protliggnn - Epoch 008 val loss=3.0815 PCC=0.5046 Spearman=0.5084 RMSE=1.7540 MAE=1.4383 R2=0.0812
2026-07-16 23:58:36,701 INFO protliggnn - Epoch 008 train diagnostics: Affinity Loss=3.0929 | Contact Loss=0.0456 | Total Loss=3.0974 | Pos Acc=0.0000 | Neg Acc=1.0000 | Precision=0.0000 | Recall=0.0000 | F1=0.0000 | Avg Prob=0.0079
2026-07-16 23:58:36,701 INFO protliggnn - Epoch 008 val diagnostics: Affinity Loss=3.0764 | Contact Loss=0.0509 | Total Loss=3.0815 | Pos Acc=0.0000 | Neg Acc=1.0000 | Precision=0.0000 | Recall=0.0000 | F1=0.0000 | Avg Prob=0.0085
2026-07-16 23:59:08,604 INFO protliggnn - Epoch 009 train loss=3.3802 PCC=0.2310 Spearman=0.2164 RMSE=1.8373 MAE=1.4718 R2=-0.1211
2026-07-16 23:59:08,604 INFO protliggnn - Epoch 009 val loss=2.7583 PCC=0.4974 Spearman=0.4616 RMSE=1.6593 MAE=1.3353 R2=0.1777
2026-07-16 23:59:08,604 INFO protliggnn - Epoch 009 train diagnostics: Affinity Loss=3.3757 | Contact Loss=0.0456 | Total Loss=3.3802 | Pos Acc=0.0000 | Neg Acc=1.0000 | Precision=0.0000 | Recall=0.0000 | F1=0.0000 | Avg Prob=0.0080
2026-07-16 23:59:08,604 INFO protliggnn - Epoch 009 val diagnostics: Affinity Loss=2.7531 | Contact Loss=0.0519 | Total Loss=2.7583 | Pos Acc=0.0000 | Neg Acc=1.0000 | Precision=0.0000 | Recall=0.0000 | F1=0.0000 | Avg Prob=0.0060
2026-07-16 23:59:41,532 INFO protliggnn - Epoch 010 train loss=3.0584 PCC=0.3376 Spearman=0.3360 RMSE=1.7475 MAE=1.3869 R2=-0.0142
2026-07-16 23:59:41,532 INFO protliggnn - Epoch 010 val loss=2.5669 PCC=0.4947 Spearman=0.4754 RMSE=1.6006 MAE=1.2864 R2=0.2349
2026-07-16 23:59:41,532 INFO protliggnn - Epoch 010 train diagnostics: Affinity Loss=3.0539 | Contact Loss=0.0454 | Total Loss=3.0584 | Pos Acc=0.0000 | Neg Acc=1.0000 | Precision=0.0000 | Recall=0.0000 | F1=0.0000 | Avg Prob=0.0079
2026-07-16 23:59:41,532 INFO protliggnn - Epoch 010 val diagnostics: Affinity Loss=2.5618 | Contact Loss=0.0513 | Total Loss=2.5669 | Pos Acc=0.0000 | Neg Acc=1.0000 | Precision=0.0000 | Recall=0.0000 | F1=0.0000 | Avg Prob=0.0071
2026-07-16 23:59:41,590 INFO protliggnn - Saved checkpoint for epoch 10 with validation RMSE 1.6005642005713387.
2026-07-17 00:00:13,786 INFO protliggnn - Epoch 011 train loss=3.3035 PCC=0.2960 Spearman=0.2948 RMSE=1.8163 MAE=1.4403 R2=-0.0956
2026-07-17 00:00:13,786 INFO protliggnn - Epoch 011 val loss=2.5107 PCC=0.5601 Spearman=0.4879 RMSE=1.5829 MAE=1.3116 R2=0.2517
2026-07-17 00:00:13,786 INFO protliggnn - Epoch 011 train diagnostics: Affinity Loss=3.2990 | Contact Loss=0.0454 | Total Loss=3.3035 | Pos Acc=0.0000 | Neg Acc=1.0000 | Precision=0.0000 | Recall=0.0000 | F1=0.0000 | Avg Prob=0.0077
2026-07-17 00:00:13,786 INFO protliggnn - Epoch 011 val diagnostics: Affinity Loss=2.5056 | Contact Loss=0.0513 | Total Loss=2.5107 | Pos Acc=0.0000 | Neg Acc=1.0000 | Precision=0.0000 | Recall=0.0000 | F1=0.0000 | Avg Prob=0.0108
2026-07-17 00:00:13,841 INFO protliggnn - Saved checkpoint for epoch 11 with validation RMSE 1.5828994397791778.
2026-07-17 00:00:46,674 INFO protliggnn - Epoch 012 train loss=3.2015 PCC=0.3351 Spearman=0.3248 RMSE=1.7880 MAE=1.4075 R2=-0.0617
2026-07-17 00:00:46,674 INFO protliggnn - Epoch 012 val loss=3.1138 PCC=0.5386 Spearman=0.4938 RMSE=1.7632 MAE=1.3761 R2=0.0715
2026-07-17 00:00:46,674 INFO protliggnn - Epoch 012 train diagnostics: Affinity Loss=3.1970 | Contact Loss=0.0454 | Total Loss=3.2015 | Pos Acc=0.0000 | Neg Acc=1.0000 | Precision=0.0000 | Recall=0.0000 | F1=0.0000 | Avg Prob=0.0079
2026-07-17 00:00:46,674 INFO protliggnn - Epoch 012 val diagnostics: Affinity Loss=3.1087 | Contact Loss=0.0510 | Total Loss=3.1138 | Pos Acc=0.0000 | Neg Acc=1.0000 | Precision=0.0000 | Recall=0.0000 | F1=0.0000 | Avg Prob=0.0080
2026-07-17 00:01:19,521 INFO protliggnn - Epoch 013 train loss=3.0137 PCC=0.3822 Spearman=0.3710 RMSE=1.7347 MAE=1.3786 R2=0.0006
2026-07-17 00:01:19,521 INFO protliggnn - Epoch 013 val loss=2.3813 PCC=0.5540 Spearman=0.5296 RMSE=1.5415 MAE=1.2509 R2=0.2903
2026-07-17 00:01:19,521 INFO protliggnn - Epoch 013 train diagnostics: Affinity Loss=3.0091 | Contact Loss=0.0455 | Total Loss=3.0137 | Pos Acc=0.0000 | Neg Acc=1.0000 | Precision=0.0000 | Recall=0.0000 | F1=0.0000 | Avg Prob=0.0079
2026-07-17 00:01:19,521 INFO protliggnn - Epoch 013 val diagnostics: Affinity Loss=2.3762 | Contact Loss=0.0510 | Total Loss=2.3813 | Pos Acc=0.0000 | Neg Acc=1.0000 | Precision=0.0000 | Recall=0.0000 | F1=0.0000 | Avg Prob=0.0085
2026-07-17 00:01:19,582 INFO protliggnn - Saved checkpoint for epoch 13 with validation RMSE 1.541506414825008.
2026-07-17 00:01:52,445 INFO protliggnn - Epoch 014 train loss=2.7140 PCC=0.4169 Spearman=0.3982 RMSE=1.6461 MAE=1.3199 R2=0.1001
2026-07-17 00:01:52,445 INFO protliggnn - Epoch 014 val loss=2.7244 PCC=0.5660 Spearman=0.5458 RMSE=1.6490 MAE=1.2981 R2=0.1878
2026-07-17 00:01:52,445 INFO protliggnn - Epoch 014 train diagnostics: Affinity Loss=2.7095 | Contact Loss=0.0453 | Total Loss=2.7140 | Pos Acc=0.0000 | Neg Acc=1.0000 | Precision=0.0000 | Recall=0.0000 | F1=0.0000 | Avg Prob=0.0078
2026-07-17 00:01:52,445 INFO protliggnn - Epoch 014 val diagnostics: Affinity Loss=2.7193 | Contact Loss=0.0510 | Total Loss=2.7244 | Pos Acc=0.0000 | Neg Acc=1.0000 | Precision=0.0000 | Recall=0.0000 | F1=0.0000 | Avg Prob=0.0084
2026-07-17 00:02:25,464 INFO protliggnn - Epoch 015 train loss=2.8860 PCC=0.4094 Spearman=0.3864 RMSE=1.6975 MAE=1.3623 R2=0.0430
2026-07-17 00:02:25,464 INFO protliggnn - Epoch 015 val loss=2.9645 PCC=0.5256 Spearman=0.4643 RMSE=1.7203 MAE=1.3613 R2=0.1161
2026-07-17 00:02:25,464 INFO protliggnn - Epoch 015 train diagnostics: Affinity Loss=2.8815 | Contact Loss=0.0453 | Total Loss=2.8860 | Pos Acc=0.0000 | Neg Acc=1.0000 | Precision=0.0000 | Recall=0.0000 | F1=0.0000 | Avg Prob=0.0078
2026-07-17 00:02:25,464 INFO protliggnn - Epoch 015 val diagnostics: Affinity Loss=2.9593 | Contact Loss=0.0512 | Total Loss=2.9645 | Pos Acc=0.0000 | Neg Acc=1.0000 | Precision=0.0000 | Recall=0.0000 | F1=0.0000 | Avg Prob=0.0063
2026-07-17 00:02:58,768 INFO protliggnn - Epoch 016 train loss=2.7909 PCC=0.4196 Spearman=0.4061 RMSE=1.6692 MAE=1.3338 R2=0.0746
2026-07-17 00:02:58,768 INFO protliggnn - Epoch 016 val loss=2.6233 PCC=0.5152 Spearman=0.4695 RMSE=1.6181 MAE=1.3186 R2=0.2180
2026-07-17 00:02:58,768 INFO protliggnn - Epoch 016 train diagnostics: Affinity Loss=2.7863 | Contact Loss=0.0453 | Total Loss=2.7909 | Pos Acc=0.0000 | Neg Acc=1.0000 | Precision=0.0000 | Recall=0.0000 | F1=0.0000 | Avg Prob=0.0074
2026-07-17 00:02:58,768 INFO protliggnn - Epoch 016 val diagnostics: Affinity Loss=2.6181 | Contact Loss=0.0514 | Total Loss=2.6233 | Pos Acc=0.0000 | Neg Acc=1.0000 | Precision=0.0000 | Recall=0.0000 | F1=0.0000 | Avg Prob=0.0060
2026-07-17 00:03:31,242 INFO protliggnn - Epoch 017 train loss=2.7160 PCC=0.4257 Spearman=0.4254 RMSE=1.6466 MAE=1.3077 R2=0.0995
2026-07-17 00:03:31,242 INFO protliggnn - Epoch 017 val loss=2.5049 PCC=0.5252 Spearman=0.4825 RMSE=1.5811 MAE=1.2545 R2=0.2534
2026-07-17 00:03:31,242 INFO protliggnn - Epoch 017 train diagnostics: Affinity Loss=2.7114 | Contact Loss=0.0452 | Total Loss=2.7160 | Pos Acc=0.0000 | Neg Acc=1.0000 | Precision=0.0000 | Recall=0.0000 | F1=0.0000 | Avg Prob=0.0077
2026-07-17 00:03:31,242 INFO protliggnn - Epoch 017 val diagnostics: Affinity Loss=2.4999 | Contact Loss=0.0509 | Total Loss=2.5049 | Pos Acc=0.0000 | Neg Acc=1.0000 | Precision=0.0000 | Recall=0.0000 | F1=0.0000 | Avg Prob=0.0090
2026-07-17 00:04:05,017 INFO protliggnn - Epoch 018 train loss=2.7214 PCC=0.4297 Spearman=0.4264 RMSE=1.6483 MAE=1.3307 R2=0.0977
2026-07-17 00:04:05,017 INFO protliggnn - Epoch 018 val loss=2.6225 PCC=0.5317 Spearman=0.4616 RMSE=1.6178 MAE=1.2814 R2=0.2183
2026-07-17 00:04:05,018 INFO protliggnn - Epoch 018 train diagnostics: Affinity Loss=2.7169 | Contact Loss=0.0454 | Total Loss=2.7214 | Pos Acc=0.0000 | Neg Acc=1.0000 | Precision=0.0000 | Recall=0.0000 | F1=0.0000 | Avg Prob=0.0079
2026-07-17 00:04:05,018 INFO protliggnn - Epoch 018 val diagnostics: Affinity Loss=2.6174 | Contact Loss=0.0512 | Total Loss=2.6225 | Pos Acc=0.0000 | Neg Acc=1.0000 | Precision=0.0000 | Recall=0.0000 | F1=0.0000 | Avg Prob=0.0071
2026-07-17 00:04:37,184 INFO protliggnn - Epoch 019 train loss=2.5537 PCC=0.4807 Spearman=0.4633 RMSE=1.5966 MAE=1.2869 R2=0.1534
2026-07-17 00:04:37,185 INFO protliggnn - Epoch 019 val loss=2.4889 PCC=0.6129 Spearman=0.5490 RMSE=1.5760 MAE=1.2340 R2=0.2582
2026-07-17 00:04:37,185 INFO protliggnn - Epoch 019 train diagnostics: Affinity Loss=2.5492 | Contact Loss=0.0453 | Total Loss=2.5537 | Pos Acc=0.0000 | Neg Acc=1.0000 | Precision=0.0000 | Recall=0.0000 | F1=0.0000 | Avg Prob=0.0076
2026-07-17 00:04:37,185 INFO protliggnn - Epoch 019 val diagnostics: Affinity Loss=2.4837 | Contact Loss=0.0519 | Total Loss=2.4889 | Pos Acc=0.0000 | Neg Acc=1.0000 | Precision=0.0000 | Recall=0.0000 | F1=0.0000 | Avg Prob=0.0059
2026-07-17 00:05:09,106 INFO protliggnn - Epoch 020 train loss=2.3690 PCC=0.5168 Spearman=0.5032 RMSE=1.5377 MAE=1.2404 R2=0.2148
2026-07-17 00:05:09,106 INFO protliggnn - Epoch 020 val loss=2.6189 PCC=0.5772 Spearman=0.5086 RMSE=1.6167 MAE=1.2599 R2=0.2193
2026-07-17 00:05:09,106 INFO protliggnn - Epoch 020 train diagnostics: Affinity Loss=2.3644 | Contact Loss=0.0456 | Total Loss=2.3690 | Pos Acc=0.0000 | Neg Acc=1.0000 | Precision=0.0000 | Recall=0.0000 | F1=0.0000 | Avg Prob=0.0076
2026-07-17 00:05:09,107 INFO protliggnn - Epoch 020 val diagnostics: Affinity Loss=2.6138 | Contact Loss=0.0511 | Total Loss=2.6189 | Pos Acc=0.0000 | Neg Acc=1.0000 | Precision=0.0000 | Recall=0.0000 | F1=0.0000 | Avg Prob=0.0081
2026-07-17 00:05:41,347 INFO protliggnn - Epoch 021 train loss=2.4478 PCC=0.5162 Spearman=0.4974 RMSE=1.5631 MAE=1.2650 R2=0.1886
2026-07-17 00:05:41,347 INFO protliggnn - Epoch 021 val loss=2.4470 PCC=0.6180 Spearman=0.5586 RMSE=1.5627 MAE=1.2272 R2=0.2707
2026-07-17 00:05:41,347 INFO protliggnn - Epoch 021 train diagnostics: Affinity Loss=2.4433 | Contact Loss=0.0454 | Total Loss=2.4478 | Pos Acc=0.0000 | Neg Acc=1.0000 | Precision=0.0000 | Recall=0.0000 | F1=0.0000 | Avg Prob=0.0076
2026-07-17 00:05:41,347 INFO protliggnn - Epoch 021 val diagnostics: Affinity Loss=2.4419 | Contact Loss=0.0511 | Total Loss=2.4470 | Pos Acc=0.0000 | Neg Acc=1.0000 | Precision=0.0000 | Recall=0.0000 | F1=0.0000 | Avg Prob=0.0084
2026-07-17 00:06:13,278 INFO protliggnn - Epoch 022 train loss=2.6422 PCC=0.4799 Spearman=0.4552 RMSE=1.6241 MAE=1.2685 R2=0.1240
2026-07-17 00:06:13,278 INFO protliggnn - Epoch 022 val loss=2.5479 PCC=0.5774 Spearman=0.4967 RMSE=1.5946 MAE=1.3008 R2=0.2405
2026-07-17 00:06:13,278 INFO protliggnn - Epoch 022 train diagnostics: Affinity Loss=2.6377 | Contact Loss=0.0454 | Total Loss=2.6422 | Pos Acc=0.0000 | Neg Acc=1.0000 | Precision=0.0000 | Recall=0.0000 | F1=0.0000 | Avg Prob=0.0077
2026-07-17 00:06:13,278 INFO protliggnn - Epoch 022 val diagnostics: Affinity Loss=2.5428 | Contact Loss=0.0517 | Total Loss=2.5479 | Pos Acc=0.0000 | Neg Acc=1.0000 | Precision=0.0000 | Recall=0.0000 | F1=0.0000 | Avg Prob=0.0060
2026-07-17 00:06:45,604 INFO protliggnn - Epoch 023 train loss=2.2551 PCC=0.5528 Spearman=0.5330 RMSE=1.5002 MAE=1.1871 R2=0.2526
2026-07-17 00:06:45,604 INFO protliggnn - Epoch 023 val loss=2.1249 PCC=0.6159 Spearman=0.5690 RMSE=1.4559 MAE=1.1652 R2=0.3669
2026-07-17 00:06:45,604 INFO protliggnn - Epoch 023 train diagnostics: Affinity Loss=2.2505 | Contact Loss=0.0455 | Total Loss=2.2551 | Pos Acc=0.0000 | Neg Acc=1.0000 | Precision=0.0000 | Recall=0.0000 | F1=0.0000 | Avg Prob=0.0078
2026-07-17 00:06:45,604 INFO protliggnn - Epoch 023 val diagnostics: Affinity Loss=2.1197 | Contact Loss=0.0513 | Total Loss=2.1249 | Pos Acc=0.0000 | Neg Acc=1.0000 | Precision=0.0000 | Recall=0.0000 | F1=0.0000 | Avg Prob=0.0069
2026-07-17 00:06:45,653 INFO protliggnn - Saved checkpoint for epoch 23 with validation RMSE 1.4559329072441523.
2026-07-17 00:07:18,804 INFO protliggnn - Epoch 024 train loss=2.3268 PCC=0.5421 Spearman=0.5105 RMSE=1.5239 MAE=1.2251 R2=0.2288
2026-07-17 00:07:18,804 INFO protliggnn - Epoch 024 val loss=2.4831 PCC=0.6473 Spearman=0.5978 RMSE=1.5742 MAE=1.2613 R2=0.2599
2026-07-17 00:07:18,805 INFO protliggnn - Epoch 024 train diagnostics: Affinity Loss=2.3222 | Contact Loss=0.0454 | Total Loss=2.3268 | Pos Acc=0.0000 | Neg Acc=1.0000 | Precision=0.0000 | Recall=0.0000 | F1=0.0000 | Avg Prob=0.0077
2026-07-17 00:07:18,805 INFO protliggnn - Epoch 024 val diagnostics: Affinity Loss=2.4780 | Contact Loss=0.0514 | Total Loss=2.4831 | Pos Acc=0.0000 | Neg Acc=1.0000 | Precision=0.0000 | Recall=0.0000 | F1=0.0000 | Avg Prob=0.0072
2026-07-17 00:07:51,523 INFO protliggnn - Epoch 025 train loss=2.2245 PCC=0.5701 Spearman=0.5322 RMSE=1.4900 MAE=1.1967 R2=0.2627
2026-07-17 00:07:51,523 INFO protliggnn - Epoch 025 val loss=2.1049 PCC=0.6607 Spearman=0.6253 RMSE=1.4491 MAE=1.1970 R2=0.3728
2026-07-17 00:07:51,523 INFO protliggnn - Epoch 025 train diagnostics: Affinity Loss=2.2200 | Contact Loss=0.0455 | Total Loss=2.2245 | Pos Acc=0.0000 | Neg Acc=1.0000 | Precision=0.0000 | Recall=0.0000 | F1=0.0000 | Avg Prob=0.0078
2026-07-17 00:07:51,523 INFO protliggnn - Epoch 025 val diagnostics: Affinity Loss=2.0998 | Contact Loss=0.0510 | Total Loss=2.1049 | Pos Acc=0.0000 | Neg Acc=1.0000 | Precision=0.0000 | Recall=0.0000 | F1=0.0000 | Avg Prob=0.0088
2026-07-17 00:07:51,575 INFO protliggnn - Saved checkpoint for epoch 25 with validation RMSE 1.4490707607771456.
2026-07-17 00:08:24,098 INFO protliggnn - Epoch 026 train loss=2.3153 PCC=0.5427 Spearman=0.5405 RMSE=1.5201 MAE=1.1937 R2=0.2326
2026-07-17 00:08:24,098 INFO protliggnn - Epoch 026 val loss=2.6280 PCC=0.6577 Spearman=0.5761 RMSE=1.6195 MAE=1.2649 R2=0.2166
2026-07-17 00:08:24,098 INFO protliggnn - Epoch 026 train diagnostics: Affinity Loss=2.3108 | Contact Loss=0.0453 | Total Loss=2.3153 | Pos Acc=0.0000 | Neg Acc=1.0000 | Precision=0.0000 | Recall=0.0000 | F1=0.0000 | Avg Prob=0.0079
2026-07-17 00:08:24,098 INFO protliggnn - Epoch 026 val diagnostics: Affinity Loss=2.6229 | Contact Loss=0.0509 | Total Loss=2.6280 | Pos Acc=0.0000 | Neg Acc=1.0000 | Precision=0.0000 | Recall=0.0000 | F1=0.0000 | Avg Prob=0.0082
2026-07-17 00:08:56,745 INFO protliggnn - Epoch 027 train loss=2.2291 PCC=0.5726 Spearman=0.5567 RMSE=1.4915 MAE=1.1988 R2=0.2612
2026-07-17 00:08:56,746 INFO protliggnn - Epoch 027 val loss=2.6667 PCC=0.5517 Spearman=0.4810 RMSE=1.6314 MAE=1.3249 R2=0.2051
2026-07-17 00:08:56,746 INFO protliggnn - Epoch 027 train diagnostics: Affinity Loss=2.2246 | Contact Loss=0.0454 | Total Loss=2.2291 | Pos Acc=0.0000 | Neg Acc=1.0000 | Precision=0.0000 | Recall=0.0000 | F1=0.0000 | Avg Prob=0.0078
2026-07-17 00:08:56,746 INFO protliggnn - Epoch 027 val diagnostics: Affinity Loss=2.6616 | Contact Loss=0.0510 | Total Loss=2.6667 | Pos Acc=0.0000 | Neg Acc=1.0000 | Precision=0.0000 | Recall=0.0000 | F1=0.0000 | Avg Prob=0.0085
2026-07-17 00:09:29,110 INFO protliggnn - Epoch 028 train loss=1.9975 PCC=0.6216 Spearman=0.6163 RMSE=1.4117 MAE=1.1214 R2=0.3381
2026-07-17 00:09:29,111 INFO protliggnn - Epoch 028 val loss=2.4680 PCC=0.6218 Spearman=0.5645 RMSE=1.5694 MAE=1.2413 R2=0.2644
2026-07-17 00:09:29,111 INFO protliggnn - Epoch 028 train diagnostics: Affinity Loss=1.9930 | Contact Loss=0.0454 | Total Loss=1.9975 | Pos Acc=0.0000 | Neg Acc=1.0000 | Precision=0.0000 | Recall=0.0000 | F1=0.0000 | Avg Prob=0.0080
2026-07-17 00:09:29,111 INFO protliggnn - Epoch 028 val diagnostics: Affinity Loss=2.4629 | Contact Loss=0.0512 | Total Loss=2.4680 | Pos Acc=0.0000 | Neg Acc=1.0000 | Precision=0.0000 | Recall=0.0000 | F1=0.0000 | Avg Prob=0.0070
2026-07-17 00:10:01,004 INFO protliggnn - Epoch 029 train loss=2.1590 PCC=0.5920 Spearman=0.5754 RMSE=1.4678 MAE=1.1649 R2=0.2845
2026-07-17 00:10:01,004 INFO protliggnn - Epoch 029 val loss=2.0967 PCC=0.6433 Spearman=0.6075 RMSE=1.4462 MAE=1.1581 R2=0.3753
2026-07-17 00:10:01,004 INFO protliggnn - Epoch 029 train diagnostics: Affinity Loss=2.1545 | Contact Loss=0.0454 | Total Loss=2.1590 | Pos Acc=0.0000 | Neg Acc=1.0000 | Precision=0.0000 | Recall=0.0000 | F1=0.0000 | Avg Prob=0.0077
2026-07-17 00:10:01,004 INFO protliggnn - Epoch 029 val diagnostics: Affinity Loss=2.0916 | Contact Loss=0.0511 | Total Loss=2.0967 | Pos Acc=0.0000 | Neg Acc=1.0000 | Precision=0.0000 | Recall=0.0000 | F1=0.0000 | Avg Prob=0.0078
2026-07-17 00:10:01,055 INFO protliggnn - Saved checkpoint for epoch 29 with validation RMSE 1.4462484239319362.
2026-07-17 00:10:33,885 INFO protliggnn - Epoch 030 train loss=2.1091 PCC=0.6102 Spearman=0.5918 RMSE=1.4507 MAE=1.1481 R2=0.3011
2026-07-17 00:10:33,885 INFO protliggnn - Epoch 030 val loss=2.5985 PCC=0.5167 Spearman=0.4246 RMSE=1.6104 MAE=1.2774 R2=0.2254
2026-07-17 00:10:33,885 INFO protliggnn - Epoch 030 train diagnostics: Affinity Loss=2.1045 | Contact Loss=0.0453 | Total Loss=2.1091 | Pos Acc=0.0000 | Neg Acc=1.0000 | Precision=0.0000 | Recall=0.0000 | F1=0.0000 | Avg Prob=0.0078
2026-07-17 00:10:33,885 INFO protliggnn - Epoch 030 val diagnostics: Affinity Loss=2.5934 | Contact Loss=0.0513 | Total Loss=2.5985 | Pos Acc=0.0000 | Neg Acc=1.0000 | Precision=0.0000 | Recall=0.0000 | F1=0.0000 | Avg Prob=0.0067
2026-07-17 00:11:06,305 INFO protliggnn - Epoch 031 train loss=2.2261 PCC=0.5918 Spearman=0.5692 RMSE=1.4905 MAE=1.1691 R2=0.2622
2026-07-17 00:11:06,305 INFO protliggnn - Epoch 031 val loss=2.2205 PCC=0.6484 Spearman=0.5881 RMSE=1.4884 MAE=1.1734 R2=0.3383
2026-07-17 00:11:06,305 INFO protliggnn - Epoch 031 train diagnostics: Affinity Loss=2.2216 | Contact Loss=0.0453 | Total Loss=2.2261 | Pos Acc=0.0000 | Neg Acc=1.0000 | Precision=0.0000 | Recall=0.0000 | F1=0.0000 | Avg Prob=0.0079
2026-07-17 00:11:06,305 INFO protliggnn - Epoch 031 val diagnostics: Affinity Loss=2.2154 | Contact Loss=0.0512 | Total Loss=2.2205 | Pos Acc=0.0000 | Neg Acc=1.0000 | Precision=0.0000 | Recall=0.0000 | F1=0.0000 | Avg Prob=0.0067
2026-07-17 00:11:39,837 INFO protliggnn - Epoch 032 train loss=2.1270 PCC=0.5983 Spearman=0.5833 RMSE=1.4569 MAE=1.1550 R2=0.2951
2026-07-17 00:11:39,837 INFO protliggnn - Epoch 032 val loss=3.0173 PCC=0.6375 Spearman=0.6048 RMSE=1.7355 MAE=1.3388 R2=0.1004
2026-07-17 00:11:39,837 INFO protliggnn - Epoch 032 train diagnostics: Affinity Loss=2.1225 | Contact Loss=0.0452 | Total Loss=2.1270 | Pos Acc=0.0000 | Neg Acc=1.0000 | Precision=0.0000 | Recall=0.0000 | F1=0.0000 | Avg Prob=0.0076
2026-07-17 00:11:39,837 INFO protliggnn - Epoch 032 val diagnostics: Affinity Loss=3.0121 | Contact Loss=0.0514 | Total Loss=3.0173 | Pos Acc=0.0000 | Neg Acc=1.0000 | Precision=0.0000 | Recall=0.0000 | F1=0.0000 | Avg Prob=0.0083
2026-07-17 00:12:12,488 INFO protliggnn - Epoch 033 train loss=1.9727 PCC=0.6312 Spearman=0.6297 RMSE=1.4029 MAE=1.0904 R2=0.3463
2026-07-17 00:12:12,488 INFO protliggnn - Epoch 033 val loss=2.7710 PCC=0.6476 Spearman=0.5956 RMSE=1.6631 MAE=1.3168 R2=0.1739
2026-07-17 00:12:12,488 INFO protliggnn - Epoch 033 train diagnostics: Affinity Loss=1.9682 | Contact Loss=0.0453 | Total Loss=1.9727 | Pos Acc=0.0000 | Neg Acc=1.0000 | Precision=0.0000 | Recall=0.0000 | F1=0.0000 | Avg Prob=0.0076
2026-07-17 00:12:12,488 INFO protliggnn - Epoch 033 val diagnostics: Affinity Loss=2.7658 | Contact Loss=0.0513 | Total Loss=2.7710 | Pos Acc=0.0000 | Neg Acc=1.0000 | Precision=0.0000 | Recall=0.0000 | F1=0.0000 | Avg Prob=0.0058
2026-07-17 00:12:46,055 INFO protliggnn - Epoch 034 train loss=1.8974 PCC=0.6532 Spearman=0.6429 RMSE=1.3758 MAE=1.0881 R2=0.3713
2026-07-17 00:12:46,055 INFO protliggnn - Epoch 034 val loss=2.0455 PCC=0.6745 Spearman=0.6333 RMSE=1.4284 MAE=1.1415 R2=0.3906
2026-07-17 00:12:46,056 INFO protliggnn - Epoch 034 train diagnostics: Affinity Loss=1.8929 | Contact Loss=0.0453 | Total Loss=1.8974 | Pos Acc=0.0000 | Neg Acc=1.0000 | Precision=0.0000 | Recall=0.0000 | F1=0.0000 | Avg Prob=0.0076
2026-07-17 00:12:46,056 INFO protliggnn - Epoch 034 val diagnostics: Affinity Loss=2.0404 | Contact Loss=0.0512 | Total Loss=2.0455 | Pos Acc=0.0000 | Neg Acc=1.0000 | Precision=0.0000 | Recall=0.0000 | F1=0.0000 | Avg Prob=0.0061
2026-07-17 00:12:46,110 INFO protliggnn - Saved checkpoint for epoch 34 with validation RMSE 1.4284326282492803.
2026-07-17 00:13:18,673 INFO protliggnn - Epoch 035 train loss=1.9556 PCC=0.6252 Spearman=0.5974 RMSE=1.3968 MAE=1.1288 R2=0.3520
2026-07-17 00:13:18,673 INFO protliggnn - Epoch 035 val loss=2.3481 PCC=0.6282 Spearman=0.5566 RMSE=1.5307 MAE=1.2624 R2=0.3002
2026-07-17 00:13:18,674 INFO protliggnn - Epoch 035 train diagnostics: Affinity Loss=1.9511 | Contact Loss=0.0452 | Total Loss=1.9556 | Pos Acc=0.0000 | Neg Acc=1.0000 | Precision=0.0000 | Recall=0.0000 | F1=0.0000 | Avg Prob=0.0075
2026-07-17 00:13:18,674 INFO protliggnn - Epoch 035 val diagnostics: Affinity Loss=2.3430 | Contact Loss=0.0509 | Total Loss=2.3481 | Pos Acc=0.0000 | Neg Acc=1.0000 | Precision=0.0000 | Recall=0.0000 | F1=0.0000 | Avg Prob=0.0070
2026-07-17 00:13:51,627 INFO protliggnn - Epoch 036 train loss=1.7179 PCC=0.6871 Spearman=0.6751 RMSE=1.3090 MAE=1.0423 R2=0.4310
2026-07-17 00:13:51,627 INFO protliggnn - Epoch 036 val loss=1.8870 PCC=0.6763 Spearman=0.6288 RMSE=1.3718 MAE=1.1194 R2=0.4379
2026-07-17 00:13:51,627 INFO protliggnn - Epoch 036 train diagnostics: Affinity Loss=1.7134 | Contact Loss=0.0452 | Total Loss=1.7179 | Pos Acc=0.0000 | Neg Acc=1.0000 | Precision=0.0000 | Recall=0.0000 | F1=0.0000 | Avg Prob=0.0076
2026-07-17 00:13:51,629 INFO protliggnn - Epoch 036 val diagnostics: Affinity Loss=1.8819 | Contact Loss=0.0510 | Total Loss=1.8870 | Pos Acc=0.0000 | Neg Acc=1.0000 | Precision=0.0000 | Recall=0.0000 | F1=0.0000 | Avg Prob=0.0063
2026-07-17 00:13:51,684 INFO protliggnn - Saved checkpoint for epoch 36 with validation RMSE 1.3718130675399522.
2026-07-17 00:14:26,558 INFO protliggnn - Epoch 037 train loss=1.8344 PCC=0.6644 Spearman=0.6619 RMSE=1.3528 MAE=1.0684 R2=0.3923
2026-07-17 00:14:26,559 INFO protliggnn - Epoch 037 val loss=2.2422 PCC=0.6087 Spearman=0.5423 RMSE=1.4957 MAE=1.2386 R2=0.3318
2026-07-17 00:14:26,559 INFO protliggnn - Epoch 037 train diagnostics: Affinity Loss=1.8299 | Contact Loss=0.0451 | Total Loss=1.8344 | Pos Acc=0.0000 | Neg Acc=1.0000 | Precision=0.0000 | Recall=0.0000 | F1=0.0000 | Avg Prob=0.0073
2026-07-17 00:14:26,559 INFO protliggnn - Epoch 037 val diagnostics: Affinity Loss=2.2371 | Contact Loss=0.0510 | Total Loss=2.2422 | Pos Acc=0.0000 | Neg Acc=1.0000 | Precision=0.0000 | Recall=0.0000 | F1=0.0000 | Avg Prob=0.0060
2026-07-17 00:15:00,092 INFO protliggnn - Epoch 038 train loss=1.8768 PCC=0.6660 Spearman=0.6536 RMSE=1.3683 MAE=1.0739 R2=0.3782
2026-07-17 00:15:00,092 INFO protliggnn - Epoch 038 val loss=2.2278 PCC=0.6512 Spearman=0.5906 RMSE=1.4909 MAE=1.1850 R2=0.3361
2026-07-17 00:15:00,092 INFO protliggnn - Epoch 038 train diagnostics: Affinity Loss=1.8723 | Contact Loss=0.0451 | Total Loss=1.8768 | Pos Acc=0.0000 | Neg Acc=1.0000 | Precision=0.0000 | Recall=0.0000 | F1=0.0000 | Avg Prob=0.0072
2026-07-17 00:15:00,092 INFO protliggnn - Epoch 038 val diagnostics: Affinity Loss=2.2227 | Contact Loss=0.0507 | Total Loss=2.2278 | Pos Acc=0.0000 | Neg Acc=1.0000 | Precision=0.0000 | Recall=0.0000 | F1=0.0000 | Avg Prob=0.0090
2026-07-17 00:15:32,034 INFO protliggnn - Epoch 039 train loss=1.6198 PCC=0.7110 Spearman=0.7052 RMSE=1.2709 MAE=1.0019 R2=0.4635
2026-07-17 00:15:32,034 INFO protliggnn - Epoch 039 val loss=2.1740 PCC=0.6249 Spearman=0.5649 RMSE=1.4727 MAE=1.1841 R2=0.3522
2026-07-17 00:15:32,034 INFO protliggnn - Epoch 039 train diagnostics: Affinity Loss=1.6153 | Contact Loss=0.0451 | Total Loss=1.6198 | Pos Acc=0.0000 | Neg Acc=1.0000 | Precision=0.0000 | Recall=0.0000 | F1=0.0000 | Avg Prob=0.0075
2026-07-17 00:15:32,034 INFO protliggnn - Epoch 039 val diagnostics: Affinity Loss=2.1689 | Contact Loss=0.0507 | Total Loss=2.1740 | Pos Acc=0.0000 | Neg Acc=1.0000 | Precision=0.0000 | Recall=0.0000 | F1=0.0000 | Avg Prob=0.0076
2026-07-17 00:16:05,001 INFO protliggnn - Epoch 040 train loss=1.4283 PCC=0.7443 Spearman=0.7355 RMSE=1.1932 MAE=0.9403 R2=0.5272
2026-07-17 00:16:05,001 INFO protliggnn - Epoch 040 val loss=2.9026 PCC=0.6437 Spearman=0.5809 RMSE=1.7022 MAE=1.3938 R2=0.1346
2026-07-17 00:16:05,001 INFO protliggnn - Epoch 040 train diagnostics: Affinity Loss=1.4238 | Contact Loss=0.0454 | Total Loss=1.4283 | Pos Acc=0.0000 | Neg Acc=1.0000 | Precision=0.0000 | Recall=0.0000 | F1=0.0000 | Avg Prob=0.0075
2026-07-17 00:16:05,001 INFO protliggnn - Epoch 040 val diagnostics: Affinity Loss=2.8975 | Contact Loss=0.0508 | Total Loss=2.9026 | Pos Acc=0.0000 | Neg Acc=1.0000 | Precision=0.0000 | Recall=0.0000 | F1=0.0000 | Avg Prob=0.0080
2026-07-17 00:16:38,214 INFO protliggnn - Epoch 041 train loss=1.7953 PCC=0.6835 Spearman=0.6837 RMSE=1.3382 MAE=1.0613 R2=0.4053
2026-07-17 00:16:38,214 INFO protliggnn - Epoch 041 val loss=2.0299 PCC=0.6788 Spearman=0.6404 RMSE=1.4229 MAE=1.1149 R2=0.3953
2026-07-17 00:16:38,214 INFO protliggnn - Epoch 041 train diagnostics: Affinity Loss=1.7908 | Contact Loss=0.0452 | Total Loss=1.7953 | Pos Acc=0.0000 | Neg Acc=1.0000 | Precision=0.0000 | Recall=0.0000 | F1=0.0000 | Avg Prob=0.0074
2026-07-17 00:16:38,214 INFO protliggnn - Epoch 041 val diagnostics: Affinity Loss=2.0247 | Contact Loss=0.0511 | Total Loss=2.0299 | Pos Acc=0.0000 | Neg Acc=1.0000 | Precision=0.0000 | Recall=0.0000 | F1=0.0000 | Avg Prob=0.0066
2026-07-17 00:17:10,703 INFO protliggnn - Epoch 042 train loss=1.8148 PCC=0.6723 Spearman=0.6736 RMSE=1.3455 MAE=1.0467 R2=0.3988
2026-07-17 00:17:10,703 INFO protliggnn - Epoch 042 val loss=2.3068 PCC=0.6648 Spearman=0.6446 RMSE=1.5171 MAE=1.2879 R2=0.3125
2026-07-17 00:17:10,703 INFO protliggnn - Epoch 042 train diagnostics: Affinity Loss=1.8103 | Contact Loss=0.0451 | Total Loss=1.8148 | Pos Acc=0.0000 | Neg Acc=1.0000 | Precision=0.0000 | Recall=0.0000 | F1=0.0000 | Avg Prob=0.0074
2026-07-17 00:17:10,703 INFO protliggnn - Epoch 042 val diagnostics: Affinity Loss=2.3017 | Contact Loss=0.0510 | Total Loss=2.3068 | Pos Acc=0.0000 | Neg Acc=1.0000 | Precision=0.0000 | Recall=0.0000 | F1=0.0000 | Avg Prob=0.0067
2026-07-17 00:17:43,783 INFO protliggnn - Epoch 043 train loss=1.4579 PCC=0.7380 Spearman=0.7267 RMSE=1.2056 MAE=0.9489 R2=0.5173
2026-07-17 00:17:43,783 INFO protliggnn - Epoch 043 val loss=2.0874 PCC=0.6195 Spearman=0.5749 RMSE=1.4430 MAE=1.2086 R2=0.3781
2026-07-17 00:17:43,783 INFO protliggnn - Epoch 043 train diagnostics: Affinity Loss=1.4534 | Contact Loss=0.0451 | Total Loss=1.4579 | Pos Acc=0.0000 | Neg Acc=1.0000 | Precision=0.0000 | Recall=0.0000 | F1=0.0000 | Avg Prob=0.0073
2026-07-17 00:17:43,783 INFO protliggnn - Epoch 043 val diagnostics: Affinity Loss=2.0824 | Contact Loss=0.0504 | Total Loss=2.0874 | Pos Acc=0.0000 | Neg Acc=1.0000 | Precision=0.0000 | Recall=0.0000 | F1=0.0000 | Avg Prob=0.0077
2026-07-17 00:18:15,913 INFO protliggnn - Epoch 044 train loss=1.3320 PCC=0.7620 Spearman=0.7548 RMSE=1.1522 MAE=0.9028 R2=0.5591
2026-07-17 00:18:15,913 INFO protliggnn - Epoch 044 val loss=2.2008 PCC=0.6232 Spearman=0.5826 RMSE=1.4818 MAE=1.1767 R2=0.3442
2026-07-17 00:18:15,913 INFO protliggnn - Epoch 044 train diagnostics: Affinity Loss=1.3275 | Contact Loss=0.0450 | Total Loss=1.3320 | Pos Acc=0.0000 | Neg Acc=1.0000 | Precision=0.0000 | Recall=0.0000 | F1=0.0000 | Avg Prob=0.0072
2026-07-17 00:18:15,913 INFO protliggnn - Epoch 044 val diagnostics: Affinity Loss=2.1957 | Contact Loss=0.0508 | Total Loss=2.2008 | Pos Acc=0.0000 | Neg Acc=1.0000 | Precision=0.0000 | Recall=0.0000 | F1=0.0000 | Avg Prob=0.0063
2026-07-17 00:18:48,104 INFO protliggnn - Epoch 045 train loss=1.6500 PCC=0.7159 Spearman=0.7056 RMSE=1.2828 MAE=1.0063 R2=0.4535
2026-07-17 00:18:48,104 INFO protliggnn - Epoch 045 val loss=2.2575 PCC=0.6214 Spearman=0.5598 RMSE=1.5008 MAE=1.1979 R2=0.3273
2026-07-17 00:18:48,104 INFO protliggnn - Epoch 045 train diagnostics: Affinity Loss=1.6455 | Contact Loss=0.0448 | Total Loss=1.6500 | Pos Acc=0.0000 | Neg Acc=1.0000 | Precision=0.0000 | Recall=0.0000 | F1=0.0000 | Avg Prob=0.0073
2026-07-17 00:18:48,104 INFO protliggnn - Epoch 045 val diagnostics: Affinity Loss=2.2524 | Contact Loss=0.0506 | Total Loss=2.2575 | Pos Acc=0.0000 | Neg Acc=1.0000 | Precision=0.0000 | Recall=0.0000 | F1=0.0000 | Avg Prob=0.0070
2026-07-17 00:19:22,074 INFO protliggnn - Epoch 046 train loss=1.3769 PCC=0.7608 Spearman=0.7462 RMSE=1.1715 MAE=0.9252 R2=0.5442
2026-07-17 00:19:22,074 INFO protliggnn - Epoch 046 val loss=2.4092 PCC=0.5770 Spearman=0.5157 RMSE=1.5505 MAE=1.2187 R2=0.2819
2026-07-17 00:19:22,074 INFO protliggnn - Epoch 046 train diagnostics: Affinity Loss=1.3725 | Contact Loss=0.0448 | Total Loss=1.3769 | Pos Acc=0.0000 | Neg Acc=1.0000 | Precision=0.0000 | Recall=0.0000 | F1=0.0000 | Avg Prob=0.0073
2026-07-17 00:19:22,074 INFO protliggnn - Epoch 046 val diagnostics: Affinity Loss=2.4042 | Contact Loss=0.0507 | Total Loss=2.4092 | Pos Acc=0.0000 | Neg Acc=1.0000 | Precision=0.0000 | Recall=0.0000 | F1=0.0000 | Avg Prob=0.0073
2026-07-17 00:19:22,074 INFO protliggnn - Early stopping triggered at epoch 46. Best epoch was 36.
2026-07-17 00:19:22,162 INFO protliggnn - Loaded best model from epoch 36 at D:\ProtLigGnn\experiments\run_005\checkpoint.pt
2026-07-17 00:19:24,056 INFO protliggnn - Test loss=2.6333 PCC=0.5688 Spearman=0.5301 RMSE=1.6213 MAE=1.2656 R2=0.3133
2026-07-17 00:19:27,638 INFO protliggnn - Wrote metrics, predictions, plots, and error analysis.
2026-07-17 00:19:27,673 INFO protliggnn - Experiment artifacts saved to D:\ProtLigGnn\experiments\run_005
