2026-07-16 23:07:28,351 INFO protliggnn - Experiment directory: experiments\run_002
2026-07-16 23:07:28,352 INFO protliggnn - CLI arguments: {'data_dir': 'data/pdbbind2020', 'device': 'cuda:0', 'epochs': 50, 'batch_size': 8, 'lr': 0.001, 'weight_decay': 1e-05, 'patience': 10, 'seed': 42, 'max_samples': 1000, 'run_name': 'protliggnn_benchmark_seed_42', 'no_crossgraph': False, 'save_path': 'experiments\\run_002\\checkpoint.pt', 'split_strategy': 'random', 'split_dir': 'splits', 'fixed_split_dir': None, 'val_fraction': 0.1, 'test_fraction': 0.1, 'dataset_version': 'pdbbind2020_local', 'experiments_root': 'experiments', 'experiment_dir': 'experiments\\run_002', 'experiment_id': None, 'num_workers': 0, 'pin_memory': False, 'disable_experiment_tracking': False, 'resume': None, 'allow_duplicate': True, 'hidden_dim': 256, 'dropout': 0.2, 'optimizer': 'adam', 'scheduler': 'none', 'grad_clip': None, 'no_residual': False, 'no_layernorm': False, 'no_attention': False, 'pooling': 'mean', 'log_level': 'INFO', 'model_type': 'soft_routing', 'router_type': 'linear', 'routing_level': 'embedding', 'gate_regularization': 0.0, 'entropy_regularization': 0.01, 'sparsity_regularization': 0.0, 'diversity_regularization': 0.0, 'router_capacity': 'base', 'contact_threshold': 4.0, 'loss_weight': 0.1, 'loss_weight_strategy': 'fixed', 'contact_hidden_dim': 128, 'rbf_basis': 32, 'rbf_start': 0.0, 'rbf_stop': 12.0, 'rbf_proj_dim': 32, 'interaction_dim': 32, 'latent_dim': 32, 'chemistry_dim': 32, 'representation_dim': 32, 'attention_bias_type': 'rbf', 'attention_learnable_scale': 'true', 'attention_initial_alpha': 0.1, 'attention_normalize_bias': 'true', 'experiment_purpose': 'benchmark', 'research_question': 'Can ProtLigGNN reproducibly predict protein-ligand affinity under this benchmark configuration?', 'author': 'unknown', 'description': '', 'notes': '', 'tags': '', 'expected_outcome': '', 'current_milestone': 'research-infrastructure', 'architecture_version': 'protliggnn-v1', 'research_version': 'Validated Baseline v0.95'}
2026-07-16 23:07:28,352 INFO protliggnn - Loading dataset from D:\ProtLigGnn\data\pdbbind2020
2026-07-16 23:07:28,353 WARNING protliggnn.train - Censored or approximate affinity label detected: 'Kd<10uM' (relation: '<'). Treating as exact value.
2026-07-16 23:07:28,353 WARNING protliggnn.train - Censored or approximate affinity label detected: 'Ki<=17nM' (relation: '<='). Treating as exact value.
2026-07-16 23:07:28,353 WARNING protliggnn.train - Censored or approximate affinity label detected: 'IC50<=3.5nM' (relation: '<='). Treating as exact value.
2026-07-16 23:07:28,353 WARNING protliggnn.train - Censored or approximate affinity label detected: 'Ki<1.0nM' (relation: '<'). Treating as exact value.
2026-07-16 23:07:28,353 WARNING protliggnn.train - Censored or approximate affinity label detected: 'Ki<10uM' (relation: '<'). Treating as exact value.
2026-07-16 23:07:28,353 WARNING protliggnn.train - Censored or approximate affinity label detected: 'Ki<1nM' (relation: '<'). Treating as exact value.
2026-07-16 23:07:28,353 WARNING protliggnn.train - Censored or approximate affinity label detected: 'IC50<=2.0nM' (relation: '<='). Treating as exact value.
2026-07-16 23:07:28,353 WARNING protliggnn.train - Censored or approximate affinity label detected: 'IC50~10uM' (relation: '~'). Treating as exact value.
2026-07-16 23:07:28,353 WARNING protliggnn.train - Censored or approximate affinity label detected: 'Ki<0.01nM' (relation: '<'). Treating as exact value.
2026-07-16 23:07:28,354 WARNING protliggnn.train - Censored or approximate affinity label detected: 'Ki<=100nM' (relation: '<='). Treating as exact value.
2026-07-16 23:07:28,354 WARNING protliggnn.train - Censored or approximate affinity label detected: 'Ki<21nM' (relation: '<'). Treating as exact value.
2026-07-16 23:07:28,354 WARNING protliggnn.train - Censored or approximate affinity label detected: 'Ki~0.1pM' (relation: '~'). Treating as exact value.
2026-07-16 23:07:28,355 WARNING protliggnn.train - Censored or approximate affinity label detected: 'Kd<=100uM' (relation: '<='). Treating as exact value.
2026-07-16 23:07:28,355 WARNING protliggnn.train - Censored or approximate affinity label detected: 'Kd~10pM' (relation: '~'). Treating as exact value.
2026-07-16 23:07:28,413 WARNING protliggnn.train - Censored or approximate affinity label detected: 'Kd~1pM' (relation: '~'). Treating as exact value.
2026-07-16 23:07:28,413 WARNING protliggnn.train - Censored or approximate affinity label detected: 'Kd~1pM' (relation: '~'). Treating as exact value.
2026-07-16 23:07:28,415 WARNING protliggnn.train - Censored or approximate affinity label detected: 'Kd<0.010uM' (relation: '<'). Treating as exact value.
2026-07-16 23:07:28,416 WARNING protliggnn.train - Censored or approximate affinity label detected: 'Kd~0.1uM' (relation: '~'). Treating as exact value.
2026-07-16 23:07:28,416 WARNING protliggnn.train - Censored or approximate affinity label detected: 'Ki<0.3uM' (relation: '<'). Treating as exact value.
2026-07-16 23:07:28,417 WARNING protliggnn.train - Censored or approximate affinity label detected: 'IC50<0.003uM' (relation: '<'). Treating as exact value.
2026-07-16 23:07:28,417 WARNING protliggnn.train - Censored or approximate affinity label detected: 'IC50<0.05uM' (relation: '<'). Treating as exact value.
2026-07-16 23:07:28,417 WARNING protliggnn.train - Censored or approximate affinity label detected: 'IC50<0.05uM' (relation: '<'). Treating as exact value.
2026-07-16 23:07:28,417 WARNING protliggnn.train - Censored or approximate affinity label detected: 'IC50~5mM' (relation: '~'). Treating as exact value.
2026-07-16 23:07:28,417 WARNING protliggnn.train - Censored or approximate affinity label detected: 'Kd<0.12nM' (relation: '<'). Treating as exact value.
2026-07-16 23:07:28,418 WARNING protliggnn.train - Censored or approximate affinity label detected: 'Kd~0.69pM' (relation: '~'). Treating as exact value.
2026-07-16 23:07:28,418 WARNING protliggnn.train - Censored or approximate affinity label detected: 'Kd~11pM' (relation: '~'). Treating as exact value.
2026-07-16 23:07:28,418 WARNING protliggnn.train - Censored or approximate affinity label detected: 'Kd~28pM' (relation: '~'). Treating as exact value.
2026-07-16 23:07:28,418 WARNING protliggnn.train - Censored or approximate affinity label detected: 'IC50<0.003uM' (relation: '<'). Treating as exact value.
2026-07-16 23:07:28,419 WARNING protliggnn.train - Censored or approximate affinity label detected: 'IC50<20nM' (relation: '<'). Treating as exact value.
2026-07-16 23:07:28,419 WARNING protliggnn.train - Censored or approximate affinity label detected: 'IC50<5nM' (relation: '<'). Treating as exact value.
2026-07-16 23:07:28,420 WARNING protliggnn.train - Censored or approximate affinity label detected: 'Kd~1nM' (relation: '~'). Treating as exact value.
2026-07-16 23:07:28,420 WARNING protliggnn.train - Censored or approximate affinity label detected: 'Kd~1nM' (relation: '~'). Treating as exact value.
2026-07-16 23:07:28,420 WARNING protliggnn.train - Censored or approximate affinity label detected: 'Ki<10nM' (relation: '<'). Treating as exact value.
2026-07-16 23:07:28,422 WARNING protliggnn.train - Censored or approximate affinity label detected: 'Kd<10uM' (relation: '<'). Treating as exact value.
2026-07-16 23:07:28,423 WARNING protliggnn.train - Censored or approximate affinity label detected: 'IC50<100nM' (relation: '<'). Treating as exact value.
2026-07-16 23:07:28,425 WARNING protliggnn.train - Censored or approximate affinity label detected: 'Kd<2pM' (relation: '<'). Treating as exact value.
2026-07-16 23:07:28,426 WARNING protliggnn.train - Censored or approximate affinity label detected: 'Kd~50uM' (relation: '~'). Treating as exact value.
2026-07-16 23:07:28,426 WARNING protliggnn.train - Censored or approximate affinity label detected: 'Ki<=0.6nM' (relation: '<='). Treating as exact value.
2026-07-16 23:07:28,430 WARNING protliggnn.train - Censored or approximate affinity label detected: 'Kd~100uM' (relation: '~'). Treating as exact value.
2026-07-16 23:07:28,431 WARNING protliggnn.train - Censored or approximate affinity label detected: 'Kd~100uM' (relation: '~'). Treating as exact value.
2026-07-16 23:07:28,433 WARNING protliggnn.train - Censored or approximate affinity label detected: 'IC50<0.04nM' (relation: '<'). Treating as exact value.
2026-07-16 23:07:29,572 WARNING protliggnn.train - Censored or approximate affinity label detected: 'Kd~10nM' (relation: '~'). Treating as exact value.
2026-07-16 23:07:29,573 WARNING protliggnn.train - Censored or approximate affinity label detected: 'IC50<0.5nM' (relation: '<'). Treating as exact value.
2026-07-16 23:07:29,576 WARNING protliggnn.train - Censored or approximate affinity label detected: 'Kd~40mM' (relation: '~'). Treating as exact value.
2026-07-16 23:07:29,576 WARNING protliggnn.train - Censored or approximate affinity label detected: 'Ki<10uM' (relation: '<'). Treating as exact value.
2026-07-16 23:07:29,577 WARNING protliggnn.train - Censored or approximate affinity label detected: 'IC50<1.0nM' (relation: '<'). Treating as exact value.
2026-07-16 23:07:29,577 WARNING protliggnn.train - Censored or approximate affinity label detected: 'IC50<2nM' (relation: '<'). Treating as exact value.
2026-07-16 23:07:29,578 WARNING protliggnn.train - Censored or approximate affinity label detected: 'IC50<3nM' (relation: '<'). Treating as exact value.
2026-07-16 23:07:29,578 WARNING protliggnn.train - Censored or approximate affinity label detected: 'IC50<=1nM' (relation: '<='). Treating as exact value.
2026-07-16 23:07:29,579 WARNING protliggnn.train - Censored or approximate affinity label detected: 'Kd<1nM' (relation: '<'). Treating as exact value.
2026-07-16 23:07:29,581 WARNING protliggnn.train - Censored or approximate affinity label detected: 'Kd~1nM' (relation: '~'). Treating as exact value.
2026-07-16 23:07:29,581 WARNING protliggnn.train - Censored or approximate affinity label detected: 'Kd~1nM' (relation: '~'). Treating as exact value.
2026-07-16 23:07:29,582 WARNING protliggnn.train - Censored or approximate affinity label detected: 'IC50<2nM' (relation: '<'). Treating as exact value.
2026-07-16 23:07:29,584 WARNING protliggnn.train - Censored or approximate affinity label detected: 'IC50~1mM' (relation: '~'). Treating as exact value.
2026-07-16 23:07:29,584 WARNING protliggnn.train - Censored or approximate affinity label detected: 'IC50~20mM' (relation: '~'). Treating as exact value.
2026-07-16 23:07:29,585 WARNING protliggnn.train - Censored or approximate affinity label detected: 'Kd<0.1nM' (relation: '<'). Treating as exact value.
2026-07-16 23:07:29,585 WARNING protliggnn.train - Censored or approximate affinity label detected: 'Kd<1mM' (relation: '<'). Treating as exact value.
2026-07-16 23:07:29,585 WARNING protliggnn.train - Censored or approximate affinity label detected: 'Kd<60uM' (relation: '<'). Treating as exact value.
2026-07-16 23:07:29,587 WARNING protliggnn.train - Censored or approximate affinity label detected: 'Kd~300uM' (relation: '~'). Treating as exact value.
2026-07-16 23:07:29,587 WARNING protliggnn.train - Censored or approximate affinity label detected: 'Ki<50.0nM' (relation: '<'). Treating as exact value.
2026-07-16 23:07:29,588 WARNING protliggnn.train - Censored or approximate affinity label detected: 'Ki~5mM' (relation: '~'). Treating as exact value.
2026-07-16 23:07:29,589 WARNING protliggnn.train - Censored or approximate affinity label detected: 'Ki~5uM' (relation: '~'). Treating as exact value.
2026-07-16 23:07:29,589 WARNING protliggnn.train - Censored or approximate affinity label detected: 'IC50<0.001uM' (relation: '<'). Treating as exact value.
2026-07-16 23:07:29,589 WARNING protliggnn.train - Censored or approximate affinity label detected: 'IC50<0.003uM' (relation: '<'). Treating as exact value.
2026-07-16 23:07:29,589 WARNING protliggnn.train - Censored or approximate affinity label detected: 'IC50<0.004uM' (relation: '<'). Treating as exact value.
2026-07-16 23:07:29,590 WARNING protliggnn.train - Censored or approximate affinity label detected: 'IC50<10nM' (relation: '<'). Treating as exact value.
2026-07-16 23:07:29,590 WARNING protliggnn.train - Censored or approximate affinity label detected: 'IC50<2.13nM' (relation: '<'). Treating as exact value.
2026-07-16 23:07:29,590 WARNING protliggnn.train - Censored or approximate affinity label detected: 'IC50<3nM' (relation: '<'). Treating as exact value.
2026-07-16 23:07:31,295 WARNING protliggnn.train - Censored or approximate affinity label detected: 'IC50<3nM' (relation: '<'). Treating as exact value.
2026-07-16 23:07:31,295 WARNING protliggnn.train - Censored or approximate affinity label detected: 'IC50<4nM' (relation: '<'). Treating as exact value.
2026-07-16 23:07:31,295 WARNING protliggnn.train - Censored or approximate affinity label detected: 'IC50<5nM' (relation: '<'). Treating as exact value.
2026-07-16 23:07:31,295 WARNING protliggnn.train - Censored or approximate affinity label detected: 'IC50<5nM' (relation: '<'). Treating as exact value.
2026-07-16 23:07:31,296 WARNING protliggnn.train - Censored or approximate affinity label detected: 'Kd<0.1mM' (relation: '<'). Treating as exact value.
2026-07-16 23:07:31,297 WARNING protliggnn.train - Censored or approximate affinity label detected: 'Kd<0.1nM' (relation: '<'). Treating as exact value.
2026-07-16 23:07:31,297 WARNING protliggnn.train - Censored or approximate affinity label detected: 'Kd<100nM' (relation: '<'). Treating as exact value.
2026-07-16 23:07:31,297 WARNING protliggnn.train - Censored or approximate affinity label detected: 'Kd<10nM' (relation: '<'). Treating as exact value.
2026-07-16 23:07:31,298 WARNING protliggnn.train - Censored or approximate affinity label detected: 'Kd~102uM' (relation: '~'). Treating as exact value.
2026-07-16 23:07:31,298 WARNING protliggnn.train - Censored or approximate affinity label detected: 'Kd~125nM' (relation: '~'). Treating as exact value.
2026-07-16 23:07:31,298 WARNING protliggnn.train - Censored or approximate affinity label detected: 'Kd~1uM' (relation: '~'). Treating as exact value.
2026-07-16 23:07:31,298 WARNING protliggnn.train - Censored or approximate affinity label detected: 'Kd~1uM' (relation: '~'). Treating as exact value.
2026-07-16 23:07:31,298 WARNING protliggnn.train - Censored or approximate affinity label detected: 'Kd~5uM' (relation: '~'). Treating as exact value.
2026-07-16 23:07:31,298 WARNING protliggnn.train - Censored or approximate affinity label detected: 'Kd~74.3uM' (relation: '~'). Treating as exact value.
2026-07-16 23:07:31,298 WARNING protliggnn.train - Censored or approximate affinity label detected: 'Kd~85nM' (relation: '~'). Treating as exact value.
2026-07-16 23:07:31,298 WARNING protliggnn.train - Censored or approximate affinity label detected: 'Ki<0.10nM' (relation: '<'). Treating as exact value.
2026-07-16 23:07:31,299 WARNING protliggnn.train - Censored or approximate affinity label detected: 'Ki~2uM' (relation: '~'). Treating as exact value.
2026-07-16 23:07:31,299 WARNING protliggnn.train - Censored or approximate affinity label detected: 'Ki~55mM' (relation: '~'). Treating as exact value.
2026-07-16 23:07:31,299 WARNING protliggnn.train - Censored or approximate affinity label detected: 'Ki~55mM' (relation: '~'). Treating as exact value.
2026-07-16 23:07:31,299 WARNING protliggnn.train - Censored or approximate affinity label detected: 'IC50<0.01uM' (relation: '<'). Treating as exact value.
2026-07-16 23:07:31,299 WARNING protliggnn.train - Censored or approximate affinity label detected: 'IC50<0.01uM' (relation: '<'). Treating as exact value.
2026-07-16 23:07:31,299 WARNING protliggnn.train - Censored or approximate affinity label detected: 'IC50<2.5nM' (relation: '<'). Treating as exact value.
2026-07-16 23:07:31,301 WARNING protliggnn.train - Censored or approximate affinity label detected: 'IC50~0.5uM' (relation: '~'). Treating as exact value.
2026-07-16 23:07:31,301 WARNING protliggnn.train - Censored or approximate affinity label detected: 'IC50~30nM' (relation: '~'). Treating as exact value.
2026-07-16 23:07:31,301 WARNING protliggnn.train - Censored or approximate affinity label detected: 'Kd<10nM' (relation: '<'). Treating as exact value.
2026-07-16 23:07:31,301 WARNING protliggnn.train - Censored or approximate affinity label detected: 'Kd<10uM' (relation: '<'). Treating as exact value.
2026-07-16 23:07:31,301 WARNING protliggnn.train - Censored or approximate affinity label detected: 'Kd<6nM' (relation: '<'). Treating as exact value.
2026-07-16 23:07:33,061 WARNING protliggnn.train - Censored or approximate affinity label detected: 'Kd~10nM' (relation: '~'). Treating as exact value.
2026-07-16 23:07:33,061 WARNING protliggnn.train - Censored or approximate affinity label detected: 'Kd~160nM' (relation: '~'). Treating as exact value.
2026-07-16 23:07:33,061 WARNING protliggnn.train - Censored or approximate affinity label detected: 'Kd~1mM' (relation: '~'). Treating as exact value.
2026-07-16 23:07:33,061 WARNING protliggnn.train - Censored or approximate affinity label detected: 'Kd~1uM' (relation: '~'). Treating as exact value.
2026-07-16 23:07:33,061 WARNING protliggnn.train - Censored or approximate affinity label detected: 'Kd~2uM' (relation: '~'). Treating as exact value.
2026-07-16 23:07:33,061 WARNING protliggnn.train - Censored or approximate affinity label detected: 'Kd~5uM' (relation: '~'). Treating as exact value.
2026-07-16 23:07:33,061 WARNING protliggnn.train - Censored or approximate affinity label detected: 'Ki<0.05uM' (relation: '<'). Treating as exact value.
2026-07-16 23:07:33,061 WARNING protliggnn.train - Censored or approximate affinity label detected: 'Ki<1nM' (relation: '<'). Treating as exact value.
2026-07-16 23:07:33,061 WARNING protliggnn.train - Censored or approximate affinity label detected: 'Ki<1nM' (relation: '<'). Treating as exact value.
2026-07-16 23:07:33,061 WARNING protliggnn.train - Censored or approximate affinity label detected: 'Ki<1nM' (relation: '<'). Treating as exact value.
2026-07-16 23:07:33,061 WARNING protliggnn.train - Censored or approximate affinity label detected: 'Ki<1nM' (relation: '<'). Treating as exact value.
2026-07-16 23:07:33,061 WARNING protliggnn.train - Censored or approximate affinity label detected: 'Ki<2nM' (relation: '<'). Treating as exact value.
2026-07-16 23:07:33,062 WARNING protliggnn.train - Censored or approximate affinity label detected: 'Ki~10uM' (relation: '~'). Treating as exact value.
2026-07-16 23:07:33,062 WARNING protliggnn.train - Censored or approximate affinity label detected: 'Ki~14uM' (relation: '~'). Treating as exact value.
2026-07-16 23:07:33,062 WARNING protliggnn.train - Censored or approximate affinity label detected: 'Ki~50uM' (relation: '~'). Treating as exact value.
2026-07-16 23:07:33,062 WARNING protliggnn.train - Censored or approximate affinity label detected: 'IC50<1nM' (relation: '<'). Treating as exact value.
2026-07-16 23:07:33,062 WARNING protliggnn.train - Censored or approximate affinity label detected: 'IC50<4nM' (relation: '<'). Treating as exact value.
2026-07-16 23:07:33,063 WARNING protliggnn.train - Censored or approximate affinity label detected: 'IC50~10uM' (relation: '~'). Treating as exact value.
2026-07-16 23:07:33,063 WARNING protliggnn.train - Censored or approximate affinity label detected: 'IC50~10uM' (relation: '~'). Treating as exact value.
2026-07-16 23:07:33,063 WARNING protliggnn.train - Censored or approximate affinity label detected: 'IC50~1mM' (relation: '~'). Treating as exact value.
2026-07-16 23:07:33,063 WARNING protliggnn.train - Censored or approximate affinity label detected: 'IC50~30uM' (relation: '~'). Treating as exact value.
2026-07-16 23:07:33,063 WARNING protliggnn.train - Censored or approximate affinity label detected: 'IC50~30uM' (relation: '~'). Treating as exact value.
2026-07-16 23:07:33,063 WARNING protliggnn.train - Censored or approximate affinity label detected: 'IC50~38nM' (relation: '~'). Treating as exact value.
2026-07-16 23:07:33,063 WARNING protliggnn.train - Censored or approximate affinity label detected: 'Kd<0.003uM' (relation: '<'). Treating as exact value.
2026-07-16 23:07:33,064 WARNING protliggnn.train - Censored or approximate affinity label detected: 'Kd<1nM' (relation: '<'). Treating as exact value.
2026-07-16 23:07:33,065 WARNING protliggnn.train - Censored or approximate affinity label detected: 'Kd~1.7uM' (relation: '~'). Treating as exact value.
2026-07-16 23:07:33,065 WARNING protliggnn.train - Censored or approximate affinity label detected: 'Kd~200nM' (relation: '~'). Treating as exact value.
2026-07-16 23:07:34,770 WARNING protliggnn.train - Censored or approximate affinity label detected: 'Kd~200nM' (relation: '~'). Treating as exact value.
2026-07-16 23:07:34,770 WARNING protliggnn.train - Censored or approximate affinity label detected: 'Kd~3.6pM' (relation: '~'). Treating as exact value.
2026-07-16 23:07:34,770 WARNING protliggnn.train - Censored or approximate affinity label detected: 'Kd~400nM' (relation: '~'). Treating as exact value.
2026-07-16 23:07:34,771 WARNING protliggnn.train - Censored or approximate affinity label detected: 'Kd~51nM' (relation: '~'). Treating as exact value.
2026-07-16 23:07:34,771 WARNING protliggnn.train - Censored or approximate affinity label detected: 'Kd~9.6uM' (relation: '~'). Treating as exact value.
2026-07-16 23:07:34,771 WARNING protliggnn.train - Censored or approximate affinity label detected: 'Ki<0.01nM' (relation: '<'). Treating as exact value.
2026-07-16 23:07:34,771 WARNING protliggnn.train - Censored or approximate affinity label detected: 'Ki<0.0845uM' (relation: '<'). Treating as exact value.
2026-07-16 23:07:34,771 WARNING protliggnn.train - Censored or approximate affinity label detected: 'Ki<0.2nM' (relation: '<'). Treating as exact value.
2026-07-16 23:07:34,771 WARNING protliggnn.train - Censored or approximate affinity label detected: 'Ki<0.2nM' (relation: '<'). Treating as exact value.
2026-07-16 23:07:34,771 WARNING protliggnn.train - Censored or approximate affinity label detected: 'Ki<10mM' (relation: '<'). Treating as exact value.
2026-07-16 23:07:34,771 WARNING protliggnn.train - Censored or approximate affinity label detected: 'Ki<2mM' (relation: '<'). Treating as exact value.
2026-07-16 23:07:34,772 WARNING protliggnn.train - Censored or approximate affinity label detected: 'Ki~1.3uM' (relation: '~'). Treating as exact value.
2026-07-16 23:07:34,772 WARNING protliggnn.train - Censored or approximate affinity label detected: 'Ki~1.3uM' (relation: '~'). Treating as exact value.
2026-07-16 23:07:34,772 WARNING protliggnn.train - Censored or approximate affinity label detected: 'Ki~67uM' (relation: '~'). Treating as exact value.
2026-07-16 23:07:34,773 WARNING protliggnn.train - Censored or approximate affinity label detected: 'IC50<0.001uM' (relation: '<'). Treating as exact value.
2026-07-16 23:07:34,773 WARNING protliggnn.train - Censored or approximate affinity label detected: 'IC50<0.086uM' (relation: '<'). Treating as exact value.
2026-07-16 23:07:34,773 WARNING protliggnn.train - Censored or approximate affinity label detected: 'IC50<0.086uM' (relation: '<'). Treating as exact value.
2026-07-16 23:07:34,773 WARNING protliggnn.train - Censored or approximate affinity label detected: 'IC50<0.086uM' (relation: '<'). Treating as exact value.
2026-07-16 23:07:34,773 WARNING protliggnn.train - Censored or approximate affinity label detected: 'IC50<0.086uM' (relation: '<'). Treating as exact value.
2026-07-16 23:07:34,773 WARNING protliggnn.train - Censored or approximate affinity label detected: 'IC50<0.086uM' (relation: '<'). Treating as exact value.
2026-07-16 23:07:34,773 WARNING protliggnn.train - Censored or approximate affinity label detected: 'IC50<1.37uM' (relation: '<'). Treating as exact value.
2026-07-16 23:07:34,773 WARNING protliggnn.train - Censored or approximate affinity label detected: 'IC50<10nM' (relation: '<'). Treating as exact value.
2026-07-16 23:07:34,773 WARNING protliggnn.train - Censored or approximate affinity label detected: 'IC50<10uM' (relation: '<'). Treating as exact value.
2026-07-16 23:07:34,773 WARNING protliggnn.train - Censored or approximate affinity label detected: 'IC50<15nM' (relation: '<'). Treating as exact value.
2026-07-16 23:07:34,773 WARNING protliggnn.train - Censored or approximate affinity label detected: 'IC50<1nM' (relation: '<'). Treating as exact value.
2026-07-16 23:07:34,776 WARNING protliggnn.train - Censored or approximate affinity label detected: 'IC50~1.3mM' (relation: '~'). Treating as exact value.
2026-07-16 23:07:34,776 WARNING protliggnn.train - Censored or approximate affinity label detected: 'IC50~10000nM' (relation: '~'). Treating as exact value.
2026-07-16 23:07:36,531 WARNING protliggnn.train - Censored or approximate affinity label detected: 'IC50~33uM' (relation: '~'). Treating as exact value.
2026-07-16 23:07:36,531 WARNING protliggnn.train - Censored or approximate affinity label detected: 'IC50~4mM' (relation: '~'). Treating as exact value.
2026-07-16 23:07:36,531 WARNING protliggnn.train - Censored or approximate affinity label detected: 'Kd<0.03uM' (relation: '<'). Treating as exact value.
2026-07-16 23:07:36,531 WARNING protliggnn.train - Censored or approximate affinity label detected: 'Kd<0.05nM' (relation: '<'). Treating as exact value.
2026-07-16 23:07:36,531 WARNING protliggnn.train - Censored or approximate affinity label detected: 'Kd<10nM' (relation: '<'). Treating as exact value.
2026-07-16 23:07:36,531 WARNING protliggnn.train - Censored or approximate affinity label detected: 'Kd<1nM' (relation: '<'). Treating as exact value.
2026-07-16 23:07:36,531 WARNING protliggnn.train - Censored or approximate affinity label detected: 'Kd<1nM' (relation: '<'). Treating as exact value.
2026-07-16 23:07:36,532 WARNING protliggnn.train - Censored or approximate affinity label detected: 'Kd~185uM' (relation: '~'). Treating as exact value.
2026-07-16 23:07:36,532 WARNING protliggnn.train - Censored or approximate affinity label detected: 'Kd~23mM' (relation: '~'). Treating as exact value.
2026-07-16 23:07:36,532 WARNING protliggnn.train - Censored or approximate affinity label detected: 'Kd~2uM' (relation: '~'). Treating as exact value.
2026-07-16 23:07:36,532 WARNING protliggnn.train - Censored or approximate affinity label detected: 'Kd~300nM' (relation: '~'). Treating as exact value.
2026-07-16 23:07:36,532 WARNING protliggnn.train - Censored or approximate affinity label detected: 'Kd~364nM' (relation: '~'). Treating as exact value.
2026-07-16 23:07:36,533 WARNING protliggnn.train - Censored or approximate affinity label detected: 'Kd~8.11uM' (relation: '~'). Treating as exact value.
2026-07-16 23:07:36,533 WARNING protliggnn.train - Censored or approximate affinity label detected: 'Ki<0.0005uM' (relation: '<'). Treating as exact value.
2026-07-16 23:07:36,533 WARNING protliggnn.train - Censored or approximate affinity label detected: 'Ki<0.01nM' (relation: '<'). Treating as exact value.
2026-07-16 23:07:36,533 WARNING protliggnn.train - Censored or approximate affinity label detected: 'Ki<0.025nM' (relation: '<'). Treating as exact value.
2026-07-16 23:07:36,533 WARNING protliggnn.train - Censored or approximate affinity label detected: 'Ki~5uM' (relation: '~'). Treating as exact value.
2026-07-16 23:07:36,533 WARNING protliggnn.train - Censored or approximate affinity label detected: 'IC50<0.004uM' (relation: '<'). Treating as exact value.
2026-07-16 23:07:36,533 WARNING protliggnn.train - Censored or approximate affinity label detected: 'IC50<10nM' (relation: '<'). Treating as exact value.
2026-07-16 23:07:36,533 WARNING protliggnn.train - Censored or approximate affinity label detected: 'IC50<10nM' (relation: '<'). Treating as exact value.
2026-07-16 23:07:36,533 WARNING protliggnn.train - Censored or approximate affinity label detected: 'IC50<10nM' (relation: '<'). Treating as exact value.
2026-07-16 23:07:36,533 WARNING protliggnn.train - Censored or approximate affinity label detected: 'IC50<10nM' (relation: '<'). Treating as exact value.
2026-07-16 23:07:36,533 WARNING protliggnn.train - Censored or approximate affinity label detected: 'IC50<10nM' (relation: '<'). Treating as exact value.
2026-07-16 23:07:36,534 WARNING protliggnn.train - Censored or approximate affinity label detected: 'IC50<10nM' (relation: '<'). Treating as exact value.
2026-07-16 23:07:36,534 WARNING protliggnn.train - Censored or approximate affinity label detected: 'IC50<25nM' (relation: '<'). Treating as exact value.
2026-07-16 23:07:36,534 WARNING protliggnn.train - Censored or approximate affinity label detected: 'IC50<3nM' (relation: '<'). Treating as exact value.
2026-07-16 23:07:36,535 WARNING protliggnn.train - Censored or approximate affinity label detected: 'IC50~100uM' (relation: '~'). Treating as exact value.
2026-07-16 23:07:38,301 WARNING protliggnn.train - Censored or approximate affinity label detected: 'IC50~1mM' (relation: '~'). Treating as exact value.
2026-07-16 23:07:38,301 WARNING protliggnn.train - Censored or approximate affinity label detected: 'Kd<10nM' (relation: '<'). Treating as exact value.
2026-07-16 23:07:38,303 WARNING protliggnn.train - Censored or approximate affinity label detected: 'Kd~0.13uM' (relation: '~'). Treating as exact value.
2026-07-16 23:07:38,303 WARNING protliggnn.train - Censored or approximate affinity label detected: 'Kd~1.5uM' (relation: '~'). Treating as exact value.
2026-07-16 23:07:38,303 WARNING protliggnn.train - Censored or approximate affinity label detected: 'Kd~200uM' (relation: '~'). Treating as exact value.
2026-07-16 23:07:38,303 WARNING protliggnn.train - Censored or approximate affinity label detected: 'Kd~50uM' (relation: '~'). Treating as exact value.
2026-07-16 23:07:38,303 WARNING protliggnn.train - Censored or approximate affinity label detected: 'Ki<0.001uM' (relation: '<'). Treating as exact value.
2026-07-16 23:07:38,303 WARNING protliggnn.train - Censored or approximate affinity label detected: 'Ki<0.01nM' (relation: '<'). Treating as exact value.
2026-07-16 23:07:38,304 WARNING protliggnn.train - Censored or approximate affinity label detected: 'IC50<0.001uM' (relation: '<'). Treating as exact value.
2026-07-16 23:07:38,304 WARNING protliggnn.train - Censored or approximate affinity label detected: 'IC50<0.005uM' (relation: '<'). Treating as exact value.
2026-07-16 23:07:38,304 WARNING protliggnn.train - Censored or approximate affinity label detected: 'IC50<0.2uM' (relation: '<'). Treating as exact value.
2026-07-16 23:07:38,304 WARNING protliggnn.train - Censored or approximate affinity label detected: 'IC50<0.32nM' (relation: '<'). Treating as exact value.
2026-07-16 23:07:38,304 WARNING protliggnn.train - Censored or approximate affinity label detected: 'IC50<0.3nM' (relation: '<'). Treating as exact value.
2026-07-16 23:07:38,304 WARNING protliggnn.train - Censored or approximate affinity label detected: 'IC50<0.3nM' (relation: '<'). Treating as exact value.
2026-07-16 23:07:38,304 WARNING protliggnn.train - Censored or approximate affinity label detected: 'IC50<1.13nM' (relation: '<'). Treating as exact value.
2026-07-16 23:07:38,304 WARNING protliggnn.train - Censored or approximate affinity label detected: 'IC50<25nM' (relation: '<'). Treating as exact value.
2026-07-16 23:07:38,304 WARNING protliggnn.train - Censored or approximate affinity label detected: 'IC50<3nM' (relation: '<'). Treating as exact value.
2026-07-16 23:07:38,304 WARNING protliggnn.train - Censored or approximate affinity label detected: 'IC50<50nM' (relation: '<'). Treating as exact value.
2026-07-16 23:07:38,304 WARNING protliggnn.train - Censored or approximate affinity label detected: 'IC50<50nM' (relation: '<'). Treating as exact value.
2026-07-16 23:07:38,304 WARNING protliggnn.train - Censored or approximate affinity label detected: 'IC50<50nM' (relation: '<'). Treating as exact value.
2026-07-16 23:07:38,305 WARNING protliggnn.train - Censored or approximate affinity label detected: 'IC50~0.8mM' (relation: '~'). Treating as exact value.
2026-07-16 23:07:38,306 WARNING protliggnn.train - Censored or approximate affinity label detected: 'IC50~0.8mM' (relation: '~'). Treating as exact value.
2026-07-16 23:07:38,306 WARNING protliggnn.train - Censored or approximate affinity label detected: 'IC50~100uM' (relation: '~'). Treating as exact value.
2026-07-16 23:07:38,306 WARNING protliggnn.train - Censored or approximate affinity label detected: 'IC50~6nM' (relation: '~'). Treating as exact value.
2026-07-16 23:07:38,306 WARNING protliggnn.train - Censored or approximate affinity label detected: 'Kd<2nM' (relation: '<'). Treating as exact value.
2026-07-16 23:07:38,307 WARNING protliggnn.train - Censored or approximate affinity label detected: 'Kd~1.8uM' (relation: '~'). Treating as exact value.
2026-07-16 23:07:38,308 WARNING protliggnn.train - Censored or approximate affinity label detected: 'Kd~100nM' (relation: '~'). Treating as exact value.
2026-07-16 23:07:40,069 WARNING protliggnn.train - Censored or approximate affinity label detected: 'Kd~100nM' (relation: '~'). Treating as exact value.
2026-07-16 23:07:40,069 WARNING protliggnn.train - Censored or approximate affinity label detected: 'Kd~12uM' (relation: '~'). Treating as exact value.
2026-07-16 23:07:40,069 WARNING protliggnn.train - Censored or approximate affinity label detected: 'Kd~12uM' (relation: '~'). Treating as exact value.
2026-07-16 23:07:40,069 WARNING protliggnn.train - Censored or approximate affinity label detected: 'Kd~13uM' (relation: '~'). Treating as exact value.
2026-07-16 23:07:40,069 WARNING protliggnn.train - Censored or approximate affinity label detected: 'Kd~300nM' (relation: '~'). Treating as exact value.
2026-07-16 23:07:40,069 WARNING protliggnn.train - Censored or approximate affinity label detected: 'Kd~500uM' (relation: '~'). Treating as exact value.
2026-07-16 23:07:40,069 WARNING protliggnn.train - Censored or approximate affinity label detected: 'Kd~500uM' (relation: '~'). Treating as exact value.
2026-07-16 23:07:40,069 WARNING protliggnn.train - Censored or approximate affinity label detected: 'Kd~600uM' (relation: '~'). Treating as exact value.
2026-07-16 23:07:40,069 WARNING protliggnn.train - Censored or approximate affinity label detected: 'Kd~9uM' (relation: '~'). Treating as exact value.
2026-07-16 23:07:40,069 WARNING protliggnn.train - Censored or approximate affinity label detected: 'Ki<0.01uM' (relation: '<'). Treating as exact value.
2026-07-16 23:07:40,069 WARNING protliggnn.train - Censored or approximate affinity label detected: 'Ki<0.05nM' (relation: '<'). Treating as exact value.
2026-07-16 23:07:40,069 WARNING protliggnn.train - Censored or approximate affinity label detected: 'Ki<1nM' (relation: '<'). Treating as exact value.
2026-07-16 23:07:40,069 WARNING protliggnn.train - Censored or approximate affinity label detected: 'Ki<1nM' (relation: '<'). Treating as exact value.
2026-07-16 23:07:40,069 WARNING protliggnn.train - Censored or approximate affinity label detected: 'Ki<5nM' (relation: '<'). Treating as exact value.
2026-07-16 23:07:40,070 WARNING protliggnn.train - Censored or approximate affinity label detected: 'IC50<0.030uM' (relation: '<'). Treating as exact value.
2026-07-16 23:07:40,070 WARNING protliggnn.train - Censored or approximate affinity label detected: 'IC50<1nM' (relation: '<'). Treating as exact value.
2026-07-16 23:07:40,070 WARNING protliggnn.train - Censored or approximate affinity label detected: 'IC50<40nM' (relation: '<'). Treating as exact value.
2026-07-16 23:07:40,070 WARNING protliggnn.train - Censored or approximate affinity label detected: 'IC50<5nM' (relation: '<'). Treating as exact value.
2026-07-16 23:07:40,072 WARNING protliggnn.train - Censored or approximate affinity label detected: 'IC50~0.5uM' (relation: '~'). Treating as exact value.
2026-07-16 23:07:40,072 WARNING protliggnn.train - Censored or approximate affinity label detected: 'IC50~1.8uM' (relation: '~'). Treating as exact value.
2026-07-16 23:07:40,072 WARNING protliggnn.train - Censored or approximate affinity label detected: 'IC50~1mM' (relation: '~'). Treating as exact value.
2026-07-16 23:07:40,072 WARNING protliggnn.train - Censored or approximate affinity label detected: 'IC50~700nM' (relation: '~'). Treating as exact value.
2026-07-16 23:07:40,072 WARNING protliggnn.train - Censored or approximate affinity label detected: 'Kd<0.001nM' (relation: '<'). Treating as exact value.
2026-07-16 23:07:40,072 WARNING protliggnn.train - Censored or approximate affinity label detected: 'Kd<0.10uM' (relation: '<'). Treating as exact value.
2026-07-16 23:07:40,072 WARNING protliggnn.train - Censored or approximate affinity label detected: 'Kd<0.4uM' (relation: '<'). Treating as exact value.
2026-07-16 23:07:40,073 WARNING protliggnn.train - Censored or approximate affinity label detected: 'Kd<1nM' (relation: '<'). Treating as exact value.
2026-07-16 23:07:40,074 WARNING protliggnn.train - Censored or approximate affinity label detected: 'Kd~0.2uM' (relation: '~'). Treating as exact value.
2026-07-16 23:07:41,739 WARNING protliggnn.train - Censored or approximate affinity label detected: 'Kd~120nM' (relation: '~'). Treating as exact value.
2026-07-16 23:07:41,739 WARNING protliggnn.train - Censored or approximate affinity label detected: 'Kd~23uM' (relation: '~'). Treating as exact value.
2026-07-16 23:07:41,739 WARNING protliggnn.train - Censored or approximate affinity label detected: 'Kd~23uM' (relation: '~'). Treating as exact value.
2026-07-16 23:07:41,739 WARNING protliggnn.train - Censored or approximate affinity label detected: 'Kd~23uM' (relation: '~'). Treating as exact value.
2026-07-16 23:07:41,739 WARNING protliggnn.train - Censored or approximate affinity label detected: 'Kd~24uM' (relation: '~'). Treating as exact value.
2026-07-16 23:07:41,739 WARNING protliggnn.train - Censored or approximate affinity label detected: 'Kd~25uM' (relation: '~'). Treating as exact value.
2026-07-16 23:07:41,739 WARNING protliggnn.train - Censored or approximate affinity label detected: 'Kd~3nM' (relation: '~'). Treating as exact value.
2026-07-16 23:07:41,739 WARNING protliggnn.train - Censored or approximate affinity label detected: 'Kd~5uM' (relation: '~'). Treating as exact value.
2026-07-16 23:07:41,739 WARNING protliggnn.train - Censored or approximate affinity label detected: 'Kd~7nM' (relation: '~'). Treating as exact value.
2026-07-16 23:07:41,739 WARNING protliggnn.train - Censored or approximate affinity label detected: 'Kd~80uM' (relation: '~'). Treating as exact value.
2026-07-16 23:07:41,739 WARNING protliggnn.train - Censored or approximate affinity label detected: 'Ki<1.0nM' (relation: '<'). Treating as exact value.
2026-07-16 23:07:41,740 WARNING protliggnn.train - Censored or approximate affinity label detected: 'Ki<1.3nM' (relation: '<'). Treating as exact value.
2026-07-16 23:07:41,740 WARNING protliggnn.train - Censored or approximate affinity label detected: 'Ki<1nM' (relation: '<'). Treating as exact value.
2026-07-16 23:07:41,740 WARNING protliggnn.train - Censored or approximate affinity label detected: 'Ki<5pM' (relation: '<'). Treating as exact value.
2026-07-16 23:07:41,740 WARNING protliggnn.train - Censored or approximate affinity label detected: 'Ki<5pM' (relation: '<'). Treating as exact value.
2026-07-16 23:07:41,740 WARNING protliggnn.train - Censored or approximate affinity label detected: 'Ki<5pM' (relation: '<'). Treating as exact value.
2026-07-16 23:07:41,740 WARNING protliggnn.train - Censored or approximate affinity label detected: 'Ki<5pM' (relation: '<'). Treating as exact value.
2026-07-16 23:07:41,740 WARNING protliggnn.train - Censored or approximate affinity label detected: 'Ki<5pM' (relation: '<'). Treating as exact value.
2026-07-16 23:07:41,740 WARNING protliggnn.train - Censored or approximate affinity label detected: 'Ki<5pM' (relation: '<'). Treating as exact value.
2026-07-16 23:07:41,741 WARNING protliggnn.train - Censored or approximate affinity label detected: 'IC50<15nM' (relation: '<'). Treating as exact value.
2026-07-16 23:07:41,741 WARNING protliggnn.train - Censored or approximate affinity label detected: 'IC50<1nM' (relation: '<'). Treating as exact value.
2026-07-16 23:07:41,741 WARNING protliggnn.train - Censored or approximate affinity label detected: 'IC50<1nM' (relation: '<'). Treating as exact value.
2026-07-16 23:07:41,741 WARNING protliggnn.train - Censored or approximate affinity label detected: 'IC50<2nM' (relation: '<'). Treating as exact value.
2026-07-16 23:07:41,741 WARNING protliggnn.train - Censored or approximate affinity label detected: 'IC50<2nM' (relation: '<'). Treating as exact value.
2026-07-16 23:07:41,741 WARNING protliggnn.train - Censored or approximate affinity label detected: 'IC50<2nM' (relation: '<'). Treating as exact value.
2026-07-16 23:07:41,743 WARNING protliggnn.train - Censored or approximate affinity label detected: 'IC50~330uM' (relation: '~'). Treating as exact value.
2026-07-16 23:07:41,743 WARNING protliggnn.train - Censored or approximate affinity label detected: 'IC50~450uM' (relation: '~'). Treating as exact value.
2026-07-16 23:07:43,456 WARNING protliggnn.train - Censored or approximate affinity label detected: 'Kd<0.8nM' (relation: '<'). Treating as exact value.
2026-07-16 23:07:43,456 WARNING protliggnn.train - Censored or approximate affinity label detected: 'Kd<1.26nM' (relation: '<'). Treating as exact value.
2026-07-16 23:07:43,456 WARNING protliggnn.train - Censored or approximate affinity label detected: 'Kd<2.3nM' (relation: '<'). Treating as exact value.
2026-07-16 23:07:43,456 WARNING protliggnn.train - Censored or approximate affinity label detected: 'Kd<55uM' (relation: '<'). Treating as exact value.
2026-07-16 23:07:43,456 WARNING protliggnn.train - Censored or approximate affinity label detected: 'Kd<55uM' (relation: '<'). Treating as exact value.
2026-07-16 23:07:43,459 WARNING protliggnn.train - Censored or approximate affinity label detected: 'Kd~11uM' (relation: '~'). Treating as exact value.
2026-07-16 23:07:43,459 WARNING protliggnn.train - Censored or approximate affinity label detected: 'Kd~200nM' (relation: '~'). Treating as exact value.
2026-07-16 23:07:43,459 WARNING protliggnn.train - Censored or approximate affinity label detected: 'Kd~25uM' (relation: '~'). Treating as exact value.
2026-07-16 23:07:43,459 WARNING protliggnn.train - Censored or approximate affinity label detected: 'Kd~2nM' (relation: '~'). Treating as exact value.
2026-07-16 23:07:43,459 WARNING protliggnn.train - Censored or approximate affinity label detected: 'Ki<0.005nM' (relation: '<'). Treating as exact value.
2026-07-16 23:07:43,459 WARNING protliggnn.train - Censored or approximate affinity label detected: 'Ki<0.005nM' (relation: '<'). Treating as exact value.
2026-07-16 23:07:43,459 WARNING protliggnn.train - Censored or approximate affinity label detected: 'Ki<0.005nM' (relation: '<'). Treating as exact value.
2026-07-16 23:07:43,459 WARNING protliggnn.train - Censored or approximate affinity label detected: 'Ki<0.9nM' (relation: '<'). Treating as exact value.
2026-07-16 23:07:44,694 INFO protliggnn - Found 1000 candidate complexes with labels and matching files before validation.
2026-07-16 23:07:44,697 INFO protliggnn - Found graph cache at data\pdbbind2020\processed_dataset.pt. Validating...
2026-07-16 23:07:44,715 WARNING protliggnn - Cache manifest validation failed (mismatched hashes, checksums or versions).
2026-07-16 23:07:44,715 INFO protliggnn - Cache is missing or invalid. Building graphs from scratch...
2026-07-16 23:07:44,716 INFO protliggnn.train - Processing 1000 complexes sequentially...
2026-07-16 23:08:45,382 INFO protliggnn.train - Successfully processed 1000 complexes; skipped 0 complexes.
2026-07-16 23:08:45,382 INFO protliggnn - Saving graphs to cache at data\pdbbind2020\processed_dataset.pt...
2026-07-16 23:08:45,860 INFO protliggnn - Cache manifest saved to data\pdbbind2020\graph_cache_manifest.json
2026-07-16 23:08:45,864 INFO protliggnn - Dataset split sizes: train=800 val=100 test=100 (random)
2026-07-16 23:09:24,079 INFO protliggnn - Epoch 001 train loss=4.8917 PCC=0.0183 Spearman=0.0161 RMSE=2.2105 MAE=1.7212 R2=-0.5640
2026-07-16 23:09:24,080 INFO protliggnn - Epoch 001 val loss=2.7481 PCC=0.3899 Spearman=0.3512 RMSE=1.6563 MAE=1.4039 R2=0.1240
2026-07-16 23:09:24,080 INFO protliggnn - Epoch 001 train diagnostics: Affinity Loss=4.8863 | Contact Loss=0.0545 | Total Loss=4.8917 | Pos Acc=0.0070 | Neg Acc=0.9937 | Precision=0.0064 | Recall=0.0070 | F1=0.0067 | Avg Prob=0.0138
2026-07-16 23:09:24,080 INFO protliggnn - Epoch 001 val diagnostics: Affinity Loss=2.7433 | Contact Loss=0.0488 | Total Loss=2.7481 | Pos Acc=0.0000 | Neg Acc=1.0000 | Precision=0.0000 | Recall=0.0000 | F1=0.0000 | Avg Prob=0.0073
2026-07-16 23:09:24,136 INFO protliggnn - Saved checkpoint for epoch 1 with validation RMSE 1.6562776791257687.
2026-07-16 23:09:59,666 INFO protliggnn - Epoch 002 train loss=3.9645 PCC=0.1747 Spearman=0.1872 RMSE=1.9899 MAE=1.5532 R2=-0.2674
2026-07-16 23:09:59,666 INFO protliggnn - Epoch 002 val loss=2.7393 PCC=0.4715 Spearman=0.4730 RMSE=1.6536 MAE=1.4054 R2=0.1268
2026-07-16 23:09:59,666 INFO protliggnn - Epoch 002 train diagnostics: Affinity Loss=3.9598 | Contact Loss=0.0471 | Total Loss=3.9645 | Pos Acc=0.0000 | Neg Acc=1.0000 | Precision=0.0000 | Recall=0.0000 | F1=0.0000 | Avg Prob=0.0083
2026-07-16 23:09:59,667 INFO protliggnn - Epoch 002 val diagnostics: Affinity Loss=2.7345 | Contact Loss=0.0483 | Total Loss=2.7393 | Pos Acc=0.0000 | Neg Acc=1.0000 | Precision=0.0000 | Recall=0.0000 | F1=0.0000 | Avg Prob=0.0084
2026-07-16 23:09:59,720 INFO protliggnn - Saved checkpoint for epoch 2 with validation RMSE 1.653625258251966.
2026-07-16 23:10:36,154 INFO protliggnn - Epoch 003 train loss=3.5897 PCC=0.2234 Spearman=0.2016 RMSE=1.8934 MAE=1.5087 R2=-0.1475
2026-07-16 23:10:36,154 INFO protliggnn - Epoch 003 val loss=3.0916 PCC=0.5217 Spearman=0.5005 RMSE=1.7569 MAE=1.4506 R2=0.0143
2026-07-16 23:10:36,154 INFO protliggnn - Epoch 003 train diagnostics: Affinity Loss=3.5850 | Contact Loss=0.0469 | Total Loss=3.5897 | Pos Acc=0.0000 | Neg Acc=1.0000 | Precision=0.0000 | Recall=0.0000 | F1=0.0000 | Avg Prob=0.0083
2026-07-16 23:10:36,154 INFO protliggnn - Epoch 003 val diagnostics: Affinity Loss=3.0868 | Contact Loss=0.0484 | Total Loss=3.0916 | Pos Acc=0.0000 | Neg Acc=1.0000 | Precision=0.0000 | Recall=0.0000 | F1=0.0000 | Avg Prob=0.0106
2026-07-16 23:11:12,853 INFO protliggnn - Epoch 004 train loss=3.6931 PCC=0.1787 Spearman=0.1712 RMSE=1.9205 MAE=1.5172 R2=-0.1806
2026-07-16 23:11:12,853 INFO protliggnn - Epoch 004 val loss=2.5923 PCC=0.5489 Spearman=0.5398 RMSE=1.6086 MAE=1.3655 R2=0.1737
2026-07-16 23:11:12,853 INFO protliggnn - Epoch 004 train diagnostics: Affinity Loss=3.6884 | Contact Loss=0.0467 | Total Loss=3.6931 | Pos Acc=0.0000 | Neg Acc=1.0000 | Precision=0.0000 | Recall=0.0000 | F1=0.0000 | Avg Prob=0.0082
2026-07-16 23:11:12,853 INFO protliggnn - Epoch 004 val diagnostics: Affinity Loss=2.5875 | Contact Loss=0.0479 | Total Loss=2.5923 | Pos Acc=0.0000 | Neg Acc=1.0000 | Precision=0.0000 | Recall=0.0000 | F1=0.0000 | Avg Prob=0.0079
2026-07-16 23:11:12,908 INFO protliggnn - Saved checkpoint for epoch 4 with validation RMSE 1.6085719739846644.
2026-07-16 23:11:49,897 INFO protliggnn - Epoch 005 train loss=3.3551 PCC=0.2541 Spearman=0.2464 RMSE=1.8304 MAE=1.4600 R2=-0.0724
2026-07-16 23:11:49,897 INFO protliggnn - Epoch 005 val loss=2.2712 PCC=0.5654 Spearman=0.5431 RMSE=1.5055 MAE=1.2552 R2=0.2763
2026-07-16 23:11:49,897 INFO protliggnn - Epoch 005 train diagnostics: Affinity Loss=3.3504 | Contact Loss=0.0467 | Total Loss=3.3551 | Pos Acc=0.0000 | Neg Acc=1.0000 | Precision=0.0000 | Recall=0.0000 | F1=0.0000 | Avg Prob=0.0083
2026-07-16 23:11:49,898 INFO protliggnn - Epoch 005 val diagnostics: Affinity Loss=2.2664 | Contact Loss=0.0479 | Total Loss=2.2712 | Pos Acc=0.0000 | Neg Acc=1.0000 | Precision=0.0000 | Recall=0.0000 | F1=0.0000 | Avg Prob=0.0080
2026-07-16 23:11:49,958 INFO protliggnn - Saved checkpoint for epoch 5 with validation RMSE 1.505471370188613.
2026-07-16 23:12:27,125 INFO protliggnn - Epoch 006 train loss=3.6882 PCC=0.2122 Spearman=0.2192 RMSE=1.9192 MAE=1.5183 R2=-0.1790
2026-07-16 23:12:27,125 INFO protliggnn - Epoch 006 val loss=2.6343 PCC=0.6013 Spearman=0.5825 RMSE=1.6216 MAE=1.3539 R2=0.1603
2026-07-16 23:12:27,125 INFO protliggnn - Epoch 006 train diagnostics: Affinity Loss=3.6835 | Contact Loss=0.0466 | Total Loss=3.6882 | Pos Acc=0.0000 | Neg Acc=1.0000 | Precision=0.0000 | Recall=0.0000 | F1=0.0000 | Avg Prob=0.0082
2026-07-16 23:12:27,125 INFO protliggnn - Epoch 006 val diagnostics: Affinity Loss=2.6295 | Contact Loss=0.0486 | Total Loss=2.6343 | Pos Acc=0.0000 | Neg Acc=1.0000 | Precision=0.0000 | Recall=0.0000 | F1=0.0000 | Avg Prob=0.0054
2026-07-16 23:13:04,014 INFO protliggnn - Epoch 007 train loss=3.3099 PCC=0.2673 Spearman=0.2625 RMSE=1.8180 MAE=1.4485 R2=-0.0579
2026-07-16 23:13:04,014 INFO protliggnn - Epoch 007 val loss=4.4348 PCC=0.6103 Spearman=0.5770 RMSE=2.1047 MAE=1.7495 R2=-0.4146
2026-07-16 23:13:04,014 INFO protliggnn - Epoch 007 train diagnostics: Affinity Loss=3.3052 | Contact Loss=0.0466 | Total Loss=3.3099 | Pos Acc=0.0000 | Neg Acc=1.0000 | Precision=0.0000 | Recall=0.0000 | F1=0.0000 | Avg Prob=0.0081
2026-07-16 23:13:04,014 INFO protliggnn - Epoch 007 val diagnostics: Affinity Loss=4.4300 | Contact Loss=0.0478 | Total Loss=4.4348 | Pos Acc=0.0000 | Neg Acc=1.0000 | Precision=0.0000 | Recall=0.0000 | F1=0.0000 | Avg Prob=0.0070
2026-07-16 23:13:41,021 INFO protliggnn - Epoch 008 train loss=3.3902 PCC=0.2913 Spearman=0.2743 RMSE=1.8400 MAE=1.4698 R2=-0.0836
2026-07-16 23:13:41,021 INFO protliggnn - Epoch 008 val loss=2.1744 PCC=0.5675 Spearman=0.5711 RMSE=1.4730 MAE=1.1960 R2=0.3072
2026-07-16 23:13:41,021 INFO protliggnn - Epoch 008 train diagnostics: Affinity Loss=3.3856 | Contact Loss=0.0467 | Total Loss=3.3902 | Pos Acc=0.0000 | Neg Acc=1.0000 | Precision=0.0000 | Recall=0.0000 | F1=0.0000 | Avg Prob=0.0081
2026-07-16 23:13:41,021 INFO protliggnn - Epoch 008 val diagnostics: Affinity Loss=2.1696 | Contact Loss=0.0477 | Total Loss=2.1744 | Pos Acc=0.0000 | Neg Acc=1.0000 | Precision=0.0000 | Recall=0.0000 | F1=0.0000 | Avg Prob=0.0081
2026-07-16 23:13:41,089 INFO protliggnn - Saved checkpoint for epoch 8 with validation RMSE 1.4729724993498725.
2026-07-16 23:14:18,032 INFO protliggnn - Epoch 009 train loss=3.0842 PCC=0.3534 Spearman=0.3417 RMSE=1.7549 MAE=1.3970 R2=0.0143
2026-07-16 23:14:18,032 INFO protliggnn - Epoch 009 val loss=2.5713 PCC=0.5410 Spearman=0.5331 RMSE=1.6020 MAE=1.3647 R2=0.1805
2026-07-16 23:14:18,032 INFO protliggnn - Epoch 009 train diagnostics: Affinity Loss=3.0795 | Contact Loss=0.0467 | Total Loss=3.0842 | Pos Acc=0.0000 | Neg Acc=1.0000 | Precision=0.0000 | Recall=0.0000 | F1=0.0000 | Avg Prob=0.0082
2026-07-16 23:14:18,032 INFO protliggnn - Epoch 009 val diagnostics: Affinity Loss=2.5665 | Contact Loss=0.0481 | Total Loss=2.5713 | Pos Acc=0.0000 | Neg Acc=1.0000 | Precision=0.0000 | Recall=0.0000 | F1=0.0000 | Avg Prob=0.0090
2026-07-16 23:14:54,628 INFO protliggnn - Epoch 010 train loss=2.9922 PCC=0.3778 Spearman=0.3540 RMSE=1.7285 MAE=1.3905 R2=0.0438
2026-07-16 23:14:54,628 INFO protliggnn - Epoch 010 val loss=3.0920 PCC=0.6047 Spearman=0.5802 RMSE=1.7571 MAE=1.3934 R2=0.0142
2026-07-16 23:14:54,629 INFO protliggnn - Epoch 010 train diagnostics: Affinity Loss=2.9875 | Contact Loss=0.0465 | Total Loss=2.9922 | Pos Acc=0.0000 | Neg Acc=1.0000 | Precision=0.0000 | Recall=0.0000 | F1=0.0000 | Avg Prob=0.0079
2026-07-16 23:14:54,629 INFO protliggnn - Epoch 010 val diagnostics: Affinity Loss=3.0872 | Contact Loss=0.0479 | Total Loss=3.0920 | Pos Acc=0.0000 | Neg Acc=1.0000 | Precision=0.0000 | Recall=0.0000 | F1=0.0000 | Avg Prob=0.0087
2026-07-16 23:15:31,602 INFO protliggnn - Epoch 011 train loss=2.9605 PCC=0.4026 Spearman=0.3694 RMSE=1.7192 MAE=1.3965 R2=0.0539
2026-07-16 23:15:31,603 INFO protliggnn - Epoch 011 val loss=3.4393 PCC=0.4149 Spearman=0.4043 RMSE=1.8532 MAE=1.5543 R2=-0.0967
2026-07-16 23:15:31,603 INFO protliggnn - Epoch 011 train diagnostics: Affinity Loss=2.9558 | Contact Loss=0.0466 | Total Loss=2.9605 | Pos Acc=0.0000 | Neg Acc=1.0000 | Precision=0.0000 | Recall=0.0000 | F1=0.0000 | Avg Prob=0.0083
2026-07-16 23:15:31,603 INFO protliggnn - Epoch 011 val diagnostics: Affinity Loss=3.4345 | Contact Loss=0.0481 | Total Loss=3.4393 | Pos Acc=0.0000 | Neg Acc=1.0000 | Precision=0.0000 | Recall=0.0000 | F1=0.0000 | Avg Prob=0.0070
2026-07-16 23:16:08,019 INFO protliggnn - Epoch 012 train loss=3.0277 PCC=0.3862 Spearman=0.3576 RMSE=1.7387 MAE=1.3981 R2=0.0324
2026-07-16 23:16:08,020 INFO protliggnn - Epoch 012 val loss=2.0776 PCC=0.5930 Spearman=0.5649 RMSE=1.4397 MAE=1.1740 R2=0.3381
2026-07-16 23:16:08,020 INFO protliggnn - Epoch 012 train diagnostics: Affinity Loss=3.0230 | Contact Loss=0.0467 | Total Loss=3.0277 | Pos Acc=0.0000 | Neg Acc=1.0000 | Precision=0.0000 | Recall=0.0000 | F1=0.0000 | Avg Prob=0.0079
2026-07-16 23:16:08,020 INFO protliggnn - Epoch 012 val diagnostics: Affinity Loss=2.0728 | Contact Loss=0.0480 | Total Loss=2.0776 | Pos Acc=0.0000 | Neg Acc=1.0000 | Precision=0.0000 | Recall=0.0000 | F1=0.0000 | Avg Prob=0.0100
2026-07-16 23:16:08,103 INFO protliggnn - Saved checkpoint for epoch 12 with validation RMSE 1.4397174741441636.
2026-07-16 23:16:47,404 INFO protliggnn - Epoch 013 train loss=2.8525 PCC=0.4147 Spearman=0.3798 RMSE=1.6875 MAE=1.3631 R2=0.0885
2026-07-16 23:16:47,404 INFO protliggnn - Epoch 013 val loss=2.7483 PCC=0.4951 Spearman=0.4967 RMSE=1.6564 MAE=1.3951 R2=0.1239
2026-07-16 23:16:47,404 INFO protliggnn - Epoch 013 train diagnostics: Affinity Loss=2.8478 | Contact Loss=0.0465 | Total Loss=2.8525 | Pos Acc=0.0000 | Neg Acc=1.0000 | Precision=0.0000 | Recall=0.0000 | F1=0.0000 | Avg Prob=0.0079
2026-07-16 23:16:47,404 INFO protliggnn - Epoch 013 val diagnostics: Affinity Loss=2.7435 | Contact Loss=0.0477 | Total Loss=2.7483 | Pos Acc=0.0000 | Neg Acc=1.0000 | Precision=0.0000 | Recall=0.0000 | F1=0.0000 | Avg Prob=0.0067
2026-07-16 23:17:34,458 INFO protliggnn - Epoch 014 train loss=2.5720 PCC=0.4861 Spearman=0.4474 RMSE=1.6023 MAE=1.2933 R2=0.1782
2026-07-16 23:17:34,458 INFO protliggnn - Epoch 014 val loss=2.2038 PCC=0.5705 Spearman=0.5410 RMSE=1.4829 MAE=1.2491 R2=0.2978
2026-07-16 23:17:34,459 INFO protliggnn - Epoch 014 train diagnostics: Affinity Loss=2.5674 | Contact Loss=0.0464 | Total Loss=2.5720 | Pos Acc=0.0000 | Neg Acc=1.0000 | Precision=0.0000 | Recall=0.0000 | F1=0.0000 | Avg Prob=0.0078
2026-07-16 23:17:34,459 INFO protliggnn - Epoch 014 val diagnostics: Affinity Loss=2.1990 | Contact Loss=0.0479 | Total Loss=2.2038 | Pos Acc=0.0000 | Neg Acc=1.0000 | Precision=0.0000 | Recall=0.0000 | F1=0.0000 | Avg Prob=0.0078
2026-07-16 23:18:16,315 INFO protliggnn - Epoch 015 train loss=2.7401 PCC=0.4522 Spearman=0.4015 RMSE=1.6539 MAE=1.3340 R2=0.1244
2026-07-16 23:18:16,315 INFO protliggnn - Epoch 015 val loss=3.8871 PCC=0.5348 Spearman=0.4897 RMSE=1.9704 MAE=1.6261 R2=-0.2397
2026-07-16 23:18:16,315 INFO protliggnn - Epoch 015 train diagnostics: Affinity Loss=2.7355 | Contact Loss=0.0465 | Total Loss=2.7401 | Pos Acc=0.0000 | Neg Acc=1.0000 | Precision=0.0000 | Recall=0.0000 | F1=0.0000 | Avg Prob=0.0077
2026-07-16 23:18:16,315 INFO protliggnn - Epoch 015 val diagnostics: Affinity Loss=3.8823 | Contact Loss=0.0477 | Total Loss=3.8871 | Pos Acc=0.0000 | Neg Acc=1.0000 | Precision=0.0000 | Recall=0.0000 | F1=0.0000 | Avg Prob=0.0095
2026-07-16 23:18:53,768 INFO protliggnn - Epoch 016 train loss=2.9534 PCC=0.4345 Spearman=0.4144 RMSE=1.7172 MAE=1.3571 R2=0.0562
2026-07-16 23:18:53,768 INFO protliggnn - Epoch 016 val loss=5.2512 PCC=0.6010 Spearman=0.5825 RMSE=2.2905 MAE=1.9314 R2=-0.6753
2026-07-16 23:18:53,768 INFO protliggnn - Epoch 016 train diagnostics: Affinity Loss=2.9487 | Contact Loss=0.0465 | Total Loss=2.9534 | Pos Acc=0.0000 | Neg Acc=1.0000 | Precision=0.0000 | Recall=0.0000 | F1=0.0000 | Avg Prob=0.0080
2026-07-16 23:18:53,768 INFO protliggnn - Epoch 016 val diagnostics: Affinity Loss=5.2464 | Contact Loss=0.0479 | Total Loss=5.2512 | Pos Acc=0.0000 | Neg Acc=1.0000 | Precision=0.0000 | Recall=0.0000 | F1=0.0000 | Avg Prob=0.0068
2026-07-16 23:19:30,383 INFO protliggnn - Epoch 017 train loss=2.9007 PCC=0.4373 Spearman=0.4084 RMSE=1.7018 MAE=1.3535 R2=0.0731
2026-07-16 23:19:30,384 INFO protliggnn - Epoch 017 val loss=2.1332 PCC=0.5836 Spearman=0.5726 RMSE=1.4589 MAE=1.2139 R2=0.3203
2026-07-16 23:19:30,384 INFO protliggnn - Epoch 017 train diagnostics: Affinity Loss=2.8960 | Contact Loss=0.0465 | Total Loss=2.9007 | Pos Acc=0.0000 | Neg Acc=1.0000 | Precision=0.0000 | Recall=0.0000 | F1=0.0000 | Avg Prob=0.0079
2026-07-16 23:19:30,384 INFO protliggnn - Epoch 017 val diagnostics: Affinity Loss=2.1284 | Contact Loss=0.0481 | Total Loss=2.1332 | Pos Acc=0.0000 | Neg Acc=1.0000 | Precision=0.0000 | Recall=0.0000 | F1=0.0000 | Avg Prob=0.0087
2026-07-16 23:20:07,251 INFO protliggnn - Epoch 018 train loss=2.4780 PCC=0.5321 Spearman=0.5012 RMSE=1.5727 MAE=1.2584 R2=0.2083
2026-07-16 23:20:07,251 INFO protliggnn - Epoch 018 val loss=2.2594 PCC=0.5456 Spearman=0.5208 RMSE=1.5015 MAE=1.2159 R2=0.2800
2026-07-16 23:20:07,251 INFO protliggnn - Epoch 018 train diagnostics: Affinity Loss=2.4734 | Contact Loss=0.0466 | Total Loss=2.4780 | Pos Acc=0.0000 | Neg Acc=1.0000 | Precision=0.0000 | Recall=0.0000 | F1=0.0000 | Avg Prob=0.0079
2026-07-16 23:20:07,251 INFO protliggnn - Epoch 018 val diagnostics: Affinity Loss=2.2546 | Contact Loss=0.0476 | Total Loss=2.2594 | Pos Acc=0.0000 | Neg Acc=1.0000 | Precision=0.0000 | Recall=0.0000 | F1=0.0000 | Avg Prob=0.0077
2026-07-16 23:20:44,398 INFO protliggnn - Epoch 019 train loss=2.6716 PCC=0.5054 Spearman=0.4484 RMSE=1.6331 MAE=1.3188 R2=0.1464
2026-07-16 23:20:44,399 INFO protliggnn - Epoch 019 val loss=2.4111 PCC=0.5081 Spearman=0.5029 RMSE=1.5512 MAE=1.2434 R2=0.2316
2026-07-16 23:20:44,399 INFO protliggnn - Epoch 019 train diagnostics: Affinity Loss=2.6669 | Contact Loss=0.0465 | Total Loss=2.6716 | Pos Acc=0.0000 | Neg Acc=1.0000 | Precision=0.0000 | Recall=0.0000 | F1=0.0000 | Avg Prob=0.0076
2026-07-16 23:20:44,399 INFO protliggnn - Epoch 019 val diagnostics: Affinity Loss=2.4063 | Contact Loss=0.0480 | Total Loss=2.4111 | Pos Acc=0.0000 | Neg Acc=1.0000 | Precision=0.0000 | Recall=0.0000 | F1=0.0000 | Avg Prob=0.0097
2026-07-16 23:21:21,532 INFO protliggnn - Epoch 020 train loss=2.4708 PCC=0.5402 Spearman=0.5105 RMSE=1.5704 MAE=1.2565 R2=0.2107
2026-07-16 23:21:21,532 INFO protliggnn - Epoch 020 val loss=2.1499 PCC=0.6022 Spearman=0.5848 RMSE=1.4646 MAE=1.1935 R2=0.3150
2026-07-16 23:21:21,532 INFO protliggnn - Epoch 020 train diagnostics: Affinity Loss=2.4661 | Contact Loss=0.0464 | Total Loss=2.4708 | Pos Acc=0.0000 | Neg Acc=1.0000 | Precision=0.0000 | Recall=0.0000 | F1=0.0000 | Avg Prob=0.0079
2026-07-16 23:21:21,532 INFO protliggnn - Epoch 020 val diagnostics: Affinity Loss=2.1451 | Contact Loss=0.0479 | Total Loss=2.1499 | Pos Acc=0.0000 | Neg Acc=1.0000 | Precision=0.0000 | Recall=0.0000 | F1=0.0000 | Avg Prob=0.0061
2026-07-16 23:21:58,582 INFO protliggnn - Epoch 021 train loss=2.3220 PCC=0.5588 Spearman=0.5285 RMSE=1.5223 MAE=1.2069 R2=0.2583
2026-07-16 23:21:58,582 INFO protliggnn - Epoch 021 val loss=2.4564 PCC=0.4782 Spearman=0.4522 RMSE=1.5658 MAE=1.3038 R2=0.2171
2026-07-16 23:21:58,582 INFO protliggnn - Epoch 021 train diagnostics: Affinity Loss=2.3174 | Contact Loss=0.0464 | Total Loss=2.3220 | Pos Acc=0.0000 | Neg Acc=1.0000 | Precision=0.0000 | Recall=0.0000 | F1=0.0000 | Avg Prob=0.0077
2026-07-16 23:21:58,582 INFO protliggnn - Epoch 021 val diagnostics: Affinity Loss=2.4517 | Contact Loss=0.0478 | Total Loss=2.4564 | Pos Acc=0.0000 | Neg Acc=1.0000 | Precision=0.0000 | Recall=0.0000 | F1=0.0000 | Avg Prob=0.0072
2026-07-16 23:22:35,223 INFO protliggnn - Epoch 022 train loss=2.0242 PCC=0.6185 Spearman=0.5839 RMSE=1.4211 MAE=1.1248 R2=0.3536
2026-07-16 23:22:35,223 INFO protliggnn - Epoch 022 val loss=2.6619 PCC=0.4612 Spearman=0.4218 RMSE=1.6301 MAE=1.3342 R2=0.1515
2026-07-16 23:22:35,223 INFO protliggnn - Epoch 022 train diagnostics: Affinity Loss=2.0195 | Contact Loss=0.0463 | Total Loss=2.0242 | Pos Acc=0.0000 | Neg Acc=1.0000 | Precision=0.0000 | Recall=0.0000 | F1=0.0000 | Avg Prob=0.0077
2026-07-16 23:22:35,223 INFO protliggnn - Epoch 022 val diagnostics: Affinity Loss=2.6571 | Contact Loss=0.0480 | Total Loss=2.6619 | Pos Acc=0.0000 | Neg Acc=1.0000 | Precision=0.0000 | Recall=0.0000 | F1=0.0000 | Avg Prob=0.0062
2026-07-16 23:22:35,223 INFO protliggnn - Early stopping triggered at epoch 22. Best epoch was 12.
2026-07-16 23:22:35,315 INFO protliggnn - Loaded best model from epoch 12 at D:\ProtLigGnn\experiments\run_002\checkpoint.pt
2026-07-16 23:22:37,260 INFO protliggnn - Test loss=2.5822 PCC=0.4302 Spearman=0.4242 RMSE=1.6056 MAE=1.2966 R2=0.1525
2026-07-16 23:22:41,061 INFO protliggnn - Wrote metrics, predictions, plots, and error analysis.
2026-07-16 23:22:41,085 INFO protliggnn - Experiment artifacts saved to D:\ProtLigGnn\experiments\run_002
