Command: D:\ProtLigGnn\venv\Scripts\python.exe protliggnn_train.py --data_dir data/pdbbind2020 --device cuda:0 --epochs 50 --batch_size 8 --lr 0.001 --weight_decay 1e-05 --patience 10 --seed 2024 --run_name protliggnn_benchmark_seed_2024 --save_path experiments\run_015\checkpoint.pt --split_strategy random --split_dir splits --val_fraction 0.1 --test_fraction 0.1 --dataset_version pdbbind2020_local --experiments_root experiments --experiment_dir experiments\run_015 --log_level INFO --num_workers 0 --research_version Validated Baseline v0.95 --max_samples 1000 --allow_duplicate --hidden_dim 256 --dropout 0.2 --optimizer adam --scheduler none --pooling mean --grad_clip 5.0 --model_type soft_routing --rbf_basis 32 --rbf_start 0.0 --rbf_stop 12.0 --rbf_proj_dim 32 --interaction_dim 32 --latent_dim 32 --chemistry_dim 32 --representation_dim 32 --attention_bias_type rbf --attention_learnable_scale true --attention_initial_alpha 0.1 --attention_normalize_bias true --contact_threshold 4.0 --loss_weight 0.1 --loss_weight_strategy fixed --contact_hidden_dim 128 --router_type gated --routing_level embedding --gate_regularization 0.0 --entropy_regularization 0.01 --sparsity_regularization 0.0 --diversity_regularization 0.0 --router_capacity base --resume run_015

2026-07-17 03:47:14,184 INFO protliggnn - Experiment directory: experiments\run_015
2026-07-17 03:47:14,184 INFO protliggnn - CLI arguments: {'data_dir': 'data/pdbbind2020', 'device': 'cuda:0', 'epochs': 50, 'batch_size': 8, 'lr': 0.001, 'weight_decay': 1e-05, 'patience': 10, 'seed': 2024, 'max_samples': 1000, 'run_name': 'protliggnn_benchmark_seed_2024', 'no_crossgraph': False, 'save_path': 'experiments\\run_015\\checkpoint.pt', 'split_strategy': 'random', 'split_dir': 'splits', 'fixed_split_dir': None, 'val_fraction': 0.1, 'test_fraction': 0.1, 'dataset_version': 'pdbbind2020_local', 'experiments_root': 'experiments', 'experiment_dir': 'experiments\\run_015', 'experiment_id': None, 'num_workers': 0, 'pin_memory': False, 'disable_experiment_tracking': False, 'resume': 'run_015', 'allow_duplicate': True, 'hidden_dim': 256, 'dropout': 0.2, 'optimizer': 'adam', 'scheduler': 'none', 'grad_clip': 5.0, 'no_residual': False, 'no_layernorm': False, 'no_attention': False, 'pooling': 'mean', 'log_level': 'INFO', 'model_type': 'soft_routing', 'router_type': 'gated', 'routing_level': 'embedding', 'gate_regularization': 0.0, 'entropy_regularization': 0.01, 'sparsity_regularization': 0.0, 'diversity_regularization': 0.0, 'router_capacity': 'base', 'contact_threshold': 4.0, 'loss_weight': 0.1, 'loss_weight_strategy': 'fixed', 'contact_hidden_dim': 128, 'rbf_basis': 32, 'rbf_start': 0.0, 'rbf_stop': 12.0, 'rbf_proj_dim': 32, 'interaction_dim': 32, 'latent_dim': 32, 'chemistry_dim': 32, 'representation_dim': 32, 'attention_bias_type': 'rbf', 'attention_learnable_scale': 'true', 'attention_initial_alpha': 0.1, 'attention_normalize_bias': 'true', 'experiment_purpose': 'benchmark', 'research_question': 'Can ProtLigGNN reproducibly predict protein-ligand affinity under this benchmark configuration?', 'author': 'unknown', 'description': '', 'notes': '', 'tags': '', 'expected_outcome': '', 'current_milestone': 'research-infrastructure', 'architecture_version': 'protliggnn-v1', 'research_version': 'Validated Baseline v0.95'}
2026-07-17 03:47:14,185 INFO protliggnn - Resume target resolved to experiments\run_015\checkpoint.pt
2026-07-17 03:47:14,185 INFO protliggnn - Loading dataset from D:\ProtLigGnn\data\pdbbind2020
2026-07-17 03:47:14,187 WARNING protliggnn.train - Censored or approximate affinity label detected: 'Kd<10uM' (relation: '<'). Treating as exact value.
2026-07-17 03:47:14,187 WARNING protliggnn.train - Censored or approximate affinity label detected: 'Ki<=17nM' (relation: '<='). Treating as exact value.
2026-07-17 03:47:14,187 WARNING protliggnn.train - Censored or approximate affinity label detected: 'IC50<=3.5nM' (relation: '<='). Treating as exact value.
2026-07-17 03:47:14,187 WARNING protliggnn.train - Censored or approximate affinity label detected: 'Ki<1.0nM' (relation: '<'). Treating as exact value.
2026-07-17 03:47:14,187 WARNING protliggnn.train - Censored or approximate affinity label detected: 'Ki<10uM' (relation: '<'). Treating as exact value.
2026-07-17 03:47:14,187 WARNING protliggnn.train - Censored or approximate affinity label detected: 'Ki<1nM' (relation: '<'). Treating as exact value.
2026-07-17 03:47:14,188 WARNING protliggnn.train - Censored or approximate affinity label detected: 'IC50<=2.0nM' (relation: '<='). Treating as exact value.
2026-07-17 03:47:14,188 WARNING protliggnn.train - Censored or approximate affinity label detected: 'IC50~10uM' (relation: '~'). Treating as exact value.
2026-07-17 03:47:14,188 WARNING protliggnn.train - Censored or approximate affinity label detected: 'Ki<0.01nM' (relation: '<'). Treating as exact value.
2026-07-17 03:47:14,188 WARNING protliggnn.train - Censored or approximate affinity label detected: 'Ki<=100nM' (relation: '<='). Treating as exact value.
2026-07-17 03:47:14,188 WARNING protliggnn.train - Censored or approximate affinity label detected: 'Ki<21nM' (relation: '<'). Treating as exact value.
2026-07-17 03:47:14,189 WARNING protliggnn.train - Censored or approximate affinity label detected: 'Ki~0.1pM' (relation: '~'). Treating as exact value.
2026-07-17 03:47:14,190 WARNING protliggnn.train - Censored or approximate affinity label detected: 'Kd<=100uM' (relation: '<='). Treating as exact value.
2026-07-17 03:47:14,263 WARNING protliggnn.train - Censored or approximate affinity label detected: 'Kd~10pM' (relation: '~'). Treating as exact value.
2026-07-17 03:47:14,263 WARNING protliggnn.train - Censored or approximate affinity label detected: 'Kd~1pM' (relation: '~'). Treating as exact value.
2026-07-17 03:47:14,263 WARNING protliggnn.train - Censored or approximate affinity label detected: 'Kd~1pM' (relation: '~'). Treating as exact value.
2026-07-17 03:47:14,264 WARNING protliggnn.train - Censored or approximate affinity label detected: 'Kd<0.010uM' (relation: '<'). Treating as exact value.
2026-07-17 03:47:14,266 WARNING protliggnn.train - Censored or approximate affinity label detected: 'Kd~0.1uM' (relation: '~'). Treating as exact value.
2026-07-17 03:47:14,266 WARNING protliggnn.train - Censored or approximate affinity label detected: 'Ki<0.3uM' (relation: '<'). Treating as exact value.
2026-07-17 03:47:14,267 WARNING protliggnn.train - Censored or approximate affinity label detected: 'IC50<0.003uM' (relation: '<'). Treating as exact value.
2026-07-17 03:47:14,267 WARNING protliggnn.train - Censored or approximate affinity label detected: 'IC50<0.05uM' (relation: '<'). Treating as exact value.
2026-07-17 03:47:14,267 WARNING protliggnn.train - Censored or approximate affinity label detected: 'IC50<0.05uM' (relation: '<'). Treating as exact value.
2026-07-17 03:47:14,268 WARNING protliggnn.train - Censored or approximate affinity label detected: 'IC50~5mM' (relation: '~'). Treating as exact value.
2026-07-17 03:47:14,268 WARNING protliggnn.train - Censored or approximate affinity label detected: 'Kd<0.12nM' (relation: '<'). Treating as exact value.
2026-07-17 03:47:14,269 WARNING protliggnn.train - Censored or approximate affinity label detected: 'Kd~0.69pM' (relation: '~'). Treating as exact value.
2026-07-17 03:47:14,269 WARNING protliggnn.train - Censored or approximate affinity label detected: 'Kd~11pM' (relation: '~'). Treating as exact value.
2026-07-17 03:47:14,269 WARNING protliggnn.train - Censored or approximate affinity label detected: 'Kd~28pM' (relation: '~'). Treating as exact value.
2026-07-17 03:47:14,270 WARNING protliggnn.train - Censored or approximate affinity label detected: 'IC50<0.003uM' (relation: '<'). Treating as exact value.
2026-07-17 03:47:14,270 WARNING protliggnn.train - Censored or approximate affinity label detected: 'IC50<20nM' (relation: '<'). Treating as exact value.
2026-07-17 03:47:14,270 WARNING protliggnn.train - Censored or approximate affinity label detected: 'IC50<5nM' (relation: '<'). Treating as exact value.
2026-07-17 03:47:14,271 WARNING protliggnn.train - Censored or approximate affinity label detected: 'Kd~1nM' (relation: '~'). Treating as exact value.
2026-07-17 03:47:14,271 WARNING protliggnn.train - Censored or approximate affinity label detected: 'Kd~1nM' (relation: '~'). Treating as exact value.
2026-07-17 03:47:14,271 WARNING protliggnn.train - Censored or approximate affinity label detected: 'Ki<10nM' (relation: '<'). Treating as exact value.
2026-07-17 03:47:14,273 WARNING protliggnn.train - Censored or approximate affinity label detected: 'Kd<10uM' (relation: '<'). Treating as exact value.
2026-07-17 03:47:14,275 WARNING protliggnn.train - Censored or approximate affinity label detected: 'IC50<100nM' (relation: '<'). Treating as exact value.
2026-07-17 03:47:14,276 WARNING protliggnn.train - Censored or approximate affinity label detected: 'Kd<2pM' (relation: '<'). Treating as exact value.
2026-07-17 03:47:14,277 WARNING protliggnn.train - Censored or approximate affinity label detected: 'Kd~50uM' (relation: '~'). Treating as exact value.
2026-07-17 03:47:14,277 WARNING protliggnn.train - Censored or approximate affinity label detected: 'Ki<=0.6nM' (relation: '<='). Treating as exact value.
2026-07-17 03:47:14,280 WARNING protliggnn.train - Censored or approximate affinity label detected: 'Kd~100uM' (relation: '~'). Treating as exact value.
2026-07-17 03:47:14,280 WARNING protliggnn.train - Censored or approximate affinity label detected: 'Kd~100uM' (relation: '~'). Treating as exact value.
2026-07-17 03:47:15,290 WARNING protliggnn.train - Censored or approximate affinity label detected: 'IC50<0.04nM' (relation: '<'). Treating as exact value.
2026-07-17 03:47:15,291 WARNING protliggnn.train - Censored or approximate affinity label detected: 'Kd~10nM' (relation: '~'). Treating as exact value.
2026-07-17 03:47:15,292 WARNING protliggnn.train - Censored or approximate affinity label detected: 'IC50<0.5nM' (relation: '<'). Treating as exact value.
2026-07-17 03:47:15,293 WARNING protliggnn.train - Censored or approximate affinity label detected: 'Kd~40mM' (relation: '~'). Treating as exact value.
2026-07-17 03:47:15,294 WARNING protliggnn.train - Censored or approximate affinity label detected: 'Ki<10uM' (relation: '<'). Treating as exact value.
2026-07-17 03:47:15,294 WARNING protliggnn.train - Censored or approximate affinity label detected: 'IC50<1.0nM' (relation: '<'). Treating as exact value.
2026-07-17 03:47:15,294 WARNING protliggnn.train - Censored or approximate affinity label detected: 'IC50<2nM' (relation: '<'). Treating as exact value.
2026-07-17 03:47:15,294 WARNING protliggnn.train - Censored or approximate affinity label detected: 'IC50<3nM' (relation: '<'). Treating as exact value.
2026-07-17 03:47:15,294 WARNING protliggnn.train - Censored or approximate affinity label detected: 'IC50<=1nM' (relation: '<='). Treating as exact value.
2026-07-17 03:47:15,295 WARNING protliggnn.train - Censored or approximate affinity label detected: 'Kd<1nM' (relation: '<'). Treating as exact value.
2026-07-17 03:47:15,296 WARNING protliggnn.train - Censored or approximate affinity label detected: 'Kd~1nM' (relation: '~'). Treating as exact value.
2026-07-17 03:47:15,296 WARNING protliggnn.train - Censored or approximate affinity label detected: 'Kd~1nM' (relation: '~'). Treating as exact value.
2026-07-17 03:47:15,297 WARNING protliggnn.train - Censored or approximate affinity label detected: 'IC50<2nM' (relation: '<'). Treating as exact value.
2026-07-17 03:47:15,298 WARNING protliggnn.train - Censored or approximate affinity label detected: 'IC50~1mM' (relation: '~'). Treating as exact value.
2026-07-17 03:47:15,298 WARNING protliggnn.train - Censored or approximate affinity label detected: 'IC50~20mM' (relation: '~'). Treating as exact value.
2026-07-17 03:47:15,298 WARNING protliggnn.train - Censored or approximate affinity label detected: 'Kd<0.1nM' (relation: '<'). Treating as exact value.
2026-07-17 03:47:15,298 WARNING protliggnn.train - Censored or approximate affinity label detected: 'Kd<1mM' (relation: '<'). Treating as exact value.
2026-07-17 03:47:15,298 WARNING protliggnn.train - Censored or approximate affinity label detected: 'Kd<60uM' (relation: '<'). Treating as exact value.
2026-07-17 03:47:15,299 WARNING protliggnn.train - Censored or approximate affinity label detected: 'Kd~300uM' (relation: '~'). Treating as exact value.
2026-07-17 03:47:15,299 WARNING protliggnn.train - Censored or approximate affinity label detected: 'Ki<50.0nM' (relation: '<'). Treating as exact value.
2026-07-17 03:47:15,300 WARNING protliggnn.train - Censored or approximate affinity label detected: 'Ki~5mM' (relation: '~'). Treating as exact value.
2026-07-17 03:47:15,300 WARNING protliggnn.train - Censored or approximate affinity label detected: 'Ki~5uM' (relation: '~'). Treating as exact value.
2026-07-17 03:47:15,300 WARNING protliggnn.train - Censored or approximate affinity label detected: 'IC50<0.001uM' (relation: '<'). Treating as exact value.
2026-07-17 03:47:15,300 WARNING protliggnn.train - Censored or approximate affinity label detected: 'IC50<0.003uM' (relation: '<'). Treating as exact value.
2026-07-17 03:47:15,300 WARNING protliggnn.train - Censored or approximate affinity label detected: 'IC50<0.004uM' (relation: '<'). Treating as exact value.
2026-07-17 03:47:15,300 WARNING protliggnn.train - Censored or approximate affinity label detected: 'IC50<10nM' (relation: '<'). Treating as exact value.
2026-07-17 03:47:15,300 WARNING protliggnn.train - Censored or approximate affinity label detected: 'IC50<2.13nM' (relation: '<'). Treating as exact value.
2026-07-17 03:47:17,121 WARNING protliggnn.train - Censored or approximate affinity label detected: 'IC50<3nM' (relation: '<'). Treating as exact value.
2026-07-17 03:47:17,121 WARNING protliggnn.train - Censored or approximate affinity label detected: 'IC50<3nM' (relation: '<'). Treating as exact value.
2026-07-17 03:47:17,121 WARNING protliggnn.train - Censored or approximate affinity label detected: 'IC50<4nM' (relation: '<'). Treating as exact value.
2026-07-17 03:47:17,121 WARNING protliggnn.train - Censored or approximate affinity label detected: 'IC50<5nM' (relation: '<'). Treating as exact value.
2026-07-17 03:47:17,121 WARNING protliggnn.train - Censored or approximate affinity label detected: 'IC50<5nM' (relation: '<'). Treating as exact value.
2026-07-17 03:47:17,122 WARNING protliggnn.train - Censored or approximate affinity label detected: 'Kd<0.1mM' (relation: '<'). Treating as exact value.
2026-07-17 03:47:17,122 WARNING protliggnn.train - Censored or approximate affinity label detected: 'Kd<0.1nM' (relation: '<'). Treating as exact value.
2026-07-17 03:47:17,122 WARNING protliggnn.train - Censored or approximate affinity label detected: 'Kd<100nM' (relation: '<'). Treating as exact value.
2026-07-17 03:47:17,122 WARNING protliggnn.train - Censored or approximate affinity label detected: 'Kd<10nM' (relation: '<'). Treating as exact value.
2026-07-17 03:47:17,123 WARNING protliggnn.train - Censored or approximate affinity label detected: 'Kd~102uM' (relation: '~'). Treating as exact value.
2026-07-17 03:47:17,123 WARNING protliggnn.train - Censored or approximate affinity label detected: 'Kd~125nM' (relation: '~'). Treating as exact value.
2026-07-17 03:47:17,123 WARNING protliggnn.train - Censored or approximate affinity label detected: 'Kd~1uM' (relation: '~'). Treating as exact value.
2026-07-17 03:47:17,123 WARNING protliggnn.train - Censored or approximate affinity label detected: 'Kd~1uM' (relation: '~'). Treating as exact value.
2026-07-17 03:47:17,123 WARNING protliggnn.train - Censored or approximate affinity label detected: 'Kd~5uM' (relation: '~'). Treating as exact value.
2026-07-17 03:47:17,123 WARNING protliggnn.train - Censored or approximate affinity label detected: 'Kd~74.3uM' (relation: '~'). Treating as exact value.
2026-07-17 03:47:17,123 WARNING protliggnn.train - Censored or approximate affinity label detected: 'Kd~85nM' (relation: '~'). Treating as exact value.
2026-07-17 03:47:17,123 WARNING protliggnn.train - Censored or approximate affinity label detected: 'Ki<0.10nM' (relation: '<'). Treating as exact value.
2026-07-17 03:47:17,124 WARNING protliggnn.train - Censored or approximate affinity label detected: 'Ki~2uM' (relation: '~'). Treating as exact value.
2026-07-17 03:47:17,124 WARNING protliggnn.train - Censored or approximate affinity label detected: 'Ki~55mM' (relation: '~'). Treating as exact value.
2026-07-17 03:47:17,124 WARNING protliggnn.train - Censored or approximate affinity label detected: 'Ki~55mM' (relation: '~'). Treating as exact value.
2026-07-17 03:47:17,124 WARNING protliggnn.train - Censored or approximate affinity label detected: 'IC50<0.01uM' (relation: '<'). Treating as exact value.
2026-07-17 03:47:17,124 WARNING protliggnn.train - Censored or approximate affinity label detected: 'IC50<0.01uM' (relation: '<'). Treating as exact value.
2026-07-17 03:47:17,124 WARNING protliggnn.train - Censored or approximate affinity label detected: 'IC50<2.5nM' (relation: '<'). Treating as exact value.
2026-07-17 03:47:17,125 WARNING protliggnn.train - Censored or approximate affinity label detected: 'IC50~0.5uM' (relation: '~'). Treating as exact value.
2026-07-17 03:47:17,125 WARNING protliggnn.train - Censored or approximate affinity label detected: 'IC50~30nM' (relation: '~'). Treating as exact value.
2026-07-17 03:47:17,125 WARNING protliggnn.train - Censored or approximate affinity label detected: 'Kd<10nM' (relation: '<'). Treating as exact value.
2026-07-17 03:47:17,125 WARNING protliggnn.train - Censored or approximate affinity label detected: 'Kd<10uM' (relation: '<'). Treating as exact value.
2026-07-17 03:47:18,749 WARNING protliggnn.train - Censored or approximate affinity label detected: 'Kd<6nM' (relation: '<'). Treating as exact value.
2026-07-17 03:47:18,751 WARNING protliggnn.train - Censored or approximate affinity label detected: 'Kd~10nM' (relation: '~'). Treating as exact value.
2026-07-17 03:47:18,751 WARNING protliggnn.train - Censored or approximate affinity label detected: 'Kd~160nM' (relation: '~'). Treating as exact value.
2026-07-17 03:47:18,751 WARNING protliggnn.train - Censored or approximate affinity label detected: 'Kd~1mM' (relation: '~'). Treating as exact value.
2026-07-17 03:47:18,751 WARNING protliggnn.train - Censored or approximate affinity label detected: 'Kd~1uM' (relation: '~'). Treating as exact value.
2026-07-17 03:47:18,751 WARNING protliggnn.train - Censored or approximate affinity label detected: 'Kd~2uM' (relation: '~'). Treating as exact value.
2026-07-17 03:47:18,751 WARNING protliggnn.train - Censored or approximate affinity label detected: 'Kd~5uM' (relation: '~'). Treating as exact value.
2026-07-17 03:47:18,751 WARNING protliggnn.train - Censored or approximate affinity label detected: 'Ki<0.05uM' (relation: '<'). Treating as exact value.
2026-07-17 03:47:18,751 WARNING protliggnn.train - Censored or approximate affinity label detected: 'Ki<1nM' (relation: '<'). Treating as exact value.
2026-07-17 03:47:18,751 WARNING protliggnn.train - Censored or approximate affinity label detected: 'Ki<1nM' (relation: '<'). Treating as exact value.
2026-07-17 03:47:18,751 WARNING protliggnn.train - Censored or approximate affinity label detected: 'Ki<1nM' (relation: '<'). Treating as exact value.
2026-07-17 03:47:18,751 WARNING protliggnn.train - Censored or approximate affinity label detected: 'Ki<1nM' (relation: '<'). Treating as exact value.
2026-07-17 03:47:18,751 WARNING protliggnn.train - Censored or approximate affinity label detected: 'Ki<2nM' (relation: '<'). Treating as exact value.
2026-07-17 03:47:18,752 WARNING protliggnn.train - Censored or approximate affinity label detected: 'Ki~10uM' (relation: '~'). Treating as exact value.
2026-07-17 03:47:18,752 WARNING protliggnn.train - Censored or approximate affinity label detected: 'Ki~14uM' (relation: '~'). Treating as exact value.
2026-07-17 03:47:18,752 WARNING protliggnn.train - Censored or approximate affinity label detected: 'Ki~50uM' (relation: '~'). Treating as exact value.
2026-07-17 03:47:18,752 WARNING protliggnn.train - Censored or approximate affinity label detected: 'IC50<1nM' (relation: '<'). Treating as exact value.
2026-07-17 03:47:18,752 WARNING protliggnn.train - Censored or approximate affinity label detected: 'IC50<4nM' (relation: '<'). Treating as exact value.
2026-07-17 03:47:18,755 WARNING protliggnn.train - Censored or approximate affinity label detected: 'IC50~10uM' (relation: '~'). Treating as exact value.
2026-07-17 03:47:18,755 WARNING protliggnn.train - Censored or approximate affinity label detected: 'IC50~10uM' (relation: '~'). Treating as exact value.
2026-07-17 03:47:18,755 WARNING protliggnn.train - Censored or approximate affinity label detected: 'IC50~1mM' (relation: '~'). Treating as exact value.
2026-07-17 03:47:18,755 WARNING protliggnn.train - Censored or approximate affinity label detected: 'IC50~30uM' (relation: '~'). Treating as exact value.
2026-07-17 03:47:18,755 WARNING protliggnn.train - Censored or approximate affinity label detected: 'IC50~30uM' (relation: '~'). Treating as exact value.
2026-07-17 03:47:18,755 WARNING protliggnn.train - Censored or approximate affinity label detected: 'IC50~38nM' (relation: '~'). Treating as exact value.
2026-07-17 03:47:18,755 WARNING protliggnn.train - Censored or approximate affinity label detected: 'Kd<0.003uM' (relation: '<'). Treating as exact value.
2026-07-17 03:47:18,755 WARNING protliggnn.train - Censored or approximate affinity label detected: 'Kd<1nM' (relation: '<'). Treating as exact value.
2026-07-17 03:47:18,757 WARNING protliggnn.train - Censored or approximate affinity label detected: 'Kd~1.7uM' (relation: '~'). Treating as exact value.
2026-07-17 03:47:20,323 WARNING protliggnn.train - Censored or approximate affinity label detected: 'Kd~200nM' (relation: '~'). Treating as exact value.
2026-07-17 03:47:20,323 WARNING protliggnn.train - Censored or approximate affinity label detected: 'Kd~200nM' (relation: '~'). Treating as exact value.
2026-07-17 03:47:20,323 WARNING protliggnn.train - Censored or approximate affinity label detected: 'Kd~3.6pM' (relation: '~'). Treating as exact value.
2026-07-17 03:47:20,323 WARNING protliggnn.train - Censored or approximate affinity label detected: 'Kd~400nM' (relation: '~'). Treating as exact value.
2026-07-17 03:47:20,323 WARNING protliggnn.train - Censored or approximate affinity label detected: 'Kd~51nM' (relation: '~'). Treating as exact value.
2026-07-17 03:47:20,323 WARNING protliggnn.train - Censored or approximate affinity label detected: 'Kd~9.6uM' (relation: '~'). Treating as exact value.
2026-07-17 03:47:20,323 WARNING protliggnn.train - Censored or approximate affinity label detected: 'Ki<0.01nM' (relation: '<'). Treating as exact value.
2026-07-17 03:47:20,323 WARNING protliggnn.train - Censored or approximate affinity label detected: 'Ki<0.0845uM' (relation: '<'). Treating as exact value.
2026-07-17 03:47:20,323 WARNING protliggnn.train - Censored or approximate affinity label detected: 'Ki<0.2nM' (relation: '<'). Treating as exact value.
2026-07-17 03:47:20,323 WARNING protliggnn.train - Censored or approximate affinity label detected: 'Ki<0.2nM' (relation: '<'). Treating as exact value.
2026-07-17 03:47:20,323 WARNING protliggnn.train - Censored or approximate affinity label detected: 'Ki<10mM' (relation: '<'). Treating as exact value.
2026-07-17 03:47:20,323 WARNING protliggnn.train - Censored or approximate affinity label detected: 'Ki<2mM' (relation: '<'). Treating as exact value.
2026-07-17 03:47:20,325 WARNING protliggnn.train - Censored or approximate affinity label detected: 'Ki~1.3uM' (relation: '~'). Treating as exact value.
2026-07-17 03:47:20,325 WARNING protliggnn.train - Censored or approximate affinity label detected: 'Ki~1.3uM' (relation: '~'). Treating as exact value.
2026-07-17 03:47:20,325 WARNING protliggnn.train - Censored or approximate affinity label detected: 'Ki~67uM' (relation: '~'). Treating as exact value.
2026-07-17 03:47:20,325 WARNING protliggnn.train - Censored or approximate affinity label detected: 'IC50<0.001uM' (relation: '<'). Treating as exact value.
2026-07-17 03:47:20,325 WARNING protliggnn.train - Censored or approximate affinity label detected: 'IC50<0.086uM' (relation: '<'). Treating as exact value.
2026-07-17 03:47:20,325 WARNING protliggnn.train - Censored or approximate affinity label detected: 'IC50<0.086uM' (relation: '<'). Treating as exact value.
2026-07-17 03:47:20,325 WARNING protliggnn.train - Censored or approximate affinity label detected: 'IC50<0.086uM' (relation: '<'). Treating as exact value.
2026-07-17 03:47:20,325 WARNING protliggnn.train - Censored or approximate affinity label detected: 'IC50<0.086uM' (relation: '<'). Treating as exact value.
2026-07-17 03:47:20,325 WARNING protliggnn.train - Censored or approximate affinity label detected: 'IC50<0.086uM' (relation: '<'). Treating as exact value.
2026-07-17 03:47:20,326 WARNING protliggnn.train - Censored or approximate affinity label detected: 'IC50<1.37uM' (relation: '<'). Treating as exact value.
2026-07-17 03:47:20,326 WARNING protliggnn.train - Censored or approximate affinity label detected: 'IC50<10nM' (relation: '<'). Treating as exact value.
2026-07-17 03:47:20,326 WARNING protliggnn.train - Censored or approximate affinity label detected: 'IC50<10uM' (relation: '<'). Treating as exact value.
2026-07-17 03:47:20,326 WARNING protliggnn.train - Censored or approximate affinity label detected: 'IC50<15nM' (relation: '<'). Treating as exact value.
2026-07-17 03:47:20,326 WARNING protliggnn.train - Censored or approximate affinity label detected: 'IC50<1nM' (relation: '<'). Treating as exact value.
2026-07-17 03:47:20,328 WARNING protliggnn.train - Censored or approximate affinity label detected: 'IC50~1.3mM' (relation: '~'). Treating as exact value.
2026-07-17 03:47:21,909 WARNING protliggnn.train - Censored or approximate affinity label detected: 'IC50~10000nM' (relation: '~'). Treating as exact value.
2026-07-17 03:47:21,909 WARNING protliggnn.train - Censored or approximate affinity label detected: 'IC50~33uM' (relation: '~'). Treating as exact value.
2026-07-17 03:47:21,909 WARNING protliggnn.train - Censored or approximate affinity label detected: 'IC50~4mM' (relation: '~'). Treating as exact value.
2026-07-17 03:47:21,909 WARNING protliggnn.train - Censored or approximate affinity label detected: 'Kd<0.03uM' (relation: '<'). Treating as exact value.
2026-07-17 03:47:21,909 WARNING protliggnn.train - Censored or approximate affinity label detected: 'Kd<0.05nM' (relation: '<'). Treating as exact value.
2026-07-17 03:47:21,909 WARNING protliggnn.train - Censored or approximate affinity label detected: 'Kd<10nM' (relation: '<'). Treating as exact value.
2026-07-17 03:47:21,909 WARNING protliggnn.train - Censored or approximate affinity label detected: 'Kd<1nM' (relation: '<'). Treating as exact value.
2026-07-17 03:47:21,909 WARNING protliggnn.train - Censored or approximate affinity label detected: 'Kd<1nM' (relation: '<'). Treating as exact value.
2026-07-17 03:47:21,910 WARNING protliggnn.train - Censored or approximate affinity label detected: 'Kd~185uM' (relation: '~'). Treating as exact value.
2026-07-17 03:47:21,910 WARNING protliggnn.train - Censored or approximate affinity label detected: 'Kd~23mM' (relation: '~'). Treating as exact value.
2026-07-17 03:47:21,910 WARNING protliggnn.train - Censored or approximate affinity label detected: 'Kd~2uM' (relation: '~'). Treating as exact value.
2026-07-17 03:47:21,911 WARNING protliggnn.train - Censored or approximate affinity label detected: 'Kd~300nM' (relation: '~'). Treating as exact value.
2026-07-17 03:47:21,911 WARNING protliggnn.train - Censored or approximate affinity label detected: 'Kd~364nM' (relation: '~'). Treating as exact value.
2026-07-17 03:47:21,911 WARNING protliggnn.train - Censored or approximate affinity label detected: 'Kd~8.11uM' (relation: '~'). Treating as exact value.
2026-07-17 03:47:21,911 WARNING protliggnn.train - Censored or approximate affinity label detected: 'Ki<0.0005uM' (relation: '<'). Treating as exact value.
2026-07-17 03:47:21,911 WARNING protliggnn.train - Censored or approximate affinity label detected: 'Ki<0.01nM' (relation: '<'). Treating as exact value.
2026-07-17 03:47:21,911 WARNING protliggnn.train - Censored or approximate affinity label detected: 'Ki<0.025nM' (relation: '<'). Treating as exact value.
2026-07-17 03:47:21,911 WARNING protliggnn.train - Censored or approximate affinity label detected: 'Ki~5uM' (relation: '~'). Treating as exact value.
2026-07-17 03:47:21,912 WARNING protliggnn.train - Censored or approximate affinity label detected: 'IC50<0.004uM' (relation: '<'). Treating as exact value.
2026-07-17 03:47:21,912 WARNING protliggnn.train - Censored or approximate affinity label detected: 'IC50<10nM' (relation: '<'). Treating as exact value.
2026-07-17 03:47:21,912 WARNING protliggnn.train - Censored or approximate affinity label detected: 'IC50<10nM' (relation: '<'). Treating as exact value.
2026-07-17 03:47:21,912 WARNING protliggnn.train - Censored or approximate affinity label detected: 'IC50<10nM' (relation: '<'). Treating as exact value.
2026-07-17 03:47:21,912 WARNING protliggnn.train - Censored or approximate affinity label detected: 'IC50<10nM' (relation: '<'). Treating as exact value.
2026-07-17 03:47:21,912 WARNING protliggnn.train - Censored or approximate affinity label detected: 'IC50<10nM' (relation: '<'). Treating as exact value.
2026-07-17 03:47:21,912 WARNING protliggnn.train - Censored or approximate affinity label detected: 'IC50<10nM' (relation: '<'). Treating as exact value.
2026-07-17 03:47:21,912 WARNING protliggnn.train - Censored or approximate affinity label detected: 'IC50<25nM' (relation: '<'). Treating as exact value.
2026-07-17 03:47:21,912 WARNING protliggnn.train - Censored or approximate affinity label detected: 'IC50<3nM' (relation: '<'). Treating as exact value.
2026-07-17 03:47:23,548 WARNING protliggnn.train - Censored or approximate affinity label detected: 'IC50~100uM' (relation: '~'). Treating as exact value.
2026-07-17 03:47:23,548 WARNING protliggnn.train - Censored or approximate affinity label detected: 'IC50~1mM' (relation: '~'). Treating as exact value.
2026-07-17 03:47:23,548 WARNING protliggnn.train - Censored or approximate affinity label detected: 'Kd<10nM' (relation: '<'). Treating as exact value.
2026-07-17 03:47:23,550 WARNING protliggnn.train - Censored or approximate affinity label detected: 'Kd~0.13uM' (relation: '~'). Treating as exact value.
2026-07-17 03:47:23,550 WARNING protliggnn.train - Censored or approximate affinity label detected: 'Kd~1.5uM' (relation: '~'). Treating as exact value.
2026-07-17 03:47:23,550 WARNING protliggnn.train - Censored or approximate affinity label detected: 'Kd~200uM' (relation: '~'). Treating as exact value.
2026-07-17 03:47:23,550 WARNING protliggnn.train - Censored or approximate affinity label detected: 'Kd~50uM' (relation: '~'). Treating as exact value.
2026-07-17 03:47:23,550 WARNING protliggnn.train - Censored or approximate affinity label detected: 'Ki<0.001uM' (relation: '<'). Treating as exact value.
2026-07-17 03:47:23,550 WARNING protliggnn.train - Censored or approximate affinity label detected: 'Ki<0.01nM' (relation: '<'). Treating as exact value.
2026-07-17 03:47:23,551 WARNING protliggnn.train - Censored or approximate affinity label detected: 'IC50<0.001uM' (relation: '<'). Treating as exact value.
2026-07-17 03:47:23,551 WARNING protliggnn.train - Censored or approximate affinity label detected: 'IC50<0.005uM' (relation: '<'). Treating as exact value.
2026-07-17 03:47:23,551 WARNING protliggnn.train - Censored or approximate affinity label detected: 'IC50<0.2uM' (relation: '<'). Treating as exact value.
2026-07-17 03:47:23,551 WARNING protliggnn.train - Censored or approximate affinity label detected: 'IC50<0.32nM' (relation: '<'). Treating as exact value.
2026-07-17 03:47:23,552 WARNING protliggnn.train - Censored or approximate affinity label detected: 'IC50<0.3nM' (relation: '<'). Treating as exact value.
2026-07-17 03:47:23,552 WARNING protliggnn.train - Censored or approximate affinity label detected: 'IC50<0.3nM' (relation: '<'). Treating as exact value.
2026-07-17 03:47:23,552 WARNING protliggnn.train - Censored or approximate affinity label detected: 'IC50<1.13nM' (relation: '<'). Treating as exact value.
2026-07-17 03:47:23,552 WARNING protliggnn.train - Censored or approximate affinity label detected: 'IC50<25nM' (relation: '<'). Treating as exact value.
2026-07-17 03:47:23,552 WARNING protliggnn.train - Censored or approximate affinity label detected: 'IC50<3nM' (relation: '<'). Treating as exact value.
2026-07-17 03:47:23,552 WARNING protliggnn.train - Censored or approximate affinity label detected: 'IC50<50nM' (relation: '<'). Treating as exact value.
2026-07-17 03:47:23,552 WARNING protliggnn.train - Censored or approximate affinity label detected: 'IC50<50nM' (relation: '<'). Treating as exact value.
2026-07-17 03:47:23,552 WARNING protliggnn.train - Censored or approximate affinity label detected: 'IC50<50nM' (relation: '<'). Treating as exact value.
2026-07-17 03:47:23,553 WARNING protliggnn.train - Censored or approximate affinity label detected: 'IC50~0.8mM' (relation: '~'). Treating as exact value.
2026-07-17 03:47:23,553 WARNING protliggnn.train - Censored or approximate affinity label detected: 'IC50~0.8mM' (relation: '~'). Treating as exact value.
2026-07-17 03:47:23,553 WARNING protliggnn.train - Censored or approximate affinity label detected: 'IC50~100uM' (relation: '~'). Treating as exact value.
2026-07-17 03:47:23,553 WARNING protliggnn.train - Censored or approximate affinity label detected: 'IC50~6nM' (relation: '~'). Treating as exact value.
2026-07-17 03:47:23,553 WARNING protliggnn.train - Censored or approximate affinity label detected: 'Kd<2nM' (relation: '<'). Treating as exact value.
2026-07-17 03:47:23,555 WARNING protliggnn.train - Censored or approximate affinity label detected: 'Kd~1.8uM' (relation: '~'). Treating as exact value.
2026-07-17 03:47:25,272 WARNING protliggnn.train - Censored or approximate affinity label detected: 'Kd~100nM' (relation: '~'). Treating as exact value.
2026-07-17 03:47:25,272 WARNING protliggnn.train - Censored or approximate affinity label detected: 'Kd~100nM' (relation: '~'). Treating as exact value.
2026-07-17 03:47:25,272 WARNING protliggnn.train - Censored or approximate affinity label detected: 'Kd~12uM' (relation: '~'). Treating as exact value.
2026-07-17 03:47:25,272 WARNING protliggnn.train - Censored or approximate affinity label detected: 'Kd~12uM' (relation: '~'). Treating as exact value.
2026-07-17 03:47:25,272 WARNING protliggnn.train - Censored or approximate affinity label detected: 'Kd~13uM' (relation: '~'). Treating as exact value.
2026-07-17 03:47:25,272 WARNING protliggnn.train - Censored or approximate affinity label detected: 'Kd~300nM' (relation: '~'). Treating as exact value.
2026-07-17 03:47:25,272 WARNING protliggnn.train - Censored or approximate affinity label detected: 'Kd~500uM' (relation: '~'). Treating as exact value.
2026-07-17 03:47:25,272 WARNING protliggnn.train - Censored or approximate affinity label detected: 'Kd~500uM' (relation: '~'). Treating as exact value.
2026-07-17 03:47:25,272 WARNING protliggnn.train - Censored or approximate affinity label detected: 'Kd~600uM' (relation: '~'). Treating as exact value.
2026-07-17 03:47:25,272 WARNING protliggnn.train - Censored or approximate affinity label detected: 'Kd~9uM' (relation: '~'). Treating as exact value.
2026-07-17 03:47:25,272 WARNING protliggnn.train - Censored or approximate affinity label detected: 'Ki<0.01uM' (relation: '<'). Treating as exact value.
2026-07-17 03:47:25,272 WARNING protliggnn.train - Censored or approximate affinity label detected: 'Ki<0.05nM' (relation: '<'). Treating as exact value.
2026-07-17 03:47:25,272 WARNING protliggnn.train - Censored or approximate affinity label detected: 'Ki<1nM' (relation: '<'). Treating as exact value.
2026-07-17 03:47:25,272 WARNING protliggnn.train - Censored or approximate affinity label detected: 'Ki<1nM' (relation: '<'). Treating as exact value.
2026-07-17 03:47:25,272 WARNING protliggnn.train - Censored or approximate affinity label detected: 'Ki<5nM' (relation: '<'). Treating as exact value.
2026-07-17 03:47:25,273 WARNING protliggnn.train - Censored or approximate affinity label detected: 'IC50<0.030uM' (relation: '<'). Treating as exact value.
2026-07-17 03:47:25,273 WARNING protliggnn.train - Censored or approximate affinity label detected: 'IC50<1nM' (relation: '<'). Treating as exact value.
2026-07-17 03:47:25,273 WARNING protliggnn.train - Censored or approximate affinity label detected: 'IC50<40nM' (relation: '<'). Treating as exact value.
2026-07-17 03:47:25,273 WARNING protliggnn.train - Censored or approximate affinity label detected: 'IC50<5nM' (relation: '<'). Treating as exact value.
2026-07-17 03:47:25,274 WARNING protliggnn.train - Censored or approximate affinity label detected: 'IC50~0.5uM' (relation: '~'). Treating as exact value.
2026-07-17 03:47:25,274 WARNING protliggnn.train - Censored or approximate affinity label detected: 'IC50~1.8uM' (relation: '~'). Treating as exact value.
2026-07-17 03:47:25,275 WARNING protliggnn.train - Censored or approximate affinity label detected: 'IC50~1mM' (relation: '~'). Treating as exact value.
2026-07-17 03:47:25,275 WARNING protliggnn.train - Censored or approximate affinity label detected: 'IC50~700nM' (relation: '~'). Treating as exact value.
2026-07-17 03:47:25,275 WARNING protliggnn.train - Censored or approximate affinity label detected: 'Kd<0.001nM' (relation: '<'). Treating as exact value.
2026-07-17 03:47:25,275 WARNING protliggnn.train - Censored or approximate affinity label detected: 'Kd<0.10uM' (relation: '<'). Treating as exact value.
2026-07-17 03:47:25,275 WARNING protliggnn.train - Censored or approximate affinity label detected: 'Kd<0.4uM' (relation: '<'). Treating as exact value.
2026-07-17 03:47:25,275 WARNING protliggnn.train - Censored or approximate affinity label detected: 'Kd<1nM' (relation: '<'). Treating as exact value.
2026-07-17 03:47:26,849 WARNING protliggnn.train - Censored or approximate affinity label detected: 'Kd~0.2uM' (relation: '~'). Treating as exact value.
2026-07-17 03:47:26,850 WARNING protliggnn.train - Censored or approximate affinity label detected: 'Kd~120nM' (relation: '~'). Treating as exact value.
2026-07-17 03:47:26,850 WARNING protliggnn.train - Censored or approximate affinity label detected: 'Kd~23uM' (relation: '~'). Treating as exact value.
2026-07-17 03:47:26,850 WARNING protliggnn.train - Censored or approximate affinity label detected: 'Kd~23uM' (relation: '~'). Treating as exact value.
2026-07-17 03:47:26,850 WARNING protliggnn.train - Censored or approximate affinity label detected: 'Kd~23uM' (relation: '~'). Treating as exact value.
2026-07-17 03:47:26,850 WARNING protliggnn.train - Censored or approximate affinity label detected: 'Kd~24uM' (relation: '~'). Treating as exact value.
2026-07-17 03:47:26,851 WARNING protliggnn.train - Censored or approximate affinity label detected: 'Kd~25uM' (relation: '~'). Treating as exact value.
2026-07-17 03:47:26,851 WARNING protliggnn.train - Censored or approximate affinity label detected: 'Kd~3nM' (relation: '~'). Treating as exact value.
2026-07-17 03:47:26,851 WARNING protliggnn.train - Censored or approximate affinity label detected: 'Kd~5uM' (relation: '~'). Treating as exact value.
2026-07-17 03:47:26,851 WARNING protliggnn.train - Censored or approximate affinity label detected: 'Kd~7nM' (relation: '~'). Treating as exact value.
2026-07-17 03:47:26,851 WARNING protliggnn.train - Censored or approximate affinity label detected: 'Kd~80uM' (relation: '~'). Treating as exact value.
2026-07-17 03:47:26,851 WARNING protliggnn.train - Censored or approximate affinity label detected: 'Ki<1.0nM' (relation: '<'). Treating as exact value.
2026-07-17 03:47:26,851 WARNING protliggnn.train - Censored or approximate affinity label detected: 'Ki<1.3nM' (relation: '<'). Treating as exact value.
2026-07-17 03:47:26,851 WARNING protliggnn.train - Censored or approximate affinity label detected: 'Ki<1nM' (relation: '<'). Treating as exact value.
2026-07-17 03:47:26,851 WARNING protliggnn.train - Censored or approximate affinity label detected: 'Ki<5pM' (relation: '<'). Treating as exact value.
2026-07-17 03:47:26,851 WARNING protliggnn.train - Censored or approximate affinity label detected: 'Ki<5pM' (relation: '<'). Treating as exact value.
2026-07-17 03:47:26,851 WARNING protliggnn.train - Censored or approximate affinity label detected: 'Ki<5pM' (relation: '<'). Treating as exact value.
2026-07-17 03:47:26,851 WARNING protliggnn.train - Censored or approximate affinity label detected: 'Ki<5pM' (relation: '<'). Treating as exact value.
2026-07-17 03:47:26,851 WARNING protliggnn.train - Censored or approximate affinity label detected: 'Ki<5pM' (relation: '<'). Treating as exact value.
2026-07-17 03:47:26,851 WARNING protliggnn.train - Censored or approximate affinity label detected: 'Ki<5pM' (relation: '<'). Treating as exact value.
2026-07-17 03:47:26,853 WARNING protliggnn.train - Censored or approximate affinity label detected: 'IC50<15nM' (relation: '<'). Treating as exact value.
2026-07-17 03:47:26,853 WARNING protliggnn.train - Censored or approximate affinity label detected: 'IC50<1nM' (relation: '<'). Treating as exact value.
2026-07-17 03:47:26,853 WARNING protliggnn.train - Censored or approximate affinity label detected: 'IC50<1nM' (relation: '<'). Treating as exact value.
2026-07-17 03:47:26,853 WARNING protliggnn.train - Censored or approximate affinity label detected: 'IC50<2nM' (relation: '<'). Treating as exact value.
2026-07-17 03:47:26,853 WARNING protliggnn.train - Censored or approximate affinity label detected: 'IC50<2nM' (relation: '<'). Treating as exact value.
2026-07-17 03:47:26,853 WARNING protliggnn.train - Censored or approximate affinity label detected: 'IC50<2nM' (relation: '<'). Treating as exact value.
2026-07-17 03:47:26,856 WARNING protliggnn.train - Censored or approximate affinity label detected: 'IC50~330uM' (relation: '~'). Treating as exact value.
2026-07-17 03:47:28,329 WARNING protliggnn.train - Censored or approximate affinity label detected: 'IC50~450uM' (relation: '~'). Treating as exact value.
2026-07-17 03:47:28,329 WARNING protliggnn.train - Censored or approximate affinity label detected: 'Kd<0.8nM' (relation: '<'). Treating as exact value.
2026-07-17 03:47:28,329 WARNING protliggnn.train - Censored or approximate affinity label detected: 'Kd<1.26nM' (relation: '<'). Treating as exact value.
2026-07-17 03:47:28,329 WARNING protliggnn.train - Censored or approximate affinity label detected: 'Kd<2.3nM' (relation: '<'). Treating as exact value.
2026-07-17 03:47:28,329 WARNING protliggnn.train - Censored or approximate affinity label detected: 'Kd<55uM' (relation: '<'). Treating as exact value.
2026-07-17 03:47:28,329 WARNING protliggnn.train - Censored or approximate affinity label detected: 'Kd<55uM' (relation: '<'). Treating as exact value.
2026-07-17 03:47:28,331 WARNING protliggnn.train - Censored or approximate affinity label detected: 'Kd~11uM' (relation: '~'). Treating as exact value.
2026-07-17 03:47:28,332 WARNING protliggnn.train - Censored or approximate affinity label detected: 'Kd~200nM' (relation: '~'). Treating as exact value.
2026-07-17 03:47:28,332 WARNING protliggnn.train - Censored or approximate affinity label detected: 'Kd~25uM' (relation: '~'). Treating as exact value.
2026-07-17 03:47:28,332 WARNING protliggnn.train - Censored or approximate affinity label detected: 'Kd~2nM' (relation: '~'). Treating as exact value.
2026-07-17 03:47:28,332 WARNING protliggnn.train - Censored or approximate affinity label detected: 'Ki<0.005nM' (relation: '<'). Treating as exact value.
2026-07-17 03:47:28,332 WARNING protliggnn.train - Censored or approximate affinity label detected: 'Ki<0.005nM' (relation: '<'). Treating as exact value.
2026-07-17 03:47:28,332 WARNING protliggnn.train - Censored or approximate affinity label detected: 'Ki<0.005nM' (relation: '<'). Treating as exact value.
2026-07-17 03:47:28,332 WARNING protliggnn.train - Censored or approximate affinity label detected: 'Ki<0.9nM' (relation: '<'). Treating as exact value.
2026-07-17 03:47:30,253 INFO protliggnn - Found 1000 candidate complexes with labels and matching files before validation.
2026-07-17 03:47:30,259 INFO protliggnn - Found graph cache at data\pdbbind2020\processed_dataset.pt. Validating...
2026-07-17 03:47:30,364 INFO protliggnn - Loading graphs from cache file...
2026-07-17 03:47:30,681 INFO protliggnn - Cache successfully validated. Loaded 1000 pre-built graphs.
2026-07-17 03:47:30,686 INFO protliggnn - Dataset split sizes: train=800 val=100 test=100 (random)
2026-07-17 03:47:33,108 WARNING protliggnn.train - Unable to restore one or more RNG states: RNG state must be a torch.ByteTensor
2026-07-17 03:47:33,108 INFO protliggnn - Resumed from epoch 32; continuing at epoch 33.
2026-07-17 03:48:13,063 INFO protliggnn - Epoch 033 train loss=2.1816 PCC=0.6065 Spearman=0.5943 RMSE=1.4753 MAE=1.1989 R2=0.2772
2026-07-17 03:48:13,063 INFO protliggnn - Epoch 033 val loss=2.0097 PCC=0.6362 Spearman=0.5596 RMSE=1.4157 MAE=1.1532 R2=0.4014
2026-07-17 03:48:13,063 INFO protliggnn - Epoch 033 train diagnostics: Affinity Loss=2.1765 | Contact Loss=0.0453 | Total Loss=2.1816 | Pos Acc=0.0000 | Neg Acc=1.0000 | Precision=0.0000 | Recall=0.0000 | F1=0.0000 | Avg Prob=0.0071
2026-07-17 03:48:13,063 INFO protliggnn - Epoch 033 val diagnostics: Affinity Loss=2.0041 | Contact Loss=0.0511 | Total Loss=2.0097 | Pos Acc=0.0000 | Neg Acc=1.0000 | Precision=0.0000 | Recall=0.0000 | F1=0.0000 | Avg Prob=0.0072
2026-07-17 03:48:13,163 INFO protliggnn - Saved checkpoint for epoch 33 with validation RMSE 1.415679959141715.
2026-07-17 03:48:51,745 INFO protliggnn - Epoch 034 train loss=1.5861 PCC=0.6957 Spearman=0.6764 RMSE=1.2574 MAE=1.0007 R2=0.4749
2026-07-17 03:48:51,745 INFO protliggnn - Epoch 034 val loss=1.9653 PCC=0.6527 Spearman=0.5768 RMSE=1.3999 MAE=1.1474 R2=0.4147
2026-07-17 03:48:51,746 INFO protliggnn - Epoch 034 train diagnostics: Affinity Loss=1.5811 | Contact Loss=0.0452 | Total Loss=1.5861 | Pos Acc=0.0000 | Neg Acc=1.0000 | Precision=0.0000 | Recall=0.0000 | F1=0.0000 | Avg Prob=0.0078
2026-07-17 03:48:51,746 INFO protliggnn - Epoch 034 val diagnostics: Affinity Loss=1.9598 | Contact Loss=0.0510 | Total Loss=1.9653 | Pos Acc=0.0000 | Neg Acc=1.0000 | Precision=0.0000 | Recall=0.0000 | F1=0.0000 | Avg Prob=0.0071
2026-07-17 03:48:51,830 INFO protliggnn - Saved checkpoint for epoch 34 with validation RMSE 1.3999291292569487.
2026-07-17 03:49:29,111 INFO protliggnn - Epoch 035 train loss=1.3692 PCC=0.7443 Spearman=0.7336 RMSE=1.1680 MAE=0.9194 R2=0.5469
2026-07-17 03:49:29,111 INFO protliggnn - Epoch 035 val loss=2.0143 PCC=0.6440 Spearman=0.5616 RMSE=1.4173 MAE=1.1489 R2=0.4000
2026-07-17 03:49:29,111 INFO protliggnn - Epoch 035 train diagnostics: Affinity Loss=1.3642 | Contact Loss=0.0452 | Total Loss=1.3692 | Pos Acc=0.0000 | Neg Acc=1.0000 | Precision=0.0000 | Recall=0.0000 | F1=0.0000 | Avg Prob=0.0075
2026-07-17 03:49:29,111 INFO protliggnn - Epoch 035 val diagnostics: Affinity Loss=2.0087 | Contact Loss=0.0508 | Total Loss=2.0143 | Pos Acc=0.0000 | Neg Acc=1.0000 | Precision=0.0000 | Recall=0.0000 | F1=0.0000 | Avg Prob=0.0073
2026-07-17 03:50:06,212 INFO protliggnn - Epoch 036 train loss=1.3214 PCC=0.7542 Spearman=0.7460 RMSE=1.1474 MAE=0.9160 R2=0.5628
2026-07-17 03:50:06,212 INFO protliggnn - Epoch 036 val loss=2.0096 PCC=0.6429 Spearman=0.5692 RMSE=1.4156 MAE=1.1463 R2=0.4014
2026-07-17 03:50:06,212 INFO protliggnn - Epoch 036 train diagnostics: Affinity Loss=1.3164 | Contact Loss=0.0451 | Total Loss=1.3214 | Pos Acc=0.0000 | Neg Acc=1.0000 | Precision=0.0000 | Recall=0.0000 | F1=0.0000 | Avg Prob=0.0079
2026-07-17 03:50:06,212 INFO protliggnn - Epoch 036 val diagnostics: Affinity Loss=2.0041 | Contact Loss=0.0509 | Total Loss=2.0096 | Pos Acc=0.0000 | Neg Acc=1.0000 | Precision=0.0000 | Recall=0.0000 | F1=0.0000 | Avg Prob=0.0072
2026-07-17 03:50:43,555 INFO protliggnn - Epoch 037 train loss=1.3102 PCC=0.7601 Spearman=0.7518 RMSE=1.1425 MAE=0.9149 R2=0.5665
2026-07-17 03:50:43,555 INFO protliggnn - Epoch 037 val loss=2.0286 PCC=0.6444 Spearman=0.5751 RMSE=1.4223 MAE=1.1453 R2=0.3958
2026-07-17 03:50:43,555 INFO protliggnn - Epoch 037 train diagnostics: Affinity Loss=1.3052 | Contact Loss=0.0451 | Total Loss=1.3102 | Pos Acc=0.0000 | Neg Acc=1.0000 | Precision=0.0000 | Recall=0.0000 | F1=0.0000 | Avg Prob=0.0078
2026-07-17 03:50:43,555 INFO protliggnn - Epoch 037 val diagnostics: Affinity Loss=2.0231 | Contact Loss=0.0509 | Total Loss=2.0286 | Pos Acc=0.0000 | Neg Acc=1.0000 | Precision=0.0000 | Recall=0.0000 | F1=0.0000 | Avg Prob=0.0074
2026-07-17 03:51:20,608 INFO protliggnn - Epoch 038 train loss=1.2651 PCC=0.7676 Spearman=0.7625 RMSE=1.1225 MAE=0.8839 R2=0.5815
2026-07-17 03:51:20,608 INFO protliggnn - Epoch 038 val loss=1.9200 PCC=0.6572 Spearman=0.5867 RMSE=1.3837 MAE=1.1069 R2=0.4282
2026-07-17 03:51:20,608 INFO protliggnn - Epoch 038 train diagnostics: Affinity Loss=1.2601 | Contact Loss=0.0451 | Total Loss=1.2651 | Pos Acc=0.0000 | Neg Acc=1.0000 | Precision=0.0000 | Recall=0.0000 | F1=0.0000 | Avg Prob=0.0079
2026-07-17 03:51:20,609 INFO protliggnn - Epoch 038 val diagnostics: Affinity Loss=1.9145 | Contact Loss=0.0509 | Total Loss=1.9200 | Pos Acc=0.0000 | Neg Acc=1.0000 | Precision=0.0000 | Recall=0.0000 | F1=0.0000 | Avg Prob=0.0072
2026-07-17 03:51:20,705 INFO protliggnn - Saved checkpoint for epoch 38 with validation RMSE 1.3836522096205135.
2026-07-17 03:51:57,888 INFO protliggnn - Epoch 039 train loss=1.2629 PCC=0.7717 Spearman=0.7592 RMSE=1.1215 MAE=0.8824 R2=0.5823
2026-07-17 03:51:57,888 INFO protliggnn - Epoch 039 val loss=2.0126 PCC=0.6482 Spearman=0.5789 RMSE=1.4167 MAE=1.1224 R2=0.4006
2026-07-17 03:51:57,888 INFO protliggnn - Epoch 039 train diagnostics: Affinity Loss=1.2579 | Contact Loss=0.0451 | Total Loss=1.2629 | Pos Acc=0.0000 | Neg Acc=1.0000 | Precision=0.0000 | Recall=0.0000 | F1=0.0000 | Avg Prob=0.0078
2026-07-17 03:51:57,889 INFO protliggnn - Epoch 039 val diagnostics: Affinity Loss=2.0070 | Contact Loss=0.0513 | Total Loss=2.0126 | Pos Acc=0.0000 | Neg Acc=1.0000 | Precision=0.0000 | Recall=0.0000 | F1=0.0000 | Avg Prob=0.0064
2026-07-17 03:52:35,304 INFO protliggnn - Epoch 040 train loss=1.2796 PCC=0.7684 Spearman=0.7536 RMSE=1.1290 MAE=0.8906 R2=0.5767
2026-07-17 03:52:35,304 INFO protliggnn - Epoch 040 val loss=2.0404 PCC=0.6577 Spearman=0.5955 RMSE=1.4265 MAE=1.1168 R2=0.3922
2026-07-17 03:52:35,304 INFO protliggnn - Epoch 040 train diagnostics: Affinity Loss=1.2745 | Contact Loss=0.0453 | Total Loss=1.2796 | Pos Acc=0.0000 | Neg Acc=1.0000 | Precision=0.0000 | Recall=0.0000 | F1=0.0000 | Avg Prob=0.0081
2026-07-17 03:52:35,305 INFO protliggnn - Epoch 040 val diagnostics: Affinity Loss=2.0349 | Contact Loss=0.0509 | Total Loss=2.0404 | Pos Acc=0.0000 | Neg Acc=1.0000 | Precision=0.0000 | Recall=0.0000 | F1=0.0000 | Avg Prob=0.0069
2026-07-17 03:53:12,927 INFO protliggnn - Epoch 041 train loss=1.2549 PCC=0.7708 Spearman=0.7588 RMSE=1.1180 MAE=0.8807 R2=0.5849
2026-07-17 03:53:12,927 INFO protliggnn - Epoch 041 val loss=2.1401 PCC=0.6396 Spearman=0.5871 RMSE=1.4610 MAE=1.1528 R2=0.3625
2026-07-17 03:53:12,927 INFO protliggnn - Epoch 041 train diagnostics: Affinity Loss=1.2498 | Contact Loss=0.0454 | Total Loss=1.2549 | Pos Acc=0.0000 | Neg Acc=1.0000 | Precision=0.0000 | Recall=0.0000 | F1=0.0000 | Avg Prob=0.0080
2026-07-17 03:53:12,927 INFO protliggnn - Epoch 041 val diagnostics: Affinity Loss=2.1345 | Contact Loss=0.0512 | Total Loss=2.1401 | Pos Acc=0.0000 | Neg Acc=1.0000 | Precision=0.0000 | Recall=0.0000 | F1=0.0000 | Avg Prob=0.0066
2026-07-17 03:53:50,472 INFO protliggnn - Epoch 042 train loss=1.1921 PCC=0.7864 Spearman=0.7818 RMSE=1.0895 MAE=0.8679 R2=0.6058
2026-07-17 03:53:50,472 INFO protliggnn - Epoch 042 val loss=2.0355 PCC=0.6390 Spearman=0.5849 RMSE=1.4247 MAE=1.1638 R2=0.3937
2026-07-17 03:53:50,473 INFO protliggnn - Epoch 042 train diagnostics: Affinity Loss=1.1870 | Contact Loss=0.0452 | Total Loss=1.1921 | Pos Acc=0.0000 | Neg Acc=1.0000 | Precision=0.0000 | Recall=0.0000 | F1=0.0000 | Avg Prob=0.0076
2026-07-17 03:53:50,473 INFO protliggnn - Epoch 042 val diagnostics: Affinity Loss=2.0299 | Contact Loss=0.0508 | Total Loss=2.0355 | Pos Acc=0.0000 | Neg Acc=1.0000 | Precision=0.0000 | Recall=0.0000 | F1=0.0000 | Avg Prob=0.0081
2026-07-17 03:54:27,973 INFO protliggnn - Epoch 043 train loss=1.1138 PCC=0.8002 Spearman=0.7923 RMSE=1.0529 MAE=0.8393 R2=0.6318
2026-07-17 03:54:27,973 INFO protliggnn - Epoch 043 val loss=2.0618 PCC=0.6486 Spearman=0.5971 RMSE=1.4340 MAE=1.1252 R2=0.3858
2026-07-17 03:54:27,973 INFO protliggnn - Epoch 043 train diagnostics: Affinity Loss=1.1087 | Contact Loss=0.0451 | Total Loss=1.1138 | Pos Acc=0.0000 | Neg Acc=1.0000 | Precision=0.0000 | Recall=0.0000 | F1=0.0000 | Avg Prob=0.0079
2026-07-17 03:54:27,973 INFO protliggnn - Epoch 043 val diagnostics: Affinity Loss=2.0563 | Contact Loss=0.0509 | Total Loss=2.0618 | Pos Acc=0.0000 | Neg Acc=1.0000 | Precision=0.0000 | Recall=0.0000 | F1=0.0000 | Avg Prob=0.0073
2026-07-17 03:55:05,625 INFO protliggnn - Epoch 044 train loss=1.1395 PCC=0.7968 Spearman=0.7949 RMSE=1.0651 MAE=0.8371 R2=0.6233
2026-07-17 03:55:05,625 INFO protliggnn - Epoch 044 val loss=2.1459 PCC=0.6164 Spearman=0.5459 RMSE=1.4630 MAE=1.1646 R2=0.3607
2026-07-17 03:55:05,625 INFO protliggnn - Epoch 044 train diagnostics: Affinity Loss=1.1344 | Contact Loss=0.0452 | Total Loss=1.1395 | Pos Acc=0.0000 | Neg Acc=1.0000 | Precision=0.0000 | Recall=0.0000 | F1=0.0000 | Avg Prob=0.0078
2026-07-17 03:55:05,625 INFO protliggnn - Epoch 044 val diagnostics: Affinity Loss=2.1404 | Contact Loss=0.0509 | Total Loss=2.1459 | Pos Acc=0.0000 | Neg Acc=1.0000 | Precision=0.0000 | Recall=0.0000 | F1=0.0000 | Avg Prob=0.0074
2026-07-17 03:55:43,260 INFO protliggnn - Epoch 045 train loss=1.0725 PCC=0.8070 Spearman=0.8005 RMSE=1.0332 MAE=0.8182 R2=0.6455
2026-07-17 03:55:43,260 INFO protliggnn - Epoch 045 val loss=2.1841 PCC=0.6239 Spearman=0.5502 RMSE=1.4760 MAE=1.1916 R2=0.3493
2026-07-17 03:55:43,260 INFO protliggnn - Epoch 045 train diagnostics: Affinity Loss=1.0674 | Contact Loss=0.0451 | Total Loss=1.0725 | Pos Acc=0.0000 | Neg Acc=1.0000 | Precision=0.0000 | Recall=0.0000 | F1=0.0000 | Avg Prob=0.0078
2026-07-17 03:55:43,260 INFO protliggnn - Epoch 045 val diagnostics: Affinity Loss=2.1785 | Contact Loss=0.0511 | Total Loss=2.1841 | Pos Acc=0.0000 | Neg Acc=1.0000 | Precision=0.0000 | Recall=0.0000 | F1=0.0000 | Avg Prob=0.0068
2026-07-17 03:56:20,805 INFO protliggnn - Epoch 046 train loss=1.1251 PCC=0.7982 Spearman=0.7904 RMSE=1.0583 MAE=0.8477 R2=0.6280
2026-07-17 03:56:20,805 INFO protliggnn - Epoch 046 val loss=2.1124 PCC=0.6356 Spearman=0.5704 RMSE=1.4515 MAE=1.1390 R2=0.3707
2026-07-17 03:56:20,805 INFO protliggnn - Epoch 046 train diagnostics: Affinity Loss=1.1200 | Contact Loss=0.0451 | Total Loss=1.1251 | Pos Acc=0.0000 | Neg Acc=1.0000 | Precision=0.0000 | Recall=0.0000 | F1=0.0000 | Avg Prob=0.0081
2026-07-17 03:56:20,805 INFO protliggnn - Epoch 046 val diagnostics: Affinity Loss=2.1069 | Contact Loss=0.0509 | Total Loss=2.1124 | Pos Acc=0.0000 | Neg Acc=1.0000 | Precision=0.0000 | Recall=0.0000 | F1=0.0000 | Avg Prob=0.0075
2026-07-17 03:56:58,478 INFO protliggnn - Epoch 047 train loss=1.0679 PCC=0.8149 Spearman=0.8088 RMSE=1.0309 MAE=0.8145 R2=0.6470
2026-07-17 03:56:58,478 INFO protliggnn - Epoch 047 val loss=1.9962 PCC=0.6584 Spearman=0.5980 RMSE=1.4109 MAE=1.1184 R2=0.4055
2026-07-17 03:56:58,478 INFO protliggnn - Epoch 047 train diagnostics: Affinity Loss=1.0628 | Contact Loss=0.0452 | Total Loss=1.0679 | Pos Acc=0.0000 | Neg Acc=1.0000 | Precision=0.0000 | Recall=0.0000 | F1=0.0000 | Avg Prob=0.0079
2026-07-17 03:56:58,478 INFO protliggnn - Epoch 047 val diagnostics: Affinity Loss=1.9906 | Contact Loss=0.0509 | Total Loss=1.9962 | Pos Acc=0.0000 | Neg Acc=1.0000 | Precision=0.0000 | Recall=0.0000 | F1=0.0000 | Avg Prob=0.0074
2026-07-17 03:57:35,983 INFO protliggnn - Epoch 048 train loss=1.0552 PCC=0.8132 Spearman=0.8013 RMSE=1.0248 MAE=0.8363 R2=0.6512
2026-07-17 03:57:35,984 INFO protliggnn - Epoch 048 val loss=2.1238 PCC=0.6542 Spearman=0.6013 RMSE=1.4554 MAE=1.1125 R2=0.3674
2026-07-17 03:57:35,984 INFO protliggnn - Epoch 048 train diagnostics: Affinity Loss=1.0501 | Contact Loss=0.0452 | Total Loss=1.0552 | Pos Acc=0.0000 | Neg Acc=1.0000 | Precision=0.0000 | Recall=0.0000 | F1=0.0000 | Avg Prob=0.0079
2026-07-17 03:57:35,984 INFO protliggnn - Epoch 048 val diagnostics: Affinity Loss=2.1182 | Contact Loss=0.0508 | Total Loss=2.1238 | Pos Acc=0.0000 | Neg Acc=1.0000 | Precision=0.0000 | Recall=0.0000 | F1=0.0000 | Avg Prob=0.0077
2026-07-17 03:57:35,984 INFO protliggnn - Early stopping triggered at epoch 48. Best epoch was 38.
2026-07-17 03:57:36,087 INFO protliggnn - Loaded best model from epoch 38 at D:\ProtLigGnn\experiments\run_015\checkpoint.pt
2026-07-17 03:57:37,883 INFO protliggnn - Test loss=2.8677 PCC=0.5224 Spearman=0.4581 RMSE=1.6919 MAE=1.3544 R2=0.2522
2026-07-17 03:57:41,188 INFO protliggnn - Wrote metrics, predictions, plots, and error analysis.
2026-07-17 03:57:41,207 INFO protliggnn - Experiment artifacts saved to D:\ProtLigGnn\experiments\run_015
