2026-07-12 13:30:42,047 INFO protliggnn - Experiment directory: experiments\hpo_trial_021
2026-07-12 13:30:42,048 INFO protliggnn - CLI arguments: {'data_dir': 'data/pdbbind2020', 'device': 'cuda', 'epochs': 10, 'batch_size': 8, 'lr': 0.0001302049, 'weight_decay': 2.225719e-05, 'patience': 10, 'seed': 42, 'max_samples': 1000, 'run_name': 'protliggnn_run', 'no_crossgraph': False, 'save_path': 'outputs/best_protliggnn.pt', 'split_strategy': 'random', 'split_dir': 'splits', 'fixed_split_dir': None, 'val_fraction': 0.1, 'test_fraction': 0.1, 'dataset_version': 'pdbbind2020_local', 'experiments_root': 'experiments', 'experiment_dir': None, 'experiment_id': 'hpo_trial_021', 'num_workers': 0, 'pin_memory': False, 'disable_experiment_tracking': False, 'resume': None, 'allow_duplicate': True, 'hidden_dim': 128, 'dropout': 0.3365, 'optimizer': 'radam', 'scheduler': 'cosine', 'grad_clip': 10.0, 'no_residual': False, 'no_layernorm': False, 'no_attention': False, 'pooling': 'mean', 'log_level': 'INFO', 'experiment_purpose': 'benchmark', 'research_question': 'Can ProtLigGNN reproducibly predict protein-ligand affinity under this benchmark configuration?', 'author': 'unknown', 'description': '', 'notes': '', 'tags': '', 'expected_outcome': '', 'current_milestone': 'research-infrastructure', 'architecture_version': 'protliggnn-v1', 'research_version': 'benchmark-v2'}
2026-07-12 13:30:42,050 INFO protliggnn - Loading dataset from D:\ProtLigGnn\data\pdbbind2020
2026-07-12 13:30:42,051 WARNING protliggnn.train - Censored or approximate affinity label detected: 'Kd<10uM' (relation: '<'). Treating as exact value.
2026-07-12 13:30:42,051 WARNING protliggnn.train - Censored or approximate affinity label detected: 'Ki<=17nM' (relation: '<='). Treating as exact value.
2026-07-12 13:30:42,051 WARNING protliggnn.train - Censored or approximate affinity label detected: 'IC50<=3.5nM' (relation: '<='). Treating as exact value.
2026-07-12 13:30:42,051 WARNING protliggnn.train - Censored or approximate affinity label detected: 'Ki<1.0nM' (relation: '<'). Treating as exact value.
2026-07-12 13:30:42,051 WARNING protliggnn.train - Censored or approximate affinity label detected: 'Ki<10uM' (relation: '<'). Treating as exact value.
2026-07-12 13:30:42,051 WARNING protliggnn.train - Censored or approximate affinity label detected: 'Ki<1nM' (relation: '<'). Treating as exact value.
2026-07-12 13:30:42,051 WARNING protliggnn.train - Censored or approximate affinity label detected: 'IC50<=2.0nM' (relation: '<='). Treating as exact value.
2026-07-12 13:30:42,051 WARNING protliggnn.train - Censored or approximate affinity label detected: 'IC50~10uM' (relation: '~'). Treating as exact value.
2026-07-12 13:30:42,051 WARNING protliggnn.train - Censored or approximate affinity label detected: 'Ki<0.01nM' (relation: '<'). Treating as exact value.
2026-07-12 13:30:42,051 WARNING protliggnn.train - Censored or approximate affinity label detected: 'Ki<=100nM' (relation: '<='). Treating as exact value.
2026-07-12 13:30:42,052 WARNING protliggnn.train - Censored or approximate affinity label detected: 'Ki<21nM' (relation: '<'). Treating as exact value.
2026-07-12 13:30:42,053 WARNING protliggnn.train - Censored or approximate affinity label detected: 'Ki~0.1pM' (relation: '~'). Treating as exact value.
2026-07-12 13:30:42,053 WARNING protliggnn.train - Censored or approximate affinity label detected: 'Kd<=100uM' (relation: '<='). Treating as exact value.
2026-07-12 13:30:42,053 WARNING protliggnn.train - Censored or approximate affinity label detected: 'Kd~10pM' (relation: '~'). Treating as exact value.
2026-07-12 13:30:42,054 WARNING protliggnn.train - Censored or approximate affinity label detected: 'Kd~1pM' (relation: '~'). Treating as exact value.
2026-07-12 13:30:42,054 WARNING protliggnn.train - Censored or approximate affinity label detected: 'Kd~1pM' (relation: '~'). Treating as exact value.
2026-07-12 13:30:42,054 WARNING protliggnn.train - Censored or approximate affinity label detected: 'Kd<0.010uM' (relation: '<'). Treating as exact value.
2026-07-12 13:30:42,055 WARNING protliggnn.train - Censored or approximate affinity label detected: 'Kd~0.1uM' (relation: '~'). Treating as exact value.
2026-07-12 13:30:42,055 WARNING protliggnn.train - Censored or approximate affinity label detected: 'Ki<0.3uM' (relation: '<'). Treating as exact value.
2026-07-12 13:30:42,055 WARNING protliggnn.train - Censored or approximate affinity label detected: 'IC50<0.003uM' (relation: '<'). Treating as exact value.
2026-07-12 13:30:42,055 WARNING protliggnn.train - Censored or approximate affinity label detected: 'IC50<0.05uM' (relation: '<'). Treating as exact value.
2026-07-12 13:30:42,055 WARNING protliggnn.train - Censored or approximate affinity label detected: 'IC50<0.05uM' (relation: '<'). Treating as exact value.
2026-07-12 13:30:42,056 WARNING protliggnn.train - Censored or approximate affinity label detected: 'IC50~5mM' (relation: '~'). Treating as exact value.
2026-07-12 13:30:42,056 WARNING protliggnn.train - Censored or approximate affinity label detected: 'Kd<0.12nM' (relation: '<'). Treating as exact value.
2026-07-12 13:30:42,056 WARNING protliggnn.train - Censored or approximate affinity label detected: 'Kd~0.69pM' (relation: '~'). Treating as exact value.
2026-07-12 13:30:42,056 WARNING protliggnn.train - Censored or approximate affinity label detected: 'Kd~11pM' (relation: '~'). Treating as exact value.
2026-07-12 13:30:42,056 WARNING protliggnn.train - Censored or approximate affinity label detected: 'Kd~28pM' (relation: '~'). Treating as exact value.
2026-07-12 13:30:42,057 WARNING protliggnn.train - Censored or approximate affinity label detected: 'IC50<0.003uM' (relation: '<'). Treating as exact value.
2026-07-12 13:30:42,057 WARNING protliggnn.train - Censored or approximate affinity label detected: 'IC50<20nM' (relation: '<'). Treating as exact value.
2026-07-12 13:30:42,057 WARNING protliggnn.train - Censored or approximate affinity label detected: 'IC50<5nM' (relation: '<'). Treating as exact value.
2026-07-12 13:30:42,057 WARNING protliggnn.train - Censored or approximate affinity label detected: 'Kd~1nM' (relation: '~'). Treating as exact value.
2026-07-12 13:30:42,057 WARNING protliggnn.train - Censored or approximate affinity label detected: 'Kd~1nM' (relation: '~'). Treating as exact value.
2026-07-12 13:30:42,057 WARNING protliggnn.train - Censored or approximate affinity label detected: 'Ki<10nM' (relation: '<'). Treating as exact value.
2026-07-12 13:30:42,058 WARNING protliggnn.train - Censored or approximate affinity label detected: 'Kd<10uM' (relation: '<'). Treating as exact value.
2026-07-12 13:30:42,059 WARNING protliggnn.train - Censored or approximate affinity label detected: 'IC50<100nM' (relation: '<'). Treating as exact value.
2026-07-12 13:30:42,060 WARNING protliggnn.train - Censored or approximate affinity label detected: 'Kd<2pM' (relation: '<'). Treating as exact value.
2026-07-12 13:30:42,060 WARNING protliggnn.train - Censored or approximate affinity label detected: 'Kd~50uM' (relation: '~'). Treating as exact value.
2026-07-12 13:30:42,060 WARNING protliggnn.train - Censored or approximate affinity label detected: 'Ki<=0.6nM' (relation: '<='). Treating as exact value.
2026-07-12 13:30:42,061 WARNING protliggnn.train - Censored or approximate affinity label detected: 'Kd~100uM' (relation: '~'). Treating as exact value.
2026-07-12 13:30:42,061 WARNING protliggnn.train - Censored or approximate affinity label detected: 'Kd~100uM' (relation: '~'). Treating as exact value.
2026-07-12 13:30:42,062 WARNING protliggnn.train - Censored or approximate affinity label detected: 'IC50<0.04nM' (relation: '<'). Treating as exact value.
2026-07-12 13:30:42,063 WARNING protliggnn.train - Censored or approximate affinity label detected: 'Kd~10nM' (relation: '~'). Treating as exact value.
2026-07-12 13:30:42,064 WARNING protliggnn.train - Censored or approximate affinity label detected: 'IC50<0.5nM' (relation: '<'). Treating as exact value.
2026-07-12 13:30:42,065 WARNING protliggnn.train - Censored or approximate affinity label detected: 'Kd~40mM' (relation: '~'). Treating as exact value.
2026-07-12 13:30:42,065 WARNING protliggnn.train - Censored or approximate affinity label detected: 'Ki<10uM' (relation: '<'). Treating as exact value.
2026-07-12 13:30:42,066 WARNING protliggnn.train - Censored or approximate affinity label detected: 'IC50<1.0nM' (relation: '<'). Treating as exact value.
2026-07-12 13:30:42,066 WARNING protliggnn.train - Censored or approximate affinity label detected: 'IC50<2nM' (relation: '<'). Treating as exact value.
2026-07-12 13:30:42,066 WARNING protliggnn.train - Censored or approximate affinity label detected: 'IC50<3nM' (relation: '<'). Treating as exact value.
2026-07-12 13:30:42,066 WARNING protliggnn.train - Censored or approximate affinity label detected: 'IC50<=1nM' (relation: '<='). Treating as exact value.
2026-07-12 13:30:42,067 WARNING protliggnn.train - Censored or approximate affinity label detected: 'Kd<1nM' (relation: '<'). Treating as exact value.
2026-07-12 13:30:42,068 WARNING protliggnn.train - Censored or approximate affinity label detected: 'Kd~1nM' (relation: '~'). Treating as exact value.
2026-07-12 13:30:42,068 WARNING protliggnn.train - Censored or approximate affinity label detected: 'Kd~1nM' (relation: '~'). Treating as exact value.
2026-07-12 13:30:42,069 WARNING protliggnn.train - Censored or approximate affinity label detected: 'IC50<2nM' (relation: '<'). Treating as exact value.
2026-07-12 13:30:42,070 WARNING protliggnn.train - Censored or approximate affinity label detected: 'IC50~1mM' (relation: '~'). Treating as exact value.
2026-07-12 13:30:42,070 WARNING protliggnn.train - Censored or approximate affinity label detected: 'IC50~20mM' (relation: '~'). Treating as exact value.
2026-07-12 13:30:42,070 WARNING protliggnn.train - Censored or approximate affinity label detected: 'Kd<0.1nM' (relation: '<'). Treating as exact value.
2026-07-12 13:30:42,070 WARNING protliggnn.train - Censored or approximate affinity label detected: 'Kd<1mM' (relation: '<'). Treating as exact value.
2026-07-12 13:30:42,070 WARNING protliggnn.train - Censored or approximate affinity label detected: 'Kd<60uM' (relation: '<'). Treating as exact value.
2026-07-12 13:30:42,071 WARNING protliggnn.train - Censored or approximate affinity label detected: 'Kd~300uM' (relation: '~'). Treating as exact value.
2026-07-12 13:30:42,071 WARNING protliggnn.train - Censored or approximate affinity label detected: 'Ki<50.0nM' (relation: '<'). Treating as exact value.
2026-07-12 13:30:42,073 WARNING protliggnn.train - Censored or approximate affinity label detected: 'Ki~5mM' (relation: '~'). Treating as exact value.
2026-07-12 13:30:42,074 WARNING protliggnn.train - Censored or approximate affinity label detected: 'Ki~5uM' (relation: '~'). Treating as exact value.
2026-07-12 13:30:42,074 WARNING protliggnn.train - Censored or approximate affinity label detected: 'IC50<0.001uM' (relation: '<'). Treating as exact value.
2026-07-12 13:30:42,075 WARNING protliggnn.train - Censored or approximate affinity label detected: 'IC50<0.003uM' (relation: '<'). Treating as exact value.
2026-07-12 13:30:42,075 WARNING protliggnn.train - Censored or approximate affinity label detected: 'IC50<0.004uM' (relation: '<'). Treating as exact value.
2026-07-12 13:30:42,075 WARNING protliggnn.train - Censored or approximate affinity label detected: 'IC50<10nM' (relation: '<'). Treating as exact value.
2026-07-12 13:30:42,075 WARNING protliggnn.train - Censored or approximate affinity label detected: 'IC50<2.13nM' (relation: '<'). Treating as exact value.
2026-07-12 13:30:42,075 WARNING protliggnn.train - Censored or approximate affinity label detected: 'IC50<3nM' (relation: '<'). Treating as exact value.
2026-07-12 13:30:42,075 WARNING protliggnn.train - Censored or approximate affinity label detected: 'IC50<3nM' (relation: '<'). Treating as exact value.
2026-07-12 13:30:42,075 WARNING protliggnn.train - Censored or approximate affinity label detected: 'IC50<4nM' (relation: '<'). Treating as exact value.
2026-07-12 13:30:42,075 WARNING protliggnn.train - Censored or approximate affinity label detected: 'IC50<5nM' (relation: '<'). Treating as exact value.
2026-07-12 13:30:42,075 WARNING protliggnn.train - Censored or approximate affinity label detected: 'IC50<5nM' (relation: '<'). Treating as exact value.
2026-07-12 13:30:42,080 WARNING protliggnn.train - Censored or approximate affinity label detected: 'Kd<0.1mM' (relation: '<'). Treating as exact value.
2026-07-12 13:30:42,080 WARNING protliggnn.train - Censored or approximate affinity label detected: 'Kd<0.1nM' (relation: '<'). Treating as exact value.
2026-07-12 13:30:42,080 WARNING protliggnn.train - Censored or approximate affinity label detected: 'Kd<100nM' (relation: '<'). Treating as exact value.
2026-07-12 13:30:42,080 WARNING protliggnn.train - Censored or approximate affinity label detected: 'Kd<10nM' (relation: '<'). Treating as exact value.
2026-07-12 13:30:42,084 WARNING protliggnn.train - Censored or approximate affinity label detected: 'Kd~102uM' (relation: '~'). Treating as exact value.
2026-07-12 13:30:42,084 WARNING protliggnn.train - Censored or approximate affinity label detected: 'Kd~125nM' (relation: '~'). Treating as exact value.
2026-07-12 13:30:42,084 WARNING protliggnn.train - Censored or approximate affinity label detected: 'Kd~1uM' (relation: '~'). Treating as exact value.
2026-07-12 13:30:42,084 WARNING protliggnn.train - Censored or approximate affinity label detected: 'Kd~1uM' (relation: '~'). Treating as exact value.
2026-07-12 13:30:42,084 WARNING protliggnn.train - Censored or approximate affinity label detected: 'Kd~5uM' (relation: '~'). Treating as exact value.
2026-07-12 13:30:42,084 WARNING protliggnn.train - Censored or approximate affinity label detected: 'Kd~74.3uM' (relation: '~'). Treating as exact value.
2026-07-12 13:30:42,084 WARNING protliggnn.train - Censored or approximate affinity label detected: 'Kd~85nM' (relation: '~'). Treating as exact value.
2026-07-12 13:30:42,084 WARNING protliggnn.train - Censored or approximate affinity label detected: 'Ki<0.10nM' (relation: '<'). Treating as exact value.
2026-07-12 13:30:42,086 WARNING protliggnn.train - Censored or approximate affinity label detected: 'Ki~2uM' (relation: '~'). Treating as exact value.
2026-07-12 13:30:42,086 WARNING protliggnn.train - Censored or approximate affinity label detected: 'Ki~55mM' (relation: '~'). Treating as exact value.
2026-07-12 13:30:42,086 WARNING protliggnn.train - Censored or approximate affinity label detected: 'Ki~55mM' (relation: '~'). Treating as exact value.
2026-07-12 13:30:42,087 WARNING protliggnn.train - Censored or approximate affinity label detected: 'IC50<0.01uM' (relation: '<'). Treating as exact value.
2026-07-12 13:30:42,087 WARNING protliggnn.train - Censored or approximate affinity label detected: 'IC50<0.01uM' (relation: '<'). Treating as exact value.
2026-07-12 13:30:42,087 WARNING protliggnn.train - Censored or approximate affinity label detected: 'IC50<2.5nM' (relation: '<'). Treating as exact value.
2026-07-12 13:30:42,090 WARNING protliggnn.train - Censored or approximate affinity label detected: 'IC50~0.5uM' (relation: '~'). Treating as exact value.
2026-07-12 13:30:42,090 WARNING protliggnn.train - Censored or approximate affinity label detected: 'IC50~30nM' (relation: '~'). Treating as exact value.
2026-07-12 13:30:42,091 WARNING protliggnn.train - Censored or approximate affinity label detected: 'Kd<10nM' (relation: '<'). Treating as exact value.
2026-07-12 13:30:42,091 WARNING protliggnn.train - Censored or approximate affinity label detected: 'Kd<10uM' (relation: '<'). Treating as exact value.
2026-07-12 13:30:42,091 WARNING protliggnn.train - Censored or approximate affinity label detected: 'Kd<6nM' (relation: '<'). Treating as exact value.
2026-07-12 13:30:42,093 WARNING protliggnn.train - Censored or approximate affinity label detected: 'Kd~10nM' (relation: '~'). Treating as exact value.
2026-07-12 13:30:42,093 WARNING protliggnn.train - Censored or approximate affinity label detected: 'Kd~160nM' (relation: '~'). Treating as exact value.
2026-07-12 13:30:42,093 WARNING protliggnn.train - Censored or approximate affinity label detected: 'Kd~1mM' (relation: '~'). Treating as exact value.
2026-07-12 13:30:42,093 WARNING protliggnn.train - Censored or approximate affinity label detected: 'Kd~1uM' (relation: '~'). Treating as exact value.
2026-07-12 13:30:42,093 WARNING protliggnn.train - Censored or approximate affinity label detected: 'Kd~2uM' (relation: '~'). Treating as exact value.
2026-07-12 13:30:42,093 WARNING protliggnn.train - Censored or approximate affinity label detected: 'Kd~5uM' (relation: '~'). Treating as exact value.
2026-07-12 13:30:42,093 WARNING protliggnn.train - Censored or approximate affinity label detected: 'Ki<0.05uM' (relation: '<'). Treating as exact value.
2026-07-12 13:30:42,093 WARNING protliggnn.train - Censored or approximate affinity label detected: 'Ki<1nM' (relation: '<'). Treating as exact value.
2026-07-12 13:30:42,093 WARNING protliggnn.train - Censored or approximate affinity label detected: 'Ki<1nM' (relation: '<'). Treating as exact value.
2026-07-12 13:30:42,093 WARNING protliggnn.train - Censored or approximate affinity label detected: 'Ki<1nM' (relation: '<'). Treating as exact value.
2026-07-12 13:30:42,094 WARNING protliggnn.train - Censored or approximate affinity label detected: 'Ki<1nM' (relation: '<'). Treating as exact value.
2026-07-12 13:30:42,094 WARNING protliggnn.train - Censored or approximate affinity label detected: 'Ki<2nM' (relation: '<'). Treating as exact value.
2026-07-12 13:30:42,095 WARNING protliggnn.train - Censored or approximate affinity label detected: 'Ki~10uM' (relation: '~'). Treating as exact value.
2026-07-12 13:30:42,095 WARNING protliggnn.train - Censored or approximate affinity label detected: 'Ki~14uM' (relation: '~'). Treating as exact value.
2026-07-12 13:30:42,095 WARNING protliggnn.train - Censored or approximate affinity label detected: 'Ki~50uM' (relation: '~'). Treating as exact value.
2026-07-12 13:30:42,095 WARNING protliggnn.train - Censored or approximate affinity label detected: 'IC50<1nM' (relation: '<'). Treating as exact value.
2026-07-12 13:30:42,095 WARNING protliggnn.train - Censored or approximate affinity label detected: 'IC50<4nM' (relation: '<'). Treating as exact value.
2026-07-12 13:30:42,097 WARNING protliggnn.train - Censored or approximate affinity label detected: 'IC50~10uM' (relation: '~'). Treating as exact value.
2026-07-12 13:30:42,097 WARNING protliggnn.train - Censored or approximate affinity label detected: 'IC50~10uM' (relation: '~'). Treating as exact value.
2026-07-12 13:30:42,098 WARNING protliggnn.train - Censored or approximate affinity label detected: 'IC50~1mM' (relation: '~'). Treating as exact value.
2026-07-12 13:30:42,098 WARNING protliggnn.train - Censored or approximate affinity label detected: 'IC50~30uM' (relation: '~'). Treating as exact value.
2026-07-12 13:30:42,098 WARNING protliggnn.train - Censored or approximate affinity label detected: 'IC50~30uM' (relation: '~'). Treating as exact value.
2026-07-12 13:30:42,098 WARNING protliggnn.train - Censored or approximate affinity label detected: 'IC50~38nM' (relation: '~'). Treating as exact value.
2026-07-12 13:30:42,098 WARNING protliggnn.train - Censored or approximate affinity label detected: 'Kd<0.003uM' (relation: '<'). Treating as exact value.
2026-07-12 13:30:42,098 WARNING protliggnn.train - Censored or approximate affinity label detected: 'Kd<1nM' (relation: '<'). Treating as exact value.
2026-07-12 13:30:42,100 WARNING protliggnn.train - Censored or approximate affinity label detected: 'Kd~1.7uM' (relation: '~'). Treating as exact value.
2026-07-12 13:30:42,100 WARNING protliggnn.train - Censored or approximate affinity label detected: 'Kd~200nM' (relation: '~'). Treating as exact value.
2026-07-12 13:30:42,100 WARNING protliggnn.train - Censored or approximate affinity label detected: 'Kd~200nM' (relation: '~'). Treating as exact value.
2026-07-12 13:30:42,100 WARNING protliggnn.train - Censored or approximate affinity label detected: 'Kd~3.6pM' (relation: '~'). Treating as exact value.
2026-07-12 13:30:42,100 WARNING protliggnn.train - Censored or approximate affinity label detected: 'Kd~400nM' (relation: '~'). Treating as exact value.
2026-07-12 13:30:42,100 WARNING protliggnn.train - Censored or approximate affinity label detected: 'Kd~51nM' (relation: '~'). Treating as exact value.
2026-07-12 13:30:42,100 WARNING protliggnn.train - Censored or approximate affinity label detected: 'Kd~9.6uM' (relation: '~'). Treating as exact value.
2026-07-12 13:30:42,100 WARNING protliggnn.train - Censored or approximate affinity label detected: 'Ki<0.01nM' (relation: '<'). Treating as exact value.
2026-07-12 13:30:42,100 WARNING protliggnn.train - Censored or approximate affinity label detected: 'Ki<0.0845uM' (relation: '<'). Treating as exact value.
2026-07-12 13:30:42,100 WARNING protliggnn.train - Censored or approximate affinity label detected: 'Ki<0.2nM' (relation: '<'). Treating as exact value.
2026-07-12 13:30:42,101 WARNING protliggnn.train - Censored or approximate affinity label detected: 'Ki<0.2nM' (relation: '<'). Treating as exact value.
2026-07-12 13:30:42,101 WARNING protliggnn.train - Censored or approximate affinity label detected: 'Ki<10mM' (relation: '<'). Treating as exact value.
2026-07-12 13:30:42,101 WARNING protliggnn.train - Censored or approximate affinity label detected: 'Ki<2mM' (relation: '<'). Treating as exact value.
2026-07-12 13:30:42,102 WARNING protliggnn.train - Censored or approximate affinity label detected: 'Ki~1.3uM' (relation: '~'). Treating as exact value.
2026-07-12 13:30:42,102 WARNING protliggnn.train - Censored or approximate affinity label detected: 'Ki~1.3uM' (relation: '~'). Treating as exact value.
2026-07-12 13:30:42,102 WARNING protliggnn.train - Censored or approximate affinity label detected: 'Ki~67uM' (relation: '~'). Treating as exact value.
2026-07-12 13:30:42,102 WARNING protliggnn.train - Censored or approximate affinity label detected: 'IC50<0.001uM' (relation: '<'). Treating as exact value.
2026-07-12 13:30:42,103 WARNING protliggnn.train - Censored or approximate affinity label detected: 'IC50<0.086uM' (relation: '<'). Treating as exact value.
2026-07-12 13:30:42,103 WARNING protliggnn.train - Censored or approximate affinity label detected: 'IC50<0.086uM' (relation: '<'). Treating as exact value.
2026-07-12 13:30:42,103 WARNING protliggnn.train - Censored or approximate affinity label detected: 'IC50<0.086uM' (relation: '<'). Treating as exact value.
2026-07-12 13:30:42,103 WARNING protliggnn.train - Censored or approximate affinity label detected: 'IC50<0.086uM' (relation: '<'). Treating as exact value.
2026-07-12 13:30:42,103 WARNING protliggnn.train - Censored or approximate affinity label detected: 'IC50<0.086uM' (relation: '<'). Treating as exact value.
2026-07-12 13:30:42,103 WARNING protliggnn.train - Censored or approximate affinity label detected: 'IC50<1.37uM' (relation: '<'). Treating as exact value.
2026-07-12 13:30:42,103 WARNING protliggnn.train - Censored or approximate affinity label detected: 'IC50<10nM' (relation: '<'). Treating as exact value.
2026-07-12 13:30:42,103 WARNING protliggnn.train - Censored or approximate affinity label detected: 'IC50<10uM' (relation: '<'). Treating as exact value.
2026-07-12 13:30:42,103 WARNING protliggnn.train - Censored or approximate affinity label detected: 'IC50<15nM' (relation: '<'). Treating as exact value.
2026-07-12 13:30:42,103 WARNING protliggnn.train - Censored or approximate affinity label detected: 'IC50<1nM' (relation: '<'). Treating as exact value.
2026-07-12 13:30:42,105 WARNING protliggnn.train - Censored or approximate affinity label detected: 'IC50~1.3mM' (relation: '~'). Treating as exact value.
2026-07-12 13:30:42,105 WARNING protliggnn.train - Censored or approximate affinity label detected: 'IC50~10000nM' (relation: '~'). Treating as exact value.
2026-07-12 13:30:42,105 WARNING protliggnn.train - Censored or approximate affinity label detected: 'IC50~33uM' (relation: '~'). Treating as exact value.
2026-07-12 13:30:42,105 WARNING protliggnn.train - Censored or approximate affinity label detected: 'IC50~4mM' (relation: '~'). Treating as exact value.
2026-07-12 13:30:42,105 WARNING protliggnn.train - Censored or approximate affinity label detected: 'Kd<0.03uM' (relation: '<'). Treating as exact value.
2026-07-12 13:30:42,106 WARNING protliggnn.train - Censored or approximate affinity label detected: 'Kd<0.05nM' (relation: '<'). Treating as exact value.
2026-07-12 13:30:42,106 WARNING protliggnn.train - Censored or approximate affinity label detected: 'Kd<10nM' (relation: '<'). Treating as exact value.
2026-07-12 13:30:42,106 WARNING protliggnn.train - Censored or approximate affinity label detected: 'Kd<1nM' (relation: '<'). Treating as exact value.
2026-07-12 13:30:42,106 WARNING protliggnn.train - Censored or approximate affinity label detected: 'Kd<1nM' (relation: '<'). Treating as exact value.
2026-07-12 13:30:42,107 WARNING protliggnn.train - Censored or approximate affinity label detected: 'Kd~185uM' (relation: '~'). Treating as exact value.
2026-07-12 13:30:42,107 WARNING protliggnn.train - Censored or approximate affinity label detected: 'Kd~23mM' (relation: '~'). Treating as exact value.
2026-07-12 13:30:42,108 WARNING protliggnn.train - Censored or approximate affinity label detected: 'Kd~2uM' (relation: '~'). Treating as exact value.
2026-07-12 13:30:42,108 WARNING protliggnn.train - Censored or approximate affinity label detected: 'Kd~300nM' (relation: '~'). Treating as exact value.
2026-07-12 13:30:42,108 WARNING protliggnn.train - Censored or approximate affinity label detected: 'Kd~364nM' (relation: '~'). Treating as exact value.
2026-07-12 13:30:42,108 WARNING protliggnn.train - Censored or approximate affinity label detected: 'Kd~8.11uM' (relation: '~'). Treating as exact value.
2026-07-12 13:30:42,108 WARNING protliggnn.train - Censored or approximate affinity label detected: 'Ki<0.0005uM' (relation: '<'). Treating as exact value.
2026-07-12 13:30:42,108 WARNING protliggnn.train - Censored or approximate affinity label detected: 'Ki<0.01nM' (relation: '<'). Treating as exact value.
2026-07-12 13:30:42,108 WARNING protliggnn.train - Censored or approximate affinity label detected: 'Ki<0.025nM' (relation: '<'). Treating as exact value.
2026-07-12 13:30:42,109 WARNING protliggnn.train - Censored or approximate affinity label detected: 'Ki~5uM' (relation: '~'). Treating as exact value.
2026-07-12 13:30:42,109 WARNING protliggnn.train - Censored or approximate affinity label detected: 'IC50<0.004uM' (relation: '<'). Treating as exact value.
2026-07-12 13:30:42,109 WARNING protliggnn.train - Censored or approximate affinity label detected: 'IC50<10nM' (relation: '<'). Treating as exact value.
2026-07-12 13:30:42,109 WARNING protliggnn.train - Censored or approximate affinity label detected: 'IC50<10nM' (relation: '<'). Treating as exact value.
2026-07-12 13:30:42,109 WARNING protliggnn.train - Censored or approximate affinity label detected: 'IC50<10nM' (relation: '<'). Treating as exact value.
2026-07-12 13:30:42,109 WARNING protliggnn.train - Censored or approximate affinity label detected: 'IC50<10nM' (relation: '<'). Treating as exact value.
2026-07-12 13:30:42,109 WARNING protliggnn.train - Censored or approximate affinity label detected: 'IC50<10nM' (relation: '<'). Treating as exact value.
2026-07-12 13:30:42,109 WARNING protliggnn.train - Censored or approximate affinity label detected: 'IC50<10nM' (relation: '<'). Treating as exact value.
2026-07-12 13:30:42,109 WARNING protliggnn.train - Censored or approximate affinity label detected: 'IC50<25nM' (relation: '<'). Treating as exact value.
2026-07-12 13:30:42,109 WARNING protliggnn.train - Censored or approximate affinity label detected: 'IC50<3nM' (relation: '<'). Treating as exact value.
2026-07-12 13:30:42,111 WARNING protliggnn.train - Censored or approximate affinity label detected: 'IC50~100uM' (relation: '~'). Treating as exact value.
2026-07-12 13:30:42,111 WARNING protliggnn.train - Censored or approximate affinity label detected: 'IC50~1mM' (relation: '~'). Treating as exact value.
2026-07-12 13:30:42,111 WARNING protliggnn.train - Censored or approximate affinity label detected: 'Kd<10nM' (relation: '<'). Treating as exact value.
2026-07-12 13:30:42,114 WARNING protliggnn.train - Censored or approximate affinity label detected: 'Kd~0.13uM' (relation: '~'). Treating as exact value.
2026-07-12 13:30:42,114 WARNING protliggnn.train - Censored or approximate affinity label detected: 'Kd~1.5uM' (relation: '~'). Treating as exact value.
2026-07-12 13:30:42,114 WARNING protliggnn.train - Censored or approximate affinity label detected: 'Kd~200uM' (relation: '~'). Treating as exact value.
2026-07-12 13:30:42,114 WARNING protliggnn.train - Censored or approximate affinity label detected: 'Kd~50uM' (relation: '~'). Treating as exact value.
2026-07-12 13:30:42,114 WARNING protliggnn.train - Censored or approximate affinity label detected: 'Ki<0.001uM' (relation: '<'). Treating as exact value.
2026-07-12 13:30:42,114 WARNING protliggnn.train - Censored or approximate affinity label detected: 'Ki<0.01nM' (relation: '<'). Treating as exact value.
2026-07-12 13:30:42,115 WARNING protliggnn.train - Censored or approximate affinity label detected: 'IC50<0.001uM' (relation: '<'). Treating as exact value.
2026-07-12 13:30:42,115 WARNING protliggnn.train - Censored or approximate affinity label detected: 'IC50<0.005uM' (relation: '<'). Treating as exact value.
2026-07-12 13:30:42,115 WARNING protliggnn.train - Censored or approximate affinity label detected: 'IC50<0.2uM' (relation: '<'). Treating as exact value.
2026-07-12 13:30:42,115 WARNING protliggnn.train - Censored or approximate affinity label detected: 'IC50<0.32nM' (relation: '<'). Treating as exact value.
2026-07-12 13:30:42,115 WARNING protliggnn.train - Censored or approximate affinity label detected: 'IC50<0.3nM' (relation: '<'). Treating as exact value.
2026-07-12 13:30:42,115 WARNING protliggnn.train - Censored or approximate affinity label detected: 'IC50<0.3nM' (relation: '<'). Treating as exact value.
2026-07-12 13:30:42,115 WARNING protliggnn.train - Censored or approximate affinity label detected: 'IC50<1.13nM' (relation: '<'). Treating as exact value.
2026-07-12 13:30:42,115 WARNING protliggnn.train - Censored or approximate affinity label detected: 'IC50<25nM' (relation: '<'). Treating as exact value.
2026-07-12 13:30:42,115 WARNING protliggnn.train - Censored or approximate affinity label detected: 'IC50<3nM' (relation: '<'). Treating as exact value.
2026-07-12 13:30:42,115 WARNING protliggnn.train - Censored or approximate affinity label detected: 'IC50<50nM' (relation: '<'). Treating as exact value.
2026-07-12 13:30:42,115 WARNING protliggnn.train - Censored or approximate affinity label detected: 'IC50<50nM' (relation: '<'). Treating as exact value.
2026-07-12 13:30:42,115 WARNING protliggnn.train - Censored or approximate affinity label detected: 'IC50<50nM' (relation: '<'). Treating as exact value.
2026-07-12 13:30:42,117 WARNING protliggnn.train - Censored or approximate affinity label detected: 'IC50~0.8mM' (relation: '~'). Treating as exact value.
2026-07-12 13:30:42,117 WARNING protliggnn.train - Censored or approximate affinity label detected: 'IC50~0.8mM' (relation: '~'). Treating as exact value.
2026-07-12 13:30:42,117 WARNING protliggnn.train - Censored or approximate affinity label detected: 'IC50~100uM' (relation: '~'). Treating as exact value.
2026-07-12 13:30:42,117 WARNING protliggnn.train - Censored or approximate affinity label detected: 'IC50~6nM' (relation: '~'). Treating as exact value.
2026-07-12 13:30:42,117 WARNING protliggnn.train - Censored or approximate affinity label detected: 'Kd<2nM' (relation: '<'). Treating as exact value.
2026-07-12 13:30:42,119 WARNING protliggnn.train - Censored or approximate affinity label detected: 'Kd~1.8uM' (relation: '~'). Treating as exact value.
2026-07-12 13:30:42,119 WARNING protliggnn.train - Censored or approximate affinity label detected: 'Kd~100nM' (relation: '~'). Treating as exact value.
2026-07-12 13:30:42,119 WARNING protliggnn.train - Censored or approximate affinity label detected: 'Kd~100nM' (relation: '~'). Treating as exact value.
2026-07-12 13:30:42,119 WARNING protliggnn.train - Censored or approximate affinity label detected: 'Kd~12uM' (relation: '~'). Treating as exact value.
2026-07-12 13:30:42,119 WARNING protliggnn.train - Censored or approximate affinity label detected: 'Kd~12uM' (relation: '~'). Treating as exact value.
2026-07-12 13:30:42,119 WARNING protliggnn.train - Censored or approximate affinity label detected: 'Kd~13uM' (relation: '~'). Treating as exact value.
2026-07-12 13:30:42,120 WARNING protliggnn.train - Censored or approximate affinity label detected: 'Kd~300nM' (relation: '~'). Treating as exact value.
2026-07-12 13:30:42,120 WARNING protliggnn.train - Censored or approximate affinity label detected: 'Kd~500uM' (relation: '~'). Treating as exact value.
2026-07-12 13:30:42,120 WARNING protliggnn.train - Censored or approximate affinity label detected: 'Kd~500uM' (relation: '~'). Treating as exact value.
2026-07-12 13:30:42,120 WARNING protliggnn.train - Censored or approximate affinity label detected: 'Kd~600uM' (relation: '~'). Treating as exact value.
2026-07-12 13:30:42,120 WARNING protliggnn.train - Censored or approximate affinity label detected: 'Kd~9uM' (relation: '~'). Treating as exact value.
2026-07-12 13:30:42,120 WARNING protliggnn.train - Censored or approximate affinity label detected: 'Ki<0.01uM' (relation: '<'). Treating as exact value.
2026-07-12 13:30:42,120 WARNING protliggnn.train - Censored or approximate affinity label detected: 'Ki<0.05nM' (relation: '<'). Treating as exact value.
2026-07-12 13:30:42,120 WARNING protliggnn.train - Censored or approximate affinity label detected: 'Ki<1nM' (relation: '<'). Treating as exact value.
2026-07-12 13:30:42,120 WARNING protliggnn.train - Censored or approximate affinity label detected: 'Ki<1nM' (relation: '<'). Treating as exact value.
2026-07-12 13:30:42,120 WARNING protliggnn.train - Censored or approximate affinity label detected: 'Ki<5nM' (relation: '<'). Treating as exact value.
2026-07-12 13:30:42,121 WARNING protliggnn.train - Censored or approximate affinity label detected: 'IC50<0.030uM' (relation: '<'). Treating as exact value.
2026-07-12 13:30:42,121 WARNING protliggnn.train - Censored or approximate affinity label detected: 'IC50<1nM' (relation: '<'). Treating as exact value.
2026-07-12 13:30:42,121 WARNING protliggnn.train - Censored or approximate affinity label detected: 'IC50<40nM' (relation: '<'). Treating as exact value.
2026-07-12 13:30:42,121 WARNING protliggnn.train - Censored or approximate affinity label detected: 'IC50<5nM' (relation: '<'). Treating as exact value.
2026-07-12 13:30:42,123 WARNING protliggnn.train - Censored or approximate affinity label detected: 'IC50~0.5uM' (relation: '~'). Treating as exact value.
2026-07-12 13:30:42,123 WARNING protliggnn.train - Censored or approximate affinity label detected: 'IC50~1.8uM' (relation: '~'). Treating as exact value.
2026-07-12 13:30:42,123 WARNING protliggnn.train - Censored or approximate affinity label detected: 'IC50~1mM' (relation: '~'). Treating as exact value.
2026-07-12 13:30:42,123 WARNING protliggnn.train - Censored or approximate affinity label detected: 'IC50~700nM' (relation: '~'). Treating as exact value.
2026-07-12 13:30:42,123 WARNING protliggnn.train - Censored or approximate affinity label detected: 'Kd<0.001nM' (relation: '<'). Treating as exact value.
2026-07-12 13:30:42,123 WARNING protliggnn.train - Censored or approximate affinity label detected: 'Kd<0.10uM' (relation: '<'). Treating as exact value.
2026-07-12 13:30:42,123 WARNING protliggnn.train - Censored or approximate affinity label detected: 'Kd<0.4uM' (relation: '<'). Treating as exact value.
2026-07-12 13:30:42,123 WARNING protliggnn.train - Censored or approximate affinity label detected: 'Kd<1nM' (relation: '<'). Treating as exact value.
2026-07-12 13:30:42,125 WARNING protliggnn.train - Censored or approximate affinity label detected: 'Kd~0.2uM' (relation: '~'). Treating as exact value.
2026-07-12 13:30:42,125 WARNING protliggnn.train - Censored or approximate affinity label detected: 'Kd~120nM' (relation: '~'). Treating as exact value.
2026-07-12 13:30:42,125 WARNING protliggnn.train - Censored or approximate affinity label detected: 'Kd~23uM' (relation: '~'). Treating as exact value.
2026-07-12 13:30:42,125 WARNING protliggnn.train - Censored or approximate affinity label detected: 'Kd~23uM' (relation: '~'). Treating as exact value.
2026-07-12 13:30:42,125 WARNING protliggnn.train - Censored or approximate affinity label detected: 'Kd~23uM' (relation: '~'). Treating as exact value.
2026-07-12 13:30:42,125 WARNING protliggnn.train - Censored or approximate affinity label detected: 'Kd~24uM' (relation: '~'). Treating as exact value.
2026-07-12 13:30:42,125 WARNING protliggnn.train - Censored or approximate affinity label detected: 'Kd~25uM' (relation: '~'). Treating as exact value.
2026-07-12 13:30:42,125 WARNING protliggnn.train - Censored or approximate affinity label detected: 'Kd~3nM' (relation: '~'). Treating as exact value.
2026-07-12 13:30:42,125 WARNING protliggnn.train - Censored or approximate affinity label detected: 'Kd~5uM' (relation: '~'). Treating as exact value.
2026-07-12 13:30:42,125 WARNING protliggnn.train - Censored or approximate affinity label detected: 'Kd~7nM' (relation: '~'). Treating as exact value.
2026-07-12 13:30:42,125 WARNING protliggnn.train - Censored or approximate affinity label detected: 'Kd~80uM' (relation: '~'). Treating as exact value.
2026-07-12 13:30:42,125 WARNING protliggnn.train - Censored or approximate affinity label detected: 'Ki<1.0nM' (relation: '<'). Treating as exact value.
2026-07-12 13:30:42,125 WARNING protliggnn.train - Censored or approximate affinity label detected: 'Ki<1.3nM' (relation: '<'). Treating as exact value.
2026-07-12 13:30:42,125 WARNING protliggnn.train - Censored or approximate affinity label detected: 'Ki<1nM' (relation: '<'). Treating as exact value.
2026-07-12 13:30:42,126 WARNING protliggnn.train - Censored or approximate affinity label detected: 'Ki<5pM' (relation: '<'). Treating as exact value.
2026-07-12 13:30:42,126 WARNING protliggnn.train - Censored or approximate affinity label detected: 'Ki<5pM' (relation: '<'). Treating as exact value.
2026-07-12 13:30:42,126 WARNING protliggnn.train - Censored or approximate affinity label detected: 'Ki<5pM' (relation: '<'). Treating as exact value.
2026-07-12 13:30:42,126 WARNING protliggnn.train - Censored or approximate affinity label detected: 'Ki<5pM' (relation: '<'). Treating as exact value.
2026-07-12 13:30:42,126 WARNING protliggnn.train - Censored or approximate affinity label detected: 'Ki<5pM' (relation: '<'). Treating as exact value.
2026-07-12 13:30:42,126 WARNING protliggnn.train - Censored or approximate affinity label detected: 'Ki<5pM' (relation: '<'). Treating as exact value.
2026-07-12 13:30:42,126 WARNING protliggnn.train - Censored or approximate affinity label detected: 'IC50<15nM' (relation: '<'). Treating as exact value.
2026-07-12 13:30:42,127 WARNING protliggnn.train - Censored or approximate affinity label detected: 'IC50<1nM' (relation: '<'). Treating as exact value.
2026-07-12 13:30:42,127 WARNING protliggnn.train - Censored or approximate affinity label detected: 'IC50<1nM' (relation: '<'). Treating as exact value.
2026-07-12 13:30:42,127 WARNING protliggnn.train - Censored or approximate affinity label detected: 'IC50<2nM' (relation: '<'). Treating as exact value.
2026-07-12 13:30:42,127 WARNING protliggnn.train - Censored or approximate affinity label detected: 'IC50<2nM' (relation: '<'). Treating as exact value.
2026-07-12 13:30:42,127 WARNING protliggnn.train - Censored or approximate affinity label detected: 'IC50<2nM' (relation: '<'). Treating as exact value.
2026-07-12 13:30:42,128 WARNING protliggnn.train - Censored or approximate affinity label detected: 'IC50~330uM' (relation: '~'). Treating as exact value.
2026-07-12 13:30:42,128 WARNING protliggnn.train - Censored or approximate affinity label detected: 'IC50~450uM' (relation: '~'). Treating as exact value.
2026-07-12 13:30:42,128 WARNING protliggnn.train - Censored or approximate affinity label detected: 'Kd<0.8nM' (relation: '<'). Treating as exact value.
2026-07-12 13:30:42,128 WARNING protliggnn.train - Censored or approximate affinity label detected: 'Kd<1.26nM' (relation: '<'). Treating as exact value.
2026-07-12 13:30:42,128 WARNING protliggnn.train - Censored or approximate affinity label detected: 'Kd<2.3nM' (relation: '<'). Treating as exact value.
2026-07-12 13:30:42,128 WARNING protliggnn.train - Censored or approximate affinity label detected: 'Kd<55uM' (relation: '<'). Treating as exact value.
2026-07-12 13:30:42,128 WARNING protliggnn.train - Censored or approximate affinity label detected: 'Kd<55uM' (relation: '<'). Treating as exact value.
2026-07-12 13:30:42,130 WARNING protliggnn.train - Censored or approximate affinity label detected: 'Kd~11uM' (relation: '~'). Treating as exact value.
2026-07-12 13:30:42,130 WARNING protliggnn.train - Censored or approximate affinity label detected: 'Kd~200nM' (relation: '~'). Treating as exact value.
2026-07-12 13:30:42,130 WARNING protliggnn.train - Censored or approximate affinity label detected: 'Kd~25uM' (relation: '~'). Treating as exact value.
2026-07-12 13:30:42,130 WARNING protliggnn.train - Censored or approximate affinity label detected: 'Kd~2nM' (relation: '~'). Treating as exact value.
2026-07-12 13:30:42,130 WARNING protliggnn.train - Censored or approximate affinity label detected: 'Ki<0.005nM' (relation: '<'). Treating as exact value.
2026-07-12 13:30:42,130 WARNING protliggnn.train - Censored or approximate affinity label detected: 'Ki<0.005nM' (relation: '<'). Treating as exact value.
2026-07-12 13:30:42,130 WARNING protliggnn.train - Censored or approximate affinity label detected: 'Ki<0.005nM' (relation: '<'). Treating as exact value.
2026-07-12 13:30:42,130 WARNING protliggnn.train - Censored or approximate affinity label detected: 'Ki<0.9nM' (relation: '<'). Treating as exact value.
2026-07-12 13:30:42,941 INFO protliggnn - Found 1000 candidate complexes with labels and matching files before validation.
2026-07-12 13:30:42,944 INFO protliggnn - Found graph cache at data\pdbbind2020\processed_dataset.pt. Validating...
2026-07-12 13:30:42,969 INFO protliggnn - Loading graphs from cache file...
2026-07-12 13:30:43,229 INFO protliggnn - Cache successfully validated. Loaded 1000 pre-built graphs.
2026-07-12 13:30:43,235 INFO protliggnn - Dataset split sizes: train=800 val=100 test=100 (random)
2026-07-12 13:30:51,674 INFO protliggnn - Epoch 001 train loss=34.7162 PCC=0.0437 Spearman=0.0593 RMSE=5.8920 MAE=5.6037 R2=-10.1117
2026-07-12 13:30:51,674 INFO protliggnn - Epoch 001 val loss=20.1397 PCC=0.2112 Spearman=0.2156 RMSE=4.4877 MAE=4.1271 R2=-5.4311
2026-07-12 13:30:51,712 INFO protliggnn - Saved checkpoint for epoch 1 with validation RMSE 4.487724271530806.
2026-07-12 13:30:59,661 INFO protliggnn - Epoch 002 train loss=10.7817 PCC=-0.0112 Spearman=-0.0164 RMSE=3.2836 MAE=2.7356 R2=-2.4509
2026-07-12 13:30:59,661 INFO protliggnn - Epoch 002 val loss=3.1081 PCC=0.2939 Spearman=0.3611 RMSE=1.7630 MAE=1.4827 R2=0.0075
2026-07-12 13:30:59,693 INFO protliggnn - Saved checkpoint for epoch 2 with validation RMSE 1.762982176424282.
2026-07-12 13:31:07,578 INFO protliggnn - Epoch 003 train loss=3.6494 PCC=0.0787 Spearman=0.0781 RMSE=1.9104 MAE=1.5180 R2=-0.1681
2026-07-12 13:31:07,578 INFO protliggnn - Epoch 003 val loss=3.0735 PCC=0.3793 Spearman=0.4103 RMSE=1.7531 MAE=1.4798 R2=0.0185
2026-07-12 13:31:07,606 INFO protliggnn - Saved checkpoint for epoch 3 with validation RMSE 1.7531468191191573.
2026-07-12 13:31:15,390 INFO protliggnn - Epoch 004 train loss=3.7141 PCC=0.0614 Spearman=0.0645 RMSE=1.9272 MAE=1.5456 R2=-0.1888
2026-07-12 13:31:15,391 INFO protliggnn - Epoch 004 val loss=2.8987 PCC=0.3971 Spearman=0.4214 RMSE=1.7025 MAE=1.4415 R2=0.0744
2026-07-12 13:31:15,423 INFO protliggnn - Saved checkpoint for epoch 4 with validation RMSE 1.7025468028045272.
2026-07-12 13:31:23,279 INFO protliggnn - Epoch 005 train loss=3.7334 PCC=0.0777 Spearman=0.0905 RMSE=1.9322 MAE=1.5157 R2=-0.1949
2026-07-12 13:31:23,280 INFO protliggnn - Epoch 005 val loss=2.8390 PCC=0.4126 Spearman=0.4296 RMSE=1.6849 MAE=1.4255 R2=0.0934
2026-07-12 13:31:23,346 INFO protliggnn - Saved checkpoint for epoch 5 with validation RMSE 1.6849444678630334.
2026-07-12 13:31:31,459 INFO protliggnn - Epoch 006 train loss=3.6894 PCC=0.1343 Spearman=0.1402 RMSE=1.9208 MAE=1.5037 R2=-0.1809
2026-07-12 13:31:31,460 INFO protliggnn - Epoch 006 val loss=2.8843 PCC=0.4348 Spearman=0.4454 RMSE=1.6983 MAE=1.4325 R2=0.0790
2026-07-12 13:31:39,586 INFO protliggnn - Epoch 007 train loss=3.6434 PCC=0.1184 Spearman=0.1244 RMSE=1.9088 MAE=1.5247 R2=-0.1661
2026-07-12 13:31:39,586 INFO protliggnn - Epoch 007 val loss=2.7225 PCC=0.4491 Spearman=0.4560 RMSE=1.6500 MAE=1.3986 R2=0.1306
2026-07-12 13:31:39,617 INFO protliggnn - Saved checkpoint for epoch 7 with validation RMSE 1.6499889886910388.
