Command: D:\ProtLigGnn\venv\Scripts\python.exe protliggnn_train.py --data_dir data/pdbbind2020 --device cuda:0 --epochs 50 --batch_size 8 --lr 0.001 --weight_decay 1e-05 --patience 10 --seed 2024 --run_name protliggnn_benchmark_seed_2024 --save_path experiments\run_010\checkpoint.pt --split_strategy random --split_dir splits --val_fraction 0.1 --test_fraction 0.1 --dataset_version pdbbind2020_local --experiments_root experiments --experiment_dir experiments\run_010 --log_level INFO --num_workers 0 --research_version Validated Baseline v0.95 --max_samples 1000 --allow_duplicate --hidden_dim 256 --dropout 0.2 --optimizer adam --scheduler none --pooling mean --model_type soft_routing --rbf_basis 32 --rbf_start 0.0 --rbf_stop 12.0 --rbf_proj_dim 32 --interaction_dim 32 --latent_dim 32 --chemistry_dim 32 --representation_dim 32 --attention_bias_type rbf --attention_learnable_scale true --attention_initial_alpha 0.1 --attention_normalize_bias true --contact_threshold 4.0 --loss_weight 0.1 --loss_weight_strategy fixed --contact_hidden_dim 128 --router_type residual --routing_level embedding --gate_regularization 0.0 --entropy_regularization 0.01 --sparsity_regularization 0.0 --diversity_regularization 0.0 --router_capacity base

2026-07-17 01:38:05,592 INFO protliggnn - Experiment directory: experiments\run_010
2026-07-17 01:38:05,592 INFO protliggnn - CLI arguments: {'data_dir': 'data/pdbbind2020', 'device': 'cuda:0', 'epochs': 50, 'batch_size': 8, 'lr': 0.001, 'weight_decay': 1e-05, 'patience': 10, 'seed': 2024, 'max_samples': 1000, 'run_name': 'protliggnn_benchmark_seed_2024', 'no_crossgraph': False, 'save_path': 'experiments\\run_010\\checkpoint.pt', 'split_strategy': 'random', 'split_dir': 'splits', 'fixed_split_dir': None, 'val_fraction': 0.1, 'test_fraction': 0.1, 'dataset_version': 'pdbbind2020_local', 'experiments_root': 'experiments', 'experiment_dir': 'experiments\\run_010', 'experiment_id': None, 'num_workers': 0, 'pin_memory': False, 'disable_experiment_tracking': False, 'resume': None, 'allow_duplicate': True, 'hidden_dim': 256, 'dropout': 0.2, 'optimizer': 'adam', 'scheduler': 'none', 'grad_clip': None, 'no_residual': False, 'no_layernorm': False, 'no_attention': False, 'pooling': 'mean', 'log_level': 'INFO', 'model_type': 'soft_routing', 'router_type': 'residual', 'routing_level': 'embedding', 'gate_regularization': 0.0, 'entropy_regularization': 0.01, 'sparsity_regularization': 0.0, 'diversity_regularization': 0.0, 'router_capacity': 'base', 'contact_threshold': 4.0, 'loss_weight': 0.1, 'loss_weight_strategy': 'fixed', 'contact_hidden_dim': 128, 'rbf_basis': 32, 'rbf_start': 0.0, 'rbf_stop': 12.0, 'rbf_proj_dim': 32, 'interaction_dim': 32, 'latent_dim': 32, 'chemistry_dim': 32, 'representation_dim': 32, 'attention_bias_type': 'rbf', 'attention_learnable_scale': 'true', 'attention_initial_alpha': 0.1, 'attention_normalize_bias': 'true', 'experiment_purpose': 'benchmark', 'research_question': 'Can ProtLigGNN reproducibly predict protein-ligand affinity under this benchmark configuration?', 'author': 'unknown', 'description': '', 'notes': '', 'tags': '', 'expected_outcome': '', 'current_milestone': 'research-infrastructure', 'architecture_version': 'protliggnn-v1', 'research_version': 'Validated Baseline v0.95'}
2026-07-17 01:38:05,593 INFO protliggnn - Loading dataset from D:\ProtLigGnn\data\pdbbind2020
2026-07-17 01:38:05,594 WARNING protliggnn.train - Censored or approximate affinity label detected: 'Kd<10uM' (relation: '<'). Treating as exact value.
2026-07-17 01:38:05,594 WARNING protliggnn.train - Censored or approximate affinity label detected: 'Ki<=17nM' (relation: '<='). Treating as exact value.
2026-07-17 01:38:05,594 WARNING protliggnn.train - Censored or approximate affinity label detected: 'IC50<=3.5nM' (relation: '<='). Treating as exact value.
2026-07-17 01:38:05,594 WARNING protliggnn.train - Censored or approximate affinity label detected: 'Ki<1.0nM' (relation: '<'). Treating as exact value.
2026-07-17 01:38:05,594 WARNING protliggnn.train - Censored or approximate affinity label detected: 'Ki<10uM' (relation: '<'). Treating as exact value.
2026-07-17 01:38:05,594 WARNING protliggnn.train - Censored or approximate affinity label detected: 'Ki<1nM' (relation: '<'). Treating as exact value.
2026-07-17 01:38:05,594 WARNING protliggnn.train - Censored or approximate affinity label detected: 'IC50<=2.0nM' (relation: '<='). Treating as exact value.
2026-07-17 01:38:05,594 WARNING protliggnn.train - Censored or approximate affinity label detected: 'IC50~10uM' (relation: '~'). Treating as exact value.
2026-07-17 01:38:05,595 WARNING protliggnn.train - Censored or approximate affinity label detected: 'Ki<0.01nM' (relation: '<'). Treating as exact value.
2026-07-17 01:38:05,595 WARNING protliggnn.train - Censored or approximate affinity label detected: 'Ki<=100nM' (relation: '<='). Treating as exact value.
2026-07-17 01:38:05,595 WARNING protliggnn.train - Censored or approximate affinity label detected: 'Ki<21nM' (relation: '<'). Treating as exact value.
2026-07-17 01:38:05,595 WARNING protliggnn.train - Censored or approximate affinity label detected: 'Ki~0.1pM' (relation: '~'). Treating as exact value.
2026-07-17 01:38:05,596 WARNING protliggnn.train - Censored or approximate affinity label detected: 'Kd<=100uM' (relation: '<='). Treating as exact value.
2026-07-17 01:38:05,596 WARNING protliggnn.train - Censored or approximate affinity label detected: 'Kd~10pM' (relation: '~'). Treating as exact value.
2026-07-17 01:38:05,664 WARNING protliggnn.train - Censored or approximate affinity label detected: 'Kd~1pM' (relation: '~'). Treating as exact value.
2026-07-17 01:38:05,664 WARNING protliggnn.train - Censored or approximate affinity label detected: 'Kd~1pM' (relation: '~'). Treating as exact value.
2026-07-17 01:38:05,666 WARNING protliggnn.train - Censored or approximate affinity label detected: 'Kd<0.010uM' (relation: '<'). Treating as exact value.
2026-07-17 01:38:05,667 WARNING protliggnn.train - Censored or approximate affinity label detected: 'Kd~0.1uM' (relation: '~'). Treating as exact value.
2026-07-17 01:38:05,667 WARNING protliggnn.train - Censored or approximate affinity label detected: 'Ki<0.3uM' (relation: '<'). Treating as exact value.
2026-07-17 01:38:05,668 WARNING protliggnn.train - Censored or approximate affinity label detected: 'IC50<0.003uM' (relation: '<'). Treating as exact value.
2026-07-17 01:38:05,668 WARNING protliggnn.train - Censored or approximate affinity label detected: 'IC50<0.05uM' (relation: '<'). Treating as exact value.
2026-07-17 01:38:05,668 WARNING protliggnn.train - Censored or approximate affinity label detected: 'IC50<0.05uM' (relation: '<'). Treating as exact value.
2026-07-17 01:38:05,668 WARNING protliggnn.train - Censored or approximate affinity label detected: 'IC50~5mM' (relation: '~'). Treating as exact value.
2026-07-17 01:38:05,668 WARNING protliggnn.train - Censored or approximate affinity label detected: 'Kd<0.12nM' (relation: '<'). Treating as exact value.
2026-07-17 01:38:05,668 WARNING protliggnn.train - Censored or approximate affinity label detected: 'Kd~0.69pM' (relation: '~'). Treating as exact value.
2026-07-17 01:38:05,668 WARNING protliggnn.train - Censored or approximate affinity label detected: 'Kd~11pM' (relation: '~'). Treating as exact value.
2026-07-17 01:38:05,668 WARNING protliggnn.train - Censored or approximate affinity label detected: 'Kd~28pM' (relation: '~'). Treating as exact value.
2026-07-17 01:38:05,670 WARNING protliggnn.train - Censored or approximate affinity label detected: 'IC50<0.003uM' (relation: '<'). Treating as exact value.
2026-07-17 01:38:05,670 WARNING protliggnn.train - Censored or approximate affinity label detected: 'IC50<20nM' (relation: '<'). Treating as exact value.
2026-07-17 01:38:05,670 WARNING protliggnn.train - Censored or approximate affinity label detected: 'IC50<5nM' (relation: '<'). Treating as exact value.
2026-07-17 01:38:05,671 WARNING protliggnn.train - Censored or approximate affinity label detected: 'Kd~1nM' (relation: '~'). Treating as exact value.
2026-07-17 01:38:05,671 WARNING protliggnn.train - Censored or approximate affinity label detected: 'Kd~1nM' (relation: '~'). Treating as exact value.
2026-07-17 01:38:05,671 WARNING protliggnn.train - Censored or approximate affinity label detected: 'Ki<10nM' (relation: '<'). Treating as exact value.
2026-07-17 01:38:05,673 WARNING protliggnn.train - Censored or approximate affinity label detected: 'Kd<10uM' (relation: '<'). Treating as exact value.
2026-07-17 01:38:05,674 WARNING protliggnn.train - Censored or approximate affinity label detected: 'IC50<100nM' (relation: '<'). Treating as exact value.
2026-07-17 01:38:05,675 WARNING protliggnn.train - Censored or approximate affinity label detected: 'Kd<2pM' (relation: '<'). Treating as exact value.
2026-07-17 01:38:05,676 WARNING protliggnn.train - Censored or approximate affinity label detected: 'Kd~50uM' (relation: '~'). Treating as exact value.
2026-07-17 01:38:05,676 WARNING protliggnn.train - Censored or approximate affinity label detected: 'Ki<=0.6nM' (relation: '<='). Treating as exact value.
2026-07-17 01:38:05,679 WARNING protliggnn.train - Censored or approximate affinity label detected: 'Kd~100uM' (relation: '~'). Treating as exact value.
2026-07-17 01:38:05,679 WARNING protliggnn.train - Censored or approximate affinity label detected: 'Kd~100uM' (relation: '~'). Treating as exact value.
2026-07-17 01:38:05,680 WARNING protliggnn.train - Censored or approximate affinity label detected: 'IC50<0.04nM' (relation: '<'). Treating as exact value.
2026-07-17 01:38:06,922 WARNING protliggnn.train - Censored or approximate affinity label detected: 'Kd~10nM' (relation: '~'). Treating as exact value.
2026-07-17 01:38:06,923 WARNING protliggnn.train - Censored or approximate affinity label detected: 'IC50<0.5nM' (relation: '<'). Treating as exact value.
2026-07-17 01:38:06,927 WARNING protliggnn.train - Censored or approximate affinity label detected: 'Kd~40mM' (relation: '~'). Treating as exact value.
2026-07-17 01:38:06,927 WARNING protliggnn.train - Censored or approximate affinity label detected: 'Ki<10uM' (relation: '<'). Treating as exact value.
2026-07-17 01:38:06,929 WARNING protliggnn.train - Censored or approximate affinity label detected: 'IC50<1.0nM' (relation: '<'). Treating as exact value.
2026-07-17 01:38:06,929 WARNING protliggnn.train - Censored or approximate affinity label detected: 'IC50<2nM' (relation: '<'). Treating as exact value.
2026-07-17 01:38:06,929 WARNING protliggnn.train - Censored or approximate affinity label detected: 'IC50<3nM' (relation: '<'). Treating as exact value.
2026-07-17 01:38:06,929 WARNING protliggnn.train - Censored or approximate affinity label detected: 'IC50<=1nM' (relation: '<='). Treating as exact value.
2026-07-17 01:38:06,932 WARNING protliggnn.train - Censored or approximate affinity label detected: 'Kd<1nM' (relation: '<'). Treating as exact value.
2026-07-17 01:38:06,933 WARNING protliggnn.train - Censored or approximate affinity label detected: 'Kd~1nM' (relation: '~'). Treating as exact value.
2026-07-17 01:38:06,933 WARNING protliggnn.train - Censored or approximate affinity label detected: 'Kd~1nM' (relation: '~'). Treating as exact value.
2026-07-17 01:38:06,935 WARNING protliggnn.train - Censored or approximate affinity label detected: 'IC50<2nM' (relation: '<'). Treating as exact value.
2026-07-17 01:38:06,938 WARNING protliggnn.train - Censored or approximate affinity label detected: 'IC50~1mM' (relation: '~'). Treating as exact value.
2026-07-17 01:38:06,938 WARNING protliggnn.train - Censored or approximate affinity label detected: 'IC50~20mM' (relation: '~'). Treating as exact value.
2026-07-17 01:38:06,938 WARNING protliggnn.train - Censored or approximate affinity label detected: 'Kd<0.1nM' (relation: '<'). Treating as exact value.
2026-07-17 01:38:06,938 WARNING protliggnn.train - Censored or approximate affinity label detected: 'Kd<1mM' (relation: '<'). Treating as exact value.
2026-07-17 01:38:06,938 WARNING protliggnn.train - Censored or approximate affinity label detected: 'Kd<60uM' (relation: '<'). Treating as exact value.
2026-07-17 01:38:06,940 WARNING protliggnn.train - Censored or approximate affinity label detected: 'Kd~300uM' (relation: '~'). Treating as exact value.
2026-07-17 01:38:06,940 WARNING protliggnn.train - Censored or approximate affinity label detected: 'Ki<50.0nM' (relation: '<'). Treating as exact value.
2026-07-17 01:38:06,942 WARNING protliggnn.train - Censored or approximate affinity label detected: 'Ki~5mM' (relation: '~'). Treating as exact value.
2026-07-17 01:38:06,942 WARNING protliggnn.train - Censored or approximate affinity label detected: 'Ki~5uM' (relation: '~'). Treating as exact value.
2026-07-17 01:38:06,942 WARNING protliggnn.train - Censored or approximate affinity label detected: 'IC50<0.001uM' (relation: '<'). Treating as exact value.
2026-07-17 01:38:06,942 WARNING protliggnn.train - Censored or approximate affinity label detected: 'IC50<0.003uM' (relation: '<'). Treating as exact value.
2026-07-17 01:38:06,942 WARNING protliggnn.train - Censored or approximate affinity label detected: 'IC50<0.004uM' (relation: '<'). Treating as exact value.
2026-07-17 01:38:06,942 WARNING protliggnn.train - Censored or approximate affinity label detected: 'IC50<10nM' (relation: '<'). Treating as exact value.
2026-07-17 01:38:06,942 WARNING protliggnn.train - Censored or approximate affinity label detected: 'IC50<2.13nM' (relation: '<'). Treating as exact value.
2026-07-17 01:38:06,942 WARNING protliggnn.train - Censored or approximate affinity label detected: 'IC50<3nM' (relation: '<'). Treating as exact value.
2026-07-17 01:38:09,014 WARNING protliggnn.train - Censored or approximate affinity label detected: 'IC50<3nM' (relation: '<'). Treating as exact value.
2026-07-17 01:38:09,014 WARNING protliggnn.train - Censored or approximate affinity label detected: 'IC50<4nM' (relation: '<'). Treating as exact value.
2026-07-17 01:38:09,014 WARNING protliggnn.train - Censored or approximate affinity label detected: 'IC50<5nM' (relation: '<'). Treating as exact value.
2026-07-17 01:38:09,014 WARNING protliggnn.train - Censored or approximate affinity label detected: 'IC50<5nM' (relation: '<'). Treating as exact value.
2026-07-17 01:38:09,016 WARNING protliggnn.train - Censored or approximate affinity label detected: 'Kd<0.1mM' (relation: '<'). Treating as exact value.
2026-07-17 01:38:09,016 WARNING protliggnn.train - Censored or approximate affinity label detected: 'Kd<0.1nM' (relation: '<'). Treating as exact value.
2026-07-17 01:38:09,016 WARNING protliggnn.train - Censored or approximate affinity label detected: 'Kd<100nM' (relation: '<'). Treating as exact value.
2026-07-17 01:38:09,016 WARNING protliggnn.train - Censored or approximate affinity label detected: 'Kd<10nM' (relation: '<'). Treating as exact value.
2026-07-17 01:38:09,018 WARNING protliggnn.train - Censored or approximate affinity label detected: 'Kd~102uM' (relation: '~'). Treating as exact value.
2026-07-17 01:38:09,018 WARNING protliggnn.train - Censored or approximate affinity label detected: 'Kd~125nM' (relation: '~'). Treating as exact value.
2026-07-17 01:38:09,018 WARNING protliggnn.train - Censored or approximate affinity label detected: 'Kd~1uM' (relation: '~'). Treating as exact value.
2026-07-17 01:38:09,018 WARNING protliggnn.train - Censored or approximate affinity label detected: 'Kd~1uM' (relation: '~'). Treating as exact value.
2026-07-17 01:38:09,018 WARNING protliggnn.train - Censored or approximate affinity label detected: 'Kd~5uM' (relation: '~'). Treating as exact value.
2026-07-17 01:38:09,018 WARNING protliggnn.train - Censored or approximate affinity label detected: 'Kd~74.3uM' (relation: '~'). Treating as exact value.
2026-07-17 01:38:09,018 WARNING protliggnn.train - Censored or approximate affinity label detected: 'Kd~85nM' (relation: '~'). Treating as exact value.
2026-07-17 01:38:09,018 WARNING protliggnn.train - Censored or approximate affinity label detected: 'Ki<0.10nM' (relation: '<'). Treating as exact value.
2026-07-17 01:38:09,020 WARNING protliggnn.train - Censored or approximate affinity label detected: 'Ki~2uM' (relation: '~'). Treating as exact value.
2026-07-17 01:38:09,020 WARNING protliggnn.train - Censored or approximate affinity label detected: 'Ki~55mM' (relation: '~'). Treating as exact value.
2026-07-17 01:38:09,020 WARNING protliggnn.train - Censored or approximate affinity label detected: 'Ki~55mM' (relation: '~'). Treating as exact value.
2026-07-17 01:38:09,020 WARNING protliggnn.train - Censored or approximate affinity label detected: 'IC50<0.01uM' (relation: '<'). Treating as exact value.
2026-07-17 01:38:09,020 WARNING protliggnn.train - Censored or approximate affinity label detected: 'IC50<0.01uM' (relation: '<'). Treating as exact value.
2026-07-17 01:38:09,020 WARNING protliggnn.train - Censored or approximate affinity label detected: 'IC50<2.5nM' (relation: '<'). Treating as exact value.
2026-07-17 01:38:09,022 WARNING protliggnn.train - Censored or approximate affinity label detected: 'IC50~0.5uM' (relation: '~'). Treating as exact value.
2026-07-17 01:38:09,023 WARNING protliggnn.train - Censored or approximate affinity label detected: 'IC50~30nM' (relation: '~'). Treating as exact value.
2026-07-17 01:38:09,023 WARNING protliggnn.train - Censored or approximate affinity label detected: 'Kd<10nM' (relation: '<'). Treating as exact value.
2026-07-17 01:38:09,023 WARNING protliggnn.train - Censored or approximate affinity label detected: 'Kd<10uM' (relation: '<'). Treating as exact value.
2026-07-17 01:38:09,023 WARNING protliggnn.train - Censored or approximate affinity label detected: 'Kd<6nM' (relation: '<'). Treating as exact value.
2026-07-17 01:38:10,712 WARNING protliggnn.train - Censored or approximate affinity label detected: 'Kd~10nM' (relation: '~'). Treating as exact value.
2026-07-17 01:38:10,712 WARNING protliggnn.train - Censored or approximate affinity label detected: 'Kd~160nM' (relation: '~'). Treating as exact value.
2026-07-17 01:38:10,712 WARNING protliggnn.train - Censored or approximate affinity label detected: 'Kd~1mM' (relation: '~'). Treating as exact value.
2026-07-17 01:38:10,712 WARNING protliggnn.train - Censored or approximate affinity label detected: 'Kd~1uM' (relation: '~'). Treating as exact value.
2026-07-17 01:38:10,712 WARNING protliggnn.train - Censored or approximate affinity label detected: 'Kd~2uM' (relation: '~'). Treating as exact value.
2026-07-17 01:38:10,712 WARNING protliggnn.train - Censored or approximate affinity label detected: 'Kd~5uM' (relation: '~'). Treating as exact value.
2026-07-17 01:38:10,712 WARNING protliggnn.train - Censored or approximate affinity label detected: 'Ki<0.05uM' (relation: '<'). Treating as exact value.
2026-07-17 01:38:10,712 WARNING protliggnn.train - Censored or approximate affinity label detected: 'Ki<1nM' (relation: '<'). Treating as exact value.
2026-07-17 01:38:10,712 WARNING protliggnn.train - Censored or approximate affinity label detected: 'Ki<1nM' (relation: '<'). Treating as exact value.
2026-07-17 01:38:10,712 WARNING protliggnn.train - Censored or approximate affinity label detected: 'Ki<1nM' (relation: '<'). Treating as exact value.
2026-07-17 01:38:10,712 WARNING protliggnn.train - Censored or approximate affinity label detected: 'Ki<1nM' (relation: '<'). Treating as exact value.
2026-07-17 01:38:10,712 WARNING protliggnn.train - Censored or approximate affinity label detected: 'Ki<2nM' (relation: '<'). Treating as exact value.
2026-07-17 01:38:10,713 WARNING protliggnn.train - Censored or approximate affinity label detected: 'Ki~10uM' (relation: '~'). Treating as exact value.
2026-07-17 01:38:10,713 WARNING protliggnn.train - Censored or approximate affinity label detected: 'Ki~14uM' (relation: '~'). Treating as exact value.
2026-07-17 01:38:10,713 WARNING protliggnn.train - Censored or approximate affinity label detected: 'Ki~50uM' (relation: '~'). Treating as exact value.
2026-07-17 01:38:10,713 WARNING protliggnn.train - Censored or approximate affinity label detected: 'IC50<1nM' (relation: '<'). Treating as exact value.
2026-07-17 01:38:10,713 WARNING protliggnn.train - Censored or approximate affinity label detected: 'IC50<4nM' (relation: '<'). Treating as exact value.
2026-07-17 01:38:10,714 WARNING protliggnn.train - Censored or approximate affinity label detected: 'IC50~10uM' (relation: '~'). Treating as exact value.
2026-07-17 01:38:10,714 WARNING protliggnn.train - Censored or approximate affinity label detected: 'IC50~10uM' (relation: '~'). Treating as exact value.
2026-07-17 01:38:10,714 WARNING protliggnn.train - Censored or approximate affinity label detected: 'IC50~1mM' (relation: '~'). Treating as exact value.
2026-07-17 01:38:10,714 WARNING protliggnn.train - Censored or approximate affinity label detected: 'IC50~30uM' (relation: '~'). Treating as exact value.
2026-07-17 01:38:10,715 WARNING protliggnn.train - Censored or approximate affinity label detected: 'IC50~30uM' (relation: '~'). Treating as exact value.
2026-07-17 01:38:10,715 WARNING protliggnn.train - Censored or approximate affinity label detected: 'IC50~38nM' (relation: '~'). Treating as exact value.
2026-07-17 01:38:10,715 WARNING protliggnn.train - Censored or approximate affinity label detected: 'Kd<0.003uM' (relation: '<'). Treating as exact value.
2026-07-17 01:38:10,715 WARNING protliggnn.train - Censored or approximate affinity label detected: 'Kd<1nM' (relation: '<'). Treating as exact value.
2026-07-17 01:38:10,717 WARNING protliggnn.train - Censored or approximate affinity label detected: 'Kd~1.7uM' (relation: '~'). Treating as exact value.
2026-07-17 01:38:10,717 WARNING protliggnn.train - Censored or approximate affinity label detected: 'Kd~200nM' (relation: '~'). Treating as exact value.
2026-07-17 01:38:12,463 WARNING protliggnn.train - Censored or approximate affinity label detected: 'Kd~200nM' (relation: '~'). Treating as exact value.
2026-07-17 01:38:12,463 WARNING protliggnn.train - Censored or approximate affinity label detected: 'Kd~3.6pM' (relation: '~'). Treating as exact value.
2026-07-17 01:38:12,463 WARNING protliggnn.train - Censored or approximate affinity label detected: 'Kd~400nM' (relation: '~'). Treating as exact value.
2026-07-17 01:38:12,463 WARNING protliggnn.train - Censored or approximate affinity label detected: 'Kd~51nM' (relation: '~'). Treating as exact value.
2026-07-17 01:38:12,463 WARNING protliggnn.train - Censored or approximate affinity label detected: 'Kd~9.6uM' (relation: '~'). Treating as exact value.
2026-07-17 01:38:12,463 WARNING protliggnn.train - Censored or approximate affinity label detected: 'Ki<0.01nM' (relation: '<'). Treating as exact value.
2026-07-17 01:38:12,463 WARNING protliggnn.train - Censored or approximate affinity label detected: 'Ki<0.0845uM' (relation: '<'). Treating as exact value.
2026-07-17 01:38:12,464 WARNING protliggnn.train - Censored or approximate affinity label detected: 'Ki<0.2nM' (relation: '<'). Treating as exact value.
2026-07-17 01:38:12,464 WARNING protliggnn.train - Censored or approximate affinity label detected: 'Ki<0.2nM' (relation: '<'). Treating as exact value.
2026-07-17 01:38:12,464 WARNING protliggnn.train - Censored or approximate affinity label detected: 'Ki<10mM' (relation: '<'). Treating as exact value.
2026-07-17 01:38:12,464 WARNING protliggnn.train - Censored or approximate affinity label detected: 'Ki<2mM' (relation: '<'). Treating as exact value.
2026-07-17 01:38:12,464 WARNING protliggnn.train - Censored or approximate affinity label detected: 'Ki~1.3uM' (relation: '~'). Treating as exact value.
2026-07-17 01:38:12,465 WARNING protliggnn.train - Censored or approximate affinity label detected: 'Ki~1.3uM' (relation: '~'). Treating as exact value.
2026-07-17 01:38:12,465 WARNING protliggnn.train - Censored or approximate affinity label detected: 'Ki~67uM' (relation: '~'). Treating as exact value.
2026-07-17 01:38:12,465 WARNING protliggnn.train - Censored or approximate affinity label detected: 'IC50<0.001uM' (relation: '<'). Treating as exact value.
2026-07-17 01:38:12,465 WARNING protliggnn.train - Censored or approximate affinity label detected: 'IC50<0.086uM' (relation: '<'). Treating as exact value.
2026-07-17 01:38:12,465 WARNING protliggnn.train - Censored or approximate affinity label detected: 'IC50<0.086uM' (relation: '<'). Treating as exact value.
2026-07-17 01:38:12,465 WARNING protliggnn.train - Censored or approximate affinity label detected: 'IC50<0.086uM' (relation: '<'). Treating as exact value.
2026-07-17 01:38:12,465 WARNING protliggnn.train - Censored or approximate affinity label detected: 'IC50<0.086uM' (relation: '<'). Treating as exact value.
2026-07-17 01:38:12,465 WARNING protliggnn.train - Censored or approximate affinity label detected: 'IC50<0.086uM' (relation: '<'). Treating as exact value.
2026-07-17 01:38:12,466 WARNING protliggnn.train - Censored or approximate affinity label detected: 'IC50<1.37uM' (relation: '<'). Treating as exact value.
2026-07-17 01:38:12,466 WARNING protliggnn.train - Censored or approximate affinity label detected: 'IC50<10nM' (relation: '<'). Treating as exact value.
2026-07-17 01:38:12,466 WARNING protliggnn.train - Censored or approximate affinity label detected: 'IC50<10uM' (relation: '<'). Treating as exact value.
2026-07-17 01:38:12,466 WARNING protliggnn.train - Censored or approximate affinity label detected: 'IC50<15nM' (relation: '<'). Treating as exact value.
2026-07-17 01:38:12,466 WARNING protliggnn.train - Censored or approximate affinity label detected: 'IC50<1nM' (relation: '<'). Treating as exact value.
2026-07-17 01:38:12,467 WARNING protliggnn.train - Censored or approximate affinity label detected: 'IC50~1.3mM' (relation: '~'). Treating as exact value.
2026-07-17 01:38:12,467 WARNING protliggnn.train - Censored or approximate affinity label detected: 'IC50~10000nM' (relation: '~'). Treating as exact value.
2026-07-17 01:38:14,279 WARNING protliggnn.train - Censored or approximate affinity label detected: 'IC50~33uM' (relation: '~'). Treating as exact value.
2026-07-17 01:38:14,279 WARNING protliggnn.train - Censored or approximate affinity label detected: 'IC50~4mM' (relation: '~'). Treating as exact value.
2026-07-17 01:38:14,279 WARNING protliggnn.train - Censored or approximate affinity label detected: 'Kd<0.03uM' (relation: '<'). Treating as exact value.
2026-07-17 01:38:14,279 WARNING protliggnn.train - Censored or approximate affinity label detected: 'Kd<0.05nM' (relation: '<'). Treating as exact value.
2026-07-17 01:38:14,279 WARNING protliggnn.train - Censored or approximate affinity label detected: 'Kd<10nM' (relation: '<'). Treating as exact value.
2026-07-17 01:38:14,279 WARNING protliggnn.train - Censored or approximate affinity label detected: 'Kd<1nM' (relation: '<'). Treating as exact value.
2026-07-17 01:38:14,279 WARNING protliggnn.train - Censored or approximate affinity label detected: 'Kd<1nM' (relation: '<'). Treating as exact value.
2026-07-17 01:38:14,280 WARNING protliggnn.train - Censored or approximate affinity label detected: 'Kd~185uM' (relation: '~'). Treating as exact value.
2026-07-17 01:38:14,280 WARNING protliggnn.train - Censored or approximate affinity label detected: 'Kd~23mM' (relation: '~'). Treating as exact value.
2026-07-17 01:38:14,280 WARNING protliggnn.train - Censored or approximate affinity label detected: 'Kd~2uM' (relation: '~'). Treating as exact value.
2026-07-17 01:38:14,281 WARNING protliggnn.train - Censored or approximate affinity label detected: 'Kd~300nM' (relation: '~'). Treating as exact value.
2026-07-17 01:38:14,281 WARNING protliggnn.train - Censored or approximate affinity label detected: 'Kd~364nM' (relation: '~'). Treating as exact value.
2026-07-17 01:38:14,281 WARNING protliggnn.train - Censored or approximate affinity label detected: 'Kd~8.11uM' (relation: '~'). Treating as exact value.
2026-07-17 01:38:14,281 WARNING protliggnn.train - Censored or approximate affinity label detected: 'Ki<0.0005uM' (relation: '<'). Treating as exact value.
2026-07-17 01:38:14,281 WARNING protliggnn.train - Censored or approximate affinity label detected: 'Ki<0.01nM' (relation: '<'). Treating as exact value.
2026-07-17 01:38:14,281 WARNING protliggnn.train - Censored or approximate affinity label detected: 'Ki<0.025nM' (relation: '<'). Treating as exact value.
2026-07-17 01:38:14,281 WARNING protliggnn.train - Censored or approximate affinity label detected: 'Ki~5uM' (relation: '~'). Treating as exact value.
2026-07-17 01:38:14,281 WARNING protliggnn.train - Censored or approximate affinity label detected: 'IC50<0.004uM' (relation: '<'). Treating as exact value.
2026-07-17 01:38:14,282 WARNING protliggnn.train - Censored or approximate affinity label detected: 'IC50<10nM' (relation: '<'). Treating as exact value.
2026-07-17 01:38:14,282 WARNING protliggnn.train - Censored or approximate affinity label detected: 'IC50<10nM' (relation: '<'). Treating as exact value.
2026-07-17 01:38:14,282 WARNING protliggnn.train - Censored or approximate affinity label detected: 'IC50<10nM' (relation: '<'). Treating as exact value.
2026-07-17 01:38:14,282 WARNING protliggnn.train - Censored or approximate affinity label detected: 'IC50<10nM' (relation: '<'). Treating as exact value.
2026-07-17 01:38:14,282 WARNING protliggnn.train - Censored or approximate affinity label detected: 'IC50<10nM' (relation: '<'). Treating as exact value.
2026-07-17 01:38:14,282 WARNING protliggnn.train - Censored or approximate affinity label detected: 'IC50<10nM' (relation: '<'). Treating as exact value.
2026-07-17 01:38:14,282 WARNING protliggnn.train - Censored or approximate affinity label detected: 'IC50<25nM' (relation: '<'). Treating as exact value.
2026-07-17 01:38:14,282 WARNING protliggnn.train - Censored or approximate affinity label detected: 'IC50<3nM' (relation: '<'). Treating as exact value.
2026-07-17 01:38:14,284 WARNING protliggnn.train - Censored or approximate affinity label detected: 'IC50~100uM' (relation: '~'). Treating as exact value.
2026-07-17 01:38:15,985 WARNING protliggnn.train - Censored or approximate affinity label detected: 'IC50~1mM' (relation: '~'). Treating as exact value.
2026-07-17 01:38:15,985 WARNING protliggnn.train - Censored or approximate affinity label detected: 'Kd<10nM' (relation: '<'). Treating as exact value.
2026-07-17 01:38:15,987 WARNING protliggnn.train - Censored or approximate affinity label detected: 'Kd~0.13uM' (relation: '~'). Treating as exact value.
2026-07-17 01:38:15,987 WARNING protliggnn.train - Censored or approximate affinity label detected: 'Kd~1.5uM' (relation: '~'). Treating as exact value.
2026-07-17 01:38:15,987 WARNING protliggnn.train - Censored or approximate affinity label detected: 'Kd~200uM' (relation: '~'). Treating as exact value.
2026-07-17 01:38:15,988 WARNING protliggnn.train - Censored or approximate affinity label detected: 'Kd~50uM' (relation: '~'). Treating as exact value.
2026-07-17 01:38:15,988 WARNING protliggnn.train - Censored or approximate affinity label detected: 'Ki<0.001uM' (relation: '<'). Treating as exact value.
2026-07-17 01:38:15,988 WARNING protliggnn.train - Censored or approximate affinity label detected: 'Ki<0.01nM' (relation: '<'). Treating as exact value.
2026-07-17 01:38:15,989 WARNING protliggnn.train - Censored or approximate affinity label detected: 'IC50<0.001uM' (relation: '<'). Treating as exact value.
2026-07-17 01:38:15,989 WARNING protliggnn.train - Censored or approximate affinity label detected: 'IC50<0.005uM' (relation: '<'). Treating as exact value.
2026-07-17 01:38:15,989 WARNING protliggnn.train - Censored or approximate affinity label detected: 'IC50<0.2uM' (relation: '<'). Treating as exact value.
2026-07-17 01:38:15,989 WARNING protliggnn.train - Censored or approximate affinity label detected: 'IC50<0.32nM' (relation: '<'). Treating as exact value.
2026-07-17 01:38:15,989 WARNING protliggnn.train - Censored or approximate affinity label detected: 'IC50<0.3nM' (relation: '<'). Treating as exact value.
2026-07-17 01:38:15,989 WARNING protliggnn.train - Censored or approximate affinity label detected: 'IC50<0.3nM' (relation: '<'). Treating as exact value.
2026-07-17 01:38:15,989 WARNING protliggnn.train - Censored or approximate affinity label detected: 'IC50<1.13nM' (relation: '<'). Treating as exact value.
2026-07-17 01:38:15,989 WARNING protliggnn.train - Censored or approximate affinity label detected: 'IC50<25nM' (relation: '<'). Treating as exact value.
2026-07-17 01:38:15,989 WARNING protliggnn.train - Censored or approximate affinity label detected: 'IC50<3nM' (relation: '<'). Treating as exact value.
2026-07-17 01:38:15,989 WARNING protliggnn.train - Censored or approximate affinity label detected: 'IC50<50nM' (relation: '<'). Treating as exact value.
2026-07-17 01:38:15,989 WARNING protliggnn.train - Censored or approximate affinity label detected: 'IC50<50nM' (relation: '<'). Treating as exact value.
2026-07-17 01:38:15,990 WARNING protliggnn.train - Censored or approximate affinity label detected: 'IC50<50nM' (relation: '<'). Treating as exact value.
2026-07-17 01:38:15,992 WARNING protliggnn.train - Censored or approximate affinity label detected: 'IC50~0.8mM' (relation: '~'). Treating as exact value.
2026-07-17 01:38:15,993 WARNING protliggnn.train - Censored or approximate affinity label detected: 'IC50~0.8mM' (relation: '~'). Treating as exact value.
2026-07-17 01:38:15,993 WARNING protliggnn.train - Censored or approximate affinity label detected: 'IC50~100uM' (relation: '~'). Treating as exact value.
2026-07-17 01:38:15,993 WARNING protliggnn.train - Censored or approximate affinity label detected: 'IC50~6nM' (relation: '~'). Treating as exact value.
2026-07-17 01:38:15,994 WARNING protliggnn.train - Censored or approximate affinity label detected: 'Kd<2nM' (relation: '<'). Treating as exact value.
2026-07-17 01:38:15,999 WARNING protliggnn.train - Censored or approximate affinity label detected: 'Kd~1.8uM' (relation: '~'). Treating as exact value.
2026-07-17 01:38:16,000 WARNING protliggnn.train - Censored or approximate affinity label detected: 'Kd~100nM' (relation: '~'). Treating as exact value.
2026-07-17 01:38:17,881 WARNING protliggnn.train - Censored or approximate affinity label detected: 'Kd~100nM' (relation: '~'). Treating as exact value.
2026-07-17 01:38:17,881 WARNING protliggnn.train - Censored or approximate affinity label detected: 'Kd~12uM' (relation: '~'). Treating as exact value.
2026-07-17 01:38:17,881 WARNING protliggnn.train - Censored or approximate affinity label detected: 'Kd~12uM' (relation: '~'). Treating as exact value.
2026-07-17 01:38:17,881 WARNING protliggnn.train - Censored or approximate affinity label detected: 'Kd~13uM' (relation: '~'). Treating as exact value.
2026-07-17 01:38:17,881 WARNING protliggnn.train - Censored or approximate affinity label detected: 'Kd~300nM' (relation: '~'). Treating as exact value.
2026-07-17 01:38:17,881 WARNING protliggnn.train - Censored or approximate affinity label detected: 'Kd~500uM' (relation: '~'). Treating as exact value.
2026-07-17 01:38:17,881 WARNING protliggnn.train - Censored or approximate affinity label detected: 'Kd~500uM' (relation: '~'). Treating as exact value.
2026-07-17 01:38:17,882 WARNING protliggnn.train - Censored or approximate affinity label detected: 'Kd~600uM' (relation: '~'). Treating as exact value.
2026-07-17 01:38:17,882 WARNING protliggnn.train - Censored or approximate affinity label detected: 'Kd~9uM' (relation: '~'). Treating as exact value.
2026-07-17 01:38:17,882 WARNING protliggnn.train - Censored or approximate affinity label detected: 'Ki<0.01uM' (relation: '<'). Treating as exact value.
2026-07-17 01:38:17,882 WARNING protliggnn.train - Censored or approximate affinity label detected: 'Ki<0.05nM' (relation: '<'). Treating as exact value.
2026-07-17 01:38:17,882 WARNING protliggnn.train - Censored or approximate affinity label detected: 'Ki<1nM' (relation: '<'). Treating as exact value.
2026-07-17 01:38:17,882 WARNING protliggnn.train - Censored or approximate affinity label detected: 'Ki<1nM' (relation: '<'). Treating as exact value.
2026-07-17 01:38:17,882 WARNING protliggnn.train - Censored or approximate affinity label detected: 'Ki<5nM' (relation: '<'). Treating as exact value.
2026-07-17 01:38:17,883 WARNING protliggnn.train - Censored or approximate affinity label detected: 'IC50<0.030uM' (relation: '<'). Treating as exact value.
2026-07-17 01:38:17,883 WARNING protliggnn.train - Censored or approximate affinity label detected: 'IC50<1nM' (relation: '<'). Treating as exact value.
2026-07-17 01:38:17,883 WARNING protliggnn.train - Censored or approximate affinity label detected: 'IC50<40nM' (relation: '<'). Treating as exact value.
2026-07-17 01:38:17,883 WARNING protliggnn.train - Censored or approximate affinity label detected: 'IC50<5nM' (relation: '<'). Treating as exact value.
2026-07-17 01:38:17,885 WARNING protliggnn.train - Censored or approximate affinity label detected: 'IC50~0.5uM' (relation: '~'). Treating as exact value.
2026-07-17 01:38:17,885 WARNING protliggnn.train - Censored or approximate affinity label detected: 'IC50~1.8uM' (relation: '~'). Treating as exact value.
2026-07-17 01:38:17,885 WARNING protliggnn.train - Censored or approximate affinity label detected: 'IC50~1mM' (relation: '~'). Treating as exact value.
2026-07-17 01:38:17,885 WARNING protliggnn.train - Censored or approximate affinity label detected: 'IC50~700nM' (relation: '~'). Treating as exact value.
2026-07-17 01:38:17,885 WARNING protliggnn.train - Censored or approximate affinity label detected: 'Kd<0.001nM' (relation: '<'). Treating as exact value.
2026-07-17 01:38:17,885 WARNING protliggnn.train - Censored or approximate affinity label detected: 'Kd<0.10uM' (relation: '<'). Treating as exact value.
2026-07-17 01:38:17,885 WARNING protliggnn.train - Censored or approximate affinity label detected: 'Kd<0.4uM' (relation: '<'). Treating as exact value.
2026-07-17 01:38:17,885 WARNING protliggnn.train - Censored or approximate affinity label detected: 'Kd<1nM' (relation: '<'). Treating as exact value.
2026-07-17 01:38:17,888 WARNING protliggnn.train - Censored or approximate affinity label detected: 'Kd~0.2uM' (relation: '~'). Treating as exact value.
2026-07-17 01:38:19,999 WARNING protliggnn.train - Censored or approximate affinity label detected: 'Kd~120nM' (relation: '~'). Treating as exact value.
2026-07-17 01:38:19,999 WARNING protliggnn.train - Censored or approximate affinity label detected: 'Kd~23uM' (relation: '~'). Treating as exact value.
2026-07-17 01:38:19,999 WARNING protliggnn.train - Censored or approximate affinity label detected: 'Kd~23uM' (relation: '~'). Treating as exact value.
2026-07-17 01:38:19,999 WARNING protliggnn.train - Censored or approximate affinity label detected: 'Kd~23uM' (relation: '~'). Treating as exact value.
2026-07-17 01:38:19,999 WARNING protliggnn.train - Censored or approximate affinity label detected: 'Kd~24uM' (relation: '~'). Treating as exact value.
2026-07-17 01:38:19,999 WARNING protliggnn.train - Censored or approximate affinity label detected: 'Kd~25uM' (relation: '~'). Treating as exact value.
2026-07-17 01:38:19,999 WARNING protliggnn.train - Censored or approximate affinity label detected: 'Kd~3nM' (relation: '~'). Treating as exact value.
2026-07-17 01:38:19,999 WARNING protliggnn.train - Censored or approximate affinity label detected: 'Kd~5uM' (relation: '~'). Treating as exact value.
2026-07-17 01:38:19,999 WARNING protliggnn.train - Censored or approximate affinity label detected: 'Kd~7nM' (relation: '~'). Treating as exact value.
2026-07-17 01:38:19,999 WARNING protliggnn.train - Censored or approximate affinity label detected: 'Kd~80uM' (relation: '~'). Treating as exact value.
2026-07-17 01:38:19,999 WARNING protliggnn.train - Censored or approximate affinity label detected: 'Ki<1.0nM' (relation: '<'). Treating as exact value.
2026-07-17 01:38:19,999 WARNING protliggnn.train - Censored or approximate affinity label detected: 'Ki<1.3nM' (relation: '<'). Treating as exact value.
2026-07-17 01:38:19,999 WARNING protliggnn.train - Censored or approximate affinity label detected: 'Ki<1nM' (relation: '<'). Treating as exact value.
2026-07-17 01:38:19,999 WARNING protliggnn.train - Censored or approximate affinity label detected: 'Ki<5pM' (relation: '<'). Treating as exact value.
2026-07-17 01:38:19,999 WARNING protliggnn.train - Censored or approximate affinity label detected: 'Ki<5pM' (relation: '<'). Treating as exact value.
2026-07-17 01:38:19,999 WARNING protliggnn.train - Censored or approximate affinity label detected: 'Ki<5pM' (relation: '<'). Treating as exact value.
2026-07-17 01:38:19,999 WARNING protliggnn.train - Censored or approximate affinity label detected: 'Ki<5pM' (relation: '<'). Treating as exact value.
2026-07-17 01:38:19,999 WARNING protliggnn.train - Censored or approximate affinity label detected: 'Ki<5pM' (relation: '<'). Treating as exact value.
2026-07-17 01:38:19,999 WARNING protliggnn.train - Censored or approximate affinity label detected: 'Ki<5pM' (relation: '<'). Treating as exact value.
2026-07-17 01:38:20,000 WARNING protliggnn.train - Censored or approximate affinity label detected: 'IC50<15nM' (relation: '<'). Treating as exact value.
2026-07-17 01:38:20,000 WARNING protliggnn.train - Censored or approximate affinity label detected: 'IC50<1nM' (relation: '<'). Treating as exact value.
2026-07-17 01:38:20,000 WARNING protliggnn.train - Censored or approximate affinity label detected: 'IC50<1nM' (relation: '<'). Treating as exact value.
2026-07-17 01:38:20,000 WARNING protliggnn.train - Censored or approximate affinity label detected: 'IC50<2nM' (relation: '<'). Treating as exact value.
2026-07-17 01:38:20,000 WARNING protliggnn.train - Censored or approximate affinity label detected: 'IC50<2nM' (relation: '<'). Treating as exact value.
2026-07-17 01:38:20,001 WARNING protliggnn.train - Censored or approximate affinity label detected: 'IC50<2nM' (relation: '<'). Treating as exact value.
2026-07-17 01:38:20,003 WARNING protliggnn.train - Censored or approximate affinity label detected: 'IC50~330uM' (relation: '~'). Treating as exact value.
2026-07-17 01:38:20,003 WARNING protliggnn.train - Censored or approximate affinity label detected: 'IC50~450uM' (relation: '~'). Treating as exact value.
2026-07-17 01:38:21,915 WARNING protliggnn.train - Censored or approximate affinity label detected: 'Kd<0.8nM' (relation: '<'). Treating as exact value.
2026-07-17 01:38:21,915 WARNING protliggnn.train - Censored or approximate affinity label detected: 'Kd<1.26nM' (relation: '<'). Treating as exact value.
2026-07-17 01:38:21,915 WARNING protliggnn.train - Censored or approximate affinity label detected: 'Kd<2.3nM' (relation: '<'). Treating as exact value.
2026-07-17 01:38:21,915 WARNING protliggnn.train - Censored or approximate affinity label detected: 'Kd<55uM' (relation: '<'). Treating as exact value.
2026-07-17 01:38:21,915 WARNING protliggnn.train - Censored or approximate affinity label detected: 'Kd<55uM' (relation: '<'). Treating as exact value.
2026-07-17 01:38:21,917 WARNING protliggnn.train - Censored or approximate affinity label detected: 'Kd~11uM' (relation: '~'). Treating as exact value.
2026-07-17 01:38:21,918 WARNING protliggnn.train - Censored or approximate affinity label detected: 'Kd~200nM' (relation: '~'). Treating as exact value.
2026-07-17 01:38:21,918 WARNING protliggnn.train - Censored or approximate affinity label detected: 'Kd~25uM' (relation: '~'). Treating as exact value.
2026-07-17 01:38:21,918 WARNING protliggnn.train - Censored or approximate affinity label detected: 'Kd~2nM' (relation: '~'). Treating as exact value.
2026-07-17 01:38:21,918 WARNING protliggnn.train - Censored or approximate affinity label detected: 'Ki<0.005nM' (relation: '<'). Treating as exact value.
2026-07-17 01:38:21,918 WARNING protliggnn.train - Censored or approximate affinity label detected: 'Ki<0.005nM' (relation: '<'). Treating as exact value.
2026-07-17 01:38:21,918 WARNING protliggnn.train - Censored or approximate affinity label detected: 'Ki<0.005nM' (relation: '<'). Treating as exact value.
2026-07-17 01:38:21,918 WARNING protliggnn.train - Censored or approximate affinity label detected: 'Ki<0.9nM' (relation: '<'). Treating as exact value.
2026-07-17 01:38:23,323 INFO protliggnn - Found 1000 candidate complexes with labels and matching files before validation.
2026-07-17 01:38:23,330 INFO protliggnn - Found graph cache at data\pdbbind2020\processed_dataset.pt. Validating...
2026-07-17 01:38:23,430 INFO protliggnn - Loading graphs from cache file...
2026-07-17 01:38:23,925 INFO protliggnn - Cache successfully validated. Loaded 1000 pre-built graphs.
2026-07-17 01:38:23,933 INFO protliggnn - Dataset split sizes: train=800 val=100 test=100 (random)
2026-07-17 01:39:04,729 INFO protliggnn - Epoch 001 train loss=5.1061 PCC=0.0302 Spearman=0.0426 RMSE=2.2585 MAE=1.7410 R2=-0.6941
2026-07-17 01:39:04,730 INFO protliggnn - Epoch 001 val loss=3.3677 PCC=0.2881 Spearman=0.3530 RMSE=1.8337 MAE=1.4943 R2=-0.0043
2026-07-17 01:39:04,730 INFO protliggnn - Epoch 001 train diagnostics: Affinity Loss=5.1009 | Contact Loss=0.0520 | Total Loss=5.1061 | Pos Acc=0.0034 | Neg Acc=0.9976 | Precision=0.0082 | Recall=0.0034 | F1=0.0048 | Avg Prob=0.0120
2026-07-17 01:39:04,730 INFO protliggnn - Epoch 001 val diagnostics: Affinity Loss=3.3625 | Contact Loss=0.0518 | Total Loss=3.3677 | Pos Acc=0.0000 | Neg Acc=1.0000 | Precision=0.0000 | Recall=0.0000 | F1=0.0000 | Avg Prob=0.0073
2026-07-17 01:39:04,784 INFO protliggnn - Saved checkpoint for epoch 1 with validation RMSE 1.8337204268588825.
2026-07-17 01:39:41,966 INFO protliggnn - Epoch 002 train loss=3.6921 PCC=0.1416 Spearman=0.1447 RMSE=1.9203 MAE=1.5304 R2=-0.2247
2026-07-17 01:39:41,966 INFO protliggnn - Epoch 002 val loss=3.1400 PCC=0.3946 Spearman=0.4116 RMSE=1.7706 MAE=1.4379 R2=0.0637
2026-07-17 01:39:41,966 INFO protliggnn - Epoch 002 train diagnostics: Affinity Loss=3.6875 | Contact Loss=0.0458 | Total Loss=3.6921 | Pos Acc=0.0000 | Neg Acc=1.0000 | Precision=0.0000 | Recall=0.0000 | F1=0.0000 | Avg Prob=0.0079
2026-07-17 01:39:41,966 INFO protliggnn - Epoch 002 val diagnostics: Affinity Loss=3.1349 | Contact Loss=0.0514 | Total Loss=3.1400 | Pos Acc=0.0000 | Neg Acc=1.0000 | Precision=0.0000 | Recall=0.0000 | F1=0.0000 | Avg Prob=0.0084
2026-07-17 01:39:42,028 INFO protliggnn - Saved checkpoint for epoch 2 with validation RMSE 1.7705531352002533.
2026-07-17 01:40:16,098 INFO protliggnn - Epoch 003 train loss=3.2441 PCC=0.2281 Spearman=0.2201 RMSE=1.7999 MAE=1.4462 R2=-0.0759
2026-07-17 01:40:16,099 INFO protliggnn - Epoch 003 val loss=2.7164 PCC=0.4969 Spearman=0.4640 RMSE=1.6466 MAE=1.3574 R2=0.1902
2026-07-17 01:40:16,099 INFO protliggnn - Epoch 003 train diagnostics: Affinity Loss=3.2395 | Contact Loss=0.0457 | Total Loss=3.2441 | Pos Acc=0.0000 | Neg Acc=1.0000 | Precision=0.0000 | Recall=0.0000 | F1=0.0000 | Avg Prob=0.0080
2026-07-17 01:40:16,099 INFO protliggnn - Epoch 003 val diagnostics: Affinity Loss=2.7113 | Contact Loss=0.0518 | Total Loss=2.7164 | Pos Acc=0.0000 | Neg Acc=1.0000 | Precision=0.0000 | Recall=0.0000 | F1=0.0000 | Avg Prob=0.0066
2026-07-17 01:40:16,153 INFO protliggnn - Saved checkpoint for epoch 3 with validation RMSE 1.6465926324910194.
2026-07-17 01:40:50,369 INFO protliggnn - Epoch 004 train loss=3.5111 PCC=0.2335 Spearman=0.2335 RMSE=1.8726 MAE=1.4705 R2=-0.1646
2026-07-17 01:40:50,369 INFO protliggnn - Epoch 004 val loss=4.2831 PCC=0.4928 Spearman=0.4407 RMSE=2.0683 MAE=1.6992 R2=-0.2777
2026-07-17 01:40:50,369 INFO protliggnn - Epoch 004 train diagnostics: Affinity Loss=3.5065 | Contact Loss=0.0456 | Total Loss=3.5111 | Pos Acc=0.0000 | Neg Acc=1.0000 | Precision=0.0000 | Recall=0.0000 | F1=0.0000 | Avg Prob=0.0079
2026-07-17 01:40:50,369 INFO protliggnn - Epoch 004 val diagnostics: Affinity Loss=4.2780 | Contact Loss=0.0513 | Total Loss=4.2831 | Pos Acc=0.0000 | Neg Acc=1.0000 | Precision=0.0000 | Recall=0.0000 | F1=0.0000 | Avg Prob=0.0073
2026-07-17 01:41:23,171 INFO protliggnn - Epoch 005 train loss=3.3991 PCC=0.2462 Spearman=0.2548 RMSE=1.8424 MAE=1.4516 R2=-0.1274
2026-07-17 01:41:23,171 INFO protliggnn - Epoch 005 val loss=2.8446 PCC=0.5391 Spearman=0.4901 RMSE=1.6851 MAE=1.3301 R2=0.1519
2026-07-17 01:41:23,171 INFO protliggnn - Epoch 005 train diagnostics: Affinity Loss=3.3945 | Contact Loss=0.0454 | Total Loss=3.3991 | Pos Acc=0.0000 | Neg Acc=1.0000 | Precision=0.0000 | Recall=0.0000 | F1=0.0000 | Avg Prob=0.0078
2026-07-17 01:41:23,171 INFO protliggnn - Epoch 005 val diagnostics: Affinity Loss=2.8396 | Contact Loss=0.0509 | Total Loss=2.8446 | Pos Acc=0.0000 | Neg Acc=1.0000 | Precision=0.0000 | Recall=0.0000 | F1=0.0000 | Avg Prob=0.0085
2026-07-17 01:41:56,348 INFO protliggnn - Epoch 006 train loss=3.8571 PCC=0.2006 Spearman=0.1685 RMSE=1.9628 MAE=1.5674 R2=-0.2795
2026-07-17 01:41:56,348 INFO protliggnn - Epoch 006 val loss=2.6048 PCC=0.4987 Spearman=0.4428 RMSE=1.6123 MAE=1.3222 R2=0.2236
2026-07-17 01:41:56,348 INFO protliggnn - Epoch 006 train diagnostics: Affinity Loss=3.8526 | Contact Loss=0.0456 | Total Loss=3.8571 | Pos Acc=0.0000 | Neg Acc=1.0000 | Precision=0.0000 | Recall=0.0000 | F1=0.0000 | Avg Prob=0.0078
2026-07-17 01:41:56,348 INFO protliggnn - Epoch 006 val diagnostics: Affinity Loss=2.5996 | Contact Loss=0.0524 | Total Loss=2.6048 | Pos Acc=0.0000 | Neg Acc=0.9989 | Precision=0.0000 | Recall=0.0000 | F1=0.0000 | Avg Prob=0.0078
2026-07-17 01:41:56,402 INFO protliggnn - Saved checkpoint for epoch 6 with validation RMSE 1.6123241772410453.
2026-07-17 01:42:29,513 INFO protliggnn - Epoch 007 train loss=3.3907 PCC=0.2769 Spearman=0.2556 RMSE=1.8402 MAE=1.4546 R2=-0.1246
2026-07-17 01:42:29,513 INFO protliggnn - Epoch 007 val loss=3.3598 PCC=0.4875 Spearman=0.4593 RMSE=1.8316 MAE=1.4264 R2=-0.0020
2026-07-17 01:42:29,513 INFO protliggnn - Epoch 007 train diagnostics: Affinity Loss=3.3862 | Contact Loss=0.0455 | Total Loss=3.3907 | Pos Acc=0.0000 | Neg Acc=1.0000 | Precision=0.0000 | Recall=0.0000 | F1=0.0000 | Avg Prob=0.0077
2026-07-17 01:42:29,513 INFO protliggnn - Epoch 007 val diagnostics: Affinity Loss=3.3547 | Contact Loss=0.0515 | Total Loss=3.3598 | Pos Acc=0.0000 | Neg Acc=1.0000 | Precision=0.0000 | Recall=0.0000 | F1=0.0000 | Avg Prob=0.0057
2026-07-17 01:43:02,686 INFO protliggnn - Epoch 008 train loss=3.3386 PCC=0.2689 Spearman=0.2532 RMSE=1.8259 MAE=1.4647 R2=-0.1073
2026-07-17 01:43:02,686 INFO protliggnn - Epoch 008 val loss=2.7259 PCC=0.4468 Spearman=0.4180 RMSE=1.6495 MAE=1.3302 R2=0.1874
2026-07-17 01:43:02,687 INFO protliggnn - Epoch 008 train diagnostics: Affinity Loss=3.3341 | Contact Loss=0.0453 | Total Loss=3.3386 | Pos Acc=0.0000 | Neg Acc=1.0000 | Precision=0.0000 | Recall=0.0000 | F1=0.0000 | Avg Prob=0.0075
2026-07-17 01:43:02,687 INFO protliggnn - Epoch 008 val diagnostics: Affinity Loss=2.7208 | Contact Loss=0.0509 | Total Loss=2.7259 | Pos Acc=0.0000 | Neg Acc=1.0000 | Precision=0.0000 | Recall=0.0000 | F1=0.0000 | Avg Prob=0.0077
2026-07-17 01:43:35,292 INFO protliggnn - Epoch 009 train loss=3.1135 PCC=0.2903 Spearman=0.2905 RMSE=1.7632 MAE=1.4264 R2=-0.0325
2026-07-17 01:43:35,292 INFO protliggnn - Epoch 009 val loss=3.0004 PCC=0.5013 Spearman=0.4261 RMSE=1.7307 MAE=1.3724 R2=0.1054
2026-07-17 01:43:35,292 INFO protliggnn - Epoch 009 train diagnostics: Affinity Loss=3.1090 | Contact Loss=0.0453 | Total Loss=3.1135 | Pos Acc=0.0000 | Neg Acc=1.0000 | Precision=0.0000 | Recall=0.0000 | F1=0.0000 | Avg Prob=0.0075
2026-07-17 01:43:35,292 INFO protliggnn - Epoch 009 val diagnostics: Affinity Loss=2.9952 | Contact Loss=0.0517 | Total Loss=3.0004 | Pos Acc=0.0000 | Neg Acc=1.0000 | Precision=0.0000 | Recall=0.0000 | F1=0.0000 | Avg Prob=0.0054
2026-07-17 01:44:08,347 INFO protliggnn - Epoch 010 train loss=3.0871 PCC=0.3286 Spearman=0.3146 RMSE=1.7557 MAE=1.4127 R2=-0.0238
2026-07-17 01:44:08,347 INFO protliggnn - Epoch 010 val loss=2.8356 PCC=0.5068 Spearman=0.4844 RMSE=1.6824 MAE=1.3267 R2=0.1546
2026-07-17 01:44:08,347 INFO protliggnn - Epoch 010 train diagnostics: Affinity Loss=3.0826 | Contact Loss=0.0452 | Total Loss=3.0871 | Pos Acc=0.0000 | Neg Acc=1.0000 | Precision=0.0000 | Recall=0.0000 | F1=0.0000 | Avg Prob=0.0076
2026-07-17 01:44:08,347 INFO protliggnn - Epoch 010 val diagnostics: Affinity Loss=2.8305 | Contact Loss=0.0511 | Total Loss=2.8356 | Pos Acc=0.0000 | Neg Acc=1.0000 | Precision=0.0000 | Recall=0.0000 | F1=0.0000 | Avg Prob=0.0067
2026-07-17 01:44:41,679 INFO protliggnn - Epoch 011 train loss=3.3274 PCC=0.3099 Spearman=0.3113 RMSE=1.8229 MAE=1.4548 R2=-0.1036
2026-07-17 01:44:41,679 INFO protliggnn - Epoch 011 val loss=2.5270 PCC=0.5582 Spearman=0.4978 RMSE=1.5880 MAE=1.3449 R2=0.2468
2026-07-17 01:44:41,679 INFO protliggnn - Epoch 011 train diagnostics: Affinity Loss=3.3229 | Contact Loss=0.0453 | Total Loss=3.3274 | Pos Acc=0.0000 | Neg Acc=1.0000 | Precision=0.0000 | Recall=0.0000 | F1=0.0000 | Avg Prob=0.0073
2026-07-17 01:44:41,679 INFO protliggnn - Epoch 011 val diagnostics: Affinity Loss=2.5219 | Contact Loss=0.0510 | Total Loss=2.5270 | Pos Acc=0.0000 | Neg Acc=1.0000 | Precision=0.0000 | Recall=0.0000 | F1=0.0000 | Avg Prob=0.0107
2026-07-17 01:44:41,729 INFO protliggnn - Saved checkpoint for epoch 11 with validation RMSE 1.5880473007657063.
2026-07-17 01:45:14,306 INFO protliggnn - Epoch 012 train loss=3.2648 PCC=0.3231 Spearman=0.2937 RMSE=1.8056 MAE=1.4403 R2=-0.0828
2026-07-17 01:45:14,306 INFO protliggnn - Epoch 012 val loss=3.0532 PCC=0.5515 Spearman=0.4954 RMSE=1.7459 MAE=1.3544 R2=0.0896
2026-07-17 01:45:14,307 INFO protliggnn - Epoch 012 train diagnostics: Affinity Loss=3.2603 | Contact Loss=0.0453 | Total Loss=3.2648 | Pos Acc=0.0000 | Neg Acc=1.0000 | Precision=0.0000 | Recall=0.0000 | F1=0.0000 | Avg Prob=0.0076
2026-07-17 01:45:14,307 INFO protliggnn - Epoch 012 val diagnostics: Affinity Loss=3.0481 | Contact Loss=0.0508 | Total Loss=3.0532 | Pos Acc=0.0000 | Neg Acc=1.0000 | Precision=0.0000 | Recall=0.0000 | F1=0.0000 | Avg Prob=0.0084
2026-07-17 01:45:47,041 INFO protliggnn - Epoch 013 train loss=3.1813 PCC=0.3616 Spearman=0.3483 RMSE=1.7823 MAE=1.4194 R2=-0.0550
2026-07-17 01:45:47,041 INFO protliggnn - Epoch 013 val loss=2.3664 PCC=0.5498 Spearman=0.4756 RMSE=1.5366 MAE=1.2572 R2=0.2947
2026-07-17 01:45:47,041 INFO protliggnn - Epoch 013 train diagnostics: Affinity Loss=3.1767 | Contact Loss=0.0453 | Total Loss=3.1813 | Pos Acc=0.0000 | Neg Acc=1.0000 | Precision=0.0000 | Recall=0.0000 | F1=0.0000 | Avg Prob=0.0075
2026-07-17 01:45:47,041 INFO protliggnn - Epoch 013 val diagnostics: Affinity Loss=2.3613 | Contact Loss=0.0509 | Total Loss=2.3664 | Pos Acc=0.0000 | Neg Acc=1.0000 | Precision=0.0000 | Recall=0.0000 | F1=0.0000 | Avg Prob=0.0087
2026-07-17 01:45:47,094 INFO protliggnn - Saved checkpoint for epoch 13 with validation RMSE 1.5366450512384047.
2026-07-17 01:46:20,298 INFO protliggnn - Epoch 014 train loss=2.6703 PCC=0.4381 Spearman=0.4204 RMSE=1.6327 MAE=1.3008 R2=0.1147
2026-07-17 01:46:20,298 INFO protliggnn - Epoch 014 val loss=2.3396 PCC=0.5788 Spearman=0.5458 RMSE=1.5279 MAE=1.2085 R2=0.3028
2026-07-17 01:46:20,298 INFO protliggnn - Epoch 014 train diagnostics: Affinity Loss=2.6658 | Contact Loss=0.0453 | Total Loss=2.6703 | Pos Acc=0.0000 | Neg Acc=1.0000 | Precision=0.0000 | Recall=0.0000 | F1=0.0000 | Avg Prob=0.0075
2026-07-17 01:46:20,298 INFO protliggnn - Epoch 014 val diagnostics: Affinity Loss=2.3345 | Contact Loss=0.0508 | Total Loss=2.3396 | Pos Acc=0.0000 | Neg Acc=1.0000 | Precision=0.0000 | Recall=0.0000 | F1=0.0000 | Avg Prob=0.0079
2026-07-17 01:46:20,359 INFO protliggnn - Saved checkpoint for epoch 14 with validation RMSE 1.5278974213520047.
2026-07-17 01:46:53,497 INFO protliggnn - Epoch 015 train loss=2.8097 PCC=0.4216 Spearman=0.3802 RMSE=1.6749 MAE=1.3584 R2=0.0684
2026-07-17 01:46:53,497 INFO protliggnn - Epoch 015 val loss=2.4767 PCC=0.5602 Spearman=0.5003 RMSE=1.5721 MAE=1.2581 R2=0.2618
2026-07-17 01:46:53,497 INFO protliggnn - Epoch 015 train diagnostics: Affinity Loss=2.8052 | Contact Loss=0.0452 | Total Loss=2.8097 | Pos Acc=0.0000 | Neg Acc=1.0000 | Precision=0.0000 | Recall=0.0000 | F1=0.0000 | Avg Prob=0.0075
2026-07-17 01:46:53,497 INFO protliggnn - Epoch 015 val diagnostics: Affinity Loss=2.4716 | Contact Loss=0.0513 | Total Loss=2.4767 | Pos Acc=0.0000 | Neg Acc=1.0000 | Precision=0.0000 | Recall=0.0000 | F1=0.0000 | Avg Prob=0.0063
2026-07-17 01:47:26,342 INFO protliggnn - Epoch 016 train loss=2.7260 PCC=0.4461 Spearman=0.4284 RMSE=1.6497 MAE=1.3192 R2=0.0962
2026-07-17 01:47:26,342 INFO protliggnn - Epoch 016 val loss=2.2924 PCC=0.5756 Spearman=0.5081 RMSE=1.5124 MAE=1.2573 R2=0.3169
2026-07-17 01:47:26,342 INFO protliggnn - Epoch 016 train diagnostics: Affinity Loss=2.7215 | Contact Loss=0.0454 | Total Loss=2.7260 | Pos Acc=0.0000 | Neg Acc=1.0000 | Precision=0.0000 | Recall=0.0000 | F1=0.0000 | Avg Prob=0.0075
2026-07-17 01:47:26,342 INFO protliggnn - Epoch 016 val diagnostics: Affinity Loss=2.2873 | Contact Loss=0.0515 | Total Loss=2.2924 | Pos Acc=0.0000 | Neg Acc=1.0000 | Precision=0.0000 | Recall=0.0000 | F1=0.0000 | Avg Prob=0.0058
2026-07-17 01:47:26,396 INFO protliggnn - Saved checkpoint for epoch 16 with validation RMSE 1.5123680976264287.
2026-07-17 01:47:59,700 INFO protliggnn - Epoch 017 train loss=2.6286 PCC=0.4575 Spearman=0.4393 RMSE=1.6199 MAE=1.2896 R2=0.1285
2026-07-17 01:47:59,700 INFO protliggnn - Epoch 017 val loss=2.1620 PCC=0.5966 Spearman=0.5412 RMSE=1.4686 MAE=1.2085 R2=0.3558
2026-07-17 01:47:59,700 INFO protliggnn - Epoch 017 train diagnostics: Affinity Loss=2.6241 | Contact Loss=0.0452 | Total Loss=2.6286 | Pos Acc=0.0000 | Neg Acc=1.0000 | Precision=0.0000 | Recall=0.0000 | F1=0.0000 | Avg Prob=0.0076
2026-07-17 01:47:59,701 INFO protliggnn - Epoch 017 val diagnostics: Affinity Loss=2.1569 | Contact Loss=0.0509 | Total Loss=2.1620 | Pos Acc=0.0000 | Neg Acc=1.0000 | Precision=0.0000 | Recall=0.0000 | F1=0.0000 | Avg Prob=0.0095
2026-07-17 01:47:59,753 INFO protliggnn - Saved checkpoint for epoch 17 with validation RMSE 1.4686253261638647.
2026-07-17 01:48:32,354 INFO protliggnn - Epoch 018 train loss=2.5593 PCC=0.4799 Spearman=0.4476 RMSE=1.5984 MAE=1.2996 R2=0.1515
2026-07-17 01:48:32,354 INFO protliggnn - Epoch 018 val loss=2.2229 PCC=0.6246 Spearman=0.5358 RMSE=1.4892 MAE=1.1816 R2=0.3376
2026-07-17 01:48:32,354 INFO protliggnn - Epoch 018 train diagnostics: Affinity Loss=2.5547 | Contact Loss=0.0452 | Total Loss=2.5593 | Pos Acc=0.0000 | Neg Acc=1.0000 | Precision=0.0000 | Recall=0.0000 | F1=0.0000 | Avg Prob=0.0074
2026-07-17 01:48:32,354 INFO protliggnn - Epoch 018 val diagnostics: Affinity Loss=2.2178 | Contact Loss=0.0509 | Total Loss=2.2229 | Pos Acc=0.0000 | Neg Acc=1.0000 | Precision=0.0000 | Recall=0.0000 | F1=0.0000 | Avg Prob=0.0066
2026-07-17 01:49:05,422 INFO protliggnn - Epoch 019 train loss=2.4967 PCC=0.4976 Spearman=0.4674 RMSE=1.5787 MAE=1.2624 R2=0.1723
2026-07-17 01:49:05,422 INFO protliggnn - Epoch 019 val loss=3.2296 PCC=0.6410 Spearman=0.5666 RMSE=1.7957 MAE=1.4112 R2=0.0370
2026-07-17 01:49:05,422 INFO protliggnn - Epoch 019 train diagnostics: Affinity Loss=2.4922 | Contact Loss=0.0452 | Total Loss=2.4967 | Pos Acc=0.0000 | Neg Acc=1.0000 | Precision=0.0000 | Recall=0.0000 | F1=0.0000 | Avg Prob=0.0074
2026-07-17 01:49:05,422 INFO protliggnn - Epoch 019 val diagnostics: Affinity Loss=3.2244 | Contact Loss=0.0516 | Total Loss=3.2296 | Pos Acc=0.0000 | Neg Acc=1.0000 | Precision=0.0000 | Recall=0.0000 | F1=0.0000 | Avg Prob=0.0057
2026-07-17 01:49:38,427 INFO protliggnn - Epoch 020 train loss=2.4496 PCC=0.5190 Spearman=0.5154 RMSE=1.5637 MAE=1.2400 R2=0.1880
2026-07-17 01:49:38,427 INFO protliggnn - Epoch 020 val loss=3.0662 PCC=0.6090 Spearman=0.5230 RMSE=1.7496 MAE=1.4507 R2=0.0857
2026-07-17 01:49:38,427 INFO protliggnn - Epoch 020 train diagnostics: Affinity Loss=2.4451 | Contact Loss=0.0452 | Total Loss=2.4496 | Pos Acc=0.0000 | Neg Acc=1.0000 | Precision=0.0000 | Recall=0.0000 | F1=0.0000 | Avg Prob=0.0076
2026-07-17 01:49:38,427 INFO protliggnn - Epoch 020 val diagnostics: Affinity Loss=3.0611 | Contact Loss=0.0507 | Total Loss=3.0662 | Pos Acc=0.0000 | Neg Acc=1.0000 | Precision=0.0000 | Recall=0.0000 | F1=0.0000 | Avg Prob=0.0082
2026-07-17 01:50:10,827 INFO protliggnn - Epoch 021 train loss=2.2480 PCC=0.5611 Spearman=0.5458 RMSE=1.4978 MAE=1.2015 R2=0.2549
2026-07-17 01:50:10,827 INFO protliggnn - Epoch 021 val loss=2.3346 PCC=0.5850 Spearman=0.5073 RMSE=1.5263 MAE=1.2582 R2=0.3042
2026-07-17 01:50:10,827 INFO protliggnn - Epoch 021 train diagnostics: Affinity Loss=2.2435 | Contact Loss=0.0453 | Total Loss=2.2480 | Pos Acc=0.0000 | Neg Acc=1.0000 | Precision=0.0000 | Recall=0.0000 | F1=0.0000 | Avg Prob=0.0073
2026-07-17 01:50:10,827 INFO protliggnn - Epoch 021 val diagnostics: Affinity Loss=2.3295 | Contact Loss=0.0509 | Total Loss=2.3346 | Pos Acc=0.0000 | Neg Acc=1.0000 | Precision=0.0000 | Recall=0.0000 | F1=0.0000 | Avg Prob=0.0086
2026-07-17 01:50:43,613 INFO protliggnn - Epoch 022 train loss=2.5827 PCC=0.4882 Spearman=0.4653 RMSE=1.6057 MAE=1.2611 R2=0.1438
2026-07-17 01:50:43,613 INFO protliggnn - Epoch 022 val loss=3.2279 PCC=0.6227 Spearman=0.5558 RMSE=1.7952 MAE=1.4840 R2=0.0374
2026-07-17 01:50:43,613 INFO protliggnn - Epoch 022 train diagnostics: Affinity Loss=2.5781 | Contact Loss=0.0453 | Total Loss=2.5827 | Pos Acc=0.0000 | Neg Acc=1.0000 | Precision=0.0000 | Recall=0.0000 | F1=0.0000 | Avg Prob=0.0075
2026-07-17 01:50:43,613 INFO protliggnn - Epoch 022 val diagnostics: Affinity Loss=3.2228 | Contact Loss=0.0511 | Total Loss=3.2279 | Pos Acc=0.0000 | Neg Acc=1.0000 | Precision=0.0000 | Recall=0.0000 | F1=0.0000 | Avg Prob=0.0065
2026-07-17 01:51:16,156 INFO protliggnn - Epoch 023 train loss=2.3394 PCC=0.5455 Spearman=0.5235 RMSE=1.5280 MAE=1.2155 R2=0.2245
2026-07-17 01:51:16,156 INFO protliggnn - Epoch 023 val loss=1.9129 PCC=0.6560 Spearman=0.5847 RMSE=1.3812 MAE=1.1148 R2=0.4302
2026-07-17 01:51:16,156 INFO protliggnn - Epoch 023 train diagnostics: Affinity Loss=2.3349 | Contact Loss=0.0453 | Total Loss=2.3394 | Pos Acc=0.0000 | Neg Acc=1.0000 | Precision=0.0000 | Recall=0.0000 | F1=0.0000 | Avg Prob=0.0076
2026-07-17 01:51:16,156 INFO protliggnn - Epoch 023 val diagnostics: Affinity Loss=1.9078 | Contact Loss=0.0512 | Total Loss=1.9129 | Pos Acc=0.0000 | Neg Acc=1.0000 | Precision=0.0000 | Recall=0.0000 | F1=0.0000 | Avg Prob=0.0059
2026-07-17 01:51:16,211 INFO protliggnn - Saved checkpoint for epoch 23 with validation RMSE 1.3812369569277798.
2026-07-17 01:51:50,729 INFO protliggnn - Epoch 024 train loss=2.1624 PCC=0.5797 Spearman=0.5690 RMSE=1.4690 MAE=1.1699 R2=0.2833
2026-07-17 01:51:50,729 INFO protliggnn - Epoch 024 val loss=2.5609 PCC=0.6384 Spearman=0.5885 RMSE=1.5987 MAE=1.3059 R2=0.2366
2026-07-17 01:51:50,729 INFO protliggnn - Epoch 024 train diagnostics: Affinity Loss=2.1579 | Contact Loss=0.0451 | Total Loss=2.1624 | Pos Acc=0.0000 | Neg Acc=1.0000 | Precision=0.0000 | Recall=0.0000 | F1=0.0000 | Avg Prob=0.0074
2026-07-17 01:51:50,729 INFO protliggnn - Epoch 024 val diagnostics: Affinity Loss=2.5558 | Contact Loss=0.0513 | Total Loss=2.5609 | Pos Acc=0.0000 | Neg Acc=1.0000 | Precision=0.0000 | Recall=0.0000 | F1=0.0000 | Avg Prob=0.0059
2026-07-17 01:52:22,745 INFO protliggnn - Epoch 025 train loss=2.0834 PCC=0.6074 Spearman=0.5663 RMSE=1.4418 MAE=1.1501 R2=0.3096
2026-07-17 01:52:22,745 INFO protliggnn - Epoch 025 val loss=2.1792 PCC=0.6494 Spearman=0.6175 RMSE=1.4745 MAE=1.2022 R2=0.3507
2026-07-17 01:52:22,745 INFO protliggnn - Epoch 025 train diagnostics: Affinity Loss=2.0789 | Contact Loss=0.0452 | Total Loss=2.0834 | Pos Acc=0.0000 | Neg Acc=1.0000 | Precision=0.0000 | Recall=0.0000 | F1=0.0000 | Avg Prob=0.0075
2026-07-17 01:52:22,745 INFO protliggnn - Epoch 025 val diagnostics: Affinity Loss=2.1741 | Contact Loss=0.0506 | Total Loss=2.1792 | Pos Acc=0.0000 | Neg Acc=1.0000 | Precision=0.0000 | Recall=0.0000 | F1=0.0000 | Avg Prob=0.0078
2026-07-17 01:53:01,705 INFO protliggnn - Epoch 026 train loss=2.1060 PCC=0.5915 Spearman=0.5874 RMSE=1.4497 MAE=1.1432 R2=0.3021
2026-07-17 01:53:01,706 INFO protliggnn - Epoch 026 val loss=2.1498 PCC=0.6600 Spearman=0.5843 RMSE=1.4645 MAE=1.1902 R2=0.3594
2026-07-17 01:53:01,706 INFO protliggnn - Epoch 026 train diagnostics: Affinity Loss=2.1015 | Contact Loss=0.0450 | Total Loss=2.1060 | Pos Acc=0.0000 | Neg Acc=1.0000 | Precision=0.0000 | Recall=0.0000 | F1=0.0000 | Avg Prob=0.0073
2026-07-17 01:53:01,706 INFO protliggnn - Epoch 026 val diagnostics: Affinity Loss=2.1447 | Contact Loss=0.0506 | Total Loss=2.1498 | Pos Acc=0.0000 | Neg Acc=1.0000 | Precision=0.0000 | Recall=0.0000 | F1=0.0000 | Avg Prob=0.0078
2026-07-17 01:53:41,875 INFO protliggnn - Epoch 027 train loss=1.9571 PCC=0.6289 Spearman=0.6023 RMSE=1.3974 MAE=1.1070 R2=0.3515
2026-07-17 01:53:41,875 INFO protliggnn - Epoch 027 val loss=2.1283 PCC=0.6075 Spearman=0.5379 RMSE=1.4571 MAE=1.2130 R2=0.3659
2026-07-17 01:53:41,875 INFO protliggnn - Epoch 027 train diagnostics: Affinity Loss=1.9526 | Contact Loss=0.0451 | Total Loss=1.9571 | Pos Acc=0.0000 | Neg Acc=1.0000 | Precision=0.0000 | Recall=0.0000 | F1=0.0000 | Avg Prob=0.0073
2026-07-17 01:53:41,876 INFO protliggnn - Epoch 027 val diagnostics: Affinity Loss=2.1232 | Contact Loss=0.0507 | Total Loss=2.1283 | Pos Acc=0.0000 | Neg Acc=1.0000 | Precision=0.0000 | Recall=0.0000 | F1=0.0000 | Avg Prob=0.0069
2026-07-17 01:54:22,652 INFO protliggnn - Epoch 028 train loss=2.1083 PCC=0.6125 Spearman=0.6032 RMSE=1.4505 MAE=1.1558 R2=0.3013
2026-07-17 01:54:22,653 INFO protliggnn - Epoch 028 val loss=2.9348 PCC=0.6190 Spearman=0.5725 RMSE=1.7117 MAE=1.3203 R2=0.1250
2026-07-17 01:54:22,653 INFO protliggnn - Epoch 028 train diagnostics: Affinity Loss=2.1038 | Contact Loss=0.0450 | Total Loss=2.1083 | Pos Acc=0.0000 | Neg Acc=1.0000 | Precision=0.0000 | Recall=0.0000 | F1=0.0000 | Avg Prob=0.0074
2026-07-17 01:54:22,653 INFO protliggnn - Epoch 028 val diagnostics: Affinity Loss=2.9298 | Contact Loss=0.0507 | Total Loss=2.9348 | Pos Acc=0.0000 | Neg Acc=1.0000 | Precision=0.0000 | Recall=0.0000 | F1=0.0000 | Avg Prob=0.0069
2026-07-17 01:54:59,971 INFO protliggnn - Epoch 029 train loss=2.1567 PCC=0.5978 Spearman=0.5747 RMSE=1.4670 MAE=1.1639 R2=0.2852
2026-07-17 01:54:59,971 INFO protliggnn - Epoch 029 val loss=2.6745 PCC=0.6016 Spearman=0.5369 RMSE=1.6338 MAE=1.3193 R2=0.2027
2026-07-17 01:54:59,971 INFO protliggnn - Epoch 029 train diagnostics: Affinity Loss=2.1522 | Contact Loss=0.0450 | Total Loss=2.1567 | Pos Acc=0.0000 | Neg Acc=1.0000 | Precision=0.0000 | Recall=0.0000 | F1=0.0000 | Avg Prob=0.0072
2026-07-17 01:54:59,972 INFO protliggnn - Epoch 029 val diagnostics: Affinity Loss=2.6694 | Contact Loss=0.0504 | Total Loss=2.6745 | Pos Acc=0.0000 | Neg Acc=1.0000 | Precision=0.0000 | Recall=0.0000 | F1=0.0000 | Avg Prob=0.0077
2026-07-17 01:55:38,741 INFO protliggnn - Epoch 030 train loss=1.9769 PCC=0.6344 Spearman=0.6169 RMSE=1.4044 MAE=1.1288 R2=0.3450
2026-07-17 01:55:38,741 INFO protliggnn - Epoch 030 val loss=2.4858 PCC=0.5718 Spearman=0.5098 RMSE=1.5750 MAE=1.3107 R2=0.2591
2026-07-17 01:55:38,741 INFO protliggnn - Epoch 030 train diagnostics: Affinity Loss=1.9724 | Contact Loss=0.0450 | Total Loss=1.9769 | Pos Acc=0.0000 | Neg Acc=1.0000 | Precision=0.0000 | Recall=0.0000 | F1=0.0000 | Avg Prob=0.0073
2026-07-17 01:55:38,741 INFO protliggnn - Epoch 030 val diagnostics: Affinity Loss=2.4807 | Contact Loss=0.0506 | Total Loss=2.4858 | Pos Acc=0.0000 | Neg Acc=1.0000 | Precision=0.0000 | Recall=0.0000 | F1=0.0000 | Avg Prob=0.0066
2026-07-17 01:56:25,461 INFO protliggnn - Epoch 031 train loss=2.2785 PCC=0.5735 Spearman=0.5478 RMSE=1.5080 MAE=1.1965 R2=0.2448
2026-07-17 01:56:25,461 INFO protliggnn - Epoch 031 val loss=2.1153 PCC=0.6168 Spearman=0.5654 RMSE=1.4527 MAE=1.2143 R2=0.3697
2026-07-17 01:56:25,461 INFO protliggnn - Epoch 031 train diagnostics: Affinity Loss=2.2740 | Contact Loss=0.0450 | Total Loss=2.2785 | Pos Acc=0.0000 | Neg Acc=1.0000 | Precision=0.0000 | Recall=0.0000 | F1=0.0000 | Avg Prob=0.0073
2026-07-17 01:56:25,462 INFO protliggnn - Epoch 031 val diagnostics: Affinity Loss=2.1102 | Contact Loss=0.0508 | Total Loss=2.1153 | Pos Acc=0.0000 | Neg Acc=1.0000 | Precision=0.0000 | Recall=0.0000 | F1=0.0000 | Avg Prob=0.0066
2026-07-17 01:57:02,917 INFO protliggnn - Epoch 032 train loss=1.8398 PCC=0.6625 Spearman=0.6576 RMSE=1.3547 MAE=1.0726 R2=0.3905
2026-07-17 01:57:02,917 INFO protliggnn - Epoch 032 val loss=2.5504 PCC=0.6310 Spearman=0.5581 RMSE=1.5954 MAE=1.2652 R2=0.2398
2026-07-17 01:57:02,917 INFO protliggnn - Epoch 032 train diagnostics: Affinity Loss=1.8353 | Contact Loss=0.0450 | Total Loss=1.8398 | Pos Acc=0.0000 | Neg Acc=1.0000 | Precision=0.0000 | Recall=0.0000 | F1=0.0000 | Avg Prob=0.0073
2026-07-17 01:57:02,917 INFO protliggnn - Epoch 032 val diagnostics: Affinity Loss=2.5453 | Contact Loss=0.0507 | Total Loss=2.5504 | Pos Acc=0.0000 | Neg Acc=1.0000 | Precision=0.0000 | Recall=0.0000 | F1=0.0000 | Avg Prob=0.0087
2026-07-17 01:57:40,418 INFO protliggnn - Epoch 033 train loss=2.1212 PCC=0.6020 Spearman=0.5905 RMSE=1.4549 MAE=1.1463 R2=0.2970
2026-07-17 01:57:40,418 INFO protliggnn - Epoch 033 val loss=4.1559 PCC=0.6273 Spearman=0.5550 RMSE=2.0374 MAE=1.6317 R2=-0.2397
2026-07-17 01:57:40,418 INFO protliggnn - Epoch 033 train diagnostics: Affinity Loss=2.1167 | Contact Loss=0.0451 | Total Loss=2.1212 | Pos Acc=0.0000 | Neg Acc=1.0000 | Precision=0.0000 | Recall=0.0000 | F1=0.0000 | Avg Prob=0.0073
2026-07-17 01:57:40,418 INFO protliggnn - Epoch 033 val diagnostics: Affinity Loss=4.1508 | Contact Loss=0.0513 | Total Loss=4.1559 | Pos Acc=0.0000 | Neg Acc=1.0000 | Precision=0.0000 | Recall=0.0000 | F1=0.0000 | Avg Prob=0.0056
2026-07-17 01:57:40,418 INFO protliggnn - Early stopping triggered at epoch 33. Best epoch was 23.
2026-07-17 01:57:40,545 INFO protliggnn - Loaded best model from epoch 23 at D:\ProtLigGnn\experiments\run_010\checkpoint.pt
2026-07-17 01:57:42,282 INFO protliggnn - Test loss=2.7300 PCC=0.5415 Spearman=0.5229 RMSE=1.6508 MAE=1.3034 R2=0.2881
2026-07-17 01:57:46,707 INFO protliggnn - Wrote metrics, predictions, plots, and error analysis.
2026-07-17 01:57:46,736 INFO protliggnn - Experiment artifacts saved to D:\ProtLigGnn\experiments\run_010
